======================================================================
Experiment Log
Started: 2025-11-07 15:23:15
Command: C:\ProgramData\anaconda3\python.exe -m scripts.train_configurable --tx-id 1 --model Informer-Long --split-method chronological --feature-mode full --lookback-multiplier 12.0 --horizon 168 --experiment-name exp_113 --data-suffix _no_outlier
======================================================================

======================================================================
Experiment: exp_113
======================================================================
Transformer:     TX1
Model:           Informer-Long
Split method:    chronological
Feature mode:    full
Data suffix:     _no_outlier

Loading data...
  Total samples: 69680
  Added TX1 dynamic features
  Features: 21 columns

Window config: WindowConfig(horizon=168, lookback=2016, gap=0)
Creating sliding windows for Informer-Long (keeping sequence structure)...
  Created 67496 windows (shape: (67496, 2016, 21))
Splitting windows (chronological, 20% test)...
  Train: 53996 windows
  Test:  13500 windows

Training Informer-Long...

Calling native Informer from: E:\ANUS_learning\MSI5001-power-transformer-oil-temperature-prediction\external\Informer2020
Command: C:\ProgramData\anaconda3\python.exe E:\ANUS_learning\MSI5001-power-transformer-oil-temperature-prediction\external\Informer2020\main_informer.py --model informerstack --data custom --root_path ./data/ --data_path TX1.csv --features MS --target OT --freq h --seq_len 336 --label_len 168 --pred_len 168 --enc_in 6 --dec_in 1 --c_out 1 --d_model 256 --n_heads 8 --e_layers 3 --d_layers 1 --d_ff 1024 --factor 5 --dropout 0.05 --attn prob --embed timeF --activation gelu --batch_size 8 --train_epochs 8 --patience 3 --learning_rate 0.0001 --des exp_113 --itr 1
Args in experiment:
Namespace(model='informerstack', data='custom', root_path='./data/', data_path='TX1.csv', features='MS', target='OT', freq='h', checkpoints='./checkpoints/', seq_len=336, label_len=168, pred_len=168, enc_in=6, dec_in=1, c_out=1, d_model=256, n_heads=8, e_layers=3, d_layers=1, s_layers=[3, 2, 1], d_ff=1024, factor=5, padding=0, distil=True, dropout=0.05, attn='prob', embed='timeF', activation='gelu', output_attention=False, do_predict=False, mix=True, cols=None, num_workers=0, itr=1, train_epochs=8, batch_size=8, patience=3, learning_rate=0.0001, des='exp_113', loss='mse', lradj='type1', use_amp=False, inverse=False, use_gpu=True, gpu=0, use_multi_gpu=False, devices='0,1,2,3', detail_freq='h')
Use GPU: cuda:0
>>>>>>>start training : informerstack_custom_ftMS_sl336_ll168_pl168_dm256_nh8_el3_dl1_df1024_atprob_fc5_ebtimeF_dtTrue_mxTrue_exp_113_0>>>>>>>>>>>>>>>>>>>>>>>>>>
train 48273
val 6801
test 13769
	iters: 100, epoch: 1 | loss: 0.3585559
	speed: 0.0405s/iter; left time: 1953.4113s
	iters: 200, epoch: 1 | loss: 0.1425032
	speed: 0.0293s/iter; left time: 1406.8137s
	iters: 300, epoch: 1 | loss: 0.9472842
	speed: 0.0286s/iter; left time: 1370.0932s
	iters: 400, epoch: 1 | loss: 0.1113452
	speed: 0.0299s/iter; left time: 1430.7846s
	iters: 500, epoch: 1 | loss: 0.2003740
	speed: 0.0300s/iter; left time: 1432.6114s
	iters: 600, epoch: 1 | loss: 0.1977783
	speed: 0.0299s/iter; left time: 1423.3110s
	iters: 700, epoch: 1 | loss: 0.1849567
	speed: 0.0288s/iter; left time: 1372.2716s
	iters: 800, epoch: 1 | loss: 0.3022304
	speed: 0.0290s/iter; left time: 1376.2728s
	iters: 900, epoch: 1 | loss: 0.1354635
	speed: 0.0285s/iter; left time: 1351.6233s
	iters: 1000, epoch: 1 | loss: 0.2398548
	speed: 0.0293s/iter; left time: 1387.2142s
	iters: 1100, epoch: 1 | loss: 0.1565120
	speed: 0.0294s/iter; left time: 1385.9131s
	iters: 1200, epoch: 1 | loss: 0.1125064
	speed: 0.0293s/iter; left time: 1379.8844s
	iters: 1300, epoch: 1 | loss: 0.0911620
	speed: 0.0299s/iter; left time: 1404.4734s
	iters: 1400, epoch: 1 | loss: 0.1605717
	speed: 0.0295s/iter; left time: 1384.7473s
	iters: 1500, epoch: 1 | loss: 0.0805632
	speed: 0.0290s/iter; left time: 1358.1717s
	iters: 1600, epoch: 1 | loss: 0.1617916
	speed: 0.0294s/iter; left time: 1374.3302s
	iters: 1700, epoch: 1 | loss: 0.1390435
	speed: 0.0293s/iter; left time: 1366.6327s
	iters: 1800, epoch: 1 | loss: 0.1072542
	speed: 0.0290s/iter; left time: 1346.7414s
	iters: 1900, epoch: 1 | loss: 0.1494066
	speed: 0.0301s/iter; left time: 1394.2363s
	iters: 2000, epoch: 1 | loss: 0.0557013
	speed: 0.0300s/iter; left time: 1389.5727s
	iters: 2100, epoch: 1 | loss: 0.0760744
	speed: 0.0294s/iter; left time: 1358.1399s
	iters: 2200, epoch: 1 | loss: 0.1075629
	speed: 0.0293s/iter; left time: 1351.6333s
	iters: 2300, epoch: 1 | loss: 0.1842556
	speed: 0.0296s/iter; left time: 1359.9534s
	iters: 2400, epoch: 1 | loss: 0.0586704
	speed: 0.0291s/iter; left time: 1335.7664s
	iters: 2500, epoch: 1 | loss: 0.0948390
	speed: 0.0291s/iter; left time: 1330.6864s
	iters: 2600, epoch: 1 | loss: 0.0819471
	speed: 0.0301s/iter; left time: 1374.3910s
	iters: 2700, epoch: 1 | loss: 0.1171117
	speed: 0.0294s/iter; left time: 1338.7257s
	iters: 2800, epoch: 1 | loss: 0.0559129
	speed: 0.0290s/iter; left time: 1320.1111s
	iters: 2900, epoch: 1 | loss: 0.0986958
	speed: 0.0285s/iter; left time: 1295.3872s
	iters: 3000, epoch: 1 | loss: 0.0494056
	speed: 0.0288s/iter; left time: 1301.7085s
	iters: 3100, epoch: 1 | loss: 0.0639855
	speed: 0.0297s/iter; left time: 1343.5342s
	iters: 3200, epoch: 1 | loss: 0.1436271
	speed: 0.0302s/iter; left time: 1360.5622s
	iters: 3300, epoch: 1 | loss: 0.0769880
	speed: 0.0294s/iter; left time: 1324.3511s
	iters: 3400, epoch: 1 | loss: 0.0840744
	speed: 0.0292s/iter; left time: 1309.3204s
	iters: 3500, epoch: 1 | loss: 0.0582451
	speed: 0.0289s/iter; left time: 1292.9562s
	iters: 3600, epoch: 1 | loss: 0.1258599
	speed: 0.0284s/iter; left time: 1270.9321s
	iters: 3700, epoch: 1 | loss: 0.0936276
	speed: 0.0296s/iter; left time: 1317.2257s
	iters: 3800, epoch: 1 | loss: 0.1191362
	speed: 0.0300s/iter; left time: 1332.8380s
	iters: 3900, epoch: 1 | loss: 0.0732081
	speed: 0.0299s/iter; left time: 1328.7034s
	iters: 4000, epoch: 1 | loss: 0.0928367
	speed: 0.0297s/iter; left time: 1314.3317s
	iters: 4100, epoch: 1 | loss: 0.0594770
	speed: 0.0289s/iter; left time: 1276.2450s
	iters: 4200, epoch: 1 | loss: 0.0633547
	speed: 0.0283s/iter; left time: 1246.9776s
	iters: 4300, epoch: 1 | loss: 0.0534722
	speed: 0.0286s/iter; left time: 1258.4189s
	iters: 4400, epoch: 1 | loss: 0.0426691
	speed: 0.0300s/iter; left time: 1316.1145s
	iters: 4500, epoch: 1 | loss: 0.1107514
	speed: 0.0301s/iter; left time: 1319.5504s
	iters: 4600, epoch: 1 | loss: 0.0639533
	speed: 0.0302s/iter; left time: 1319.3957s
	iters: 4700, epoch: 1 | loss: 0.0562757
	speed: 0.0289s/iter; left time: 1258.9064s
	iters: 4800, epoch: 1 | loss: 0.0711029
	speed: 0.0284s/iter; left time: 1234.5302s
	iters: 4900, epoch: 1 | loss: 0.0363400
	speed: 0.0284s/iter; left time: 1229.6942s
	iters: 5000, epoch: 1 | loss: 0.0721067
	speed: 0.0289s/iter; left time: 1251.7829s
	iters: 5100, epoch: 1 | loss: 0.0880980
	speed: 0.0305s/iter; left time: 1315.7989s
	iters: 5200, epoch: 1 | loss: 0.0629056
	speed: 0.0299s/iter; left time: 1288.9381s
	iters: 5300, epoch: 1 | loss: 0.0812024
	speed: 0.0296s/iter; left time: 1271.9987s
	iters: 5400, epoch: 1 | loss: 0.0582668
	speed: 0.0286s/iter; left time: 1225.0387s
	iters: 5500, epoch: 1 | loss: 0.0691246
	speed: 0.0283s/iter; left time: 1211.4093s
	iters: 5600, epoch: 1 | loss: 0.1015078
	speed: 0.0288s/iter; left time: 1227.2304s
	iters: 5700, epoch: 1 | loss: 0.0595760
	speed: 0.0311s/iter; left time: 1323.7981s
	iters: 5800, epoch: 1 | loss: 0.0524559
	speed: 0.0301s/iter; left time: 1278.2948s
	iters: 5900, epoch: 1 | loss: 0.0605875
	speed: 0.0300s/iter; left time: 1272.0077s
	iters: 6000, epoch: 1 | loss: 0.0742912
	speed: 0.0289s/iter; left time: 1220.0957s
Epoch: 1 cost time: 177.4466941356659
Epoch: 1, Steps: 6034 | Train Loss: 0.1088246 Vali Loss: 1.1971229 Test Loss: 0.8651942
Validation loss decreased (inf --> 1.197123).  Saving model ...
Updating learning rate to 0.0001
	iters: 100, epoch: 2 | loss: 0.0454522
	speed: 0.3587s/iter; left time: 15113.8490s
	iters: 200, epoch: 2 | loss: 0.0634110
	speed: 0.0285s/iter; left time: 1196.8963s
	iters: 300, epoch: 2 | loss: 0.0794721
	speed: 0.0291s/iter; left time: 1220.8451s
	iters: 400, epoch: 2 | loss: 0.0542371
	speed: 0.0299s/iter; left time: 1251.0946s
	iters: 500, epoch: 2 | loss: 0.0647914
	speed: 0.0297s/iter; left time: 1239.8822s
	iters: 600, epoch: 2 | loss: 0.0559988
	speed: 0.0297s/iter; left time: 1235.1929s
	iters: 700, epoch: 2 | loss: 0.0518041
	speed: 0.0292s/iter; left time: 1212.5774s
	iters: 800, epoch: 2 | loss: 0.0603687
	speed: 0.0281s/iter; left time: 1164.6465s
	iters: 900, epoch: 2 | loss: 0.0452434
	speed: 0.0289s/iter; left time: 1193.1602s
	iters: 1000, epoch: 2 | loss: 0.0437777
	speed: 0.0298s/iter; left time: 1229.7629s
	iters: 1100, epoch: 2 | loss: 0.0567534
	speed: 0.0303s/iter; left time: 1244.7862s
	iters: 1200, epoch: 2 | loss: 0.0443091
	speed: 0.0303s/iter; left time: 1242.8568s
	iters: 1300, epoch: 2 | loss: 0.0371518
	speed: 0.0293s/iter; left time: 1197.9667s
	iters: 1400, epoch: 2 | loss: 0.0405438
	speed: 0.0285s/iter; left time: 1162.0084s
	iters: 1500, epoch: 2 | loss: 0.0335616
	speed: 0.0288s/iter; left time: 1173.8835s
	iters: 1600, epoch: 2 | loss: 0.0499804
	speed: 0.0297s/iter; left time: 1206.4048s
	iters: 1700, epoch: 2 | loss: 0.0713261
	speed: 0.0297s/iter; left time: 1205.9013s
	iters: 1800, epoch: 2 | loss: 0.0453448
	speed: 0.0306s/iter; left time: 1237.7668s
	iters: 1900, epoch: 2 | loss: 0.0350354
	speed: 0.0293s/iter; left time: 1183.8697s
	iters: 2000, epoch: 2 | loss: 0.0324020
	speed: 0.0286s/iter; left time: 1151.2847s
	iters: 2100, epoch: 2 | loss: 0.0478082
	speed: 0.0289s/iter; left time: 1160.8677s
	iters: 2200, epoch: 2 | loss: 0.0806853
	speed: 0.0284s/iter; left time: 1138.3976s
	iters: 2300, epoch: 2 | loss: 0.0707904
	speed: 0.0301s/iter; left time: 1202.1925s
	iters: 2400, epoch: 2 | loss: 0.0589319
	speed: 0.0306s/iter; left time: 1218.7454s
	iters: 2500, epoch: 2 | loss: 0.0465424
	speed: 0.0301s/iter; left time: 1194.2307s
	iters: 2600, epoch: 2 | loss: 0.0386440
	speed: 0.0293s/iter; left time: 1162.7211s
	iters: 2700, epoch: 2 | loss: 0.0376058
	speed: 0.0282s/iter; left time: 1116.4664s
	iters: 2800, epoch: 2 | loss: 0.0324545
	speed: 0.0286s/iter; left time: 1126.1644s
	iters: 2900, epoch: 2 | loss: 0.0486416
	speed: 0.0293s/iter; left time: 1154.3195s
	iters: 3000, epoch: 2 | loss: 0.0623710
	speed: 0.0298s/iter; left time: 1167.7341s
	iters: 3100, epoch: 2 | loss: 0.0361376
	speed: 0.0303s/iter; left time: 1186.3777s
	iters: 3200, epoch: 2 | loss: 0.0538812
	speed: 0.0294s/iter; left time: 1147.9250s
	iters: 3300, epoch: 2 | loss: 0.0322533
	speed: 0.0284s/iter; left time: 1104.0755s
	iters: 3400, epoch: 2 | loss: 0.0443224
	speed: 0.0282s/iter; left time: 1095.3442s
	iters: 3500, epoch: 2 | loss: 0.0365825
	speed: 0.0288s/iter; left time: 1115.7098s
	iters: 3600, epoch: 2 | loss: 0.0464801
	speed: 0.0304s/iter; left time: 1175.8037s
	iters: 3700, epoch: 2 | loss: 0.0317071
	speed: 0.0301s/iter; left time: 1159.3995s
	iters: 3800, epoch: 2 | loss: 0.0488606
	speed: 0.0296s/iter; left time: 1138.8143s
	iters: 3900, epoch: 2 | loss: 0.0414156
	speed: 0.0290s/iter; left time: 1112.5542s
	iters: 4000, epoch: 2 | loss: 0.0362438
	speed: 0.0285s/iter; left time: 1088.4425s
	iters: 4100, epoch: 2 | loss: 0.0533696
	speed: 0.0287s/iter; left time: 1093.7004s
	iters: 4200, epoch: 2 | loss: 0.0360294
	speed: 0.0298s/iter; left time: 1134.3997s
	iters: 4300, epoch: 2 | loss: 0.0332651
	speed: 0.0297s/iter; left time: 1125.7916s
	iters: 4400, epoch: 2 | loss: 0.0361405
	speed: 0.0298s/iter; left time: 1127.8363s
	iters: 4500, epoch: 2 | loss: 0.0255923
	speed: 0.0295s/iter; left time: 1111.6717s
	iters: 4600, epoch: 2 | loss: 0.0371605
	speed: 0.0285s/iter; left time: 1073.7754s
	iters: 4700, epoch: 2 | loss: 0.0365875
	speed: 0.0297s/iter; left time: 1115.2244s
	iters: 4800, epoch: 2 | loss: 0.0437444
	speed: 0.0293s/iter; left time: 1096.3821s
	iters: 4900, epoch: 2 | loss: 0.0266221
	speed: 0.0298s/iter; left time: 1112.1500s
	iters: 5000, epoch: 2 | loss: 0.0245156
	speed: 0.0294s/iter; left time: 1095.1379s
	iters: 5100, epoch: 2 | loss: 0.0361808
	speed: 0.0307s/iter; left time: 1140.7315s
	iters: 5200, epoch: 2 | loss: 0.0361733
	speed: 0.0294s/iter; left time: 1089.1378s
	iters: 5300, epoch: 2 | loss: 0.0295150
	speed: 0.0287s/iter; left time: 1059.2572s
	iters: 5400, epoch: 2 | loss: 0.0279629
	speed: 0.0292s/iter; left time: 1074.1335s
	iters: 5500, epoch: 2 | loss: 0.0323656
	speed: 0.0292s/iter; left time: 1071.5821s
	iters: 5600, epoch: 2 | loss: 0.0378920
	speed: 0.0297s/iter; left time: 1086.8951s
	iters: 5700, epoch: 2 | loss: 0.0363030
	speed: 0.0294s/iter; left time: 1073.2572s
	iters: 5800, epoch: 2 | loss: 0.0255020
	speed: 0.0298s/iter; left time: 1085.3713s
	iters: 5900, epoch: 2 | loss: 0.0380166
	speed: 0.0286s/iter; left time: 1040.9334s
	iters: 6000, epoch: 2 | loss: 0.0410215
	speed: 0.0294s/iter; left time: 1066.1748s
Epoch: 2 cost time: 177.13317775726318
Epoch: 2, Steps: 6034 | Train Loss: 0.0424911 Vali Loss: 0.6857139 Test Loss: 0.4914513
Validation loss decreased (1.197123 --> 0.685714).  Saving model ...
Updating learning rate to 5e-05
	iters: 100, epoch: 3 | loss: 0.0264791
	speed: 0.3596s/iter; left time: 12983.6342s
	iters: 200, epoch: 3 | loss: 0.0201981
	speed: 0.0302s/iter; left time: 1088.6628s
	iters: 300, epoch: 3 | loss: 0.0180922
	speed: 0.0303s/iter; left time: 1087.1313s
	iters: 400, epoch: 3 | loss: 0.0309449
	speed: 0.0304s/iter; left time: 1089.7456s
	iters: 500, epoch: 3 | loss: 0.0240575
	speed: 0.0287s/iter; left time: 1025.1800s
	iters: 600, epoch: 3 | loss: 0.0193408
	speed: 0.0289s/iter; left time: 1027.2665s
	iters: 700, epoch: 3 | loss: 0.0204888
	speed: 0.0286s/iter; left time: 1015.2586s
	iters: 800, epoch: 3 | loss: 0.0244218
	speed: 0.0300s/iter; left time: 1060.7539s
	iters: 900, epoch: 3 | loss: 0.0189772
	speed: 0.0300s/iter; left time: 1060.6196s
	iters: 1000, epoch: 3 | loss: 0.0212613
	speed: 0.0303s/iter; left time: 1065.7812s
	iters: 1100, epoch: 3 | loss: 0.0360927
	speed: 0.0298s/iter; left time: 1046.6701s
	iters: 1200, epoch: 3 | loss: 0.0334149
	speed: 0.0286s/iter; left time: 1001.6506s
	iters: 1300, epoch: 3 | loss: 0.0259897
	speed: 0.0304s/iter; left time: 1059.7388s
	iters: 1400, epoch: 3 | loss: 0.0226304
	speed: 0.0293s/iter; left time: 1018.7165s
	iters: 1500, epoch: 3 | loss: 0.0266617
	speed: 0.0303s/iter; left time: 1051.1819s
	iters: 1600, epoch: 3 | loss: 0.0232322
	speed: 0.0305s/iter; left time: 1054.2946s
	iters: 1700, epoch: 3 | loss: 0.0213619
	speed: 0.0294s/iter; left time: 1016.0678s
	iters: 1800, epoch: 3 | loss: 0.0222903
	speed: 0.0288s/iter; left time: 991.9772s
	iters: 1900, epoch: 3 | loss: 0.0228892
	speed: 0.0285s/iter; left time: 976.8209s
	iters: 2000, epoch: 3 | loss: 0.0355496
	speed: 0.0290s/iter; left time: 991.4894s
	iters: 2100, epoch: 3 | loss: 0.0235424
	speed: 0.0298s/iter; left time: 1015.4748s
	iters: 2200, epoch: 3 | loss: 0.0243221
	speed: 0.0302s/iter; left time: 1026.6372s
	iters: 2300, epoch: 3 | loss: 0.0163967
	speed: 0.0295s/iter; left time: 1001.3990s
	iters: 2400, epoch: 3 | loss: 0.0207930
	speed: 0.0294s/iter; left time: 993.3059s
	iters: 2500, epoch: 3 | loss: 0.0203105
	speed: 0.0286s/iter; left time: 963.9003s
	iters: 2600, epoch: 3 | loss: 0.0194558
	speed: 0.0295s/iter; left time: 991.5566s
	iters: 2700, epoch: 3 | loss: 0.0190859
	speed: 0.0292s/iter; left time: 978.2327s
	iters: 2800, epoch: 3 | loss: 0.0210251
	speed: 0.0300s/iter; left time: 1001.2971s
	iters: 2900, epoch: 3 | loss: 0.0155884
	speed: 0.0300s/iter; left time: 998.3509s
	iters: 3000, epoch: 3 | loss: 0.0287648
	speed: 0.0293s/iter; left time: 971.6647s
	iters: 3100, epoch: 3 | loss: 0.0235596
	speed: 0.0295s/iter; left time: 975.4400s
	iters: 3200, epoch: 3 | loss: 0.0266176
	speed: 0.0287s/iter; left time: 946.5950s
	iters: 3300, epoch: 3 | loss: 0.0297048
	speed: 0.0293s/iter; left time: 965.6949s
	iters: 3400, epoch: 3 | loss: 0.0268308
	speed: 0.0296s/iter; left time: 972.2830s
	iters: 3500, epoch: 3 | loss: 0.0263703
	speed: 0.0298s/iter; left time: 974.4832s
	iters: 3600, epoch: 3 | loss: 0.0237882
	speed: 0.0299s/iter; left time: 974.9104s
	iters: 3700, epoch: 3 | loss: 0.0255308
	speed: 0.0299s/iter; left time: 973.2207s
	iters: 3800, epoch: 3 | loss: 0.0208713
	speed: 0.0289s/iter; left time: 936.9160s
	iters: 3900, epoch: 3 | loss: 0.0208630
	speed: 0.0294s/iter; left time: 949.5275s
	iters: 4000, epoch: 3 | loss: 0.0259780
	speed: 0.0293s/iter; left time: 942.1080s
	iters: 4100, epoch: 3 | loss: 0.0208722
	speed: 0.0292s/iter; left time: 936.7764s
	iters: 4200, epoch: 3 | loss: 0.0289739
	speed: 0.0299s/iter; left time: 956.0033s
	iters: 4300, epoch: 3 | loss: 0.0283643
	speed: 0.0301s/iter; left time: 960.1959s
	iters: 4400, epoch: 3 | loss: 0.0278862
	speed: 0.0294s/iter; left time: 935.5268s
	iters: 4500, epoch: 3 | loss: 0.0266075
	speed: 0.0290s/iter; left time: 918.6556s
	iters: 4600, epoch: 3 | loss: 0.0225027
	speed: 0.0292s/iter; left time: 923.0334s
	iters: 4700, epoch: 3 | loss: 0.0249702
	speed: 0.0289s/iter; left time: 912.0524s
	iters: 4800, epoch: 3 | loss: 0.0305225
	speed: 0.0289s/iter; left time: 907.9315s
	iters: 4900, epoch: 3 | loss: 0.0177131
	speed: 0.0297s/iter; left time: 928.8210s
	iters: 5000, epoch: 3 | loss: 0.0205263
	speed: 0.0303s/iter; left time: 946.6634s
	iters: 5100, epoch: 3 | loss: 0.0219838
	speed: 0.0294s/iter; left time: 914.3882s
	iters: 5200, epoch: 3 | loss: 0.0255767
	speed: 0.0293s/iter; left time: 908.8570s
	iters: 5300, epoch: 3 | loss: 0.0295403
	speed: 0.0285s/iter; left time: 881.9237s
	iters: 5400, epoch: 3 | loss: 0.0232696
	speed: 0.0291s/iter; left time: 895.8551s
	iters: 5500, epoch: 3 | loss: 0.0230062
	speed: 0.0296s/iter; left time: 909.7540s
	iters: 5600, epoch: 3 | loss: 0.0218527
	speed: 0.0302s/iter; left time: 923.9910s
	iters: 5700, epoch: 3 | loss: 0.0292385
	speed: 0.0300s/iter; left time: 916.3693s
	iters: 5800, epoch: 3 | loss: 0.0143564
	speed: 0.0293s/iter; left time: 890.1971s
	iters: 5900, epoch: 3 | loss: 0.0220422
	speed: 0.0292s/iter; left time: 883.8118s
	iters: 6000, epoch: 3 | loss: 0.0173970
	speed: 0.0287s/iter; left time: 867.3330s
Epoch: 3 cost time: 177.87683582305908
Epoch: 3, Steps: 6034 | Train Loss: 0.0234942 Vali Loss: 0.8439071 Test Loss: 0.6166400
EarlyStopping counter: 1 out of 3
Updating learning rate to 2.5e-05
	iters: 100, epoch: 4 | loss: 0.0220575
	speed: 0.3636s/iter; left time: 10932.3979s
	iters: 200, epoch: 4 | loss: 0.0160914
	speed: 0.0299s/iter; left time: 896.2052s
	iters: 300, epoch: 4 | loss: 0.0139573
	speed: 0.0301s/iter; left time: 898.1518s
	iters: 400, epoch: 4 | loss: 0.0178947
	speed: 0.0295s/iter; left time: 878.1133s
	iters: 500, epoch: 4 | loss: 0.0143999
	speed: 0.0311s/iter; left time: 923.0611s
	iters: 600, epoch: 4 | loss: 0.0166105
	speed: 0.0302s/iter; left time: 894.3164s
	iters: 700, epoch: 4 | loss: 0.0139053
	speed: 0.0299s/iter; left time: 880.7843s
	iters: 800, epoch: 4 | loss: 0.0172069
	speed: 0.0303s/iter; left time: 891.0741s
	iters: 900, epoch: 4 | loss: 0.0160906
	speed: 0.0304s/iter; left time: 889.7356s
	iters: 1000, epoch: 4 | loss: 0.0214154
	speed: 0.0298s/iter; left time: 870.7406s
	iters: 1100, epoch: 4 | loss: 0.0191290
	speed: 0.0307s/iter; left time: 893.8884s
	iters: 1200, epoch: 4 | loss: 0.0256534
	speed: 0.0298s/iter; left time: 862.7131s
	iters: 1300, epoch: 4 | loss: 0.0149139
	speed: 0.0302s/iter; left time: 870.6696s
	iters: 1400, epoch: 4 | loss: 0.0186676
	speed: 0.0306s/iter; left time: 880.7539s
	iters: 1500, epoch: 4 | loss: 0.0180624
	speed: 0.0302s/iter; left time: 864.8199s
	iters: 1600, epoch: 4 | loss: 0.0160411
	speed: 0.0301s/iter; left time: 859.6625s
	iters: 1700, epoch: 4 | loss: 0.0263511
	speed: 0.0301s/iter; left time: 857.5831s
	iters: 1800, epoch: 4 | loss: 0.0211081
	speed: 0.0299s/iter; left time: 849.0897s
	iters: 1900, epoch: 4 | loss: 0.0144519
	speed: 0.0303s/iter; left time: 857.1615s
	iters: 2000, epoch: 4 | loss: 0.0200705
	speed: 0.0309s/iter; left time: 870.3677s
	iters: 2100, epoch: 4 | loss: 0.0305592
	speed: 0.0296s/iter; left time: 830.4210s
	iters: 2200, epoch: 4 | loss: 0.0239516
	speed: 0.0300s/iter; left time: 839.3103s
	iters: 2300, epoch: 4 | loss: 0.0180734
	speed: 0.0302s/iter; left time: 841.3635s
	iters: 2400, epoch: 4 | loss: 0.0206314
	speed: 0.0303s/iter; left time: 842.4721s
	iters: 2500, epoch: 4 | loss: 0.0173888
	speed: 0.0304s/iter; left time: 841.6753s
	iters: 2600, epoch: 4 | loss: 0.0167792
	speed: 0.0302s/iter; left time: 832.0850s
	iters: 2700, epoch: 4 | loss: 0.0139073
	speed: 0.0295s/iter; left time: 809.7384s
	iters: 2800, epoch: 4 | loss: 0.0222589
	speed: 0.0300s/iter; left time: 822.3407s
	iters: 2900, epoch: 4 | loss: 0.0212907
	speed: 0.0301s/iter; left time: 821.0237s
	iters: 3000, epoch: 4 | loss: 0.0148478
	speed: 0.0304s/iter; left time: 825.8132s
	iters: 3100, epoch: 4 | loss: 0.0115051
	speed: 0.0296s/iter; left time: 800.3572s
	iters: 3200, epoch: 4 | loss: 0.0223330
	speed: 0.0297s/iter; left time: 800.4216s
	iters: 3300, epoch: 4 | loss: 0.0179004
	speed: 0.0299s/iter; left time: 803.5567s
	iters: 3400, epoch: 4 | loss: 0.0178588
	speed: 0.0303s/iter; left time: 810.6456s
	iters: 3500, epoch: 4 | loss: 0.0203984
	speed: 0.0303s/iter; left time: 808.6842s
	iters: 3600, epoch: 4 | loss: 0.0266918
	speed: 0.0299s/iter; left time: 793.9176s
	iters: 3700, epoch: 4 | loss: 0.0266084
	speed: 0.0301s/iter; left time: 797.7654s
	iters: 3800, epoch: 4 | loss: 0.0148382
	speed: 0.0300s/iter; left time: 791.9010s
	iters: 3900, epoch: 4 | loss: 0.0141354
	speed: 0.0302s/iter; left time: 792.9281s
	iters: 4000, epoch: 4 | loss: 0.0139860
	speed: 0.0294s/iter; left time: 769.3280s
	iters: 4100, epoch: 4 | loss: 0.0220027
	speed: 0.0306s/iter; left time: 798.4563s
	iters: 4200, epoch: 4 | loss: 0.0203384
	speed: 0.0307s/iter; left time: 797.1803s
	iters: 4300, epoch: 4 | loss: 0.0158802
	speed: 0.0294s/iter; left time: 761.8745s
	iters: 4400, epoch: 4 | loss: 0.0127582
	speed: 0.0299s/iter; left time: 771.4240s
	iters: 4500, epoch: 4 | loss: 0.0096623
	speed: 0.0301s/iter; left time: 772.2126s
	iters: 4600, epoch: 4 | loss: 0.0228538
	speed: 0.0301s/iter; left time: 769.2011s
	iters: 4700, epoch: 4 | loss: 0.0216545
	speed: 0.0301s/iter; left time: 766.1032s
	iters: 4800, epoch: 4 | loss: 0.0190140
	speed: 0.0303s/iter; left time: 768.1097s
	iters: 4900, epoch: 4 | loss: 0.0200062
	speed: 0.0305s/iter; left time: 771.3229s
	iters: 5000, epoch: 4 | loss: 0.0183022
	speed: 0.0297s/iter; left time: 748.6820s
	iters: 5100, epoch: 4 | loss: 0.0214201
	speed: 0.0293s/iter; left time: 735.3253s
	iters: 5200, epoch: 4 | loss: 0.0117186
	speed: 0.0303s/iter; left time: 756.9862s
	iters: 5300, epoch: 4 | loss: 0.0198533
	speed: 0.0309s/iter; left time: 767.3570s
	iters: 5400, epoch: 4 | loss: 0.0177354
	speed: 0.0300s/iter; left time: 742.5104s
	iters: 5500, epoch: 4 | loss: 0.0140739
	speed: 0.0304s/iter; left time: 749.1683s
	iters: 5600, epoch: 4 | loss: 0.0140630
	speed: 0.0296s/iter; left time: 728.2133s
	iters: 5700, epoch: 4 | loss: 0.0125944
	speed: 0.0299s/iter; left time: 730.9257s
	iters: 5800, epoch: 4 | loss: 0.0130337
	speed: 0.0298s/iter; left time: 725.6155s
	iters: 5900, epoch: 4 | loss: 0.0272408
	speed: 0.0308s/iter; left time: 747.6696s
	iters: 6000, epoch: 4 | loss: 0.0188373
	speed: 0.0303s/iter; left time: 733.2080s
Epoch: 4 cost time: 181.69602155685425
Epoch: 4, Steps: 6034 | Train Loss: 0.0175390 Vali Loss: 0.8999301 Test Loss: 0.6399462
EarlyStopping counter: 2 out of 3
Updating learning rate to 1.25e-05
	iters: 100, epoch: 5 | loss: 0.0158557
	speed: 0.3641s/iter; left time: 8752.8546s
	iters: 200, epoch: 5 | loss: 0.0140141
	speed: 0.0292s/iter; left time: 699.7743s
	iters: 300, epoch: 5 | loss: 0.0126724
	speed: 0.0298s/iter; left time: 710.1856s
	iters: 400, epoch: 5 | loss: 0.0128958
	speed: 0.0302s/iter; left time: 717.4413s
	iters: 500, epoch: 5 | loss: 0.0181033
	speed: 0.0300s/iter; left time: 709.4934s
	iters: 600, epoch: 5 | loss: 0.0121012
	speed: 0.0299s/iter; left time: 702.6910s
	iters: 700, epoch: 5 | loss: 0.0206901
	speed: 0.0298s/iter; left time: 697.4939s
	iters: 800, epoch: 5 | loss: 0.0122525
	speed: 0.0301s/iter; left time: 703.1543s
	iters: 900, epoch: 5 | loss: 0.0119984
	speed: 0.0297s/iter; left time: 689.1908s
	iters: 1000, epoch: 5 | loss: 0.0124767
	speed: 0.0303s/iter; left time: 702.0319s
	iters: 1100, epoch: 5 | loss: 0.0220775
	speed: 0.0308s/iter; left time: 709.4003s
	iters: 1200, epoch: 5 | loss: 0.0118623
	speed: 0.0298s/iter; left time: 683.4375s
	iters: 1300, epoch: 5 | loss: 0.0236393
	speed: 0.0304s/iter; left time: 694.0863s
	iters: 1400, epoch: 5 | loss: 0.0136949
	speed: 0.0301s/iter; left time: 685.2721s
	iters: 1500, epoch: 5 | loss: 0.0143088
	speed: 0.0301s/iter; left time: 680.7678s
	iters: 1600, epoch: 5 | loss: 0.0102724
	speed: 0.0299s/iter; left time: 673.1500s
	iters: 1700, epoch: 5 | loss: 0.0162804
	speed: 0.0290s/iter; left time: 651.6199s
	iters: 1800, epoch: 5 | loss: 0.0161435
	speed: 0.0307s/iter; left time: 686.2092s
	iters: 1900, epoch: 5 | loss: 0.0127257
	speed: 0.0299s/iter; left time: 664.1886s
	iters: 2000, epoch: 5 | loss: 0.0119935
	speed: 0.0305s/iter; left time: 675.7417s
	iters: 2100, epoch: 5 | loss: 0.0117480
	speed: 0.0304s/iter; left time: 669.9607s
	iters: 2200, epoch: 5 | loss: 0.0112746
	speed: 0.0303s/iter; left time: 664.9240s
	iters: 2300, epoch: 5 | loss: 0.0159807
	speed: 0.0300s/iter; left time: 654.4408s
	iters: 2400, epoch: 5 | loss: 0.0130237
	speed: 0.0300s/iter; left time: 651.6821s
	iters: 2500, epoch: 5 | loss: 0.0120972
	speed: 0.0308s/iter; left time: 665.3866s
	iters: 2600, epoch: 5 | loss: 0.0117617
	speed: 0.0304s/iter; left time: 654.7736s
	iters: 2700, epoch: 5 | loss: 0.0154983
	speed: 0.0302s/iter; left time: 647.1355s
	iters: 2800, epoch: 5 | loss: 0.0116971
	speed: 0.0307s/iter; left time: 654.9573s
	iters: 2900, epoch: 5 | loss: 0.0123053
	speed: 0.0296s/iter; left time: 627.6623s
	iters: 3000, epoch: 5 | loss: 0.0153897
	speed: 0.0296s/iter; left time: 625.0556s
	iters: 3100, epoch: 5 | loss: 0.0111486
	speed: 0.0302s/iter; left time: 634.7299s
	iters: 3200, epoch: 5 | loss: 0.0179752
	speed: 0.0302s/iter; left time: 631.3483s
	iters: 3300, epoch: 5 | loss: 0.0194146
	speed: 0.0301s/iter; left time: 626.8625s
	iters: 3400, epoch: 5 | loss: 0.0154958
	speed: 0.0302s/iter; left time: 625.3133s
	iters: 3500, epoch: 5 | loss: 0.0165840
	speed: 0.0293s/iter; left time: 603.8608s
	iters: 3600, epoch: 5 | loss: 0.0158953
	speed: 0.0292s/iter; left time: 599.3810s
	iters: 3700, epoch: 5 | loss: 0.0111053
	speed: 0.0299s/iter; left time: 611.2689s
	iters: 3800, epoch: 5 | loss: 0.0158937
	speed: 0.0309s/iter; left time: 628.1217s
	iters: 3900, epoch: 5 | loss: 0.0198836
	speed: 0.0302s/iter; left time: 610.4533s
	iters: 4000, epoch: 5 | loss: 0.0183870
	speed: 0.0296s/iter; left time: 595.8407s
	iters: 4100, epoch: 5 | loss: 0.0123897
	speed: 0.0302s/iter; left time: 605.1552s
	iters: 4200, epoch: 5 | loss: 0.0143301
	speed: 0.0293s/iter; left time: 584.0426s
	iters: 4300, epoch: 5 | loss: 0.0166732
	speed: 0.0308s/iter; left time: 610.0274s
	iters: 4400, epoch: 5 | loss: 0.0164982
	speed: 0.0303s/iter; left time: 598.2217s
	iters: 4500, epoch: 5 | loss: 0.0148852
	speed: 0.0306s/iter; left time: 600.8960s
	iters: 4600, epoch: 5 | loss: 0.0219938
	speed: 0.0304s/iter; left time: 593.9215s
	iters: 4700, epoch: 5 | loss: 0.0108042
	speed: 0.0296s/iter; left time: 574.5466s
	iters: 4800, epoch: 5 | loss: 0.0166459
	speed: 0.0299s/iter; left time: 578.5839s
	iters: 4900, epoch: 5 | loss: 0.0113691
	speed: 0.0292s/iter; left time: 561.2789s
	iters: 5000, epoch: 5 | loss: 0.0131156
	speed: 0.0297s/iter; left time: 568.2833s
	iters: 5100, epoch: 5 | loss: 0.0145470
	speed: 0.0300s/iter; left time: 571.6959s
	iters: 5200, epoch: 5 | loss: 0.0142743
	speed: 0.0297s/iter; left time: 563.3509s
	iters: 5300, epoch: 5 | loss: 0.0105507
	speed: 0.0304s/iter; left time: 572.7148s
	iters: 5400, epoch: 5 | loss: 0.0143999
	speed: 0.0302s/iter; left time: 566.0193s
	iters: 5500, epoch: 5 | loss: 0.0188485
	speed: 0.0300s/iter; left time: 559.2155s
	iters: 5600, epoch: 5 | loss: 0.0172336
	speed: 0.0302s/iter; left time: 559.3920s
	iters: 5700, epoch: 5 | loss: 0.0126334
	speed: 0.0304s/iter; left time: 560.5277s
	iters: 5800, epoch: 5 | loss: 0.0155088
	speed: 0.0295s/iter; left time: 540.1737s
	iters: 5900, epoch: 5 | loss: 0.0183036
	speed: 0.0301s/iter; left time: 548.5267s
	iters: 6000, epoch: 5 | loss: 0.0116148
	speed: 0.0296s/iter; left time: 537.0504s
Epoch: 5 cost time: 181.087819814682
Epoch: 5, Steps: 6034 | Train Loss: 0.0150971 Vali Loss: 0.9073360 Test Loss: 0.6572531
EarlyStopping counter: 3 out of 3
Early stopping
>>>>>>>testing : informerstack_custom_ftMS_sl336_ll168_pl168_dm256_nh8_el3_dl1_df1024_atprob_fc5_ebtimeF_dtTrue_mxTrue_exp_113_0<<<<<<<<<<<<<<<<<<<<<<<<<<<<<<<<<
test 13769
test shape: (1721, 8, 168, 1) (1721, 8, 168, 1)
test shape: (13768, 168, 1) (13768, 168, 1)
mse:0.4918709099292755, mae:0.59915691614151, r2:-1.8837699890136719


Parsed metrics from Informer output (normalized scale):
  MSE:  0.4919
  MAE:  0.5992
  RMSE: 0.7013
  R2:   -1.8838

Metrics after inverse transformation (original scale):
  MSE:  34.2604
  MAE:  5.0005
  RMSE: 5.8532
  R2:   -1.8838
Warning: Failed to record experiment: 'gbk' codec can't encode character '\u2713' in position 0: illegal multibyte sequence
  Training time: 1081.95s
  RMSE: 5.8532
  MAE:  5.0005
  R2:   -1.8838

Saving results...
  Model: Native Informer (saved in external/Informer2020/checkpoints/)
  Predictions: Not saved (native Informer handles this internally)
  Metrics: E:\ANUS_learning\MSI5001-power-transformer-oil-temperature-prediction\models\experiments\exp_113_metrics.json
  Plot: Skipped (native Informer handles visualization internally)

======================================================================
Experiment complete: exp_113
======================================================================

======================================================================
Completed: 2025-11-07 15:41:23
Return code: 0
======================================================================
