======================================================================
Experiment Log
Started: 2025-11-07 21:45:39
Command: C:\ProgramData\anaconda3\python.exe -m scripts.train_configurable --tx-id 1 --model Informer-Long --split-method chronological --feature-mode full --lookback-multiplier 4.0 --horizon 168 --experiment-name exp_130 --data-suffix _no_outlier --train-epochs 50 --learning-rate 5e-05 --patience 10
======================================================================

======================================================================
Experiment: exp_130
======================================================================
Transformer:     TX1
Model:           Informer-Long
Split method:    chronological
Feature mode:    full
Data suffix:     _no_outlier

Loading data...
  Total samples: 69680
  Added TX1 dynamic features
  Features: 21 columns

Window config: WindowConfig(horizon=168, lookback=672, gap=0)
Creating sliding windows for Informer-Long (keeping sequence structure)...
  Created 68840 windows (shape: (68840, 672, 21))
Splitting windows (chronological, 20% test)...
  Train: 55072 windows
  Test:  13768 windows

Training Informer-Long...

Calling native Informer from: E:\ANUS_learning\MSI5001-power-transformer-oil-temperature-prediction\external\Informer2020
Command: C:\ProgramData\anaconda3\python.exe E:\ANUS_learning\MSI5001-power-transformer-oil-temperature-prediction\external\Informer2020\main_informer.py --model informerstack --data custom --root_path ./data/ --data_path TX1.csv --features MS --target OT --freq h --seq_len 336 --label_len 168 --pred_len 168 --enc_in 6 --dec_in 1 --c_out 1 --d_model 256 --n_heads 8 --e_layers 3 --d_layers 1 --d_ff 1024 --factor 5 --dropout 0.05 --attn prob --embed timeF --activation gelu --batch_size 8 --train_epochs 50 --patience 10 --learning_rate 5e-05 --des exp_130 --itr 1
Args in experiment:
Namespace(model='informerstack', data='custom', root_path='./data/', data_path='TX1.csv', features='MS', target='OT', freq='h', checkpoints='./checkpoints/', seq_len=336, label_len=168, pred_len=168, enc_in=6, dec_in=1, c_out=1, d_model=256, n_heads=8, e_layers=3, d_layers=1, s_layers=[3, 2, 1], d_ff=1024, factor=5, padding=0, distil=True, dropout=0.05, attn='prob', embed='timeF', activation='gelu', output_attention=False, do_predict=False, mix=True, cols=None, num_workers=0, itr=1, train_epochs=50, batch_size=8, patience=10, learning_rate=5e-05, des='exp_130', loss='mse', lradj='type1', use_amp=False, inverse=False, use_gpu=True, gpu=0, use_multi_gpu=False, devices='0,1,2,3', detail_freq='h')
Use GPU: cuda:0
>>>>>>>start training : informerstack_custom_ftMS_sl336_ll168_pl168_dm256_nh8_el3_dl1_df1024_atprob_fc5_ebtimeF_dtTrue_mxTrue_exp_130_0>>>>>>>>>>>>>>>>>>>>>>>>>>
train 48273
val 6801
test 13769
	iters: 100, epoch: 1 | loss: 0.2273452
	speed: 0.0386s/iter; left time: 11640.0279s
	iters: 200, epoch: 1 | loss: 0.1550012
	speed: 0.0276s/iter; left time: 8333.2797s
	iters: 300, epoch: 1 | loss: 0.1990101
	speed: 0.0279s/iter; left time: 8404.9587s
	iters: 400, epoch: 1 | loss: 0.1344689
	speed: 0.0276s/iter; left time: 8323.6069s
	iters: 500, epoch: 1 | loss: 0.1601698
	speed: 0.0276s/iter; left time: 8321.5704s
	iters: 600, epoch: 1 | loss: 0.0892446
	speed: 0.0276s/iter; left time: 8304.5878s
	iters: 700, epoch: 1 | loss: 0.1001496
	speed: 0.0280s/iter; left time: 8419.2152s
	iters: 800, epoch: 1 | loss: 0.2689966
	speed: 0.0280s/iter; left time: 8421.7384s
	iters: 900, epoch: 1 | loss: 0.1315555
	speed: 0.0274s/iter; left time: 8250.0980s
	iters: 1000, epoch: 1 | loss: 0.1450561
	speed: 0.0275s/iter; left time: 8268.9126s
	iters: 1100, epoch: 1 | loss: 0.3168072
	speed: 0.0278s/iter; left time: 8364.7439s
	iters: 1200, epoch: 1 | loss: 0.1342788
	speed: 0.0275s/iter; left time: 8272.4802s
	iters: 1300, epoch: 1 | loss: 0.1075845
	speed: 0.0278s/iter; left time: 8361.8622s
	iters: 1400, epoch: 1 | loss: 0.1315291
	speed: 0.0277s/iter; left time: 8312.2998s
	iters: 1500, epoch: 1 | loss: 0.1352576
	speed: 0.0275s/iter; left time: 8258.9723s
	iters: 1600, epoch: 1 | loss: 0.1920949
	speed: 0.0275s/iter; left time: 8261.8736s
	iters: 1700, epoch: 1 | loss: 0.1934420
	speed: 0.0282s/iter; left time: 8474.6808s
	iters: 1800, epoch: 1 | loss: 0.1152412
	speed: 0.0279s/iter; left time: 8355.5622s
	iters: 1900, epoch: 1 | loss: 0.0788982
	speed: 0.0278s/iter; left time: 8339.4597s
	iters: 2000, epoch: 1 | loss: 0.1217637
	speed: 0.0277s/iter; left time: 8288.0091s
	iters: 2100, epoch: 1 | loss: 0.1214405
	speed: 0.0275s/iter; left time: 8251.4793s
	iters: 2200, epoch: 1 | loss: 0.1449995
	speed: 0.0278s/iter; left time: 8327.8679s
	iters: 2300, epoch: 1 | loss: 0.0696182
	speed: 0.0275s/iter; left time: 8221.1733s
	iters: 2400, epoch: 1 | loss: 0.1398367
	speed: 0.0276s/iter; left time: 8264.6616s
	iters: 2500, epoch: 1 | loss: 0.0608776
	speed: 0.0277s/iter; left time: 8288.3342s
	iters: 2600, epoch: 1 | loss: 0.0778844
	speed: 0.0274s/iter; left time: 8208.5051s
	iters: 2700, epoch: 1 | loss: 0.1258491
	speed: 0.0274s/iter; left time: 8191.2509s
	iters: 2800, epoch: 1 | loss: 0.1545340
	speed: 0.0274s/iter; left time: 8189.9972s
	iters: 2900, epoch: 1 | loss: 0.0921901
	speed: 0.0280s/iter; left time: 8376.9934s
	iters: 3000, epoch: 1 | loss: 0.1770821
	speed: 0.0274s/iter; left time: 8183.0266s
	iters: 3100, epoch: 1 | loss: 0.0978043
	speed: 0.0277s/iter; left time: 8271.9496s
	iters: 3200, epoch: 1 | loss: 0.0675666
	speed: 0.0274s/iter; left time: 8192.6344s
	iters: 3300, epoch: 1 | loss: 0.0610955
	speed: 0.0278s/iter; left time: 8295.8479s
	iters: 3400, epoch: 1 | loss: 0.0778126
	speed: 0.0273s/iter; left time: 8149.0936s
	iters: 3500, epoch: 1 | loss: 0.0741956
	speed: 0.0277s/iter; left time: 8254.4202s
	iters: 3600, epoch: 1 | loss: 0.1122391
	speed: 0.0275s/iter; left time: 8210.8876s
	iters: 3700, epoch: 1 | loss: 0.0469306
	speed: 0.0276s/iter; left time: 8219.2843s
	iters: 3800, epoch: 1 | loss: 0.0951349
	speed: 0.0276s/iter; left time: 8210.3314s
	iters: 3900, epoch: 1 | loss: 0.1336310
	speed: 0.0275s/iter; left time: 8200.1259s
	iters: 4000, epoch: 1 | loss: 0.1217222
	speed: 0.0280s/iter; left time: 8345.4327s
	iters: 4100, epoch: 1 | loss: 0.1011037
	speed: 0.0274s/iter; left time: 8140.3854s
	iters: 4200, epoch: 1 | loss: 0.0504450
	speed: 0.0275s/iter; left time: 8166.8504s
	iters: 4300, epoch: 1 | loss: 0.0596523
	speed: 0.0275s/iter; left time: 8172.0247s
	iters: 4400, epoch: 1 | loss: 0.0968967
	speed: 0.0278s/iter; left time: 8254.8465s
	iters: 4500, epoch: 1 | loss: 0.0834693
	speed: 0.0274s/iter; left time: 8130.1072s
	iters: 4600, epoch: 1 | loss: 0.0898264
	speed: 0.0277s/iter; left time: 8243.2440s
	iters: 4700, epoch: 1 | loss: 0.0658790
	speed: 0.0275s/iter; left time: 8172.1203s
	iters: 4800, epoch: 1 | loss: 0.1202181
	speed: 0.0275s/iter; left time: 8171.1419s
	iters: 4900, epoch: 1 | loss: 0.0656883
	speed: 0.0274s/iter; left time: 8144.0049s
	iters: 5000, epoch: 1 | loss: 0.0681380
	speed: 0.0275s/iter; left time: 8160.4206s
	iters: 5100, epoch: 1 | loss: 0.0535789
	speed: 0.0280s/iter; left time: 8302.5353s
	iters: 5200, epoch: 1 | loss: 0.0592671
	speed: 0.0274s/iter; left time: 8130.0422s
	iters: 5300, epoch: 1 | loss: 0.0630239
	speed: 0.0275s/iter; left time: 8143.8392s
	iters: 5400, epoch: 1 | loss: 0.0775466
	speed: 0.0275s/iter; left time: 8142.3039s
	iters: 5500, epoch: 1 | loss: 0.0668730
	speed: 0.0278s/iter; left time: 8226.2445s
	iters: 5600, epoch: 1 | loss: 0.0513139
	speed: 0.0274s/iter; left time: 8110.7290s
	iters: 5700, epoch: 1 | loss: 0.0527416
	speed: 0.0276s/iter; left time: 8167.6106s
	iters: 5800, epoch: 1 | loss: 0.0349467
	speed: 0.0275s/iter; left time: 8127.9799s
	iters: 5900, epoch: 1 | loss: 0.0570196
	speed: 0.0276s/iter; left time: 8159.9699s
	iters: 6000, epoch: 1 | loss: 0.0498548
	speed: 0.0275s/iter; left time: 8140.2376s
Epoch: 1 cost time: 167.02798795700073
Epoch: 1, Steps: 6034 | Train Loss: 0.1132187 Vali Loss: 0.7956792 Test Loss: 0.5390870
Validation loss decreased (inf --> 0.795679).  Saving model ...
Updating learning rate to 5e-05
	iters: 100, epoch: 2 | loss: 0.0867241
	speed: 0.3404s/iter; left time: 100618.9936s
	iters: 200, epoch: 2 | loss: 0.0418620
	speed: 0.0281s/iter; left time: 8310.6455s
	iters: 300, epoch: 2 | loss: 0.0580751
	speed: 0.0275s/iter; left time: 8109.9562s
	iters: 400, epoch: 2 | loss: 0.0332239
	speed: 0.0275s/iter; left time: 8127.5193s
	iters: 500, epoch: 2 | loss: 0.0822199
	speed: 0.0277s/iter; left time: 8180.3496s
	iters: 600, epoch: 2 | loss: 0.0407961
	speed: 0.0275s/iter; left time: 8119.9339s
	iters: 700, epoch: 2 | loss: 0.0473933
	speed: 0.0278s/iter; left time: 8188.6504s
	iters: 800, epoch: 2 | loss: 0.0586505
	speed: 0.0275s/iter; left time: 8114.7500s
	iters: 900, epoch: 2 | loss: 0.0691610
	speed: 0.0279s/iter; left time: 8224.6071s
	iters: 1000, epoch: 2 | loss: 0.0426449
	speed: 0.0275s/iter; left time: 8116.8643s
	iters: 1100, epoch: 2 | loss: 0.0728749
	speed: 0.0275s/iter; left time: 8105.9988s
	iters: 1200, epoch: 2 | loss: 0.0408391
	speed: 0.0278s/iter; left time: 8178.8740s
	iters: 1300, epoch: 2 | loss: 0.0413730
	speed: 0.0278s/iter; left time: 8188.1419s
	iters: 1400, epoch: 2 | loss: 0.0652563
	speed: 0.0275s/iter; left time: 8105.8481s
	iters: 1500, epoch: 2 | loss: 0.0555578
	speed: 0.0276s/iter; left time: 8119.2778s
	iters: 1600, epoch: 2 | loss: 0.0506867
	speed: 0.0277s/iter; left time: 8136.9277s
	iters: 1700, epoch: 2 | loss: 0.0515531
	speed: 0.0275s/iter; left time: 8077.6844s
	iters: 1800, epoch: 2 | loss: 0.0499440
	speed: 0.0278s/iter; left time: 8163.9129s
	iters: 1900, epoch: 2 | loss: 0.0455546
	speed: 0.0276s/iter; left time: 8112.1428s
	iters: 2000, epoch: 2 | loss: 0.0761338
	speed: 0.0277s/iter; left time: 8137.2805s
	iters: 2100, epoch: 2 | loss: 0.0488604
	speed: 0.0274s/iter; left time: 8036.2838s
	iters: 2200, epoch: 2 | loss: 0.0578956
	speed: 0.0276s/iter; left time: 8104.8024s
	iters: 2300, epoch: 2 | loss: 0.0323144
	speed: 0.0279s/iter; left time: 8191.9630s
	iters: 2400, epoch: 2 | loss: 0.0617735
	speed: 0.0276s/iter; left time: 8080.3222s
	iters: 2500, epoch: 2 | loss: 0.0630676
	speed: 0.0274s/iter; left time: 8018.5875s
	iters: 2600, epoch: 2 | loss: 0.0524530
	speed: 0.0276s/iter; left time: 8084.0026s
	iters: 2700, epoch: 2 | loss: 0.0441985
	speed: 0.0277s/iter; left time: 8108.6948s
	iters: 2800, epoch: 2 | loss: 0.0463129
	speed: 0.0275s/iter; left time: 8061.8724s
	iters: 2900, epoch: 2 | loss: 0.0749448
	speed: 0.0283s/iter; left time: 8291.8462s
	iters: 3000, epoch: 2 | loss: 0.0320032
	speed: 0.0275s/iter; left time: 8041.6767s
	iters: 3100, epoch: 2 | loss: 0.0747529
	speed: 0.0275s/iter; left time: 8041.1911s
	iters: 3200, epoch: 2 | loss: 0.0369981
	speed: 0.0276s/iter; left time: 8071.3284s
	iters: 3300, epoch: 2 | loss: 0.0498503
	speed: 0.0275s/iter; left time: 8030.8488s
	iters: 3400, epoch: 2 | loss: 0.0420801
	speed: 0.0277s/iter; left time: 8092.6943s
	iters: 3500, epoch: 2 | loss: 0.0393805
	speed: 0.0276s/iter; left time: 8049.8149s
	iters: 3600, epoch: 2 | loss: 0.0602909
	speed: 0.0276s/iter; left time: 8056.7910s
	iters: 3700, epoch: 2 | loss: 0.0360828
	speed: 0.0276s/iter; left time: 8045.5331s
	iters: 3800, epoch: 2 | loss: 0.0506784
	speed: 0.0276s/iter; left time: 8061.0676s
	iters: 3900, epoch: 2 | loss: 0.0503745
	speed: 0.0273s/iter; left time: 7975.0704s
	iters: 4000, epoch: 2 | loss: 0.0541636
	speed: 0.0279s/iter; left time: 8134.8424s
	iters: 4100, epoch: 2 | loss: 0.0427516
	speed: 0.0275s/iter; left time: 8019.2152s
	iters: 4200, epoch: 2 | loss: 0.0423221
	speed: 0.0277s/iter; left time: 8062.9988s
	iters: 4300, epoch: 2 | loss: 0.0269251
	speed: 0.0274s/iter; left time: 7972.6113s
	iters: 4400, epoch: 2 | loss: 0.0411940
	speed: 0.0277s/iter; left time: 8061.1182s
	iters: 4500, epoch: 2 | loss: 0.0432586
	speed: 0.0281s/iter; left time: 8175.4705s
	iters: 4600, epoch: 2 | loss: 0.0361240
	speed: 0.0277s/iter; left time: 8069.9493s
	iters: 4700, epoch: 2 | loss: 0.0560476
	speed: 0.0275s/iter; left time: 8011.5522s
	iters: 4800, epoch: 2 | loss: 0.0549717
	speed: 0.0274s/iter; left time: 7965.5103s
	iters: 4900, epoch: 2 | loss: 0.0263887
	speed: 0.0276s/iter; left time: 8025.3044s
	iters: 5000, epoch: 2 | loss: 0.0312997
	speed: 0.0276s/iter; left time: 8011.8409s
	iters: 5100, epoch: 2 | loss: 0.0373570
	speed: 0.0277s/iter; left time: 8055.5234s
	iters: 5200, epoch: 2 | loss: 0.0342796
	speed: 0.0274s/iter; left time: 7959.6933s
	iters: 5300, epoch: 2 | loss: 0.0235430
	speed: 0.0280s/iter; left time: 8119.4180s
	iters: 5400, epoch: 2 | loss: 0.0375405
	speed: 0.0276s/iter; left time: 8012.1893s
	iters: 5500, epoch: 2 | loss: 0.0523585
	speed: 0.0275s/iter; left time: 7980.2158s
	iters: 5600, epoch: 2 | loss: 0.0354923
	speed: 0.0282s/iter; left time: 8167.6629s
	iters: 5700, epoch: 2 | loss: 0.0375846
	speed: 0.0278s/iter; left time: 8056.1948s
	iters: 5800, epoch: 2 | loss: 0.0331242
	speed: 0.0278s/iter; left time: 8054.3080s
	iters: 5900, epoch: 2 | loss: 0.0465767
	speed: 0.0278s/iter; left time: 8042.0846s
	iters: 6000, epoch: 2 | loss: 0.0359643
	speed: 0.0276s/iter; left time: 7995.8506s
Epoch: 2 cost time: 166.82825326919556
Epoch: 2, Steps: 6034 | Train Loss: 0.0458554 Vali Loss: 0.7732027 Test Loss: 0.5048147
Validation loss decreased (0.795679 --> 0.773203).  Saving model ...
Updating learning rate to 2.5e-05
	iters: 100, epoch: 3 | loss: 0.0257928
	speed: 0.3409s/iter; left time: 98700.8247s
	iters: 200, epoch: 3 | loss: 0.0264437
	speed: 0.0274s/iter; left time: 7931.8002s
	iters: 300, epoch: 3 | loss: 0.0247807
	speed: 0.0276s/iter; left time: 7996.4176s
	iters: 400, epoch: 3 | loss: 0.0339310
	speed: 0.0275s/iter; left time: 7961.1606s
	iters: 500, epoch: 3 | loss: 0.0189316
	speed: 0.0279s/iter; left time: 8077.0033s
	iters: 600, epoch: 3 | loss: 0.0261372
	speed: 0.0281s/iter; left time: 8133.7308s
	iters: 700, epoch: 3 | loss: 0.0255908
	speed: 0.0278s/iter; left time: 8030.9052s
	iters: 800, epoch: 3 | loss: 0.0355118
	speed: 0.0276s/iter; left time: 7962.2594s
	iters: 900, epoch: 3 | loss: 0.0169999
	speed: 0.0275s/iter; left time: 7939.8642s
	iters: 1000, epoch: 3 | loss: 0.0197974
	speed: 0.0276s/iter; left time: 7960.1689s
	iters: 1100, epoch: 3 | loss: 0.0351377
	speed: 0.0276s/iter; left time: 7955.4381s
	iters: 1200, epoch: 3 | loss: 0.0291184
	speed: 0.0278s/iter; left time: 8008.7074s
	iters: 1300, epoch: 3 | loss: 0.0299795
	speed: 0.0276s/iter; left time: 7950.0660s
	iters: 1400, epoch: 3 | loss: 0.0313485
	speed: 0.0279s/iter; left time: 8041.9961s
	iters: 1500, epoch: 3 | loss: 0.0263363
	speed: 0.0278s/iter; left time: 7999.5497s
	iters: 1600, epoch: 3 | loss: 0.0277026
	speed: 0.0276s/iter; left time: 7945.7875s
	iters: 1700, epoch: 3 | loss: 0.0212244
	speed: 0.0278s/iter; left time: 8017.4838s
	iters: 1800, epoch: 3 | loss: 0.0290507
	speed: 0.0277s/iter; left time: 7968.1525s
	iters: 1900, epoch: 3 | loss: 0.0280535
	speed: 0.0277s/iter; left time: 7971.6035s
	iters: 2000, epoch: 3 | loss: 0.0319078
	speed: 0.0275s/iter; left time: 7906.0254s
	iters: 2100, epoch: 3 | loss: 0.0328984
	speed: 0.0277s/iter; left time: 7969.3469s
	iters: 2200, epoch: 3 | loss: 0.0351577
	speed: 0.0277s/iter; left time: 7955.9642s
	iters: 2300, epoch: 3 | loss: 0.0275777
	speed: 0.0279s/iter; left time: 8012.0240s
	iters: 2400, epoch: 3 | loss: 0.0283961
	speed: 0.0275s/iter; left time: 7908.4799s
	iters: 2500, epoch: 3 | loss: 0.0391246
	speed: 0.0276s/iter; left time: 7922.0394s
	iters: 2600, epoch: 3 | loss: 0.0204565
	speed: 0.0275s/iter; left time: 7887.2690s
	iters: 2700, epoch: 3 | loss: 0.0341105
	speed: 0.0275s/iter; left time: 7891.4387s
	iters: 2800, epoch: 3 | loss: 0.0350885
	speed: 0.0277s/iter; left time: 7957.9488s
	iters: 2900, epoch: 3 | loss: 0.0276740
	speed: 0.0277s/iter; left time: 7932.5012s
	iters: 3000, epoch: 3 | loss: 0.0487138
	speed: 0.0278s/iter; left time: 7958.3474s
	iters: 3100, epoch: 3 | loss: 0.0276998
	speed: 0.0273s/iter; left time: 7813.0909s
	iters: 3200, epoch: 3 | loss: 0.0286925
	speed: 0.0276s/iter; left time: 7893.7200s
	iters: 3300, epoch: 3 | loss: 0.0263913
	speed: 0.0279s/iter; left time: 7986.2664s
	iters: 3400, epoch: 3 | loss: 0.0314466
	speed: 0.0276s/iter; left time: 7904.0360s
	iters: 3500, epoch: 3 | loss: 0.0386987
	speed: 0.0275s/iter; left time: 7874.7502s
	iters: 3600, epoch: 3 | loss: 0.0232655
	speed: 0.0276s/iter; left time: 7901.5288s
	iters: 3700, epoch: 3 | loss: 0.0387565
	speed: 0.0279s/iter; left time: 7964.8186s
	iters: 3800, epoch: 3 | loss: 0.0234062
	speed: 0.0276s/iter; left time: 7890.1636s
	iters: 3900, epoch: 3 | loss: 0.0297040
	speed: 0.0278s/iter; left time: 7952.7451s
	iters: 4000, epoch: 3 | loss: 0.0397102
	speed: 0.0276s/iter; left time: 7877.6366s
	iters: 4100, epoch: 3 | loss: 0.0277395
	speed: 0.0277s/iter; left time: 7912.3357s
	iters: 4200, epoch: 3 | loss: 0.0183599
	speed: 0.0276s/iter; left time: 7882.7954s
	iters: 4300, epoch: 3 | loss: 0.0362846
	speed: 0.0277s/iter; left time: 7908.0507s
	iters: 4400, epoch: 3 | loss: 0.0243836
	speed: 0.0280s/iter; left time: 7972.5461s
	iters: 4500, epoch: 3 | loss: 0.0278076
	speed: 0.0275s/iter; left time: 7853.3451s
	iters: 4600, epoch: 3 | loss: 0.0223371
	speed: 0.0275s/iter; left time: 7835.5798s
	iters: 4700, epoch: 3 | loss: 0.0221536
	speed: 0.0275s/iter; left time: 7836.9041s
	iters: 4800, epoch: 3 | loss: 0.0302157
	speed: 0.0277s/iter; left time: 7897.7549s
	iters: 4900, epoch: 3 | loss: 0.0263304
	speed: 0.0276s/iter; left time: 7866.1416s
	iters: 5000, epoch: 3 | loss: 0.0313049
	speed: 0.0278s/iter; left time: 7926.6581s
	iters: 5100, epoch: 3 | loss: 0.0262724
	speed: 0.0277s/iter; left time: 7881.8117s
	iters: 5200, epoch: 3 | loss: 0.0234731
	speed: 0.0276s/iter; left time: 7843.2038s
	iters: 5300, epoch: 3 | loss: 0.0261545
	speed: 0.0276s/iter; left time: 7860.7319s
	iters: 5400, epoch: 3 | loss: 0.0333389
	speed: 0.0276s/iter; left time: 7847.8308s
	iters: 5500, epoch: 3 | loss: 0.0221735
	speed: 0.0279s/iter; left time: 7930.0786s
	iters: 5600, epoch: 3 | loss: 0.0236764
	speed: 0.0277s/iter; left time: 7864.2435s
	iters: 5700, epoch: 3 | loss: 0.0318778
	speed: 0.0276s/iter; left time: 7833.5851s
	iters: 5800, epoch: 3 | loss: 0.0380830
	speed: 0.0278s/iter; left time: 7893.7250s
	iters: 5900, epoch: 3 | loss: 0.0188608
	speed: 0.0277s/iter; left time: 7860.2030s
	iters: 6000, epoch: 3 | loss: 0.0211483
	speed: 0.0276s/iter; left time: 7829.5482s
Epoch: 3 cost time: 167.00040364265442
Epoch: 3, Steps: 6034 | Train Loss: 0.0280795 Vali Loss: 0.7251393 Test Loss: 0.5164081
Validation loss decreased (0.773203 --> 0.725139).  Saving model ...
Updating learning rate to 1.25e-05
	iters: 100, epoch: 4 | loss: 0.0207881
	speed: 0.3406s/iter; left time: 96562.4784s
	iters: 200, epoch: 4 | loss: 0.0169354
	speed: 0.0277s/iter; left time: 7836.0462s
	iters: 300, epoch: 4 | loss: 0.0276479
	speed: 0.0277s/iter; left time: 7842.5806s
	iters: 400, epoch: 4 | loss: 0.0165137
	speed: 0.0275s/iter; left time: 7790.5990s
	iters: 500, epoch: 4 | loss: 0.0225713
	speed: 0.0278s/iter; left time: 7872.6960s
	iters: 600, epoch: 4 | loss: 0.0213398
	speed: 0.0277s/iter; left time: 7825.2641s
	iters: 700, epoch: 4 | loss: 0.0259265
	speed: 0.0277s/iter; left time: 7844.1607s
	iters: 800, epoch: 4 | loss: 0.0328281
	speed: 0.0276s/iter; left time: 7803.3591s
	iters: 900, epoch: 4 | loss: 0.0212115
	speed: 0.0278s/iter; left time: 7852.7605s
	iters: 1000, epoch: 4 | loss: 0.0279784
	speed: 0.0278s/iter; left time: 7863.0565s
	iters: 1100, epoch: 4 | loss: 0.0292807
	speed: 0.0280s/iter; left time: 7898.0059s
	iters: 1200, epoch: 4 | loss: 0.0283701
	speed: 0.0276s/iter; left time: 7794.1753s
	iters: 1300, epoch: 4 | loss: 0.0162224
	speed: 0.0277s/iter; left time: 7815.5793s
	iters: 1400, epoch: 4 | loss: 0.0265640
	speed: 0.0276s/iter; left time: 7800.3112s
	iters: 1500, epoch: 4 | loss: 0.0182011
	speed: 0.0275s/iter; left time: 7769.6789s
	iters: 1600, epoch: 4 | loss: 0.0235576
	speed: 0.0280s/iter; left time: 7882.1264s
	iters: 1700, epoch: 4 | loss: 0.0233062
	speed: 0.0278s/iter; left time: 7850.0668s
	iters: 1800, epoch: 4 | loss: 0.0160875
	speed: 0.0275s/iter; left time: 7748.1348s
	iters: 1900, epoch: 4 | loss: 0.0234216
	speed: 0.0277s/iter; left time: 7803.5095s
	iters: 2000, epoch: 4 | loss: 0.0237572
	speed: 0.0277s/iter; left time: 7797.0891s
	iters: 2100, epoch: 4 | loss: 0.0246143
	speed: 0.0277s/iter; left time: 7791.3537s
	iters: 2200, epoch: 4 | loss: 0.0193216
	speed: 0.0278s/iter; left time: 7824.0870s
	iters: 2300, epoch: 4 | loss: 0.0211146
	speed: 0.0278s/iter; left time: 7810.2882s
	iters: 2400, epoch: 4 | loss: 0.0227810
	speed: 0.0277s/iter; left time: 7798.0036s
	iters: 2500, epoch: 4 | loss: 0.0239981
	speed: 0.0276s/iter; left time: 7761.0714s
	iters: 2600, epoch: 4 | loss: 0.0189309
	speed: 0.0276s/iter; left time: 7769.2850s
	iters: 2700, epoch: 4 | loss: 0.0225128
	speed: 0.0279s/iter; left time: 7829.8029s
	iters: 2800, epoch: 4 | loss: 0.0231948
	speed: 0.0278s/iter; left time: 7817.5564s
	iters: 2900, epoch: 4 | loss: 0.0185005
	speed: 0.0276s/iter; left time: 7759.3735s
	iters: 3000, epoch: 4 | loss: 0.0329696
	speed: 0.0282s/iter; left time: 7913.2522s
	iters: 3100, epoch: 4 | loss: 0.0180063
	speed: 0.0279s/iter; left time: 7823.5506s
	iters: 3200, epoch: 4 | loss: 0.0175929
	speed: 0.0280s/iter; left time: 7848.1501s
	iters: 3300, epoch: 4 | loss: 0.0223217
	speed: 0.0276s/iter; left time: 7749.3935s
	iters: 3400, epoch: 4 | loss: 0.0202881
	speed: 0.0277s/iter; left time: 7773.6219s
	iters: 3500, epoch: 4 | loss: 0.0243175
	speed: 0.0277s/iter; left time: 7752.7887s
	iters: 3600, epoch: 4 | loss: 0.0220728
	speed: 0.0277s/iter; left time: 7752.9862s
	iters: 3700, epoch: 4 | loss: 0.0250126
	speed: 0.0278s/iter; left time: 7768.4201s
	iters: 3800, epoch: 4 | loss: 0.0245835
	speed: 0.0278s/iter; left time: 7771.3996s
	iters: 3900, epoch: 4 | loss: 0.0209013
	speed: 0.0278s/iter; left time: 7762.6791s
	iters: 4000, epoch: 4 | loss: 0.0201249
	speed: 0.0278s/iter; left time: 7764.1988s
	iters: 4100, epoch: 4 | loss: 0.0178394
	speed: 0.0280s/iter; left time: 7817.8907s
	iters: 4200, epoch: 4 | loss: 0.0238383
	speed: 0.0276s/iter; left time: 7707.5541s
	iters: 4300, epoch: 4 | loss: 0.0199259
	speed: 0.0282s/iter; left time: 7880.9615s
	iters: 4400, epoch: 4 | loss: 0.0146083
	speed: 0.0276s/iter; left time: 7704.2082s
	iters: 4500, epoch: 4 | loss: 0.0204870
	speed: 0.0276s/iter; left time: 7700.9232s
	iters: 4600, epoch: 4 | loss: 0.0193272
	speed: 0.0276s/iter; left time: 7711.4364s
	iters: 4700, epoch: 4 | loss: 0.0216362
	speed: 0.0277s/iter; left time: 7726.1519s
	iters: 4800, epoch: 4 | loss: 0.0177366
	speed: 0.0277s/iter; left time: 7713.7082s
	iters: 4900, epoch: 4 | loss: 0.0196735
	speed: 0.0280s/iter; left time: 7805.9108s
	iters: 5000, epoch: 4 | loss: 0.0252647
	speed: 0.0277s/iter; left time: 7712.9697s
	iters: 5100, epoch: 4 | loss: 0.0144114
	speed: 0.0277s/iter; left time: 7702.2194s
	iters: 5200, epoch: 4 | loss: 0.0179710
	speed: 0.0278s/iter; left time: 7751.4331s
	iters: 5300, epoch: 4 | loss: 0.0210247
	speed: 0.0277s/iter; left time: 7721.9290s
	iters: 5400, epoch: 4 | loss: 0.0229499
	speed: 0.0281s/iter; left time: 7829.5596s
	iters: 5500, epoch: 4 | loss: 0.0285773
	speed: 0.0275s/iter; left time: 7652.4022s
	iters: 5600, epoch: 4 | loss: 0.0190688
	speed: 0.0276s/iter; left time: 7668.0572s
	iters: 5700, epoch: 4 | loss: 0.0163233
	speed: 0.0276s/iter; left time: 7662.6109s
	iters: 5800, epoch: 4 | loss: 0.0189944
	speed: 0.0275s/iter; left time: 7644.4545s
	iters: 5900, epoch: 4 | loss: 0.0214484
	speed: 0.0277s/iter; left time: 7685.5818s
	iters: 6000, epoch: 4 | loss: 0.0223948
	speed: 0.0280s/iter; left time: 7759.4859s
Epoch: 4 cost time: 167.38864493370056
Epoch: 4, Steps: 6034 | Train Loss: 0.0223576 Vali Loss: 0.7236431 Test Loss: 0.5256888
Validation loss decreased (0.725139 --> 0.723643).  Saving model ...
Updating learning rate to 6.25e-06
	iters: 100, epoch: 5 | loss: 0.0195788
	speed: 0.3411s/iter; left time: 94641.7533s
	iters: 200, epoch: 5 | loss: 0.0184017
	speed: 0.0276s/iter; left time: 7663.9693s
	iters: 300, epoch: 5 | loss: 0.0180857
	speed: 0.0277s/iter; left time: 7682.5435s
	iters: 400, epoch: 5 | loss: 0.0184529
	speed: 0.0277s/iter; left time: 7671.7729s
	iters: 500, epoch: 5 | loss: 0.0266561
	speed: 0.0276s/iter; left time: 7648.8224s
	iters: 600, epoch: 5 | loss: 0.0210673
	speed: 0.0277s/iter; left time: 7684.4154s
	iters: 700, epoch: 5 | loss: 0.0204048
	speed: 0.0276s/iter; left time: 7650.6183s
	iters: 800, epoch: 5 | loss: 0.0296413
	speed: 0.0276s/iter; left time: 7637.4121s
	iters: 900, epoch: 5 | loss: 0.0234283
	speed: 0.0275s/iter; left time: 7604.5587s
	iters: 1000, epoch: 5 | loss: 0.0183859
	speed: 0.0279s/iter; left time: 7727.2140s
	iters: 1100, epoch: 5 | loss: 0.0230417
	speed: 0.0276s/iter; left time: 7625.0310s
	iters: 1200, epoch: 5 | loss: 0.0236916
	speed: 0.0276s/iter; left time: 7640.6109s
	iters: 1300, epoch: 5 | loss: 0.0132379
	speed: 0.0274s/iter; left time: 7581.6843s
	iters: 1400, epoch: 5 | loss: 0.0139861
	speed: 0.0277s/iter; left time: 7652.3212s
	iters: 1500, epoch: 5 | loss: 0.0150002
	speed: 0.0279s/iter; left time: 7710.5968s
	iters: 1600, epoch: 5 | loss: 0.0217135
	speed: 0.0275s/iter; left time: 7595.9447s
	iters: 1700, epoch: 5 | loss: 0.0220496
	speed: 0.0276s/iter; left time: 7604.2641s
	iters: 1800, epoch: 5 | loss: 0.0181997
	speed: 0.0275s/iter; left time: 7587.4146s
	iters: 1900, epoch: 5 | loss: 0.0176773
	speed: 0.0276s/iter; left time: 7599.4944s
	iters: 2000, epoch: 5 | loss: 0.0240636
	speed: 0.0276s/iter; left time: 7594.7956s
	iters: 2100, epoch: 5 | loss: 0.0195617
	speed: 0.0277s/iter; left time: 7635.0441s
	iters: 2200, epoch: 5 | loss: 0.0192040
	speed: 0.0275s/iter; left time: 7583.0602s
	iters: 2300, epoch: 5 | loss: 0.0198670
	speed: 0.0273s/iter; left time: 7506.1957s
	iters: 2400, epoch: 5 | loss: 0.0228564
	speed: 0.0275s/iter; left time: 7564.6797s
	iters: 2500, epoch: 5 | loss: 0.0174611
	speed: 0.0274s/iter; left time: 7531.3365s
	iters: 2600, epoch: 5 | loss: 0.0203938
	speed: 0.0277s/iter; left time: 7613.1680s
	iters: 2700, epoch: 5 | loss: 0.0209233
	speed: 0.0273s/iter; left time: 7503.6776s
	iters: 2800, epoch: 5 | loss: 0.0214105
	speed: 0.0275s/iter; left time: 7543.2960s
	iters: 2900, epoch: 5 | loss: 0.0320320
	speed: 0.0276s/iter; left time: 7584.0145s
	iters: 3000, epoch: 5 | loss: 0.0173254
	speed: 0.0276s/iter; left time: 7574.4296s
	iters: 3100, epoch: 5 | loss: 0.0128613
	speed: 0.0276s/iter; left time: 7583.9895s
	iters: 3200, epoch: 5 | loss: 0.0233014
	speed: 0.0277s/iter; left time: 7593.9565s
	iters: 3300, epoch: 5 | loss: 0.0200153
	speed: 0.0276s/iter; left time: 7582.5735s
	iters: 3400, epoch: 5 | loss: 0.0236614
	speed: 0.0276s/iter; left time: 7555.2097s
	iters: 3500, epoch: 5 | loss: 0.0188440
	speed: 0.0276s/iter; left time: 7552.6977s
	iters: 3600, epoch: 5 | loss: 0.0223402
	speed: 0.0277s/iter; left time: 7588.2223s
	iters: 3700, epoch: 5 | loss: 0.0209091
	speed: 0.0278s/iter; left time: 7615.3881s
	iters: 3800, epoch: 5 | loss: 0.0181190
	speed: 0.0275s/iter; left time: 7520.6202s
	iters: 3900, epoch: 5 | loss: 0.0242998
	speed: 0.0277s/iter; left time: 7578.6700s
	iters: 4000, epoch: 5 | loss: 0.0216377
	speed: 0.0274s/iter; left time: 7502.3918s
	iters: 4100, epoch: 5 | loss: 0.0178288
	speed: 0.0277s/iter; left time: 7575.5607s
	iters: 4200, epoch: 5 | loss: 0.0237754
	speed: 0.0275s/iter; left time: 7517.9761s
	iters: 4300, epoch: 5 | loss: 0.0218395
	speed: 0.0277s/iter; left time: 7565.0838s
	iters: 4400, epoch: 5 | loss: 0.0197666
	speed: 0.0275s/iter; left time: 7511.4312s
	iters: 4500, epoch: 5 | loss: 0.0169243
	speed: 0.0280s/iter; left time: 7639.0608s
	iters: 4600, epoch: 5 | loss: 0.0258598
	speed: 0.0277s/iter; left time: 7563.2130s
	iters: 4700, epoch: 5 | loss: 0.0235443
	speed: 0.0276s/iter; left time: 7542.8732s
	iters: 4800, epoch: 5 | loss: 0.0161403
	speed: 0.0280s/iter; left time: 7645.3453s
	iters: 4900, epoch: 5 | loss: 0.0140357
	speed: 0.0275s/iter; left time: 7503.4394s
	iters: 5000, epoch: 5 | loss: 0.0246496
	speed: 0.0274s/iter; left time: 7478.1281s
	iters: 5100, epoch: 5 | loss: 0.0211901
	speed: 0.0275s/iter; left time: 7499.6051s
	iters: 5200, epoch: 5 | loss: 0.0240764
	speed: 0.0274s/iter; left time: 7456.5457s
	iters: 5300, epoch: 5 | loss: 0.0198083
	speed: 0.0277s/iter; left time: 7546.0163s
	iters: 5400, epoch: 5 | loss: 0.0203542
	speed: 0.0277s/iter; left time: 7531.9105s
	iters: 5500, epoch: 5 | loss: 0.0225713
	speed: 0.0276s/iter; left time: 7503.0737s
	iters: 5600, epoch: 5 | loss: 0.0164847
	speed: 0.0275s/iter; left time: 7480.7603s
	iters: 5700, epoch: 5 | loss: 0.0181561
	speed: 0.0276s/iter; left time: 7501.9086s
	iters: 5800, epoch: 5 | loss: 0.0147317
	speed: 0.0275s/iter; left time: 7473.9237s
	iters: 5900, epoch: 5 | loss: 0.0286709
	speed: 0.0279s/iter; left time: 7573.8087s
	iters: 6000, epoch: 5 | loss: 0.0185707
	speed: 0.0274s/iter; left time: 7446.8429s
Epoch: 5 cost time: 166.59432673454285
Epoch: 5, Steps: 6034 | Train Loss: 0.0199556 Vali Loss: 0.7553048 Test Loss: 0.5349500
EarlyStopping counter: 1 out of 10
Updating learning rate to 3.125e-06
	iters: 100, epoch: 6 | loss: 0.0186105
	speed: 0.3391s/iter; left time: 92035.0141s
	iters: 200, epoch: 6 | loss: 0.0223471
	speed: 0.0276s/iter; left time: 7492.4514s
	iters: 300, epoch: 6 | loss: 0.0237358
	speed: 0.0276s/iter; left time: 7490.0075s
	iters: 400, epoch: 6 | loss: 0.0140243
	speed: 0.0278s/iter; left time: 7535.9194s
	iters: 500, epoch: 6 | loss: 0.0165734
	speed: 0.0275s/iter; left time: 7452.2320s
	iters: 600, epoch: 6 | loss: 0.0218327
	speed: 0.0278s/iter; left time: 7527.8562s
	iters: 700, epoch: 6 | loss: 0.0261792
	speed: 0.0275s/iter; left time: 7460.9501s
	iters: 800, epoch: 6 | loss: 0.0238546
	speed: 0.0276s/iter; left time: 7463.1086s
	iters: 900, epoch: 6 | loss: 0.0225533
	speed: 0.0279s/iter; left time: 7538.4963s
	iters: 1000, epoch: 6 | loss: 0.0230876
	speed: 0.0275s/iter; left time: 7450.7783s
	iters: 1100, epoch: 6 | loss: 0.0286160
	speed: 0.0277s/iter; left time: 7478.9771s
	iters: 1200, epoch: 6 | loss: 0.0199447
	speed: 0.0275s/iter; left time: 7422.0957s
	iters: 1300, epoch: 6 | loss: 0.0175752
	speed: 0.0274s/iter; left time: 7396.6850s
	iters: 1400, epoch: 6 | loss: 0.0161161
	speed: 0.0277s/iter; left time: 7471.9781s
	iters: 1500, epoch: 6 | loss: 0.0185721
	speed: 0.0279s/iter; left time: 7544.1303s
	iters: 1600, epoch: 6 | loss: 0.0291363
	speed: 0.0276s/iter; left time: 7437.2146s
	iters: 1700, epoch: 6 | loss: 0.0213947
	speed: 0.0277s/iter; left time: 7468.7146s
	iters: 1800, epoch: 6 | loss: 0.0220578
	speed: 0.0277s/iter; left time: 7465.1210s
	iters: 1900, epoch: 6 | loss: 0.0201461
	speed: 0.0278s/iter; left time: 7493.4847s
	iters: 2000, epoch: 6 | loss: 0.0188118
	speed: 0.0278s/iter; left time: 7488.6961s
	iters: 2100, epoch: 6 | loss: 0.0218288
	speed: 0.0276s/iter; left time: 7441.2136s
	iters: 2200, epoch: 6 | loss: 0.0185729
	speed: 0.0276s/iter; left time: 7425.4980s
	iters: 2300, epoch: 6 | loss: 0.0225208
	speed: 0.0278s/iter; left time: 7497.2100s
	iters: 2400, epoch: 6 | loss: 0.0156699
	speed: 0.0276s/iter; left time: 7426.2279s
	iters: 2500, epoch: 6 | loss: 0.0119707
	speed: 0.0276s/iter; left time: 7423.1588s
	iters: 2600, epoch: 6 | loss: 0.0193881
	speed: 0.0278s/iter; left time: 7466.1652s
	iters: 2700, epoch: 6 | loss: 0.0148791
	speed: 0.0277s/iter; left time: 7438.8472s
	iters: 2800, epoch: 6 | loss: 0.0191467
	speed: 0.0276s/iter; left time: 7421.8827s
	iters: 2900, epoch: 6 | loss: 0.0188052
	speed: 0.0276s/iter; left time: 7407.0936s
	iters: 3000, epoch: 6 | loss: 0.0198162
	speed: 0.0277s/iter; left time: 7437.3240s
	iters: 3100, epoch: 6 | loss: 0.0215575
	speed: 0.0278s/iter; left time: 7449.8552s
	iters: 3200, epoch: 6 | loss: 0.0201378
	speed: 0.0277s/iter; left time: 7426.1242s
	iters: 3300, epoch: 6 | loss: 0.0159533
	speed: 0.0274s/iter; left time: 7347.6716s
	iters: 3400, epoch: 6 | loss: 0.0234646
	speed: 0.0276s/iter; left time: 7388.5404s
	iters: 3500, epoch: 6 | loss: 0.0205910
	speed: 0.0275s/iter; left time: 7381.2867s
	iters: 3600, epoch: 6 | loss: 0.0169824
	speed: 0.0279s/iter; left time: 7481.2916s
	iters: 3700, epoch: 6 | loss: 0.0248178
	speed: 0.0278s/iter; left time: 7443.7311s
	iters: 3800, epoch: 6 | loss: 0.0224325
	speed: 0.0277s/iter; left time: 7403.6918s
	iters: 3900, epoch: 6 | loss: 0.0202640
	speed: 0.0274s/iter; left time: 7333.7728s
	iters: 4000, epoch: 6 | loss: 0.0232735
	speed: 0.0276s/iter; left time: 7387.9174s
	iters: 4100, epoch: 6 | loss: 0.0157066
	speed: 0.0277s/iter; left time: 7416.9086s
	iters: 4200, epoch: 6 | loss: 0.0225618
	speed: 0.0279s/iter; left time: 7454.5685s
	iters: 4300, epoch: 6 | loss: 0.0156184
	speed: 0.0276s/iter; left time: 7368.7768s
	iters: 4400, epoch: 6 | loss: 0.0151100
	speed: 0.0275s/iter; left time: 7337.8427s
	iters: 4500, epoch: 6 | loss: 0.0194941
	speed: 0.0277s/iter; left time: 7396.0469s
	iters: 4600, epoch: 6 | loss: 0.0273402
	speed: 0.0276s/iter; left time: 7367.3834s
	iters: 4700, epoch: 6 | loss: 0.0220104
	speed: 0.0279s/iter; left time: 7452.8525s
	iters: 4800, epoch: 6 | loss: 0.0178798
	speed: 0.0277s/iter; left time: 7392.3571s
	iters: 4900, epoch: 6 | loss: 0.0166876
	speed: 0.0277s/iter; left time: 7383.4893s
	iters: 5000, epoch: 6 | loss: 0.0134048
	speed: 0.0280s/iter; left time: 7457.3483s
	iters: 5100, epoch: 6 | loss: 0.0151249
	speed: 0.0279s/iter; left time: 7436.8296s
	iters: 5200, epoch: 6 | loss: 0.0169788
	speed: 0.0277s/iter; left time: 7390.1940s
	iters: 5300, epoch: 6 | loss: 0.0269343
	speed: 0.0278s/iter; left time: 7404.4215s
	iters: 5400, epoch: 6 | loss: 0.0199725
	speed: 0.0279s/iter; left time: 7417.6400s
	iters: 5500, epoch: 6 | loss: 0.0187719
	speed: 0.0276s/iter; left time: 7344.2087s
	iters: 5600, epoch: 6 | loss: 0.0192259
	speed: 0.0278s/iter; left time: 7393.8829s
	iters: 5700, epoch: 6 | loss: 0.0212847
	speed: 0.0277s/iter; left time: 7357.5876s
	iters: 5800, epoch: 6 | loss: 0.0197704
	speed: 0.0282s/iter; left time: 7480.9829s
	iters: 5900, epoch: 6 | loss: 0.0187334
	speed: 0.0278s/iter; left time: 7371.6190s
	iters: 6000, epoch: 6 | loss: 0.0175870
	speed: 0.0276s/iter; left time: 7337.4376s
Epoch: 6 cost time: 167.04519844055176
Epoch: 6, Steps: 6034 | Train Loss: 0.0188499 Vali Loss: 0.7160560 Test Loss: 0.5176305
Validation loss decreased (0.723643 --> 0.716056).  Saving model ...
Updating learning rate to 1.5625e-06
	iters: 100, epoch: 7 | loss: 0.0160067
	speed: 0.3412s/iter; left time: 90544.3628s
	iters: 200, epoch: 7 | loss: 0.0245857
	speed: 0.0276s/iter; left time: 7334.7084s
	iters: 300, epoch: 7 | loss: 0.0144528
	speed: 0.0280s/iter; left time: 7417.4815s
	iters: 400, epoch: 7 | loss: 0.0122340
	speed: 0.0277s/iter; left time: 7334.3042s
	iters: 500, epoch: 7 | loss: 0.0213257
	speed: 0.0279s/iter; left time: 7394.1984s
	iters: 600, epoch: 7 | loss: 0.0129640
	speed: 0.0276s/iter; left time: 7302.9361s
	iters: 700, epoch: 7 | loss: 0.0183783
	speed: 0.0276s/iter; left time: 7307.7633s
	iters: 800, epoch: 7 | loss: 0.0212659
	speed: 0.0280s/iter; left time: 7422.1106s
	iters: 900, epoch: 7 | loss: 0.0182271
	speed: 0.0276s/iter; left time: 7315.0210s
	iters: 1000, epoch: 7 | loss: 0.0182590
	speed: 0.0281s/iter; left time: 7426.4511s
	iters: 1100, epoch: 7 | loss: 0.0224286
	speed: 0.0277s/iter; left time: 7336.4308s
	iters: 1200, epoch: 7 | loss: 0.0211140
	speed: 0.0276s/iter; left time: 7305.3687s
	iters: 1300, epoch: 7 | loss: 0.0133650
	speed: 0.0277s/iter; left time: 7323.0522s
	iters: 1400, epoch: 7 | loss: 0.0196786
	speed: 0.0280s/iter; left time: 7401.2486s
	iters: 1500, epoch: 7 | loss: 0.0151462
	speed: 0.0276s/iter; left time: 7290.6249s
	iters: 1600, epoch: 7 | loss: 0.0167063
	speed: 0.0277s/iter; left time: 7309.7273s
	iters: 1700, epoch: 7 | loss: 0.0155183
	speed: 0.0277s/iter; left time: 7300.6302s
	iters: 1800, epoch: 7 | loss: 0.0171993
	speed: 0.0275s/iter; left time: 7243.6660s
	iters: 1900, epoch: 7 | loss: 0.0124169
	speed: 0.0278s/iter; left time: 7316.4611s
	iters: 2000, epoch: 7 | loss: 0.0139096
	speed: 0.0275s/iter; left time: 7258.1584s
	iters: 2100, epoch: 7 | loss: 0.0186110
	speed: 0.0277s/iter; left time: 7298.8248s
	iters: 2200, epoch: 7 | loss: 0.0191059
	speed: 0.0275s/iter; left time: 7242.4421s
	iters: 2300, epoch: 7 | loss: 0.0200244
	speed: 0.0276s/iter; left time: 7268.6536s
	iters: 2400, epoch: 7 | loss: 0.0192011
	speed: 0.0276s/iter; left time: 7273.5967s
	iters: 2500, epoch: 7 | loss: 0.0247801
	speed: 0.0279s/iter; left time: 7334.9695s
	iters: 2600, epoch: 7 | loss: 0.0145964
	speed: 0.0275s/iter; left time: 7220.9920s
	iters: 2700, epoch: 7 | loss: 0.0130892
	speed: 0.0276s/iter; left time: 7252.7511s
	iters: 2800, epoch: 7 | loss: 0.0161232
	speed: 0.0277s/iter; left time: 7274.6594s
	iters: 2900, epoch: 7 | loss: 0.0208217
	speed: 0.0277s/iter; left time: 7286.2155s
	iters: 3000, epoch: 7 | loss: 0.0140264
	speed: 0.0279s/iter; left time: 7318.1651s
	iters: 3100, epoch: 7 | loss: 0.0195658
	speed: 0.0277s/iter; left time: 7258.3115s
	iters: 3200, epoch: 7 | loss: 0.0153829
	speed: 0.0276s/iter; left time: 7229.7772s
	iters: 3300, epoch: 7 | loss: 0.0262193
	speed: 0.0277s/iter; left time: 7253.1186s
	iters: 3400, epoch: 7 | loss: 0.0144592
	speed: 0.0276s/iter; left time: 7231.3739s
	iters: 3500, epoch: 7 | loss: 0.0152175
	speed: 0.0278s/iter; left time: 7280.3096s
	iters: 3600, epoch: 7 | loss: 0.0175831
	speed: 0.0277s/iter; left time: 7244.6000s
	iters: 3700, epoch: 7 | loss: 0.0190920
	speed: 0.0276s/iter; left time: 7232.7277s
	iters: 3800, epoch: 7 | loss: 0.0180111
	speed: 0.0276s/iter; left time: 7232.1045s
	iters: 3900, epoch: 7 | loss: 0.0195596
	speed: 0.0277s/iter; left time: 7246.1483s
	iters: 4000, epoch: 7 | loss: 0.0147149
	speed: 0.0277s/iter; left time: 7245.5099s
	iters: 4100, epoch: 7 | loss: 0.0189298
	speed: 0.0280s/iter; left time: 7317.8152s
	iters: 4200, epoch: 7 | loss: 0.0223153
	speed: 0.0280s/iter; left time: 7318.8931s
	iters: 4300, epoch: 7 | loss: 0.0246593
	speed: 0.0276s/iter; left time: 7206.7972s
	iters: 4400, epoch: 7 | loss: 0.0196637
	speed: 0.0277s/iter; left time: 7231.2869s
	iters: 4500, epoch: 7 | loss: 0.0160452
	speed: 0.0278s/iter; left time: 7253.7794s
	iters: 4600, epoch: 7 | loss: 0.0211876
	speed: 0.0279s/iter; left time: 7287.1548s
	iters: 4700, epoch: 7 | loss: 0.0149076
	speed: 0.0277s/iter; left time: 7236.4169s
	iters: 4800, epoch: 7 | loss: 0.0117849
	speed: 0.0277s/iter; left time: 7213.5418s
	iters: 4900, epoch: 7 | loss: 0.0180116
	speed: 0.0276s/iter; left time: 7187.5980s
	iters: 5000, epoch: 7 | loss: 0.0139881
	speed: 0.0277s/iter; left time: 7221.9807s
	iters: 5100, epoch: 7 | loss: 0.0110139
	speed: 0.0276s/iter; left time: 7192.7278s
	iters: 5200, epoch: 7 | loss: 0.0184289
	speed: 0.0280s/iter; left time: 7281.0164s
	iters: 5300, epoch: 7 | loss: 0.0162263
	speed: 0.0279s/iter; left time: 7267.0336s
	iters: 5400, epoch: 7 | loss: 0.0172510
	speed: 0.0277s/iter; left time: 7195.6002s
	iters: 5500, epoch: 7 | loss: 0.0161439
	speed: 0.0278s/iter; left time: 7217.6364s
	iters: 5600, epoch: 7 | loss: 0.0206106
	speed: 0.0278s/iter; left time: 7221.5655s
	iters: 5700, epoch: 7 | loss: 0.0190156
	speed: 0.0279s/iter; left time: 7249.7658s
	iters: 5800, epoch: 7 | loss: 0.0155621
	speed: 0.0276s/iter; left time: 7176.1408s
	iters: 5900, epoch: 7 | loss: 0.0198342
	speed: 0.0277s/iter; left time: 7192.1849s
	iters: 6000, epoch: 7 | loss: 0.0140926
	speed: 0.0278s/iter; left time: 7220.6990s
Epoch: 7 cost time: 167.3337903022766
Epoch: 7, Steps: 6034 | Train Loss: 0.0183139 Vali Loss: 0.7301835 Test Loss: 0.5322868
EarlyStopping counter: 1 out of 10
Updating learning rate to 7.8125e-07
	iters: 100, epoch: 8 | loss: 0.0222397
	speed: 0.3401s/iter; left time: 88221.6105s
	iters: 200, epoch: 8 | loss: 0.0237353
	speed: 0.0279s/iter; left time: 7244.9985s
	iters: 300, epoch: 8 | loss: 0.0247790
	speed: 0.0276s/iter; left time: 7143.2121s
	iters: 400, epoch: 8 | loss: 0.0146101
	speed: 0.0279s/iter; left time: 7230.9848s
	iters: 500, epoch: 8 | loss: 0.0171753
	speed: 0.0276s/iter; left time: 7144.3355s
	iters: 600, epoch: 8 | loss: 0.0162724
	speed: 0.0277s/iter; left time: 7166.6878s
	iters: 700, epoch: 8 | loss: 0.0169061
	speed: 0.0277s/iter; left time: 7165.2537s
	iters: 800, epoch: 8 | loss: 0.0167662
	speed: 0.0280s/iter; left time: 7244.6298s
	iters: 900, epoch: 8 | loss: 0.0164433
	speed: 0.0278s/iter; left time: 7183.6590s
	iters: 1000, epoch: 8 | loss: 0.0133622
	speed: 0.0278s/iter; left time: 7187.4688s
	iters: 1100, epoch: 8 | loss: 0.0184893
	speed: 0.0279s/iter; left time: 7197.8965s
	iters: 1200, epoch: 8 | loss: 0.0239211
	speed: 0.0276s/iter; left time: 7133.2661s
	iters: 1300, epoch: 8 | loss: 0.0225015
	speed: 0.0277s/iter; left time: 7157.3231s
	iters: 1400, epoch: 8 | loss: 0.0204640
	speed: 0.0278s/iter; left time: 7167.2185s
	iters: 1500, epoch: 8 | loss: 0.0134131
	speed: 0.0279s/iter; left time: 7187.7115s
	iters: 1600, epoch: 8 | loss: 0.0213009
	speed: 0.0277s/iter; left time: 7144.0414s
	iters: 1700, epoch: 8 | loss: 0.0236741
	speed: 0.0276s/iter; left time: 7102.6216s
	iters: 1800, epoch: 8 | loss: 0.0184019
	speed: 0.0279s/iter; left time: 7200.4923s
	iters: 1900, epoch: 8 | loss: 0.0191930
	speed: 0.0277s/iter; left time: 7126.3536s
	iters: 2000, epoch: 8 | loss: 0.0170156
	speed: 0.0276s/iter; left time: 7103.9206s
	iters: 2100, epoch: 8 | loss: 0.0164885
	speed: 0.0276s/iter; left time: 7114.6532s
	iters: 2200, epoch: 8 | loss: 0.0186899
	speed: 0.0277s/iter; left time: 7130.1682s
	iters: 2300, epoch: 8 | loss: 0.0171714
	speed: 0.0276s/iter; left time: 7101.4241s
	iters: 2400, epoch: 8 | loss: 0.0166764
	speed: 0.0279s/iter; left time: 7173.4053s
	iters: 2500, epoch: 8 | loss: 0.0168342
	speed: 0.0278s/iter; left time: 7136.3574s
	iters: 2600, epoch: 8 | loss: 0.0229321
	speed: 0.0277s/iter; left time: 7127.6686s
	iters: 2700, epoch: 8 | loss: 0.0146443
	speed: 0.0277s/iter; left time: 7106.9896s
	iters: 2800, epoch: 8 | loss: 0.0159960
	speed: 0.0276s/iter; left time: 7095.5628s
	iters: 2900, epoch: 8 | loss: 0.0203082
	speed: 0.0284s/iter; left time: 7276.2544s
	iters: 3000, epoch: 8 | loss: 0.0132242
	speed: 0.0276s/iter; left time: 7088.7943s
	iters: 3100, epoch: 8 | loss: 0.0173239
	speed: 0.0275s/iter; left time: 7057.7718s
	iters: 3200, epoch: 8 | loss: 0.0138409
	speed: 0.0277s/iter; left time: 7092.3386s
	iters: 3300, epoch: 8 | loss: 0.0153520
	speed: 0.0276s/iter; left time: 7075.6492s
	iters: 3400, epoch: 8 | loss: 0.0146055
	speed: 0.0277s/iter; left time: 7081.2784s
	iters: 3500, epoch: 8 | loss: 0.0144325
	speed: 0.0279s/iter; left time: 7138.6159s
	iters: 3600, epoch: 8 | loss: 0.0243948
	speed: 0.0278s/iter; left time: 7121.6537s
	iters: 3700, epoch: 8 | loss: 0.0136907
	speed: 0.0277s/iter; left time: 7072.0363s
	iters: 3800, epoch: 8 | loss: 0.0226398
	speed: 0.0277s/iter; left time: 7091.6824s
	iters: 3900, epoch: 8 | loss: 0.0154809
	speed: 0.0276s/iter; left time: 7058.3590s
	iters: 4000, epoch: 8 | loss: 0.0154457
	speed: 0.0280s/iter; left time: 7164.2244s
	iters: 4100, epoch: 8 | loss: 0.0215690
	speed: 0.0276s/iter; left time: 7046.4991s
	iters: 4200, epoch: 8 | loss: 0.0135769
	speed: 0.0275s/iter; left time: 7019.6625s
	iters: 4300, epoch: 8 | loss: 0.0154763
	speed: 0.0278s/iter; left time: 7093.7175s
	iters: 4400, epoch: 8 | loss: 0.0206661
	speed: 0.0278s/iter; left time: 7079.0584s
	iters: 4500, epoch: 8 | loss: 0.0169341
	speed: 0.0280s/iter; left time: 7139.1177s
	iters: 4600, epoch: 8 | loss: 0.0151514
	speed: 0.0277s/iter; left time: 7059.6692s
	iters: 4700, epoch: 8 | loss: 0.0176278
	speed: 0.0279s/iter; left time: 7115.3265s
	iters: 4800, epoch: 8 | loss: 0.0119797
	speed: 0.0277s/iter; left time: 7046.0728s
	iters: 4900, epoch: 8 | loss: 0.0224409
	speed: 0.0277s/iter; left time: 7055.2824s
	iters: 5000, epoch: 8 | loss: 0.0169110
	speed: 0.0276s/iter; left time: 7033.5968s
	iters: 5100, epoch: 8 | loss: 0.0154103
	speed: 0.0281s/iter; left time: 7152.9527s
	iters: 5200, epoch: 8 | loss: 0.0211860
	speed: 0.0276s/iter; left time: 7024.8569s
	iters: 5300, epoch: 8 | loss: 0.0150864
	speed: 0.0277s/iter; left time: 7041.2149s
	iters: 5400, epoch: 8 | loss: 0.0180514
	speed: 0.0276s/iter; left time: 7009.2652s
	iters: 5500, epoch: 8 | loss: 0.0129299
	speed: 0.0277s/iter; left time: 7036.4698s
	iters: 5600, epoch: 8 | loss: 0.0153323
	speed: 0.0279s/iter; left time: 7087.3721s
	iters: 5700, epoch: 8 | loss: 0.0161676
	speed: 0.0275s/iter; left time: 6985.3985s
	iters: 5800, epoch: 8 | loss: 0.0217174
	speed: 0.0279s/iter; left time: 7084.0612s
	iters: 5900, epoch: 8 | loss: 0.0230490
	speed: 0.0276s/iter; left time: 6985.7746s
	iters: 6000, epoch: 8 | loss: 0.0200465
	speed: 0.0276s/iter; left time: 7006.3184s
Epoch: 8 cost time: 167.39478540420532
Epoch: 8, Steps: 6034 | Train Loss: 0.0180479 Vali Loss: 0.7385016 Test Loss: 0.5347904
EarlyStopping counter: 2 out of 10
Updating learning rate to 3.90625e-07
	iters: 100, epoch: 9 | loss: 0.0164492
	speed: 0.3401s/iter; left time: 86158.9770s
	iters: 200, epoch: 9 | loss: 0.0146983
	speed: 0.0275s/iter; left time: 6967.0686s
	iters: 300, epoch: 9 | loss: 0.0192566
	speed: 0.0275s/iter; left time: 6966.7247s
	iters: 400, epoch: 9 | loss: 0.0134957
	speed: 0.0276s/iter; left time: 6982.2792s
	iters: 500, epoch: 9 | loss: 0.0262755
	speed: 0.0276s/iter; left time: 6991.0605s
	iters: 600, epoch: 9 | loss: 0.0182810
	speed: 0.0275s/iter; left time: 6947.7732s
	iters: 700, epoch: 9 | loss: 0.0155637
	speed: 0.0278s/iter; left time: 7027.1520s
	iters: 800, epoch: 9 | loss: 0.0153800
	speed: 0.0276s/iter; left time: 6966.8938s
	iters: 900, epoch: 9 | loss: 0.0152931
	speed: 0.0277s/iter; left time: 6984.8908s
	iters: 1000, epoch: 9 | loss: 0.0210773
	speed: 0.0275s/iter; left time: 6952.3351s
	iters: 1100, epoch: 9 | loss: 0.0164461
	speed: 0.0275s/iter; left time: 6939.7285s
	iters: 1200, epoch: 9 | loss: 0.0148698
	speed: 0.0278s/iter; left time: 7010.3743s
	iters: 1300, epoch: 9 | loss: 0.0181656
	speed: 0.0276s/iter; left time: 6956.9889s
	iters: 1400, epoch: 9 | loss: 0.0147721
	speed: 0.0277s/iter; left time: 6979.6656s
	iters: 1500, epoch: 9 | loss: 0.0183120
	speed: 0.0274s/iter; left time: 6901.1055s
	iters: 1600, epoch: 9 | loss: 0.0115697
	speed: 0.0278s/iter; left time: 6989.5837s
	iters: 1700, epoch: 9 | loss: 0.0140628
	speed: 0.0276s/iter; left time: 6957.7102s
	iters: 1800, epoch: 9 | loss: 0.0199740
	speed: 0.0277s/iter; left time: 6958.0113s
	iters: 1900, epoch: 9 | loss: 0.0246091
	speed: 0.0276s/iter; left time: 6930.5957s
	iters: 2000, epoch: 9 | loss: 0.0189462
	speed: 0.0276s/iter; left time: 6945.7670s
	iters: 2100, epoch: 9 | loss: 0.0169846
	speed: 0.0276s/iter; left time: 6939.2714s
	iters: 2200, epoch: 9 | loss: 0.0225148
	speed: 0.0276s/iter; left time: 6940.5912s
	iters: 2300, epoch: 9 | loss: 0.0167395
	speed: 0.0277s/iter; left time: 6958.1437s
	iters: 2400, epoch: 9 | loss: 0.0153374
	speed: 0.0279s/iter; left time: 6995.2265s
	iters: 2500, epoch: 9 | loss: 0.0167691
	speed: 0.0276s/iter; left time: 6918.0401s
	iters: 2600, epoch: 9 | loss: 0.0159380
	speed: 0.0275s/iter; left time: 6899.9510s
	iters: 2700, epoch: 9 | loss: 0.0209529
	speed: 0.0277s/iter; left time: 6944.7856s
	iters: 2800, epoch: 9 | loss: 0.0144508
	speed: 0.0276s/iter; left time: 6926.9002s
	iters: 2900, epoch: 9 | loss: 0.0172773
	speed: 0.0275s/iter; left time: 6891.5216s
	iters: 3000, epoch: 9 | loss: 0.0153883
	speed: 0.0276s/iter; left time: 6899.6339s
	iters: 3100, epoch: 9 | loss: 0.0154647
	speed: 0.0277s/iter; left time: 6927.7385s
	iters: 3200, epoch: 9 | loss: 0.0174398
	speed: 0.0276s/iter; left time: 6907.1520s
	iters: 3300, epoch: 9 | loss: 0.0136423
	speed: 0.0275s/iter; left time: 6889.2360s
	iters: 3400, epoch: 9 | loss: 0.0187148
	speed: 0.0278s/iter; left time: 6943.3559s
	iters: 3500, epoch: 9 | loss: 0.0235285
	speed: 0.0276s/iter; left time: 6891.2903s
	iters: 3600, epoch: 9 | loss: 0.0239266
	speed: 0.0275s/iter; left time: 6874.2871s
	iters: 3700, epoch: 9 | loss: 0.0148163
	speed: 0.0274s/iter; left time: 6831.3281s
	iters: 3800, epoch: 9 | loss: 0.0179666
	speed: 0.0276s/iter; left time: 6900.6536s
	iters: 3900, epoch: 9 | loss: 0.0185384
	speed: 0.0279s/iter; left time: 6956.0758s
	iters: 4000, epoch: 9 | loss: 0.0139293
	speed: 0.0274s/iter; left time: 6840.5792s
	iters: 4100, epoch: 9 | loss: 0.0154738
	speed: 0.0274s/iter; left time: 6841.6673s
	iters: 4200, epoch: 9 | loss: 0.0160716
	speed: 0.0276s/iter; left time: 6883.6071s
	iters: 4300, epoch: 9 | loss: 0.0118995
	speed: 0.0273s/iter; left time: 6810.7074s
	iters: 4400, epoch: 9 | loss: 0.0175870
	speed: 0.0277s/iter; left time: 6887.6548s
	iters: 4500, epoch: 9 | loss: 0.0131011
	speed: 0.0278s/iter; left time: 6917.5892s
	iters: 4600, epoch: 9 | loss: 0.0210326
	speed: 0.0276s/iter; left time: 6869.3462s
	iters: 4700, epoch: 9 | loss: 0.0141101
	speed: 0.0274s/iter; left time: 6823.3790s
	iters: 4800, epoch: 9 | loss: 0.0190400
	speed: 0.0276s/iter; left time: 6859.9363s
	iters: 4900, epoch: 9 | loss: 0.0152383
	speed: 0.0277s/iter; left time: 6890.6444s
	iters: 5000, epoch: 9 | loss: 0.0171548
	speed: 0.0279s/iter; left time: 6932.3406s
	iters: 5100, epoch: 9 | loss: 0.0155179
	speed: 0.0275s/iter; left time: 6836.9148s
	iters: 5200, epoch: 9 | loss: 0.0153192
	speed: 0.0275s/iter; left time: 6820.2449s
	iters: 5300, epoch: 9 | loss: 0.0189875
	speed: 0.0278s/iter; left time: 6886.9649s
	iters: 5400, epoch: 9 | loss: 0.0105521
	speed: 0.0278s/iter; left time: 6884.2644s
	iters: 5500, epoch: 9 | loss: 0.0202773
	speed: 0.0277s/iter; left time: 6857.1771s
	iters: 5600, epoch: 9 | loss: 0.0117540
	speed: 0.0279s/iter; left time: 6913.7991s
	iters: 5700, epoch: 9 | loss: 0.0168639
	speed: 0.0277s/iter; left time: 6860.1867s
	iters: 5800, epoch: 9 | loss: 0.0153148
	speed: 0.0276s/iter; left time: 6835.4412s
	iters: 5900, epoch: 9 | loss: 0.0151810
	speed: 0.0276s/iter; left time: 6842.9278s
	iters: 6000, epoch: 9 | loss: 0.0177486
	speed: 0.0276s/iter; left time: 6835.5554s
Epoch: 9 cost time: 166.67732119560242
Epoch: 9, Steps: 6034 | Train Loss: 0.0179172 Vali Loss: 0.7297323 Test Loss: 0.5345557
EarlyStopping counter: 3 out of 10
Updating learning rate to 1.953125e-07
	iters: 100, epoch: 10 | loss: 0.0132903
	speed: 0.3411s/iter; left time: 84340.2121s
	iters: 200, epoch: 10 | loss: 0.0200071
	speed: 0.0275s/iter; left time: 6800.4180s
	iters: 300, epoch: 10 | loss: 0.0158980
	speed: 0.0277s/iter; left time: 6836.7144s
	iters: 400, epoch: 10 | loss: 0.0184022
	speed: 0.0276s/iter; left time: 6824.7887s
	iters: 500, epoch: 10 | loss: 0.0168922
	speed: 0.0276s/iter; left time: 6813.4914s
	iters: 600, epoch: 10 | loss: 0.0163330
	speed: 0.0277s/iter; left time: 6840.3185s
	iters: 700, epoch: 10 | loss: 0.0177571
	speed: 0.0278s/iter; left time: 6856.4305s
	iters: 800, epoch: 10 | loss: 0.0091985
	speed: 0.0276s/iter; left time: 6794.5738s
	iters: 900, epoch: 10 | loss: 0.0187671
	speed: 0.0275s/iter; left time: 6785.2005s
	iters: 1000, epoch: 10 | loss: 0.0237930
	speed: 0.0275s/iter; left time: 6770.5884s
	iters: 1100, epoch: 10 | loss: 0.0173413
	speed: 0.0279s/iter; left time: 6864.8827s
	iters: 1200, epoch: 10 | loss: 0.0147508
	speed: 0.0275s/iter; left time: 6776.1060s
	iters: 1300, epoch: 10 | loss: 0.0176115
	speed: 0.0276s/iter; left time: 6786.9842s
	iters: 1400, epoch: 10 | loss: 0.0206804
	speed: 0.0278s/iter; left time: 6849.3903s
	iters: 1500, epoch: 10 | loss: 0.0203317
	speed: 0.0277s/iter; left time: 6822.1466s
	iters: 1600, epoch: 10 | loss: 0.0186321
	speed: 0.0276s/iter; left time: 6793.8879s
	iters: 1700, epoch: 10 | loss: 0.0182272
	speed: 0.0277s/iter; left time: 6808.3166s
	iters: 1800, epoch: 10 | loss: 0.0201214
	speed: 0.0278s/iter; left time: 6816.8313s
	iters: 1900, epoch: 10 | loss: 0.0197289
	speed: 0.0276s/iter; left time: 6769.5297s
	iters: 2000, epoch: 10 | loss: 0.0174559
	speed: 0.0275s/iter; left time: 6758.5099s
	iters: 2100, epoch: 10 | loss: 0.0139329
	speed: 0.0276s/iter; left time: 6760.1654s
	iters: 2200, epoch: 10 | loss: 0.0217298
	speed: 0.0280s/iter; left time: 6870.7557s
	iters: 2300, epoch: 10 | loss: 0.0109632
	speed: 0.0275s/iter; left time: 6750.8716s
	iters: 2400, epoch: 10 | loss: 0.0218082
	speed: 0.0275s/iter; left time: 6739.1154s
	iters: 2500, epoch: 10 | loss: 0.0255357
	speed: 0.0278s/iter; left time: 6807.7452s
	iters: 2600, epoch: 10 | loss: 0.0156562
	speed: 0.0275s/iter; left time: 6734.4714s
	iters: 2700, epoch: 10 | loss: 0.0130673
	speed: 0.0274s/iter; left time: 6707.9182s
	iters: 2800, epoch: 10 | loss: 0.0124595
	speed: 0.0278s/iter; left time: 6789.1327s
	iters: 2900, epoch: 10 | loss: 0.0218052
	speed: 0.0278s/iter; left time: 6795.3526s
	iters: 3000, epoch: 10 | loss: 0.0163012
	speed: 0.0277s/iter; left time: 6761.0117s
	iters: 3100, epoch: 10 | loss: 0.0247677
	speed: 0.0276s/iter; left time: 6751.4056s
	iters: 3200, epoch: 10 | loss: 0.0196721
	speed: 0.0277s/iter; left time: 6762.2872s
	iters: 3300, epoch: 10 | loss: 0.0194054
	speed: 0.0284s/iter; left time: 6923.5601s
	iters: 3400, epoch: 10 | loss: 0.0148276
	speed: 0.0277s/iter; left time: 6756.7790s
	iters: 3500, epoch: 10 | loss: 0.0268688
	speed: 0.0275s/iter; left time: 6703.8649s
	iters: 3600, epoch: 10 | loss: 0.0226675
	speed: 0.0279s/iter; left time: 6808.8839s
	iters: 3700, epoch: 10 | loss: 0.0165093
	speed: 0.0276s/iter; left time: 6735.7854s
	iters: 3800, epoch: 10 | loss: 0.0220386
	speed: 0.0279s/iter; left time: 6791.8383s
	iters: 3900, epoch: 10 | loss: 0.0195416
	speed: 0.0278s/iter; left time: 6763.9912s
	iters: 4000, epoch: 10 | loss: 0.0156505
	speed: 0.0280s/iter; left time: 6814.2997s
	iters: 4100, epoch: 10 | loss: 0.0146353
	speed: 0.0271s/iter; left time: 6598.4043s
	iters: 4200, epoch: 10 | loss: 0.0146311
	speed: 0.0278s/iter; left time: 6756.8555s
	iters: 4300, epoch: 10 | loss: 0.0180390
	speed: 0.0277s/iter; left time: 6742.3748s
	iters: 4400, epoch: 10 | loss: 0.0201497
	speed: 0.0280s/iter; left time: 6814.2278s
	iters: 4500, epoch: 10 | loss: 0.0179686
	speed: 0.0276s/iter; left time: 6712.0031s
	iters: 4600, epoch: 10 | loss: 0.0150415
	speed: 0.0276s/iter; left time: 6701.1362s
	iters: 4700, epoch: 10 | loss: 0.0124185
	speed: 0.0279s/iter; left time: 6780.4074s
	iters: 4800, epoch: 10 | loss: 0.0255667
	speed: 0.0275s/iter; left time: 6663.1881s
	iters: 4900, epoch: 10 | loss: 0.0178674
	speed: 0.0278s/iter; left time: 6753.1790s
	iters: 5000, epoch: 10 | loss: 0.0140880
	speed: 0.0276s/iter; left time: 6699.9560s
	iters: 5100, epoch: 10 | loss: 0.0218660
	speed: 0.0279s/iter; left time: 6748.9795s
	iters: 5200, epoch: 10 | loss: 0.0159271
	speed: 0.0277s/iter; left time: 6699.0485s
	iters: 5300, epoch: 10 | loss: 0.0154532
	speed: 0.0275s/iter; left time: 6659.8480s
	iters: 5400, epoch: 10 | loss: 0.0142346
	speed: 0.0277s/iter; left time: 6711.3897s
	iters: 5500, epoch: 10 | loss: 0.0147504
	speed: 0.0281s/iter; left time: 6799.4017s
	iters: 5600, epoch: 10 | loss: 0.0152445
	speed: 0.0277s/iter; left time: 6692.9430s
	iters: 5700, epoch: 10 | loss: 0.0156132
	speed: 0.0277s/iter; left time: 6703.8729s
	iters: 5800, epoch: 10 | loss: 0.0228217
	speed: 0.0280s/iter; left time: 6754.2549s
	iters: 5900, epoch: 10 | loss: 0.0141455
	speed: 0.0278s/iter; left time: 6706.1986s
	iters: 6000, epoch: 10 | loss: 0.0145944
	speed: 0.0278s/iter; left time: 6704.5738s
Epoch: 10 cost time: 167.16924834251404
Epoch: 10, Steps: 6034 | Train Loss: 0.0178411 Vali Loss: 0.7324128 Test Loss: 0.5324439
EarlyStopping counter: 4 out of 10
Updating learning rate to 9.765625e-08
	iters: 100, epoch: 11 | loss: 0.0197929
	speed: 0.3417s/iter; left time: 82439.8123s
	iters: 200, epoch: 11 | loss: 0.0190625
	speed: 0.0276s/iter; left time: 6655.7308s
	iters: 300, epoch: 11 | loss: 0.0150936
	speed: 0.0277s/iter; left time: 6666.5611s
	iters: 400, epoch: 11 | loss: 0.0206096
	speed: 0.0274s/iter; left time: 6611.4854s
	iters: 500, epoch: 11 | loss: 0.0158022
	speed: 0.0280s/iter; left time: 6733.7397s
	iters: 600, epoch: 11 | loss: 0.0210356
	speed: 0.0276s/iter; left time: 6640.9533s
	iters: 700, epoch: 11 | loss: 0.0160052
	speed: 0.0277s/iter; left time: 6660.2086s
	iters: 800, epoch: 11 | loss: 0.0147381
	speed: 0.0279s/iter; left time: 6701.6320s
	iters: 900, epoch: 11 | loss: 0.0210003
	speed: 0.0278s/iter; left time: 6676.9821s
	iters: 1000, epoch: 11 | loss: 0.0156372
	speed: 0.0277s/iter; left time: 6666.9223s
	iters: 1100, epoch: 11 | loss: 0.0166179
	speed: 0.0277s/iter; left time: 6666.7950s
	iters: 1200, epoch: 11 | loss: 0.0236607
	speed: 0.0278s/iter; left time: 6672.1790s
	iters: 1300, epoch: 11 | loss: 0.0222867
	speed: 0.0277s/iter; left time: 6639.1613s
	iters: 1400, epoch: 11 | loss: 0.0173941
	speed: 0.0275s/iter; left time: 6592.3854s
	iters: 1500, epoch: 11 | loss: 0.0259794
	speed: 0.0276s/iter; left time: 6628.6370s
	iters: 1600, epoch: 11 | loss: 0.0168387
	speed: 0.0279s/iter; left time: 6693.7700s
	iters: 1700, epoch: 11 | loss: 0.0189632
	speed: 0.0277s/iter; left time: 6630.0307s
	iters: 1800, epoch: 11 | loss: 0.0194138
	speed: 0.0275s/iter; left time: 6593.5980s
	iters: 1900, epoch: 11 | loss: 0.0149373
	speed: 0.0276s/iter; left time: 6602.6020s
	iters: 2000, epoch: 11 | loss: 0.0345505
	speed: 0.0279s/iter; left time: 6681.8190s
	iters: 2100, epoch: 11 | loss: 0.0189459
	speed: 0.0280s/iter; left time: 6699.1077s
	iters: 2200, epoch: 11 | loss: 0.0177440
	speed: 0.0274s/iter; left time: 6553.3564s
	iters: 2300, epoch: 11 | loss: 0.0155908
	speed: 0.0277s/iter; left time: 6614.2125s
	iters: 2400, epoch: 11 | loss: 0.0262819
	speed: 0.0276s/iter; left time: 6606.6566s
	iters: 2500, epoch: 11 | loss: 0.0166752
	speed: 0.0276s/iter; left time: 6593.3102s
	iters: 2600, epoch: 11 | loss: 0.0179661
	speed: 0.0278s/iter; left time: 6632.7370s
	iters: 2700, epoch: 11 | loss: 0.0161990
	speed: 0.0278s/iter; left time: 6638.0441s
	iters: 2800, epoch: 11 | loss: 0.0150388
	speed: 0.0277s/iter; left time: 6598.4432s
	iters: 2900, epoch: 11 | loss: 0.0121524
	speed: 0.0276s/iter; left time: 6575.8581s
	iters: 3000, epoch: 11 | loss: 0.0122963
	speed: 0.0277s/iter; left time: 6611.9856s
	iters: 3100, epoch: 11 | loss: 0.0160370
	speed: 0.0278s/iter; left time: 6616.8123s
	iters: 3200, epoch: 11 | loss: 0.0118156
	speed: 0.0277s/iter; left time: 6597.4060s
	iters: 3300, epoch: 11 | loss: 0.0138633
	speed: 0.0277s/iter; left time: 6584.4682s
	iters: 3400, epoch: 11 | loss: 0.0189836
	speed: 0.0277s/iter; left time: 6585.9858s
	iters: 3500, epoch: 11 | loss: 0.0201585
	speed: 0.0278s/iter; left time: 6603.5256s
	iters: 3600, epoch: 11 | loss: 0.0150188
	speed: 0.0276s/iter; left time: 6557.0207s
	iters: 3700, epoch: 11 | loss: 0.0156429
	speed: 0.0277s/iter; left time: 6581.1239s
	iters: 3800, epoch: 11 | loss: 0.0160132
	speed: 0.0278s/iter; left time: 6611.7763s
	iters: 3900, epoch: 11 | loss: 0.0152693
	speed: 0.0277s/iter; left time: 6578.3468s
	iters: 4000, epoch: 11 | loss: 0.0187136
	speed: 0.0276s/iter; left time: 6560.1808s
	iters: 4100, epoch: 11 | loss: 0.0122220
	speed: 0.0277s/iter; left time: 6563.2033s
	iters: 4200, epoch: 11 | loss: 0.0182340
	speed: 0.0277s/iter; left time: 6558.7238s
	iters: 4300, epoch: 11 | loss: 0.0171809
	speed: 0.0279s/iter; left time: 6605.6996s
	iters: 4400, epoch: 11 | loss: 0.0150424
	speed: 0.0278s/iter; left time: 6595.3274s
	iters: 4500, epoch: 11 | loss: 0.0175820
	speed: 0.0280s/iter; left time: 6633.9720s
	iters: 4600, epoch: 11 | loss: 0.0229194
	speed: 0.0278s/iter; left time: 6591.2347s
	iters: 4700, epoch: 11 | loss: 0.0168233
	speed: 0.0276s/iter; left time: 6523.2214s
	iters: 4800, epoch: 11 | loss: 0.0180424
	speed: 0.0278s/iter; left time: 6579.6940s
	iters: 4900, epoch: 11 | loss: 0.0148432
	speed: 0.0279s/iter; left time: 6601.7533s
	iters: 5000, epoch: 11 | loss: 0.0176433
	speed: 0.0277s/iter; left time: 6536.9136s
	iters: 5100, epoch: 11 | loss: 0.0216602
	speed: 0.0277s/iter; left time: 6532.6270s
	iters: 5200, epoch: 11 | loss: 0.0185437
	speed: 0.0278s/iter; left time: 6567.1963s
	iters: 5300, epoch: 11 | loss: 0.0177536
	speed: 0.0278s/iter; left time: 6573.1712s
	iters: 5400, epoch: 11 | loss: 0.0147752
	speed: 0.0276s/iter; left time: 6523.0088s
	iters: 5500, epoch: 11 | loss: 0.0169926
	speed: 0.0276s/iter; left time: 6513.8045s
	iters: 5600, epoch: 11 | loss: 0.0125162
	speed: 0.0278s/iter; left time: 6563.4894s
	iters: 5700, epoch: 11 | loss: 0.0120294
	speed: 0.0276s/iter; left time: 6506.4646s
	iters: 5800, epoch: 11 | loss: 0.0184635
	speed: 0.0277s/iter; left time: 6526.3932s
	iters: 5900, epoch: 11 | loss: 0.0208878
	speed: 0.0279s/iter; left time: 6564.3728s
	iters: 6000, epoch: 11 | loss: 0.0167563
	speed: 0.0278s/iter; left time: 6544.4560s
Epoch: 11 cost time: 167.25547742843628
Epoch: 11, Steps: 6034 | Train Loss: 0.0178222 Vali Loss: 0.7326912 Test Loss: 0.5338600
EarlyStopping counter: 5 out of 10
Updating learning rate to 4.8828125e-08
	iters: 100, epoch: 12 | loss: 0.0204663
	speed: 0.3413s/iter; left time: 80279.4994s
	iters: 200, epoch: 12 | loss: 0.0170064
	speed: 0.0276s/iter; left time: 6500.3946s
	iters: 300, epoch: 12 | loss: 0.0236603
	speed: 0.0278s/iter; left time: 6528.0468s
	iters: 400, epoch: 12 | loss: 0.0149116
	speed: 0.0281s/iter; left time: 6598.9510s
	iters: 500, epoch: 12 | loss: 0.0208627
	speed: 0.0278s/iter; left time: 6516.7316s
	iters: 600, epoch: 12 | loss: 0.0151448
	speed: 0.0279s/iter; left time: 6546.1337s
	iters: 700, epoch: 12 | loss: 0.0137134
	speed: 0.0278s/iter; left time: 6514.9142s
	iters: 800, epoch: 12 | loss: 0.0159309
	speed: 0.0279s/iter; left time: 6551.1118s
	iters: 900, epoch: 12 | loss: 0.0175453
	speed: 0.0316s/iter; left time: 7403.2611s
	iters: 1000, epoch: 12 | loss: 0.0157224
	speed: 0.0308s/iter; left time: 7219.4167s
	iters: 1100, epoch: 12 | loss: 0.0200614
	speed: 0.0287s/iter; left time: 6712.9379s
	iters: 1200, epoch: 12 | loss: 0.0158082
	speed: 0.0280s/iter; left time: 6548.1028s
	iters: 1300, epoch: 12 | loss: 0.0152003
	speed: 0.0276s/iter; left time: 6468.0737s
	iters: 1400, epoch: 12 | loss: 0.0173747
	speed: 0.0283s/iter; left time: 6616.8339s
	iters: 1500, epoch: 12 | loss: 0.0160519
	speed: 0.0282s/iter; left time: 6599.3740s
	iters: 1600, epoch: 12 | loss: 0.0217945
	speed: 0.0287s/iter; left time: 6703.7190s
	iters: 1700, epoch: 12 | loss: 0.0122916
	speed: 0.0269s/iter; left time: 6279.6809s
	iters: 1800, epoch: 12 | loss: 0.0170816
	speed: 0.0266s/iter; left time: 6216.1028s
	iters: 1900, epoch: 12 | loss: 0.0197484
	speed: 0.0296s/iter; left time: 6917.8507s
	iters: 2000, epoch: 12 | loss: 0.0201851
	speed: 0.0296s/iter; left time: 6906.3352s
	iters: 2100, epoch: 12 | loss: 0.0144549
	speed: 0.0313s/iter; left time: 7310.3475s
	iters: 2200, epoch: 12 | loss: 0.0207734
	speed: 0.0282s/iter; left time: 6583.9308s
	iters: 2300, epoch: 12 | loss: 0.0159519
	speed: 0.0263s/iter; left time: 6119.2172s
	iters: 2400, epoch: 12 | loss: 0.0248759
	speed: 0.0270s/iter; left time: 6288.4371s
	iters: 2500, epoch: 12 | loss: 0.0233902
	speed: 0.0265s/iter; left time: 6171.8852s
	iters: 2600, epoch: 12 | loss: 0.0168316
	speed: 0.0267s/iter; left time: 6208.5243s
	iters: 2700, epoch: 12 | loss: 0.0179205
	speed: 0.0272s/iter; left time: 6324.3297s
	iters: 2800, epoch: 12 | loss: 0.0183934
	speed: 0.0275s/iter; left time: 6383.5666s
	iters: 2900, epoch: 12 | loss: 0.0147466
	speed: 0.0278s/iter; left time: 6469.7878s
	iters: 3000, epoch: 12 | loss: 0.0152170
	speed: 0.0264s/iter; left time: 6128.1930s
	iters: 3100, epoch: 12 | loss: 0.0178321
	speed: 0.0265s/iter; left time: 6144.9643s
	iters: 3200, epoch: 12 | loss: 0.0152204
	speed: 0.0277s/iter; left time: 6423.4681s
	iters: 3300, epoch: 12 | loss: 0.0162252
	speed: 0.0263s/iter; left time: 6110.8495s
	iters: 3400, epoch: 12 | loss: 0.0180882
	speed: 0.0277s/iter; left time: 6416.6624s
	iters: 3500, epoch: 12 | loss: 0.0207822
	speed: 0.0279s/iter; left time: 6466.4123s
	iters: 3600, epoch: 12 | loss: 0.0148143
	speed: 0.0283s/iter; left time: 6547.4028s
	iters: 3700, epoch: 12 | loss: 0.0186965
	speed: 0.0263s/iter; left time: 6085.5754s
	iters: 3800, epoch: 12 | loss: 0.0194222
	speed: 0.0265s/iter; left time: 6134.8133s
	iters: 3900, epoch: 12 | loss: 0.0199755
	speed: 0.0276s/iter; left time: 6378.6127s
	iters: 4000, epoch: 12 | loss: 0.0164320
	speed: 0.0268s/iter; left time: 6195.7869s
	iters: 4100, epoch: 12 | loss: 0.0135676
	speed: 0.0267s/iter; left time: 6174.6327s
	iters: 4200, epoch: 12 | loss: 0.0122423
	speed: 0.0281s/iter; left time: 6486.0105s
	iters: 4300, epoch: 12 | loss: 0.0171621
	speed: 0.0282s/iter; left time: 6521.8067s
	iters: 4400, epoch: 12 | loss: 0.0145352
	speed: 0.0271s/iter; left time: 6264.7837s
	iters: 4500, epoch: 12 | loss: 0.0137485
	speed: 0.0271s/iter; left time: 6248.9041s
	iters: 4600, epoch: 12 | loss: 0.0226057
	speed: 0.0278s/iter; left time: 6411.2807s
	iters: 4700, epoch: 12 | loss: 0.0236899
	speed: 0.0277s/iter; left time: 6399.8434s
	iters: 4800, epoch: 12 | loss: 0.0212180
	speed: 0.0278s/iter; left time: 6417.2284s
	iters: 4900, epoch: 12 | loss: 0.0183539
	speed: 0.0275s/iter; left time: 6329.4923s
	iters: 5000, epoch: 12 | loss: 0.0237871
	speed: 0.0273s/iter; left time: 6281.7240s
	iters: 5100, epoch: 12 | loss: 0.0148606
	speed: 0.0272s/iter; left time: 6261.3028s
	iters: 5200, epoch: 12 | loss: 0.0166648
	speed: 0.0266s/iter; left time: 6110.9598s
	iters: 5300, epoch: 12 | loss: 0.0202507
	speed: 0.0277s/iter; left time: 6372.0736s
	iters: 5400, epoch: 12 | loss: 0.0210920
	speed: 0.0283s/iter; left time: 6501.8983s
	iters: 5500, epoch: 12 | loss: 0.0208246
	speed: 0.0262s/iter; left time: 6030.0957s
	iters: 5600, epoch: 12 | loss: 0.0174863
	speed: 0.0278s/iter; left time: 6382.1910s
	iters: 5700, epoch: 12 | loss: 0.0133191
	speed: 0.0266s/iter; left time: 6113.5898s
	iters: 5800, epoch: 12 | loss: 0.0190848
	speed: 0.0281s/iter; left time: 6453.6536s
	iters: 5900, epoch: 12 | loss: 0.0162403
	speed: 0.0264s/iter; left time: 6048.0270s
	iters: 6000, epoch: 12 | loss: 0.0180708
	speed: 0.0264s/iter; left time: 6057.8925s
Epoch: 12 cost time: 166.95899653434753
Epoch: 12, Steps: 6034 | Train Loss: 0.0178017 Vali Loss: 0.7238468 Test Loss: 0.5248534
EarlyStopping counter: 6 out of 10
Updating learning rate to 2.44140625e-08
	iters: 100, epoch: 13 | loss: 0.0138250
	speed: 0.3381s/iter; left time: 77480.4686s
	iters: 200, epoch: 13 | loss: 0.0170650
	speed: 0.0269s/iter; left time: 6164.7162s
	iters: 300, epoch: 13 | loss: 0.0217666
	speed: 0.0266s/iter; left time: 6083.1239s
	iters: 400, epoch: 13 | loss: 0.0179017
	speed: 0.0256s/iter; left time: 5867.2031s
	iters: 500, epoch: 13 | loss: 0.0144488
	speed: 0.0260s/iter; left time: 5954.3694s
	iters: 600, epoch: 13 | loss: 0.0145897
	speed: 0.0253s/iter; left time: 5786.4808s
	iters: 700, epoch: 13 | loss: 0.0228933
	speed: 0.0252s/iter; left time: 5750.6184s
	iters: 800, epoch: 13 | loss: 0.0239805
	speed: 0.0269s/iter; left time: 6137.8632s
	iters: 900, epoch: 13 | loss: 0.0191876
	speed: 0.0265s/iter; left time: 6053.7657s
	iters: 1000, epoch: 13 | loss: 0.0183761
	speed: 0.0257s/iter; left time: 5877.3305s
	iters: 1100, epoch: 13 | loss: 0.0182710
	speed: 0.0255s/iter; left time: 5812.2513s
	iters: 1200, epoch: 13 | loss: 0.0258374
	speed: 0.0262s/iter; left time: 5973.6756s
	iters: 1300, epoch: 13 | loss: 0.0163013
	speed: 0.0257s/iter; left time: 5860.8034s
	iters: 1400, epoch: 13 | loss: 0.0281927
	speed: 0.0251s/iter; left time: 5723.1314s
	iters: 1500, epoch: 13 | loss: 0.0159493
	speed: 0.0257s/iter; left time: 5858.1110s
	iters: 1600, epoch: 13 | loss: 0.0138465
	speed: 0.0254s/iter; left time: 5784.1551s
	iters: 1700, epoch: 13 | loss: 0.0147071
	speed: 0.0260s/iter; left time: 5917.1893s
	iters: 1800, epoch: 13 | loss: 0.0145837
	speed: 0.0258s/iter; left time: 5861.6521s
	iters: 1900, epoch: 13 | loss: 0.0148616
	speed: 0.0260s/iter; left time: 5904.9590s
	iters: 2000, epoch: 13 | loss: 0.0257078
	speed: 0.0253s/iter; left time: 5754.0049s
	iters: 2100, epoch: 13 | loss: 0.0204195
	speed: 0.0259s/iter; left time: 5885.4837s
	iters: 2200, epoch: 13 | loss: 0.0207599
	speed: 0.0250s/iter; left time: 5687.9869s
	iters: 2300, epoch: 13 | loss: 0.0157471
	speed: 0.0254s/iter; left time: 5770.8143s
	iters: 2400, epoch: 13 | loss: 0.0199058
	speed: 0.0264s/iter; left time: 5994.4259s
	iters: 2500, epoch: 13 | loss: 0.0182427
	speed: 0.0262s/iter; left time: 5932.9139s
	iters: 2600, epoch: 13 | loss: 0.0205898
	speed: 0.0259s/iter; left time: 5872.5549s
	iters: 2700, epoch: 13 | loss: 0.0234730
	speed: 0.0263s/iter; left time: 5958.1466s
	iters: 2800, epoch: 13 | loss: 0.0145637
	speed: 0.0261s/iter; left time: 5904.4384s
	iters: 2900, epoch: 13 | loss: 0.0213130
	speed: 0.0253s/iter; left time: 5737.9384s
	iters: 3000, epoch: 13 | loss: 0.0166731
	speed: 0.0255s/iter; left time: 5779.7550s
	iters: 3100, epoch: 13 | loss: 0.0215361
	speed: 0.0249s/iter; left time: 5625.1616s
	iters: 3200, epoch: 13 | loss: 0.0138726
	speed: 0.0260s/iter; left time: 5885.4400s
	iters: 3300, epoch: 13 | loss: 0.0208472
	speed: 0.0265s/iter; left time: 5996.9222s
	iters: 3400, epoch: 13 | loss: 0.0161087
	speed: 0.0256s/iter; left time: 5787.1353s
	iters: 3500, epoch: 13 | loss: 0.0173584
	speed: 0.0254s/iter; left time: 5727.0268s
	iters: 3600, epoch: 13 | loss: 0.0144971
	speed: 0.0250s/iter; left time: 5651.4226s
	iters: 3700, epoch: 13 | loss: 0.0143816
	speed: 0.0255s/iter; left time: 5755.1692s
	iters: 3800, epoch: 13 | loss: 0.0130042
	speed: 0.0259s/iter; left time: 5834.8950s
	iters: 3900, epoch: 13 | loss: 0.0227589
	speed: 0.0258s/iter; left time: 5825.3704s
	iters: 4000, epoch: 13 | loss: 0.0142697
	speed: 0.0259s/iter; left time: 5831.1072s
	iters: 4100, epoch: 13 | loss: 0.0204377
	speed: 0.0263s/iter; left time: 5930.9341s
	iters: 4200, epoch: 13 | loss: 0.0170359
	speed: 0.0253s/iter; left time: 5699.7080s
	iters: 4300, epoch: 13 | loss: 0.0285013
	speed: 0.0256s/iter; left time: 5753.2339s
	iters: 4400, epoch: 13 | loss: 0.0134101
	speed: 0.0267s/iter; left time: 6006.7987s
	iters: 4500, epoch: 13 | loss: 0.0141516
	speed: 0.0252s/iter; left time: 5668.5941s
	iters: 4600, epoch: 13 | loss: 0.0182831
	speed: 0.0255s/iter; left time: 5725.0123s
	iters: 4700, epoch: 13 | loss: 0.0154570
	speed: 0.0255s/iter; left time: 5736.0900s
	iters: 4800, epoch: 13 | loss: 0.0169215
	speed: 0.0260s/iter; left time: 5837.8519s
	iters: 4900, epoch: 13 | loss: 0.0175005
	speed: 0.0257s/iter; left time: 5768.4397s
	iters: 5000, epoch: 13 | loss: 0.0216482
	speed: 0.0261s/iter; left time: 5850.5808s
	iters: 5100, epoch: 13 | loss: 0.0159534
	speed: 0.0255s/iter; left time: 5714.7913s
	iters: 5200, epoch: 13 | loss: 0.0232378
	speed: 0.0260s/iter; left time: 5820.7715s
	iters: 5300, epoch: 13 | loss: 0.0145019
	speed: 0.0252s/iter; left time: 5653.8310s
	iters: 5400, epoch: 13 | loss: 0.0153848
	speed: 0.0253s/iter; left time: 5667.9556s
	iters: 5500, epoch: 13 | loss: 0.0140988
	speed: 0.0264s/iter; left time: 5910.5135s
	iters: 5600, epoch: 13 | loss: 0.0157969
	speed: 0.0262s/iter; left time: 5868.2901s
	iters: 5700, epoch: 13 | loss: 0.0155330
	speed: 0.0259s/iter; left time: 5783.6129s
	iters: 5800, epoch: 13 | loss: 0.0154744
	speed: 0.0252s/iter; left time: 5622.2799s
	iters: 5900, epoch: 13 | loss: 0.0102048
	speed: 0.0256s/iter; left time: 5711.9969s
	iters: 6000, epoch: 13 | loss: 0.0171198
	speed: 0.0251s/iter; left time: 5609.3157s
Epoch: 13 cost time: 155.4512197971344
Epoch: 13, Steps: 6034 | Train Loss: 0.0177936 Vali Loss: 0.7289807 Test Loss: 0.5238399
EarlyStopping counter: 7 out of 10
Updating learning rate to 1.220703125e-08
	iters: 100, epoch: 14 | loss: 0.0199054
	speed: 0.3092s/iter; left time: 69007.9233s
	iters: 200, epoch: 14 | loss: 0.0232716
	speed: 0.0258s/iter; left time: 5752.4076s
	iters: 300, epoch: 14 | loss: 0.0117259
	speed: 0.0258s/iter; left time: 5760.6739s
	iters: 400, epoch: 14 | loss: 0.0168138
	speed: 0.0259s/iter; left time: 5776.5425s
	iters: 500, epoch: 14 | loss: 0.0126343
	speed: 0.0255s/iter; left time: 5671.9551s
	iters: 600, epoch: 14 | loss: 0.0121881
	speed: 0.0258s/iter; left time: 5748.6828s
	iters: 700, epoch: 14 | loss: 0.0162820
	speed: 0.0250s/iter; left time: 5560.7207s
	iters: 800, epoch: 14 | loss: 0.0144429
	speed: 0.0269s/iter; left time: 5974.3770s
	iters: 900, epoch: 14 | loss: 0.0163401
	speed: 0.0269s/iter; left time: 5985.0691s
	iters: 1000, epoch: 14 | loss: 0.0196673
	speed: 0.0266s/iter; left time: 5903.7860s
	iters: 1100, epoch: 14 | loss: 0.0132649
	speed: 0.0272s/iter; left time: 6033.2258s
	iters: 1200, epoch: 14 | loss: 0.0163840
	speed: 0.0277s/iter; left time: 6156.2221s
	iters: 1300, epoch: 14 | loss: 0.0154834
	speed: 0.0277s/iter; left time: 6158.4316s
	iters: 1400, epoch: 14 | loss: 0.0158822
	speed: 0.0270s/iter; left time: 5997.2747s
	iters: 1500, epoch: 14 | loss: 0.0223503
	speed: 0.0272s/iter; left time: 6025.9338s
	iters: 1600, epoch: 14 | loss: 0.0178800
	speed: 0.0293s/iter; left time: 6500.4173s
	iters: 1700, epoch: 14 | loss: 0.0193055
	speed: 0.0276s/iter; left time: 6122.9361s
	iters: 1800, epoch: 14 | loss: 0.0157549
	speed: 0.0287s/iter; left time: 6347.4388s
	iters: 1900, epoch: 14 | loss: 0.0176660
	speed: 0.0279s/iter; left time: 6177.3046s
	iters: 2000, epoch: 14 | loss: 0.0174086
	speed: 0.0267s/iter; left time: 5900.4380s
	iters: 2100, epoch: 14 | loss: 0.0188672
	speed: 0.0259s/iter; left time: 5718.7203s
	iters: 2200, epoch: 14 | loss: 0.0179168
	speed: 0.0260s/iter; left time: 5743.4650s
	iters: 2300, epoch: 14 | loss: 0.0178200
	speed: 0.0266s/iter; left time: 5880.3112s
	iters: 2400, epoch: 14 | loss: 0.0208280
	speed: 0.0262s/iter; left time: 5781.2046s
	iters: 2500, epoch: 14 | loss: 0.0143897
	speed: 0.0270s/iter; left time: 5957.7236s
	iters: 2600, epoch: 14 | loss: 0.0130907
	speed: 0.0257s/iter; left time: 5669.2990s
	iters: 2700, epoch: 14 | loss: 0.0118006
	speed: 0.0258s/iter; left time: 5695.3140s
	iters: 2800, epoch: 14 | loss: 0.0141907
	speed: 0.0261s/iter; left time: 5745.5315s
	iters: 2900, epoch: 14 | loss: 0.0175597
	speed: 0.0260s/iter; left time: 5731.7495s
	iters: 3000, epoch: 14 | loss: 0.0120823
	speed: 0.0269s/iter; left time: 5914.2612s
	iters: 3100, epoch: 14 | loss: 0.0168322
	speed: 0.0278s/iter; left time: 6109.8586s
	iters: 3200, epoch: 14 | loss: 0.0211409
	speed: 0.0269s/iter; left time: 5916.3086s
	iters: 3300, epoch: 14 | loss: 0.0178955
	speed: 0.0259s/iter; left time: 5690.9836s
	iters: 3400, epoch: 14 | loss: 0.0189625
	speed: 0.0259s/iter; left time: 5700.4012s
	iters: 3500, epoch: 14 | loss: 0.0125258
	speed: 0.0258s/iter; left time: 5671.8616s
	iters: 3600, epoch: 14 | loss: 0.0186772
	speed: 0.0262s/iter; left time: 5763.8691s
	iters: 3700, epoch: 14 | loss: 0.0175077
	speed: 0.0271s/iter; left time: 5948.3760s
	iters: 3800, epoch: 14 | loss: 0.0309675
	speed: 0.0274s/iter; left time: 6017.8909s
	iters: 3900, epoch: 14 | loss: 0.0220281
	speed: 0.0263s/iter; left time: 5778.4622s
	iters: 4000, epoch: 14 | loss: 0.0214905
	speed: 0.0266s/iter; left time: 5834.6995s
	iters: 4100, epoch: 14 | loss: 0.0193014
	speed: 0.0260s/iter; left time: 5689.5159s
	iters: 4200, epoch: 14 | loss: 0.0210739
	speed: 0.0263s/iter; left time: 5759.4443s
	iters: 4300, epoch: 14 | loss: 0.0262678
	speed: 0.0264s/iter; left time: 5770.8998s
	iters: 4400, epoch: 14 | loss: 0.0118717
	speed: 0.0264s/iter; left time: 5779.4923s
	iters: 4500, epoch: 14 | loss: 0.0199311
	speed: 0.0262s/iter; left time: 5741.9241s
	iters: 4600, epoch: 14 | loss: 0.0174570
	speed: 0.0267s/iter; left time: 5845.6937s
	iters: 4700, epoch: 14 | loss: 0.0198602
	speed: 0.0268s/iter; left time: 5863.9924s
	iters: 4800, epoch: 14 | loss: 0.0202159
	speed: 0.0261s/iter; left time: 5706.5058s
	iters: 4900, epoch: 14 | loss: 0.0256228
	speed: 0.0260s/iter; left time: 5670.5576s
	iters: 5000, epoch: 14 | loss: 0.0217262
	speed: 0.0265s/iter; left time: 5773.7040s
	iters: 5100, epoch: 14 | loss: 0.0233371
	speed: 0.0261s/iter; left time: 5696.3267s
	iters: 5200, epoch: 14 | loss: 0.0227460
	speed: 0.0266s/iter; left time: 5794.6482s
	iters: 5300, epoch: 14 | loss: 0.0146974
	speed: 0.0273s/iter; left time: 5958.9579s
	iters: 5400, epoch: 14 | loss: 0.0180454
	speed: 0.0270s/iter; left time: 5884.9990s
	iters: 5500, epoch: 14 | loss: 0.0140974
	speed: 0.0257s/iter; left time: 5589.4689s
	iters: 5600, epoch: 14 | loss: 0.0223064
	speed: 0.0261s/iter; left time: 5670.2230s
	iters: 5700, epoch: 14 | loss: 0.0211091
	speed: 0.0260s/iter; left time: 5666.0079s
	iters: 5800, epoch: 14 | loss: 0.0163648
	speed: 0.0268s/iter; left time: 5827.2294s
	iters: 5900, epoch: 14 | loss: 0.0203993
	speed: 0.0275s/iter; left time: 5987.6152s
	iters: 6000, epoch: 14 | loss: 0.0135357
	speed: 0.0266s/iter; left time: 5784.0291s
Epoch: 14 cost time: 160.2786202430725
Epoch: 14, Steps: 6034 | Train Loss: 0.0177756 Vali Loss: 0.7318425 Test Loss: 0.5372705
EarlyStopping counter: 8 out of 10
Updating learning rate to 6.103515625e-09
	iters: 100, epoch: 15 | loss: 0.0185616
	speed: 0.3248s/iter; left time: 70521.5084s
	iters: 200, epoch: 15 | loss: 0.0141147
	speed: 0.0260s/iter; left time: 5649.4333s
	iters: 300, epoch: 15 | loss: 0.0140607
	speed: 0.0260s/iter; left time: 5650.5063s
	iters: 400, epoch: 15 | loss: 0.0128362
	speed: 0.0259s/iter; left time: 5610.9783s
	iters: 500, epoch: 15 | loss: 0.0151481
	speed: 0.0270s/iter; left time: 5860.0807s
	iters: 600, epoch: 15 | loss: 0.0129475
	speed: 0.0267s/iter; left time: 5780.3152s
	iters: 700, epoch: 15 | loss: 0.0189895
	speed: 0.0270s/iter; left time: 5852.6198s
	iters: 800, epoch: 15 | loss: 0.0215751
	speed: 0.0266s/iter; left time: 5756.1250s
	iters: 900, epoch: 15 | loss: 0.0192482
	speed: 0.0263s/iter; left time: 5698.6567s
	iters: 1000, epoch: 15 | loss: 0.0130711
	speed: 0.0265s/iter; left time: 5735.1272s
	iters: 1100, epoch: 15 | loss: 0.0162189
	speed: 0.0259s/iter; left time: 5587.5507s
	iters: 1200, epoch: 15 | loss: 0.0149063
	speed: 0.0260s/iter; left time: 5607.7086s
	iters: 1300, epoch: 15 | loss: 0.0197251
	speed: 0.0270s/iter; left time: 5830.2413s
	iters: 1400, epoch: 15 | loss: 0.0184606
	speed: 0.0260s/iter; left time: 5614.8897s
	iters: 1500, epoch: 15 | loss: 0.0119634
	speed: 0.0267s/iter; left time: 5766.1134s
	iters: 1600, epoch: 15 | loss: 0.0266848
	speed: 0.0270s/iter; left time: 5811.1851s
	iters: 1700, epoch: 15 | loss: 0.0133646
	speed: 0.0264s/iter; left time: 5694.4315s
	iters: 1800, epoch: 15 | loss: 0.0179363
	speed: 0.0258s/iter; left time: 5556.8493s
	iters: 1900, epoch: 15 | loss: 0.0205178
	speed: 0.0258s/iter; left time: 5547.8495s
	iters: 2000, epoch: 15 | loss: 0.0161372
	speed: 0.0262s/iter; left time: 5646.6626s
	iters: 2100, epoch: 15 | loss: 0.0136806
	speed: 0.0266s/iter; left time: 5719.7530s
	iters: 2200, epoch: 15 | loss: 0.0156331
	speed: 0.0275s/iter; left time: 5922.8660s
	iters: 2300, epoch: 15 | loss: 0.0170216
	speed: 0.0261s/iter; left time: 5611.4966s
	iters: 2400, epoch: 15 | loss: 0.0178527
	speed: 0.0265s/iter; left time: 5701.9222s
	iters: 2500, epoch: 15 | loss: 0.0189402
	speed: 0.0256s/iter; left time: 5496.2483s
	iters: 2600, epoch: 15 | loss: 0.0128465
	speed: 0.0262s/iter; left time: 5620.3593s
	iters: 2700, epoch: 15 | loss: 0.0136162
	speed: 0.0293s/iter; left time: 6275.0121s
	iters: 2800, epoch: 15 | loss: 0.0154223
	speed: 0.0282s/iter; left time: 6052.4467s
	iters: 2900, epoch: 15 | loss: 0.0151198
	speed: 0.0289s/iter; left time: 6204.4675s
	iters: 3000, epoch: 15 | loss: 0.0175731
	speed: 0.0275s/iter; left time: 5883.3822s
	iters: 3100, epoch: 15 | loss: 0.0147275
	speed: 0.0265s/iter; left time: 5681.8770s
	iters: 3200, epoch: 15 | loss: 0.0238150
	speed: 0.0281s/iter; left time: 6010.9177s
	iters: 3300, epoch: 15 | loss: 0.0182029
	speed: 0.0281s/iter; left time: 6008.9421s
	iters: 3400, epoch: 15 | loss: 0.0142586
	speed: 0.0266s/iter; left time: 5678.3119s
	iters: 3500, epoch: 15 | loss: 0.0216686
	speed: 0.0268s/iter; left time: 5732.6434s
	iters: 3600, epoch: 15 | loss: 0.0198565
	speed: 0.0276s/iter; left time: 5901.1050s
	iters: 3700, epoch: 15 | loss: 0.0145380
	speed: 0.0272s/iter; left time: 5798.4335s
	iters: 3800, epoch: 15 | loss: 0.0122205
	speed: 0.0273s/iter; left time: 5820.8615s
	iters: 3900, epoch: 15 | loss: 0.0165584
	speed: 0.0269s/iter; left time: 5742.0532s
	iters: 4000, epoch: 15 | loss: 0.0164613
	speed: 0.0266s/iter; left time: 5680.6608s
	iters: 4100, epoch: 15 | loss: 0.0145340
	speed: 0.0269s/iter; left time: 5733.3594s
	iters: 4200, epoch: 15 | loss: 0.0227472
	speed: 0.0280s/iter; left time: 5973.0339s
	iters: 4300, epoch: 15 | loss: 0.0134127
	speed: 0.0279s/iter; left time: 5947.0709s
	iters: 4400, epoch: 15 | loss: 0.0228568
	speed: 0.0268s/iter; left time: 5700.4054s
	iters: 4500, epoch: 15 | loss: 0.0165946
	speed: 0.0260s/iter; left time: 5540.3274s
	iters: 4600, epoch: 15 | loss: 0.0163450
	speed: 0.0257s/iter; left time: 5472.6849s
	iters: 4700, epoch: 15 | loss: 0.0151347
	speed: 0.0265s/iter; left time: 5639.1413s
	iters: 4800, epoch: 15 | loss: 0.0153172
	speed: 0.0266s/iter; left time: 5644.1846s
	iters: 4900, epoch: 15 | loss: 0.0124263
	speed: 0.0274s/iter; left time: 5818.5509s
	iters: 5000, epoch: 15 | loss: 0.0261192
	speed: 0.0276s/iter; left time: 5864.9552s
	iters: 5100, epoch: 15 | loss: 0.0136628
	speed: 0.0275s/iter; left time: 5840.6525s
	iters: 5200, epoch: 15 | loss: 0.0188580
	speed: 0.0263s/iter; left time: 5566.0081s
	iters: 5300, epoch: 15 | loss: 0.0157293
	speed: 0.0270s/iter; left time: 5711.8222s
	iters: 5400, epoch: 15 | loss: 0.0172036
	speed: 0.0297s/iter; left time: 6283.0519s
	iters: 5500, epoch: 15 | loss: 0.0168557
	speed: 0.0276s/iter; left time: 5834.2259s
	iters: 5600, epoch: 15 | loss: 0.0257591
	speed: 0.0286s/iter; left time: 6045.4797s
	iters: 5700, epoch: 15 | loss: 0.0126526
	speed: 0.0275s/iter; left time: 5821.4345s
	iters: 5800, epoch: 15 | loss: 0.0119583
	speed: 0.0297s/iter; left time: 6269.8560s
	iters: 5900, epoch: 15 | loss: 0.0186198
	speed: 0.0265s/iter; left time: 5595.0385s
	iters: 6000, epoch: 15 | loss: 0.0200401
	speed: 0.0267s/iter; left time: 5648.3756s
Epoch: 15 cost time: 162.79215097427368
Epoch: 15, Steps: 6034 | Train Loss: 0.0178045 Vali Loss: 0.7218671 Test Loss: 0.5228559
EarlyStopping counter: 9 out of 10
Updating learning rate to 3.0517578125e-09
	iters: 100, epoch: 16 | loss: 0.0148795
	speed: 0.3270s/iter; left time: 69033.2741s
	iters: 200, epoch: 16 | loss: 0.0221556
	speed: 0.0277s/iter; left time: 5841.2649s
	iters: 300, epoch: 16 | loss: 0.0149216
	speed: 0.0272s/iter; left time: 5726.7544s
	iters: 400, epoch: 16 | loss: 0.0182839
	speed: 0.0269s/iter; left time: 5678.6191s
	iters: 500, epoch: 16 | loss: 0.0166246
	speed: 0.0284s/iter; left time: 5992.5681s
	iters: 600, epoch: 16 | loss: 0.0245563
	speed: 0.0266s/iter; left time: 5610.3522s
	iters: 700, epoch: 16 | loss: 0.0217049
	speed: 0.0267s/iter; left time: 5629.4302s
	iters: 800, epoch: 16 | loss: 0.0170915
	speed: 0.0271s/iter; left time: 5709.6480s
	iters: 900, epoch: 16 | loss: 0.0168596
	speed: 0.0275s/iter; left time: 5792.0994s
	iters: 1000, epoch: 16 | loss: 0.0243535
	speed: 0.0283s/iter; left time: 5958.5250s
	iters: 1100, epoch: 16 | loss: 0.0109355
	speed: 0.0289s/iter; left time: 6077.5242s
	iters: 1200, epoch: 16 | loss: 0.0172587
	speed: 0.0281s/iter; left time: 5900.4331s
	iters: 1300, epoch: 16 | loss: 0.0148828
	speed: 0.0276s/iter; left time: 5791.5374s
	iters: 1400, epoch: 16 | loss: 0.0138970
	speed: 0.0273s/iter; left time: 5727.6450s
	iters: 1500, epoch: 16 | loss: 0.0164471
	speed: 0.0269s/iter; left time: 5648.3976s
	iters: 1600, epoch: 16 | loss: 0.0202109
	speed: 0.0283s/iter; left time: 5924.1305s
	iters: 1700, epoch: 16 | loss: 0.0146201
	speed: 0.0271s/iter; left time: 5667.7248s
	iters: 1800, epoch: 16 | loss: 0.0135942
	speed: 0.0269s/iter; left time: 5624.2265s
	iters: 1900, epoch: 16 | loss: 0.0142909
	speed: 0.0266s/iter; left time: 5558.0951s
	iters: 2000, epoch: 16 | loss: 0.0266262
	speed: 0.0259s/iter; left time: 5420.8607s
	iters: 2100, epoch: 16 | loss: 0.0198524
	speed: 0.0269s/iter; left time: 5614.1276s
	iters: 2200, epoch: 16 | loss: 0.0147262
	speed: 0.0284s/iter; left time: 5926.4471s
	iters: 2300, epoch: 16 | loss: 0.0157369
	speed: 0.0268s/iter; left time: 5588.3342s
	iters: 2400, epoch: 16 | loss: 0.0188214
	speed: 0.0287s/iter; left time: 6001.3997s
	iters: 2500, epoch: 16 | loss: 0.0238625
	speed: 0.0299s/iter; left time: 6241.7561s
	iters: 2600, epoch: 16 | loss: 0.0162465
	speed: 0.0272s/iter; left time: 5667.8765s
	iters: 2700, epoch: 16 | loss: 0.0214609
	speed: 0.0272s/iter; left time: 5669.7374s
	iters: 2800, epoch: 16 | loss: 0.0159852
	speed: 0.0259s/iter; left time: 5405.2201s
	iters: 2900, epoch: 16 | loss: 0.0136944
	speed: 0.0258s/iter; left time: 5372.9492s
	iters: 3000, epoch: 16 | loss: 0.0120061
	speed: 0.0263s/iter; left time: 5466.9401s
	iters: 3100, epoch: 16 | loss: 0.0126703
	speed: 0.0269s/iter; left time: 5605.2616s
	iters: 3200, epoch: 16 | loss: 0.0158405
	speed: 0.0268s/iter; left time: 5571.5699s
	iters: 3300, epoch: 16 | loss: 0.0213571
	speed: 0.0273s/iter; left time: 5681.7895s
	iters: 3400, epoch: 16 | loss: 0.0158913
	speed: 0.0260s/iter; left time: 5393.6003s
	iters: 3500, epoch: 16 | loss: 0.0249391
	speed: 0.0260s/iter; left time: 5398.0282s
	iters: 3600, epoch: 16 | loss: 0.0171508
	speed: 0.0259s/iter; left time: 5378.0806s
	iters: 3700, epoch: 16 | loss: 0.0137458
	speed: 0.0259s/iter; left time: 5368.3139s
	iters: 3800, epoch: 16 | loss: 0.0102911
	speed: 0.0263s/iter; left time: 5455.0130s
	iters: 3900, epoch: 16 | loss: 0.0176712
	speed: 0.0273s/iter; left time: 5658.3025s
	iters: 4000, epoch: 16 | loss: 0.0179892
	speed: 0.0265s/iter; left time: 5488.7088s
	iters: 4100, epoch: 16 | loss: 0.0166323
	speed: 0.0260s/iter; left time: 5394.5221s
	iters: 4200, epoch: 16 | loss: 0.0158426
	speed: 0.0256s/iter; left time: 5300.2822s
	iters: 4300, epoch: 16 | loss: 0.0206639
	speed: 0.0259s/iter; left time: 5366.3192s
	iters: 4400, epoch: 16 | loss: 0.0163139
	speed: 0.0260s/iter; left time: 5381.7387s
	iters: 4500, epoch: 16 | loss: 0.0192760
	speed: 0.0277s/iter; left time: 5721.4235s
	iters: 4600, epoch: 16 | loss: 0.0157193
	speed: 0.0271s/iter; left time: 5603.2511s
	iters: 4700, epoch: 16 | loss: 0.0242440
	speed: 0.0267s/iter; left time: 5515.2181s
	iters: 4800, epoch: 16 | loss: 0.0155620
	speed: 0.0263s/iter; left time: 5428.2479s
	iters: 4900, epoch: 16 | loss: 0.0165862
	speed: 0.0255s/iter; left time: 5266.9210s
	iters: 5000, epoch: 16 | loss: 0.0174265
	speed: 0.0263s/iter; left time: 5422.6839s
	iters: 5100, epoch: 16 | loss: 0.0152283
	speed: 0.0257s/iter; left time: 5301.2920s
	iters: 5200, epoch: 16 | loss: 0.0178194
	speed: 0.0269s/iter; left time: 5546.1886s
	iters: 5300, epoch: 16 | loss: 0.0150635
	speed: 0.0271s/iter; left time: 5571.5265s
	iters: 5400, epoch: 16 | loss: 0.0132768
	speed: 0.0266s/iter; left time: 5482.0486s
	iters: 5500, epoch: 16 | loss: 0.0157391
	speed: 0.0263s/iter; left time: 5399.9468s
	iters: 5600, epoch: 16 | loss: 0.0169730
	speed: 0.0264s/iter; left time: 5428.0046s
	iters: 5700, epoch: 16 | loss: 0.0148426
	speed: 0.0263s/iter; left time: 5401.5989s
	iters: 5800, epoch: 16 | loss: 0.0159399
	speed: 0.0275s/iter; left time: 5653.4442s
	iters: 5900, epoch: 16 | loss: 0.0204718
	speed: 0.0271s/iter; left time: 5555.8305s
	iters: 6000, epoch: 16 | loss: 0.0265911
	speed: 0.0265s/iter; left time: 5439.0362s
Epoch: 16 cost time: 162.43223643302917
Epoch: 16, Steps: 6034 | Train Loss: 0.0177938 Vali Loss: 0.7301160 Test Loss: 0.5272081
EarlyStopping counter: 10 out of 10
Early stopping
>>>>>>>testing : informerstack_custom_ftMS_sl336_ll168_pl168_dm256_nh8_el3_dl1_df1024_atprob_fc5_ebtimeF_dtTrue_mxTrue_exp_130_0<<<<<<<<<<<<<<<<<<<<<<<<<<<<<<<<<
test 13769
test shape: (1721, 8, 168, 1) (1721, 8, 168, 1)
test shape: (13768, 168, 1) (13768, 168, 1)
mse:0.517767608165741, mae:0.6105042695999146, r2:-2.0355985164642334


Parsed metrics from Informer output (normalized scale):
  MSE:  0.5178
  MAE:  0.6105
  RMSE: 0.7196
  R2:   -2.0356

Metrics after inverse transformation (original scale):
  MSE:  36.0641
  MAE:  5.0952
  RMSE: 6.0053
  R2:   -2.0356
Warning: Failed to record experiment: 'gbk' codec can't encode character '\u2713' in position 0: illegal multibyte sequence
  Training time: 3145.78s
  RMSE: 6.0053
  MAE:  5.0952
  R2:   -2.0356

Saving results...
  Model: Native Informer (saved in external/Informer2020/checkpoints/)
  Predictions: Not saved (native Informer handles this internally)
  Metrics: E:\ANUS_learning\MSI5001-power-transformer-oil-temperature-prediction\models\experiments\exp_130_metrics.json
  Plot: Skipped (native Informer handles visualization internally)

======================================================================
Experiment complete: exp_130
======================================================================

======================================================================
Completed: 2025-11-07 22:38:09
Return code: 0
======================================================================
