======================================================================
Experiment Log
Started: 2025-11-07 17:17:56
Command: C:\ProgramData\anaconda3\python.exe -m scripts.train_configurable --tx-id 1 --model Informer-Long --split-method chronological --feature-mode full --lookback-multiplier 4.0 --horizon 168 --experiment-name exp_119 --data-suffix _no_outlier --seq-len 1008 --label-len 504
======================================================================

======================================================================
Experiment: exp_119
======================================================================
Transformer:     TX1
Model:           Informer-Long
Split method:    chronological
Feature mode:    full
Data suffix:     _no_outlier

Loading data...
  Total samples: 69680
  Added TX1 dynamic features
  Features: 21 columns

Window config: WindowConfig(horizon=168, lookback=672, gap=0)
Creating sliding windows for Informer-Long (keeping sequence structure)...
  Created 68840 windows (shape: (68840, 672, 21))
Splitting windows (chronological, 20% test)...
  Train: 55072 windows
  Test:  13768 windows

Training Informer-Long...

Calling native Informer from: E:\ANUS_learning\MSI5001-power-transformer-oil-temperature-prediction\external\Informer2020
Command: C:\ProgramData\anaconda3\python.exe E:\ANUS_learning\MSI5001-power-transformer-oil-temperature-prediction\external\Informer2020\main_informer.py --model informerstack --data custom --root_path ./data/ --data_path TX1.csv --features MS --target OT --freq h --seq_len 1008 --label_len 504 --pred_len 168 --enc_in 6 --dec_in 1 --c_out 1 --d_model 256 --n_heads 8 --e_layers 3 --d_layers 1 --d_ff 1024 --factor 5 --dropout 0.05 --attn prob --embed timeF --activation gelu --batch_size 8 --train_epochs 8 --patience 3 --learning_rate 0.0001 --des exp_119 --itr 1
Args in experiment:
Namespace(model='informerstack', data='custom', root_path='./data/', data_path='TX1.csv', features='MS', target='OT', freq='h', checkpoints='./checkpoints/', seq_len=1008, label_len=504, pred_len=168, enc_in=6, dec_in=1, c_out=1, d_model=256, n_heads=8, e_layers=3, d_layers=1, s_layers=[3, 2, 1], d_ff=1024, factor=5, padding=0, distil=True, dropout=0.05, attn='prob', embed='timeF', activation='gelu', output_attention=False, do_predict=False, mix=True, cols=None, num_workers=0, itr=1, train_epochs=8, batch_size=8, patience=3, learning_rate=0.0001, des='exp_119', loss='mse', lradj='type1', use_amp=False, inverse=False, use_gpu=True, gpu=0, use_multi_gpu=False, devices='0,1,2,3', detail_freq='h')
Use GPU: cuda:0
>>>>>>>start training : informerstack_custom_ftMS_sl1008_ll504_pl168_dm256_nh8_el3_dl1_df1024_atprob_fc5_ebtimeF_dtTrue_mxTrue_exp_119_0>>>>>>>>>>>>>>>>>>>>>>>>>>
train 47601
val 6801
test 13769
	iters: 100, epoch: 1 | loss: 0.3114732
	speed: 0.0486s/iter; left time: 2306.9255s
	iters: 200, epoch: 1 | loss: 0.1328058
	speed: 0.0376s/iter; left time: 1781.7847s
	iters: 300, epoch: 1 | loss: 0.5214272
	speed: 0.0377s/iter; left time: 1784.1995s
	iters: 400, epoch: 1 | loss: 0.2033210
	speed: 0.0377s/iter; left time: 1779.7776s
	iters: 500, epoch: 1 | loss: 0.2709566
	speed: 0.0376s/iter; left time: 1769.9512s
	iters: 600, epoch: 1 | loss: 0.1367700
	speed: 0.0378s/iter; left time: 1774.7922s
	iters: 700, epoch: 1 | loss: 0.1049374
	speed: 0.0380s/iter; left time: 1780.1468s
	iters: 800, epoch: 1 | loss: 0.1729009
	speed: 0.0377s/iter; left time: 1763.7177s
	iters: 900, epoch: 1 | loss: 0.1197605
	speed: 0.0377s/iter; left time: 1758.3540s
	iters: 1000, epoch: 1 | loss: 0.1275266
	speed: 0.0377s/iter; left time: 1755.4017s
	iters: 1100, epoch: 1 | loss: 0.1064547
	speed: 0.0378s/iter; left time: 1759.6620s
	iters: 1200, epoch: 1 | loss: 0.2563121
	speed: 0.0378s/iter; left time: 1752.0002s
	iters: 1300, epoch: 1 | loss: 0.1485554
	speed: 0.0376s/iter; left time: 1738.6189s
	iters: 1400, epoch: 1 | loss: 0.1362213
	speed: 0.0376s/iter; left time: 1738.5276s
	iters: 1500, epoch: 1 | loss: 0.1505354
	speed: 0.0380s/iter; left time: 1750.6908s
	iters: 1600, epoch: 1 | loss: 0.1399817
	speed: 0.0378s/iter; left time: 1737.9346s
	iters: 1700, epoch: 1 | loss: 0.1292423
	speed: 0.0378s/iter; left time: 1736.0625s
	iters: 1800, epoch: 1 | loss: 0.0811909
	speed: 0.0377s/iter; left time: 1724.6535s
	iters: 1900, epoch: 1 | loss: 0.1065197
	speed: 0.0377s/iter; left time: 1724.2711s
	iters: 2000, epoch: 1 | loss: 0.1030062
	speed: 0.0378s/iter; left time: 1723.5848s
	iters: 2100, epoch: 1 | loss: 0.0899511
	speed: 0.0378s/iter; left time: 1719.7796s
	iters: 2200, epoch: 1 | loss: 0.1457882
	speed: 0.0376s/iter; left time: 1708.5232s
	iters: 2300, epoch: 1 | loss: 0.0694505
	speed: 0.0380s/iter; left time: 1720.8252s
	iters: 2400, epoch: 1 | loss: 0.0990621
	speed: 0.0377s/iter; left time: 1705.5754s
	iters: 2500, epoch: 1 | loss: 0.1293904
	speed: 0.0378s/iter; left time: 1703.8701s
	iters: 2600, epoch: 1 | loss: 0.0702686
	speed: 0.0377s/iter; left time: 1696.3842s
	iters: 2700, epoch: 1 | loss: 0.1075452
	speed: 0.0378s/iter; left time: 1698.9501s
	iters: 2800, epoch: 1 | loss: 0.1763274
	speed: 0.0378s/iter; left time: 1695.6807s
	iters: 2900, epoch: 1 | loss: 0.0782436
	speed: 0.0376s/iter; left time: 1680.7433s
	iters: 3000, epoch: 1 | loss: 0.0823000
	speed: 0.0377s/iter; left time: 1682.0217s
	iters: 3100, epoch: 1 | loss: 0.0554773
	speed: 0.0380s/iter; left time: 1692.5676s
	iters: 3200, epoch: 1 | loss: 0.0563648
	speed: 0.0377s/iter; left time: 1673.2506s
	iters: 3300, epoch: 1 | loss: 0.0769640
	speed: 0.0376s/iter; left time: 1667.8960s
	iters: 3400, epoch: 1 | loss: 0.0848236
	speed: 0.0379s/iter; left time: 1674.5120s
	iters: 3500, epoch: 1 | loss: 0.0631296
	speed: 0.0381s/iter; left time: 1679.5026s
	iters: 3600, epoch: 1 | loss: 0.0864679
	speed: 0.0377s/iter; left time: 1657.1546s
	iters: 3700, epoch: 1 | loss: 0.0641260
	speed: 0.0376s/iter; left time: 1652.5938s
	iters: 3800, epoch: 1 | loss: 0.0847583
	speed: 0.0376s/iter; left time: 1647.4768s
	iters: 3900, epoch: 1 | loss: 0.0599498
	speed: 0.0380s/iter; left time: 1661.7581s
	iters: 4000, epoch: 1 | loss: 0.0521335
	speed: 0.0377s/iter; left time: 1644.2026s
	iters: 4100, epoch: 1 | loss: 0.0840266
	speed: 0.0375s/iter; left time: 1632.2998s
	iters: 4200, epoch: 1 | loss: 0.0471341
	speed: 0.0378s/iter; left time: 1641.5422s
	iters: 4300, epoch: 1 | loss: 0.0626301
	speed: 0.0378s/iter; left time: 1635.2131s
	iters: 4400, epoch: 1 | loss: 0.0552903
	speed: 0.0376s/iter; left time: 1626.5071s
	iters: 4500, epoch: 1 | loss: 0.1014141
	speed: 0.0377s/iter; left time: 1626.2373s
	iters: 4600, epoch: 1 | loss: 0.0867549
	speed: 0.0377s/iter; left time: 1619.3823s
	iters: 4700, epoch: 1 | loss: 0.0498701
	speed: 0.0380s/iter; left time: 1631.4564s
	iters: 4800, epoch: 1 | loss: 0.0749707
	speed: 0.0377s/iter; left time: 1612.7825s
	iters: 4900, epoch: 1 | loss: 0.0569332
	speed: 0.0377s/iter; left time: 1608.9238s
	iters: 5000, epoch: 1 | loss: 0.0717434
	speed: 0.0378s/iter; left time: 1610.7712s
	iters: 5100, epoch: 1 | loss: 0.0627985
	speed: 0.0378s/iter; left time: 1608.1615s
	iters: 5200, epoch: 1 | loss: 0.0589843
	speed: 0.0378s/iter; left time: 1604.5870s
	iters: 5300, epoch: 1 | loss: 0.0841614
	speed: 0.0376s/iter; left time: 1591.5345s
	iters: 5400, epoch: 1 | loss: 0.0758687
	speed: 0.0377s/iter; left time: 1590.8088s
	iters: 5500, epoch: 1 | loss: 0.0619959
	speed: 0.0382s/iter; left time: 1610.3502s
	iters: 5600, epoch: 1 | loss: 0.0635414
	speed: 0.0377s/iter; left time: 1583.4067s
	iters: 5700, epoch: 1 | loss: 0.0592896
	speed: 0.0377s/iter; left time: 1580.8457s
	iters: 5800, epoch: 1 | loss: 0.0760267
	speed: 0.0378s/iter; left time: 1579.8153s
	iters: 5900, epoch: 1 | loss: 0.0611485
	speed: 0.0379s/iter; left time: 1581.7062s
Epoch: 1 cost time: 225.07021355628967
Epoch: 1, Steps: 5950 | Train Loss: 0.1046590 Vali Loss: 1.0518030 Test Loss: 0.5649580
Validation loss decreased (inf --> 1.051803).  Saving model ...
Updating learning rate to 0.0001
	iters: 100, epoch: 2 | loss: 0.0405944
	speed: 0.4722s/iter; left time: 19620.9954s
	iters: 200, epoch: 2 | loss: 0.0429535
	speed: 0.0378s/iter; left time: 1567.8555s
	iters: 300, epoch: 2 | loss: 0.0882489
	speed: 0.0378s/iter; left time: 1564.1376s
	iters: 400, epoch: 2 | loss: 0.0577384
	speed: 0.0380s/iter; left time: 1569.2145s
	iters: 500, epoch: 2 | loss: 0.0503676
	speed: 0.0376s/iter; left time: 1548.3278s
	iters: 600, epoch: 2 | loss: 0.0547683
	speed: 0.0378s/iter; left time: 1551.7624s
	iters: 700, epoch: 2 | loss: 0.0447500
	speed: 0.0379s/iter; left time: 1550.1826s
	iters: 800, epoch: 2 | loss: 0.0500208
	speed: 0.0380s/iter; left time: 1552.3224s
	iters: 900, epoch: 2 | loss: 0.0387277
	speed: 0.0378s/iter; left time: 1538.8175s
	iters: 1000, epoch: 2 | loss: 0.0674070
	speed: 0.0377s/iter; left time: 1531.6754s
	iters: 1100, epoch: 2 | loss: 0.0680179
	speed: 0.0377s/iter; left time: 1527.5962s
	iters: 1200, epoch: 2 | loss: 0.0446965
	speed: 0.0379s/iter; left time: 1534.8642s
	iters: 1300, epoch: 2 | loss: 0.0594180
	speed: 0.0377s/iter; left time: 1522.5690s
	iters: 1400, epoch: 2 | loss: 0.0428861
	speed: 0.0377s/iter; left time: 1516.5773s
	iters: 1500, epoch: 2 | loss: 0.0456356
	speed: 0.0378s/iter; left time: 1517.7018s
	iters: 1600, epoch: 2 | loss: 0.0347570
	speed: 0.0380s/iter; left time: 1520.6457s
	iters: 1700, epoch: 2 | loss: 0.0304106
	speed: 0.0378s/iter; left time: 1508.7049s
	iters: 1800, epoch: 2 | loss: 0.0284401
	speed: 0.0377s/iter; left time: 1502.5415s
	iters: 1900, epoch: 2 | loss: 0.0407364
	speed: 0.0378s/iter; left time: 1502.1486s
	iters: 2000, epoch: 2 | loss: 0.0515464
	speed: 0.0379s/iter; left time: 1503.1186s
	iters: 2100, epoch: 2 | loss: 0.0907800
	speed: 0.0377s/iter; left time: 1491.3482s
	iters: 2200, epoch: 2 | loss: 0.0474183
	speed: 0.0377s/iter; left time: 1488.1615s
	iters: 2300, epoch: 2 | loss: 0.0470778
	speed: 0.0378s/iter; left time: 1486.7546s
	iters: 2400, epoch: 2 | loss: 0.0466709
	speed: 0.0381s/iter; left time: 1494.2357s
	iters: 2500, epoch: 2 | loss: 0.0428915
	speed: 0.0377s/iter; left time: 1474.4855s
	iters: 2600, epoch: 2 | loss: 0.0599462
	speed: 0.0378s/iter; left time: 1475.6537s
	iters: 2700, epoch: 2 | loss: 0.0474472
	speed: 0.0378s/iter; left time: 1472.0720s
	iters: 2800, epoch: 2 | loss: 0.0454726
	speed: 0.0379s/iter; left time: 1473.6900s
	iters: 2900, epoch: 2 | loss: 0.0325707
	speed: 0.0376s/iter; left time: 1456.4334s
	iters: 3000, epoch: 2 | loss: 0.0469596
	speed: 0.0378s/iter; left time: 1462.0156s
	iters: 3100, epoch: 2 | loss: 0.0220769
	speed: 0.0379s/iter; left time: 1459.4297s
	iters: 3200, epoch: 2 | loss: 0.0400448
	speed: 0.0381s/iter; left time: 1463.1840s
	iters: 3300, epoch: 2 | loss: 0.0471601
	speed: 0.0379s/iter; left time: 1451.7858s
	iters: 3400, epoch: 2 | loss: 0.0391318
	speed: 0.0377s/iter; left time: 1442.5869s
	iters: 3500, epoch: 2 | loss: 0.0393580
	speed: 0.0378s/iter; left time: 1441.3921s
	iters: 3600, epoch: 2 | loss: 0.0340533
	speed: 0.0380s/iter; left time: 1446.6295s
	iters: 3700, epoch: 2 | loss: 0.0309897
	speed: 0.0376s/iter; left time: 1427.4925s
	iters: 3800, epoch: 2 | loss: 0.0409699
	speed: 0.0378s/iter; left time: 1430.9210s
	iters: 3900, epoch: 2 | loss: 0.0378180
	speed: 0.0378s/iter; left time: 1427.3193s
	iters: 4000, epoch: 2 | loss: 0.0381365
	speed: 0.0379s/iter; left time: 1425.4965s
	iters: 4100, epoch: 2 | loss: 0.0353870
	speed: 0.0377s/iter; left time: 1415.6242s
	iters: 4200, epoch: 2 | loss: 0.0424535
	speed: 0.0378s/iter; left time: 1416.3834s
	iters: 4300, epoch: 2 | loss: 0.0329542
	speed: 0.0377s/iter; left time: 1406.8894s
	iters: 4400, epoch: 2 | loss: 0.0346035
	speed: 0.0382s/iter; left time: 1422.3944s
	iters: 4500, epoch: 2 | loss: 0.0339095
	speed: 0.0377s/iter; left time: 1400.1922s
	iters: 4600, epoch: 2 | loss: 0.0294873
	speed: 0.0378s/iter; left time: 1400.8850s
	iters: 4700, epoch: 2 | loss: 0.0404068
	speed: 0.0379s/iter; left time: 1399.8941s
	iters: 4800, epoch: 2 | loss: 0.0554559
	speed: 0.0378s/iter; left time: 1394.1046s
	iters: 4900, epoch: 2 | loss: 0.0411817
	speed: 0.0377s/iter; left time: 1387.1205s
	iters: 5000, epoch: 2 | loss: 0.0324265
	speed: 0.0380s/iter; left time: 1391.9259s
	iters: 5100, epoch: 2 | loss: 0.0325539
	speed: 0.0377s/iter; left time: 1379.0527s
	iters: 5200, epoch: 2 | loss: 0.0480626
	speed: 0.0381s/iter; left time: 1389.0988s
	iters: 5300, epoch: 2 | loss: 0.0290798
	speed: 0.0376s/iter; left time: 1368.4055s
	iters: 5400, epoch: 2 | loss: 0.0355081
	speed: 0.0378s/iter; left time: 1369.9441s
	iters: 5500, epoch: 2 | loss: 0.0276640
	speed: 0.0377s/iter; left time: 1362.2038s
	iters: 5600, epoch: 2 | loss: 0.0486603
	speed: 0.0379s/iter; left time: 1367.0471s
	iters: 5700, epoch: 2 | loss: 0.0438626
	speed: 0.0378s/iter; left time: 1357.7646s
	iters: 5800, epoch: 2 | loss: 0.0348456
	speed: 0.0378s/iter; left time: 1355.0530s
	iters: 5900, epoch: 2 | loss: 0.0261746
	speed: 0.0377s/iter; left time: 1346.3046s
Epoch: 2 cost time: 224.99349236488342
Epoch: 2, Steps: 5950 | Train Loss: 0.0455303 Vali Loss: 1.0339348 Test Loss: 0.5890800
Validation loss decreased (1.051803 --> 1.033935).  Saving model ...
Updating learning rate to 5e-05
	iters: 100, epoch: 3 | loss: 0.0265540
	speed: 0.4714s/iter; left time: 16783.6995s
	iters: 200, epoch: 3 | loss: 0.0272872
	speed: 0.0378s/iter; left time: 1340.7115s
	iters: 300, epoch: 3 | loss: 0.0203558
	speed: 0.0380s/iter; left time: 1344.9705s
	iters: 400, epoch: 3 | loss: 0.0260175
	speed: 0.0378s/iter; left time: 1334.9156s
	iters: 500, epoch: 3 | loss: 0.0257002
	speed: 0.0379s/iter; left time: 1333.6642s
	iters: 600, epoch: 3 | loss: 0.0349390
	speed: 0.0379s/iter; left time: 1330.9257s
	iters: 700, epoch: 3 | loss: 0.0192865
	speed: 0.0377s/iter; left time: 1317.9885s
	iters: 800, epoch: 3 | loss: 0.0398020
	speed: 0.0377s/iter; left time: 1315.7142s
	iters: 900, epoch: 3 | loss: 0.0214960
	speed: 0.0380s/iter; left time: 1324.1320s
	iters: 1000, epoch: 3 | loss: 0.0251829
	speed: 0.0378s/iter; left time: 1312.8795s
	iters: 1100, epoch: 3 | loss: 0.0258682
	speed: 0.0378s/iter; left time: 1306.7492s
	iters: 1200, epoch: 3 | loss: 0.0278012
	speed: 0.0377s/iter; left time: 1300.0536s
	iters: 1300, epoch: 3 | loss: 0.0307864
	speed: 0.0378s/iter; left time: 1300.6934s
	iters: 1400, epoch: 3 | loss: 0.0226109
	speed: 0.0378s/iter; left time: 1295.9057s
	iters: 1500, epoch: 3 | loss: 0.0264260
	speed: 0.0378s/iter; left time: 1292.4564s
	iters: 1600, epoch: 3 | loss: 0.0195928
	speed: 0.0378s/iter; left time: 1289.2430s
	iters: 1700, epoch: 3 | loss: 0.0193295
	speed: 0.0379s/iter; left time: 1289.8640s
	iters: 1800, epoch: 3 | loss: 0.0194966
	speed: 0.0378s/iter; left time: 1280.1981s
	iters: 1900, epoch: 3 | loss: 0.0233486
	speed: 0.0377s/iter; left time: 1274.5653s
	iters: 2000, epoch: 3 | loss: 0.0240675
	speed: 0.0377s/iter; left time: 1270.5378s
	iters: 2100, epoch: 3 | loss: 0.0220002
	speed: 0.0379s/iter; left time: 1272.4840s
	iters: 2200, epoch: 3 | loss: 0.0309011
	speed: 0.0379s/iter; left time: 1269.2278s
	iters: 2300, epoch: 3 | loss: 0.0320490
	speed: 0.0377s/iter; left time: 1257.7915s
	iters: 2400, epoch: 3 | loss: 0.0262345
	speed: 0.0378s/iter; left time: 1259.1504s
	iters: 2500, epoch: 3 | loss: 0.0197717
	speed: 0.0381s/iter; left time: 1264.3904s
	iters: 2600, epoch: 3 | loss: 0.0277295
	speed: 0.0378s/iter; left time: 1251.0731s
	iters: 2700, epoch: 3 | loss: 0.0250920
	speed: 0.0381s/iter; left time: 1257.8541s
	iters: 2800, epoch: 3 | loss: 0.0298924
	speed: 0.0377s/iter; left time: 1239.1978s
	iters: 2900, epoch: 3 | loss: 0.0213900
	speed: 0.0380s/iter; left time: 1246.0269s
	iters: 3000, epoch: 3 | loss: 0.0192291
	speed: 0.0379s/iter; left time: 1240.4451s
	iters: 3100, epoch: 3 | loss: 0.0269573
	speed: 0.0377s/iter; left time: 1229.9910s
	iters: 3200, epoch: 3 | loss: 0.0218305
	speed: 0.0379s/iter; left time: 1231.3326s
	iters: 3300, epoch: 3 | loss: 0.0249189
	speed: 0.0381s/iter; left time: 1233.1781s
	iters: 3400, epoch: 3 | loss: 0.0224442
	speed: 0.0377s/iter; left time: 1218.8051s
	iters: 3500, epoch: 3 | loss: 0.0177499
	speed: 0.0379s/iter; left time: 1220.0251s
	iters: 3600, epoch: 3 | loss: 0.0199253
	speed: 0.0378s/iter; left time: 1213.4001s
	iters: 3700, epoch: 3 | loss: 0.0170723
	speed: 0.0379s/iter; left time: 1213.6778s
	iters: 3800, epoch: 3 | loss: 0.0248293
	speed: 0.0378s/iter; left time: 1205.1979s
	iters: 3900, epoch: 3 | loss: 0.0211264
	speed: 0.0377s/iter; left time: 1199.7425s
	iters: 4000, epoch: 3 | loss: 0.0318665
	speed: 0.0377s/iter; left time: 1195.4506s
	iters: 4100, epoch: 3 | loss: 0.0294999
	speed: 0.0382s/iter; left time: 1207.2931s
	iters: 4200, epoch: 3 | loss: 0.0220005
	speed: 0.0378s/iter; left time: 1190.1555s
	iters: 4300, epoch: 3 | loss: 0.0277976
	speed: 0.0378s/iter; left time: 1185.4043s
	iters: 4400, epoch: 3 | loss: 0.0221254
	speed: 0.0377s/iter; left time: 1181.3331s
	iters: 4500, epoch: 3 | loss: 0.0159524
	speed: 0.0379s/iter; left time: 1183.9230s
	iters: 4600, epoch: 3 | loss: 0.0289775
	speed: 0.0378s/iter; left time: 1176.9057s
	iters: 4700, epoch: 3 | loss: 0.0213780
	speed: 0.0377s/iter; left time: 1169.6530s
	iters: 4800, epoch: 3 | loss: 0.0221305
	speed: 0.0377s/iter; left time: 1165.2854s
	iters: 4900, epoch: 3 | loss: 0.0221328
	speed: 0.0380s/iter; left time: 1169.3491s
	iters: 5000, epoch: 3 | loss: 0.0229581
	speed: 0.0378s/iter; left time: 1161.6837s
	iters: 5100, epoch: 3 | loss: 0.0200607
	speed: 0.0378s/iter; left time: 1155.9263s
	iters: 5200, epoch: 3 | loss: 0.0151585
	speed: 0.0376s/iter; left time: 1146.9987s
	iters: 5300, epoch: 3 | loss: 0.0230349
	speed: 0.0378s/iter; left time: 1150.5374s
	iters: 5400, epoch: 3 | loss: 0.0326933
	speed: 0.0379s/iter; left time: 1147.7149s
	iters: 5500, epoch: 3 | loss: 0.0126031
	speed: 0.0377s/iter; left time: 1139.7396s
	iters: 5600, epoch: 3 | loss: 0.0285805
	speed: 0.0377s/iter; left time: 1135.9997s
	iters: 5700, epoch: 3 | loss: 0.0273999
	speed: 0.0380s/iter; left time: 1139.1003s
	iters: 5800, epoch: 3 | loss: 0.0169700
	speed: 0.0378s/iter; left time: 1129.4248s
	iters: 5900, epoch: 3 | loss: 0.0232592
	speed: 0.0379s/iter; left time: 1129.5108s
Epoch: 3 cost time: 225.10414910316467
Epoch: 3, Steps: 5950 | Train Loss: 0.0248775 Vali Loss: 1.1198353 Test Loss: 0.7007065
EarlyStopping counter: 1 out of 3
Updating learning rate to 2.5e-05
	iters: 100, epoch: 4 | loss: 0.0218433
	speed: 0.4734s/iter; left time: 14035.6678s
	iters: 200, epoch: 4 | loss: 0.0202565
	speed: 0.0381s/iter; left time: 1124.5325s
	iters: 300, epoch: 4 | loss: 0.0171611
	speed: 0.0377s/iter; left time: 1111.5693s
	iters: 400, epoch: 4 | loss: 0.0187760
	speed: 0.0377s/iter; left time: 1105.6732s
	iters: 500, epoch: 4 | loss: 0.0174118
	speed: 0.0377s/iter; left time: 1101.5348s
	iters: 600, epoch: 4 | loss: 0.0222138
	speed: 0.0379s/iter; left time: 1103.6167s
	iters: 700, epoch: 4 | loss: 0.0188856
	speed: 0.0378s/iter; left time: 1097.4746s
	iters: 800, epoch: 4 | loss: 0.0233518
	speed: 0.0376s/iter; left time: 1089.8836s
	iters: 900, epoch: 4 | loss: 0.0223495
	speed: 0.0377s/iter; left time: 1087.4828s
	iters: 1000, epoch: 4 | loss: 0.0203984
	speed: 0.0380s/iter; left time: 1092.4430s
	iters: 1100, epoch: 4 | loss: 0.0163924
	speed: 0.0376s/iter; left time: 1077.5537s
	iters: 1200, epoch: 4 | loss: 0.0178706
	speed: 0.0377s/iter; left time: 1076.3659s
	iters: 1300, epoch: 4 | loss: 0.0127709
	speed: 0.0380s/iter; left time: 1082.4313s
	iters: 1400, epoch: 4 | loss: 0.0205870
	speed: 0.0378s/iter; left time: 1071.0105s
	iters: 1500, epoch: 4 | loss: 0.0130763
	speed: 0.0378s/iter; left time: 1066.6825s
	iters: 1600, epoch: 4 | loss: 0.0169704
	speed: 0.0377s/iter; left time: 1062.3822s
	iters: 1700, epoch: 4 | loss: 0.0175185
	speed: 0.0376s/iter; left time: 1055.2424s
	iters: 1800, epoch: 4 | loss: 0.0110797
	speed: 0.0381s/iter; left time: 1063.8827s
	iters: 1900, epoch: 4 | loss: 0.0224621
	speed: 0.0376s/iter; left time: 1047.8657s
	iters: 2000, epoch: 4 | loss: 0.0157147
	speed: 0.0376s/iter; left time: 1044.6647s
	iters: 2100, epoch: 4 | loss: 0.0222969
	speed: 0.0377s/iter; left time: 1043.6838s
	iters: 2200, epoch: 4 | loss: 0.0161895
	speed: 0.0378s/iter; left time: 1040.5795s
	iters: 2300, epoch: 4 | loss: 0.0189380
	speed: 0.0377s/iter; left time: 1034.4931s
	iters: 2400, epoch: 4 | loss: 0.0172320
	speed: 0.0377s/iter; left time: 1032.0195s
	iters: 2500, epoch: 4 | loss: 0.0238207
	speed: 0.0377s/iter; left time: 1026.6185s
	iters: 2600, epoch: 4 | loss: 0.0139148
	speed: 0.0380s/iter; left time: 1031.0362s
	iters: 2700, epoch: 4 | loss: 0.0244930
	speed: 0.0376s/iter; left time: 1016.6945s
	iters: 2800, epoch: 4 | loss: 0.0306851
	speed: 0.0377s/iter; left time: 1015.0569s
	iters: 2900, epoch: 4 | loss: 0.0266408
	speed: 0.0377s/iter; left time: 1011.8915s
	iters: 3000, epoch: 4 | loss: 0.0177119
	speed: 0.0379s/iter; left time: 1012.9311s
	iters: 3100, epoch: 4 | loss: 0.0147976
	speed: 0.0377s/iter; left time: 1005.2445s
	iters: 3200, epoch: 4 | loss: 0.0287543
	speed: 0.0378s/iter; left time: 1003.0243s
	iters: 3300, epoch: 4 | loss: 0.0194182
	speed: 0.0376s/iter; left time: 995.5859s
	iters: 3400, epoch: 4 | loss: 0.0244888
	speed: 0.0380s/iter; left time: 1000.3951s
	iters: 3500, epoch: 4 | loss: 0.0131370
	speed: 0.0376s/iter; left time: 986.7553s
	iters: 3600, epoch: 4 | loss: 0.0162942
	speed: 0.0376s/iter; left time: 984.0353s
	iters: 3700, epoch: 4 | loss: 0.0180496
	speed: 0.0379s/iter; left time: 988.5234s
	iters: 3800, epoch: 4 | loss: 0.0139211
	speed: 0.0378s/iter; left time: 981.3719s
	iters: 3900, epoch: 4 | loss: 0.0141713
	speed: 0.0377s/iter; left time: 974.1000s
	iters: 4000, epoch: 4 | loss: 0.0189551
	speed: 0.0378s/iter; left time: 972.1044s
	iters: 4100, epoch: 4 | loss: 0.0186758
	speed: 0.0377s/iter; left time: 966.9765s
	iters: 4200, epoch: 4 | loss: 0.0133649
	speed: 0.0381s/iter; left time: 972.5091s
	iters: 4300, epoch: 4 | loss: 0.0182859
	speed: 0.0377s/iter; left time: 959.7230s
	iters: 4400, epoch: 4 | loss: 0.0150818
	speed: 0.0376s/iter; left time: 953.1039s
	iters: 4500, epoch: 4 | loss: 0.0230281
	speed: 0.0378s/iter; left time: 953.6602s
	iters: 4600, epoch: 4 | loss: 0.0104997
	speed: 0.0378s/iter; left time: 950.7701s
	iters: 4700, epoch: 4 | loss: 0.0209347
	speed: 0.0377s/iter; left time: 944.1813s
	iters: 4800, epoch: 4 | loss: 0.0129125
	speed: 0.0379s/iter; left time: 944.6641s
	iters: 4900, epoch: 4 | loss: 0.0166089
	speed: 0.0376s/iter; left time: 933.7158s
	iters: 5000, epoch: 4 | loss: 0.0185986
	speed: 0.0382s/iter; left time: 945.5160s
	iters: 5100, epoch: 4 | loss: 0.0184814
	speed: 0.0377s/iter; left time: 930.5542s
	iters: 5200, epoch: 4 | loss: 0.0300772
	speed: 0.0378s/iter; left time: 927.5032s
	iters: 5300, epoch: 4 | loss: 0.0122406
	speed: 0.0378s/iter; left time: 924.7553s
	iters: 5400, epoch: 4 | loss: 0.0171965
	speed: 0.0378s/iter; left time: 919.7511s
	iters: 5500, epoch: 4 | loss: 0.0186119
	speed: 0.0377s/iter; left time: 915.2469s
	iters: 5600, epoch: 4 | loss: 0.0164751
	speed: 0.0378s/iter; left time: 912.2249s
	iters: 5700, epoch: 4 | loss: 0.0146722
	speed: 0.0378s/iter; left time: 909.4668s
	iters: 5800, epoch: 4 | loss: 0.0227117
	speed: 0.0381s/iter; left time: 912.5456s
	iters: 5900, epoch: 4 | loss: 0.0130421
	speed: 0.0377s/iter; left time: 899.7238s
Epoch: 4 cost time: 224.73399782180786
Epoch: 4, Steps: 5950 | Train Loss: 0.0183484 Vali Loss: 1.0652940 Test Loss: 0.6633466
EarlyStopping counter: 2 out of 3
Updating learning rate to 1.25e-05
	iters: 100, epoch: 5 | loss: 0.0132839
	speed: 0.4705s/iter; left time: 11152.1244s
	iters: 200, epoch: 5 | loss: 0.0158960
	speed: 0.0377s/iter; left time: 889.6378s
	iters: 300, epoch: 5 | loss: 0.0157979
	speed: 0.0380s/iter; left time: 892.2348s
	iters: 400, epoch: 5 | loss: 0.0151022
	speed: 0.0379s/iter; left time: 885.9296s
	iters: 500, epoch: 5 | loss: 0.0126360
	speed: 0.0376s/iter; left time: 877.1645s
	iters: 600, epoch: 5 | loss: 0.0158822
	speed: 0.0379s/iter; left time: 879.1805s
	iters: 700, epoch: 5 | loss: 0.0184746
	speed: 0.0380s/iter; left time: 877.1378s
	iters: 800, epoch: 5 | loss: 0.0148095
	speed: 0.0377s/iter; left time: 867.1944s
	iters: 900, epoch: 5 | loss: 0.0191218
	speed: 0.0378s/iter; left time: 865.3985s
	iters: 1000, epoch: 5 | loss: 0.0201690
	speed: 0.0378s/iter; left time: 861.6706s
	iters: 1100, epoch: 5 | loss: 0.0127138
	speed: 0.0378s/iter; left time: 858.6176s
	iters: 1200, epoch: 5 | loss: 0.0163409
	speed: 0.0380s/iter; left time: 857.7813s
	iters: 1300, epoch: 5 | loss: 0.0167481
	speed: 0.0377s/iter; left time: 848.8614s
	iters: 1400, epoch: 5 | loss: 0.0155253
	speed: 0.0378s/iter; left time: 846.4639s
	iters: 1500, epoch: 5 | loss: 0.0212365
	speed: 0.0382s/iter; left time: 851.0122s
	iters: 1600, epoch: 5 | loss: 0.0197156
	speed: 0.0377s/iter; left time: 836.4024s
	iters: 1700, epoch: 5 | loss: 0.0164119
	speed: 0.0378s/iter; left time: 836.2225s
	iters: 1800, epoch: 5 | loss: 0.0156194
	speed: 0.0378s/iter; left time: 831.5299s
	iters: 1900, epoch: 5 | loss: 0.0161220
	speed: 0.0378s/iter; left time: 828.5872s
	iters: 2000, epoch: 5 | loss: 0.0245467
	speed: 0.0380s/iter; left time: 827.3639s
	iters: 2100, epoch: 5 | loss: 0.0171103
	speed: 0.0377s/iter; left time: 818.5894s
	iters: 2200, epoch: 5 | loss: 0.0131515
	speed: 0.0379s/iter; left time: 817.8003s
	iters: 2300, epoch: 5 | loss: 0.0150489
	speed: 0.0381s/iter; left time: 818.2774s
	iters: 2400, epoch: 5 | loss: 0.0185204
	speed: 0.0377s/iter; left time: 807.4619s
	iters: 2500, epoch: 5 | loss: 0.0125984
	speed: 0.0380s/iter; left time: 810.0289s
	iters: 2600, epoch: 5 | loss: 0.0187729
	speed: 0.0377s/iter; left time: 800.1627s
	iters: 2700, epoch: 5 | loss: 0.0197963
	speed: 0.0379s/iter; left time: 800.2363s
	iters: 2800, epoch: 5 | loss: 0.0102642
	speed: 0.0379s/iter; left time: 795.0972s
	iters: 2900, epoch: 5 | loss: 0.0160875
	speed: 0.0376s/iter; left time: 786.9082s
	iters: 3000, epoch: 5 | loss: 0.0201210
	speed: 0.0378s/iter; left time: 786.3836s
	iters: 3100, epoch: 5 | loss: 0.0176747
	speed: 0.0380s/iter; left time: 786.4981s
	iters: 3200, epoch: 5 | loss: 0.0185561
	speed: 0.0378s/iter; left time: 778.2853s
	iters: 3300, epoch: 5 | loss: 0.0206234
	speed: 0.0378s/iter; left time: 775.4420s
	iters: 3400, epoch: 5 | loss: 0.0128811
	speed: 0.0377s/iter; left time: 769.4759s
	iters: 3500, epoch: 5 | loss: 0.0138243
	speed: 0.0379s/iter; left time: 768.6785s
	iters: 3600, epoch: 5 | loss: 0.0191319
	speed: 0.0377s/iter; left time: 761.0901s
	iters: 3700, epoch: 5 | loss: 0.0132424
	speed: 0.0377s/iter; left time: 758.2856s
	iters: 3800, epoch: 5 | loss: 0.0164025
	speed: 0.0377s/iter; left time: 754.5920s
	iters: 3900, epoch: 5 | loss: 0.0174236
	speed: 0.0380s/iter; left time: 755.7562s
	iters: 4000, epoch: 5 | loss: 0.0104435
	speed: 0.0377s/iter; left time: 746.9035s
	iters: 4100, epoch: 5 | loss: 0.0130162
	speed: 0.0379s/iter; left time: 746.2157s
	iters: 4200, epoch: 5 | loss: 0.0177431
	speed: 0.0378s/iter; left time: 741.1867s
	iters: 4300, epoch: 5 | loss: 0.0151653
	speed: 0.0379s/iter; left time: 739.8465s
	iters: 4400, epoch: 5 | loss: 0.0138613
	speed: 0.0380s/iter; left time: 736.5678s
	iters: 4500, epoch: 5 | loss: 0.0146428
	speed: 0.0378s/iter; left time: 728.6270s
	iters: 4600, epoch: 5 | loss: 0.0145228
	speed: 0.0376s/iter; left time: 722.5034s
	iters: 4700, epoch: 5 | loss: 0.0096184
	speed: 0.0381s/iter; left time: 728.1150s
	iters: 4800, epoch: 5 | loss: 0.0189885
	speed: 0.0377s/iter; left time: 717.0227s
	iters: 4900, epoch: 5 | loss: 0.0103658
	speed: 0.0381s/iter; left time: 719.2203s
	iters: 5000, epoch: 5 | loss: 0.0151903
	speed: 0.0379s/iter; left time: 712.0043s
	iters: 5100, epoch: 5 | loss: 0.0104979
	speed: 0.0380s/iter; left time: 710.9738s
	iters: 5200, epoch: 5 | loss: 0.0135635
	speed: 0.0381s/iter; left time: 707.8353s
	iters: 5300, epoch: 5 | loss: 0.0176641
	speed: 0.0377s/iter; left time: 697.9649s
	iters: 5400, epoch: 5 | loss: 0.0178051
	speed: 0.0378s/iter; left time: 694.7870s
	iters: 5500, epoch: 5 | loss: 0.0199235
	speed: 0.0381s/iter; left time: 696.3721s
	iters: 5600, epoch: 5 | loss: 0.0132312
	speed: 0.0377s/iter; left time: 687.0663s
	iters: 5700, epoch: 5 | loss: 0.0111851
	speed: 0.0378s/iter; left time: 684.1972s
	iters: 5800, epoch: 5 | loss: 0.0175261
	speed: 0.0377s/iter; left time: 679.4715s
	iters: 5900, epoch: 5 | loss: 0.0162238
	speed: 0.0379s/iter; left time: 678.4075s
Epoch: 5 cost time: 225.16595649719238
Epoch: 5, Steps: 5950 | Train Loss: 0.0158834 Vali Loss: 1.0884799 Test Loss: 0.7240421
EarlyStopping counter: 3 out of 3
Early stopping
>>>>>>>testing : informerstack_custom_ftMS_sl1008_ll504_pl168_dm256_nh8_el3_dl1_df1024_atprob_fc5_ebtimeF_dtTrue_mxTrue_exp_119_0<<<<<<<<<<<<<<<<<<<<<<<<<<<<<<<<<
test 13769
test shape: (1721, 8, 168, 1) (1721, 8, 168, 1)
test shape: (13768, 168, 1) (13768, 168, 1)
mse:0.5890738368034363, mae:0.6464740037918091, r2:-2.4536569118499756


Parsed metrics from Informer output (normalized scale):
  MSE:  0.5891
  MAE:  0.6465
  RMSE: 0.7675
  R2:   -2.4537

Metrics after inverse transformation (original scale):
  MSE:  41.0308
  MAE:  5.3954
  RMSE: 6.4055
  R2:   -2.4537
Warning: Failed to record experiment: 'gbk' codec can't encode character '\u2713' in position 0: illegal multibyte sequence
  Training time: 1363.10s
  RMSE: 6.4055
  MAE:  5.3954
  R2:   -2.4537

Saving results...
  Model: Native Informer (saved in external/Informer2020/checkpoints/)
  Predictions: Not saved (native Informer handles this internally)
  Metrics: E:\ANUS_learning\MSI5001-power-transformer-oil-temperature-prediction\models\experiments\exp_119_metrics.json
  Plot: Skipped (native Informer handles visualization internally)

======================================================================
Experiment complete: exp_119
======================================================================

======================================================================
Completed: 2025-11-07 17:40:43
Return code: 0
======================================================================
