======================================================================
Experiment Log
Started: 2025-11-07 21:14:13
Command: C:\ProgramData\anaconda3\python.exe -m scripts.train_configurable --tx-id 2 --model Informer-Long --split-method chronological --feature-mode full --lookback-multiplier 4.0 --horizon 168 --experiment-name exp_129 --data-suffix _no_outlier --e-layers 3 --d-layers 3
======================================================================

======================================================================
Experiment: exp_129
======================================================================
Transformer:     TX2
Model:           Informer-Long
Split method:    chronological
Feature mode:    full
Data suffix:     _no_outlier

Loading data...
  Total samples: 69680
  Features: 17 columns

Window config: WindowConfig(horizon=168, lookback=672, gap=0)
Creating sliding windows for Informer-Long (keeping sequence structure)...
  Created 68840 windows (shape: (68840, 672, 17))
Splitting windows (chronological, 20% test)...
  Train: 55072 windows
  Test:  13768 windows

Training Informer-Long...

Calling native Informer from: E:\ANUS_learning\MSI5001-power-transformer-oil-temperature-prediction\external\Informer2020
Command: C:\ProgramData\anaconda3\python.exe E:\ANUS_learning\MSI5001-power-transformer-oil-temperature-prediction\external\Informer2020\main_informer.py --model informerstack --data custom --root_path ./data/ --data_path TX2.csv --features MS --target OT --freq h --seq_len 336 --label_len 168 --pred_len 168 --enc_in 6 --dec_in 1 --c_out 1 --d_model 256 --n_heads 8 --e_layers 3 --d_layers 3 --d_ff 1024 --factor 5 --dropout 0.05 --attn prob --embed timeF --activation gelu --batch_size 8 --train_epochs 8 --patience 3 --learning_rate 0.0001 --des exp_129 --itr 1
Args in experiment:
Namespace(model='informerstack', data='custom', root_path='./data/', data_path='TX1.csv', features='MS', target='OT', freq='h', checkpoints='./checkpoints/', seq_len=336, label_len=168, pred_len=168, enc_in=6, dec_in=1, c_out=1, d_model=256, n_heads=8, e_layers=3, d_layers=3, s_layers=[3, 2, 1], d_ff=1024, factor=5, padding=0, distil=True, dropout=0.05, attn='prob', embed='timeF', activation='gelu', output_attention=False, do_predict=False, mix=True, cols=None, num_workers=0, itr=1, train_epochs=8, batch_size=8, patience=3, learning_rate=0.0001, des='exp_129', loss='mse', lradj='type1', use_amp=False, inverse=False, use_gpu=True, gpu=0, use_multi_gpu=False, devices='0,1,2,3', detail_freq='h')
Use GPU: cuda:0
>>>>>>>start training : informerstack_custom_ftMS_sl336_ll168_pl168_dm256_nh8_el3_dl3_df1024_atprob_fc5_ebtimeF_dtTrue_mxTrue_exp_129_0>>>>>>>>>>>>>>>>>>>>>>>>>>
train 48273
val 6801
test 13769
	iters: 100, epoch: 1 | loss: 0.1930770
	speed: 0.0477s/iter; left time: 2298.8788s
	iters: 200, epoch: 1 | loss: 0.2634645
	speed: 0.0369s/iter; left time: 1773.3485s
	iters: 300, epoch: 1 | loss: 0.1164080
	speed: 0.0368s/iter; left time: 1766.3819s
	iters: 400, epoch: 1 | loss: 0.1483766
	speed: 0.0373s/iter; left time: 1785.5062s
	iters: 500, epoch: 1 | loss: 0.1278898
	speed: 0.0371s/iter; left time: 1770.3721s
	iters: 600, epoch: 1 | loss: 0.0753830
	speed: 0.0370s/iter; left time: 1764.0942s
	iters: 700, epoch: 1 | loss: 0.0644887
	speed: 0.0369s/iter; left time: 1755.2028s
	iters: 800, epoch: 1 | loss: 0.3130965
	speed: 0.0369s/iter; left time: 1750.8042s
	iters: 900, epoch: 1 | loss: 0.1571025
	speed: 0.0371s/iter; left time: 1758.7316s
	iters: 1000, epoch: 1 | loss: 0.0917026
	speed: 0.0370s/iter; left time: 1748.1334s
	iters: 1100, epoch: 1 | loss: 0.1649658
	speed: 0.0369s/iter; left time: 1739.3094s
	iters: 1200, epoch: 1 | loss: 0.0819632
	speed: 0.0370s/iter; left time: 1740.4961s
	iters: 1300, epoch: 1 | loss: 0.1133312
	speed: 0.0373s/iter; left time: 1752.5253s
	iters: 1400, epoch: 1 | loss: 0.1790214
	speed: 0.0368s/iter; left time: 1725.2392s
	iters: 1500, epoch: 1 | loss: 0.1496703
	speed: 0.0369s/iter; left time: 1728.1896s
	iters: 1600, epoch: 1 | loss: 0.1670273
	speed: 0.0369s/iter; left time: 1722.6357s
	iters: 1700, epoch: 1 | loss: 0.2152739
	speed: 0.0371s/iter; left time: 1725.7882s
	iters: 1800, epoch: 1 | loss: 0.2413661
	speed: 0.0368s/iter; left time: 1710.0746s
	iters: 1900, epoch: 1 | loss: 0.1421905
	speed: 0.0369s/iter; left time: 1710.1717s
	iters: 2000, epoch: 1 | loss: 0.0806390
	speed: 0.0369s/iter; left time: 1709.2830s
	iters: 2100, epoch: 1 | loss: 0.1361596
	speed: 0.0372s/iter; left time: 1719.5360s
	iters: 2200, epoch: 1 | loss: 0.1170936
	speed: 0.0368s/iter; left time: 1696.0122s
	iters: 2300, epoch: 1 | loss: 0.1049869
	speed: 0.0371s/iter; left time: 1707.1525s
	iters: 2400, epoch: 1 | loss: 0.0885418
	speed: 0.0370s/iter; left time: 1698.5243s
	iters: 2500, epoch: 1 | loss: 0.1145905
	speed: 0.0371s/iter; left time: 1696.1495s
	iters: 2600, epoch: 1 | loss: 0.1403689
	speed: 0.0370s/iter; left time: 1688.5806s
	iters: 2700, epoch: 1 | loss: 0.0978298
	speed: 0.0370s/iter; left time: 1686.7576s
	iters: 2800, epoch: 1 | loss: 0.0517101
	speed: 0.0370s/iter; left time: 1683.7345s
	iters: 2900, epoch: 1 | loss: 0.0686295
	speed: 0.0373s/iter; left time: 1692.8649s
	iters: 3000, epoch: 1 | loss: 0.1124850
	speed: 0.0368s/iter; left time: 1666.3326s
	iters: 3100, epoch: 1 | loss: 0.0616957
	speed: 0.0370s/iter; left time: 1669.9739s
	iters: 3200, epoch: 1 | loss: 0.1299000
	speed: 0.0369s/iter; left time: 1662.1158s
	iters: 3300, epoch: 1 | loss: 0.0873507
	speed: 0.0371s/iter; left time: 1668.8231s
	iters: 3400, epoch: 1 | loss: 0.0954356
	speed: 0.0369s/iter; left time: 1656.3391s
	iters: 3500, epoch: 1 | loss: 0.0891363
	speed: 0.0368s/iter; left time: 1648.6075s
	iters: 3600, epoch: 1 | loss: 0.0671514
	speed: 0.0368s/iter; left time: 1644.8081s
	iters: 3700, epoch: 1 | loss: 0.1300888
	speed: 0.0373s/iter; left time: 1660.3487s
	iters: 3800, epoch: 1 | loss: 0.1321240
	speed: 0.0370s/iter; left time: 1644.0660s
	iters: 3900, epoch: 1 | loss: 0.0795506
	speed: 0.0368s/iter; left time: 1632.6084s
	iters: 4000, epoch: 1 | loss: 0.0591982
	speed: 0.0369s/iter; left time: 1632.7083s
	iters: 4100, epoch: 1 | loss: 0.1018218
	speed: 0.0370s/iter; left time: 1633.9597s
	iters: 4200, epoch: 1 | loss: 0.0441332
	speed: 0.0371s/iter; left time: 1635.3763s
	iters: 4300, epoch: 1 | loss: 0.0485007
	speed: 0.0368s/iter; left time: 1616.9209s
	iters: 4400, epoch: 1 | loss: 0.0794448
	speed: 0.0371s/iter; left time: 1628.1457s
	iters: 4500, epoch: 1 | loss: 0.0688771
	speed: 0.0372s/iter; left time: 1627.5393s
	iters: 4600, epoch: 1 | loss: 0.1013431
	speed: 0.0369s/iter; left time: 1609.3798s
	iters: 4700, epoch: 1 | loss: 0.1027509
	speed: 0.0371s/iter; left time: 1618.1822s
	iters: 4800, epoch: 1 | loss: 0.0620206
	speed: 0.0372s/iter; left time: 1617.8830s
	iters: 4900, epoch: 1 | loss: 0.0572499
	speed: 0.0371s/iter; left time: 1611.2167s
	iters: 5000, epoch: 1 | loss: 0.0534861
	speed: 0.0368s/iter; left time: 1592.1218s
	iters: 5100, epoch: 1 | loss: 0.0458242
	speed: 0.0369s/iter; left time: 1592.2972s
	iters: 5200, epoch: 1 | loss: 0.0715344
	speed: 0.0368s/iter; left time: 1583.7499s
	iters: 5300, epoch: 1 | loss: 0.0651674
	speed: 0.0372s/iter; left time: 1600.6788s
	iters: 5400, epoch: 1 | loss: 0.0822621
	speed: 0.0369s/iter; left time: 1580.2634s
	iters: 5500, epoch: 1 | loss: 0.0503826
	speed: 0.0367s/iter; left time: 1569.3642s
	iters: 5600, epoch: 1 | loss: 0.0660713
	speed: 0.0369s/iter; left time: 1572.8813s
	iters: 5700, epoch: 1 | loss: 0.0504438
	speed: 0.0371s/iter; left time: 1579.4562s
	iters: 5800, epoch: 1 | loss: 0.0608937
	speed: 0.0367s/iter; left time: 1556.9620s
	iters: 5900, epoch: 1 | loss: 0.0597260
	speed: 0.0367s/iter; left time: 1556.9563s
	iters: 6000, epoch: 1 | loss: 0.0471552
	speed: 0.0370s/iter; left time: 1563.1949s
Epoch: 1 cost time: 223.4910852909088
Epoch: 1, Steps: 6034 | Train Loss: 0.1079444 Vali Loss: 0.9731631 Test Loss: 0.5862243
Validation loss decreased (inf --> 0.973163).  Saving model ...
Updating learning rate to 0.0001
	iters: 100, epoch: 2 | loss: 0.0569508
	speed: 0.4578s/iter; left time: 19290.1747s
	iters: 200, epoch: 2 | loss: 0.0562182
	speed: 0.0374s/iter; left time: 1574.0521s
	iters: 300, epoch: 2 | loss: 0.0405076
	speed: 0.0369s/iter; left time: 1548.9963s
	iters: 400, epoch: 2 | loss: 0.0545234
	speed: 0.0368s/iter; left time: 1541.3222s
	iters: 500, epoch: 2 | loss: 0.0402160
	speed: 0.0371s/iter; left time: 1547.2589s
	iters: 600, epoch: 2 | loss: 0.0466860
	speed: 0.0372s/iter; left time: 1547.1671s
	iters: 700, epoch: 2 | loss: 0.0460298
	speed: 0.0369s/iter; left time: 1534.2085s
	iters: 800, epoch: 2 | loss: 0.0576523
	speed: 0.0370s/iter; left time: 1533.9458s
	iters: 900, epoch: 2 | loss: 0.0483835
	speed: 0.0369s/iter; left time: 1524.0341s
	iters: 1000, epoch: 2 | loss: 0.0591130
	speed: 0.0371s/iter; left time: 1532.0235s
	iters: 1100, epoch: 2 | loss: 0.0322324
	speed: 0.0371s/iter; left time: 1524.4421s
	iters: 1200, epoch: 2 | loss: 0.0522071
	speed: 0.0370s/iter; left time: 1516.6304s
	iters: 1300, epoch: 2 | loss: 0.0661051
	speed: 0.0370s/iter; left time: 1515.9441s
	iters: 1400, epoch: 2 | loss: 0.0392128
	speed: 0.0370s/iter; left time: 1509.3331s
	iters: 1500, epoch: 2 | loss: 0.0475618
	speed: 0.0370s/iter; left time: 1505.7039s
	iters: 1600, epoch: 2 | loss: 0.0396084
	speed: 0.0369s/iter; left time: 1498.2562s
	iters: 1700, epoch: 2 | loss: 0.0519954
	speed: 0.0369s/iter; left time: 1497.4762s
	iters: 1800, epoch: 2 | loss: 0.0458464
	speed: 0.0370s/iter; left time: 1496.4767s
	iters: 1900, epoch: 2 | loss: 0.0450734
	speed: 0.0369s/iter; left time: 1489.6831s
	iters: 2000, epoch: 2 | loss: 0.0338068
	speed: 0.0370s/iter; left time: 1487.1996s
	iters: 2100, epoch: 2 | loss: 0.0234972
	speed: 0.0372s/iter; left time: 1493.3183s
	iters: 2200, epoch: 2 | loss: 0.0423352
	speed: 0.0370s/iter; left time: 1480.3622s
	iters: 2300, epoch: 2 | loss: 0.0387575
	speed: 0.0367s/iter; left time: 1466.5601s
	iters: 2400, epoch: 2 | loss: 0.0208767
	speed: 0.0371s/iter; left time: 1476.2812s
	iters: 2500, epoch: 2 | loss: 0.0431491
	speed: 0.0368s/iter; left time: 1460.8667s
	iters: 2600, epoch: 2 | loss: 0.0422178
	speed: 0.0370s/iter; left time: 1467.1573s
	iters: 2700, epoch: 2 | loss: 0.0368223
	speed: 0.0371s/iter; left time: 1468.2336s
	iters: 2800, epoch: 2 | loss: 0.0410820
	speed: 0.0367s/iter; left time: 1446.1670s
	iters: 2900, epoch: 2 | loss: 0.0464711
	speed: 0.0369s/iter; left time: 1452.4396s
	iters: 3000, epoch: 2 | loss: 0.0372020
	speed: 0.0369s/iter; left time: 1449.3843s
	iters: 3100, epoch: 2 | loss: 0.0284953
	speed: 0.0371s/iter; left time: 1453.2639s
	iters: 3200, epoch: 2 | loss: 0.0368260
	speed: 0.0369s/iter; left time: 1439.3782s
	iters: 3300, epoch: 2 | loss: 0.0407271
	speed: 0.0370s/iter; left time: 1442.3877s
	iters: 3400, epoch: 2 | loss: 0.0383475
	speed: 0.0369s/iter; left time: 1431.3347s
	iters: 3500, epoch: 2 | loss: 0.0438595
	speed: 0.0372s/iter; left time: 1442.3250s
	iters: 3600, epoch: 2 | loss: 0.0295534
	speed: 0.0367s/iter; left time: 1419.4347s
	iters: 3700, epoch: 2 | loss: 0.0323095
	speed: 0.0372s/iter; left time: 1431.7900s
	iters: 3800, epoch: 2 | loss: 0.0302353
	speed: 0.0370s/iter; left time: 1421.8369s
	iters: 3900, epoch: 2 | loss: 0.0445020
	speed: 0.0371s/iter; left time: 1423.0352s
	iters: 4000, epoch: 2 | loss: 0.0331554
	speed: 0.0370s/iter; left time: 1416.1920s
	iters: 4100, epoch: 2 | loss: 0.0425836
	speed: 0.0368s/iter; left time: 1402.0507s
	iters: 4200, epoch: 2 | loss: 0.0496708
	speed: 0.0368s/iter; left time: 1398.0250s
	iters: 4300, epoch: 2 | loss: 0.0370676
	speed: 0.0372s/iter; left time: 1412.1644s
	iters: 4400, epoch: 2 | loss: 0.0284920
	speed: 0.0369s/iter; left time: 1396.9415s
	iters: 4500, epoch: 2 | loss: 0.0334051
	speed: 0.0369s/iter; left time: 1392.4320s
	iters: 4600, epoch: 2 | loss: 0.0447957
	speed: 0.0369s/iter; left time: 1387.5608s
	iters: 4700, epoch: 2 | loss: 0.0223402
	speed: 0.0373s/iter; left time: 1400.3354s
	iters: 4800, epoch: 2 | loss: 0.0303431
	speed: 0.0371s/iter; left time: 1387.6255s
	iters: 4900, epoch: 2 | loss: 0.0351894
	speed: 0.0368s/iter; left time: 1375.2122s
	iters: 5000, epoch: 2 | loss: 0.0316850
	speed: 0.0369s/iter; left time: 1375.3690s
	iters: 5100, epoch: 2 | loss: 0.0281102
	speed: 0.0370s/iter; left time: 1375.3310s
	iters: 5200, epoch: 2 | loss: 0.0251677
	speed: 0.0369s/iter; left time: 1365.3165s
	iters: 5300, epoch: 2 | loss: 0.0183586
	speed: 0.0369s/iter; left time: 1361.4524s
	iters: 5400, epoch: 2 | loss: 0.0512590
	speed: 0.0369s/iter; left time: 1360.6675s
	iters: 5500, epoch: 2 | loss: 0.0245230
	speed: 0.0371s/iter; left time: 1363.2051s
	iters: 5600, epoch: 2 | loss: 0.0274610
	speed: 0.0369s/iter; left time: 1352.3455s
	iters: 5700, epoch: 2 | loss: 0.0221960
	speed: 0.0368s/iter; left time: 1344.2567s
	iters: 5800, epoch: 2 | loss: 0.0347949
	speed: 0.0367s/iter; left time: 1338.7706s
	iters: 5900, epoch: 2 | loss: 0.0295250
	speed: 0.0372s/iter; left time: 1353.5157s
	iters: 6000, epoch: 2 | loss: 0.0343165
	speed: 0.0367s/iter; left time: 1330.7978s
Epoch: 2 cost time: 223.08759307861328
Epoch: 2, Steps: 6034 | Train Loss: 0.0391534 Vali Loss: 1.0716728 Test Loss: 0.5519215
EarlyStopping counter: 1 out of 3
Updating learning rate to 5e-05
	iters: 100, epoch: 3 | loss: 0.0261721
	speed: 0.4553s/iter; left time: 16439.2836s
	iters: 200, epoch: 3 | loss: 0.0249400
	speed: 0.0369s/iter; left time: 1328.5441s
	iters: 300, epoch: 3 | loss: 0.0309804
	speed: 0.0367s/iter; left time: 1318.8806s
	iters: 400, epoch: 3 | loss: 0.0265155
	speed: 0.0370s/iter; left time: 1325.7078s
	iters: 500, epoch: 3 | loss: 0.0242086
	speed: 0.0367s/iter; left time: 1311.4586s
	iters: 600, epoch: 3 | loss: 0.0252857
	speed: 0.0366s/iter; left time: 1304.8928s
	iters: 700, epoch: 3 | loss: 0.0247834
	speed: 0.0370s/iter; left time: 1312.9335s
	iters: 800, epoch: 3 | loss: 0.0169327
	speed: 0.0376s/iter; left time: 1332.4631s
	iters: 900, epoch: 3 | loss: 0.0218730
	speed: 0.0382s/iter; left time: 1349.3206s
	iters: 1000, epoch: 3 | loss: 0.0284527
	speed: 0.0419s/iter; left time: 1473.9530s
	iters: 1100, epoch: 3 | loss: 0.0212570
	speed: 0.0431s/iter; left time: 1512.5168s
	iters: 1200, epoch: 3 | loss: 0.0173474
	speed: 0.0471s/iter; left time: 1649.1081s
	iters: 1300, epoch: 3 | loss: 0.0154607
	speed: 0.0434s/iter; left time: 1515.8665s
	iters: 1400, epoch: 3 | loss: 0.0191598
	speed: 0.0420s/iter; left time: 1460.8867s
	iters: 1500, epoch: 3 | loss: 0.0248271
	speed: 0.0373s/iter; left time: 1293.1229s
	iters: 1600, epoch: 3 | loss: 0.0242681
	speed: 0.0374s/iter; left time: 1295.6751s
	iters: 1700, epoch: 3 | loss: 0.0224015
	speed: 0.0370s/iter; left time: 1278.1627s
	iters: 1800, epoch: 3 | loss: 0.0208007
	speed: 0.0371s/iter; left time: 1275.0164s
	iters: 1900, epoch: 3 | loss: 0.0256836
	speed: 0.0380s/iter; left time: 1302.9847s
	iters: 2000, epoch: 3 | loss: 0.0215189
	speed: 0.0371s/iter; left time: 1267.9012s
	iters: 2100, epoch: 3 | loss: 0.0207538
	speed: 0.0370s/iter; left time: 1262.1893s
	iters: 2200, epoch: 3 | loss: 0.0234240
	speed: 0.0375s/iter; left time: 1274.6917s
	iters: 2300, epoch: 3 | loss: 0.0203849
	speed: 0.0371s/iter; left time: 1258.4672s
	iters: 2400, epoch: 3 | loss: 0.0166458
	speed: 0.0370s/iter; left time: 1251.9582s
	iters: 2500, epoch: 3 | loss: 0.0159620
	speed: 0.0370s/iter; left time: 1247.8113s
	iters: 2600, epoch: 3 | loss: 0.0154904
	speed: 0.0370s/iter; left time: 1244.8603s
	iters: 2700, epoch: 3 | loss: 0.0186128
	speed: 0.0372s/iter; left time: 1246.1573s
	iters: 2800, epoch: 3 | loss: 0.0221620
	speed: 0.0370s/iter; left time: 1237.0949s
	iters: 2900, epoch: 3 | loss: 0.0266989
	speed: 0.0371s/iter; left time: 1235.3373s
	iters: 3000, epoch: 3 | loss: 0.0178886
	speed: 0.0371s/iter; left time: 1230.5336s
	iters: 3100, epoch: 3 | loss: 0.0220144
	speed: 0.0371s/iter; left time: 1227.3225s
	iters: 3200, epoch: 3 | loss: 0.0212701
	speed: 0.0371s/iter; left time: 1224.7474s
	iters: 3300, epoch: 3 | loss: 0.0161157
	speed: 0.0371s/iter; left time: 1221.3532s
	iters: 3400, epoch: 3 | loss: 0.0195415
	speed: 0.0370s/iter; left time: 1213.5054s
	iters: 3500, epoch: 3 | loss: 0.0154216
	speed: 0.0372s/iter; left time: 1215.1753s
	iters: 3600, epoch: 3 | loss: 0.0208594
	speed: 0.0371s/iter; left time: 1208.5418s
	iters: 3700, epoch: 3 | loss: 0.0247168
	speed: 0.0370s/iter; left time: 1201.5345s
	iters: 3800, epoch: 3 | loss: 0.0160180
	speed: 0.0369s/iter; left time: 1196.8624s
	iters: 3900, epoch: 3 | loss: 0.0194658
	speed: 0.0373s/iter; left time: 1205.2345s
	iters: 4000, epoch: 3 | loss: 0.0209705
	speed: 0.0371s/iter; left time: 1194.0466s
	iters: 4100, epoch: 3 | loss: 0.0193201
	speed: 0.0371s/iter; left time: 1191.6218s
	iters: 4200, epoch: 3 | loss: 0.0179185
	speed: 0.0370s/iter; left time: 1184.5859s
	iters: 4300, epoch: 3 | loss: 0.0150746
	speed: 0.0370s/iter; left time: 1180.1123s
	iters: 4400, epoch: 3 | loss: 0.0356855
	speed: 0.0373s/iter; left time: 1185.3368s
	iters: 4500, epoch: 3 | loss: 0.0186477
	speed: 0.0370s/iter; left time: 1173.5287s
	iters: 4600, epoch: 3 | loss: 0.0228324
	speed: 0.0370s/iter; left time: 1168.1712s
	iters: 4700, epoch: 3 | loss: 0.0188885
	speed: 0.0370s/iter; left time: 1165.6308s
	iters: 4800, epoch: 3 | loss: 0.0184921
	speed: 0.0372s/iter; left time: 1169.3335s
	iters: 4900, epoch: 3 | loss: 0.0193932
	speed: 0.0369s/iter; left time: 1156.5989s
	iters: 5000, epoch: 3 | loss: 0.0204570
	speed: 0.0370s/iter; left time: 1155.1350s
	iters: 5100, epoch: 3 | loss: 0.0172259
	speed: 0.0369s/iter; left time: 1148.8114s
	iters: 5200, epoch: 3 | loss: 0.0144879
	speed: 0.0373s/iter; left time: 1156.9731s
	iters: 5300, epoch: 3 | loss: 0.0222604
	speed: 0.0369s/iter; left time: 1140.1862s
	iters: 5400, epoch: 3 | loss: 0.0105987
	speed: 0.0371s/iter; left time: 1141.8025s
	iters: 5500, epoch: 3 | loss: 0.0159264
	speed: 0.0371s/iter; left time: 1138.8636s
	iters: 5600, epoch: 3 | loss: 0.0160238
	speed: 0.0372s/iter; left time: 1138.7325s
	iters: 5700, epoch: 3 | loss: 0.0170574
	speed: 0.0372s/iter; left time: 1133.5628s
	iters: 5800, epoch: 3 | loss: 0.0190810
	speed: 0.0370s/iter; left time: 1124.9167s
	iters: 5900, epoch: 3 | loss: 0.0127000
	speed: 0.0370s/iter; left time: 1120.5888s
	iters: 6000, epoch: 3 | loss: 0.0180605
	speed: 0.0373s/iter; left time: 1126.0716s
Epoch: 3 cost time: 227.0994622707367
Epoch: 3, Steps: 6034 | Train Loss: 0.0203999 Vali Loss: 1.0347108 Test Loss: 0.5450692
EarlyStopping counter: 2 out of 3
Updating learning rate to 2.5e-05
	iters: 100, epoch: 4 | loss: 0.0198552
	speed: 0.4574s/iter; left time: 13754.5113s
	iters: 200, epoch: 4 | loss: 0.0144012
	speed: 0.0370s/iter; left time: 1108.9692s
	iters: 300, epoch: 4 | loss: 0.0124446
	speed: 0.0371s/iter; left time: 1108.3313s
	iters: 400, epoch: 4 | loss: 0.0152828
	speed: 0.0369s/iter; left time: 1098.5650s
	iters: 500, epoch: 4 | loss: 0.0177650
	speed: 0.0371s/iter; left time: 1099.3410s
	iters: 600, epoch: 4 | loss: 0.0136373
	speed: 0.0369s/iter; left time: 1091.2290s
	iters: 700, epoch: 4 | loss: 0.0122434
	speed: 0.0369s/iter; left time: 1088.1207s
	iters: 800, epoch: 4 | loss: 0.0226696
	speed: 0.0369s/iter; left time: 1083.1687s
	iters: 900, epoch: 4 | loss: 0.0132150
	speed: 0.0369s/iter; left time: 1081.1017s
	iters: 1000, epoch: 4 | loss: 0.0108689
	speed: 0.0369s/iter; left time: 1076.2467s
	iters: 1100, epoch: 4 | loss: 0.0133090
	speed: 0.0370s/iter; left time: 1074.4565s
	iters: 1200, epoch: 4 | loss: 0.0177967
	speed: 0.0369s/iter; left time: 1067.7048s
	iters: 1300, epoch: 4 | loss: 0.0140937
	speed: 0.0371s/iter; left time: 1070.7944s
	iters: 1400, epoch: 4 | loss: 0.0103267
	speed: 0.0369s/iter; left time: 1063.0731s
	iters: 1500, epoch: 4 | loss: 0.0203121
	speed: 0.0367s/iter; left time: 1052.9992s
	iters: 1600, epoch: 4 | loss: 0.0140198
	speed: 0.0373s/iter; left time: 1064.8835s
	iters: 1700, epoch: 4 | loss: 0.0125678
	speed: 0.0371s/iter; left time: 1055.9038s
	iters: 1800, epoch: 4 | loss: 0.0130879
	speed: 0.0370s/iter; left time: 1050.4078s
	iters: 1900, epoch: 4 | loss: 0.0144861
	speed: 0.0368s/iter; left time: 1039.5146s
	iters: 2000, epoch: 4 | loss: 0.0111778
	speed: 0.0368s/iter; left time: 1037.2713s
	iters: 2100, epoch: 4 | loss: 0.0143197
	speed: 0.0372s/iter; left time: 1045.1352s
	iters: 2200, epoch: 4 | loss: 0.0185619
	speed: 0.0370s/iter; left time: 1036.3099s
	iters: 2300, epoch: 4 | loss: 0.0136993
	speed: 0.0370s/iter; left time: 1030.4973s
	iters: 2400, epoch: 4 | loss: 0.0138850
	speed: 0.0369s/iter; left time: 1023.9064s
	iters: 2500, epoch: 4 | loss: 0.0156714
	speed: 0.0372s/iter; left time: 1028.4795s
	iters: 2600, epoch: 4 | loss: 0.0162281
	speed: 0.0369s/iter; left time: 1017.4817s
	iters: 2700, epoch: 4 | loss: 0.0180418
	speed: 0.0370s/iter; left time: 1015.2476s
	iters: 2800, epoch: 4 | loss: 0.0195969
	speed: 0.0369s/iter; left time: 1009.3882s
	iters: 2900, epoch: 4 | loss: 0.0173069
	speed: 0.0372s/iter; left time: 1014.2503s
	iters: 3000, epoch: 4 | loss: 0.0149595
	speed: 0.0368s/iter; left time: 1000.9636s
	iters: 3100, epoch: 4 | loss: 0.0158969
	speed: 0.0369s/iter; left time: 1000.0291s
	iters: 3200, epoch: 4 | loss: 0.0121469
	speed: 0.0369s/iter; left time: 995.9878s
	iters: 3300, epoch: 4 | loss: 0.0126653
	speed: 0.0375s/iter; left time: 1008.6066s
	iters: 3400, epoch: 4 | loss: 0.0138786
	speed: 0.0367s/iter; left time: 983.7006s
	iters: 3500, epoch: 4 | loss: 0.0203953
	speed: 0.0369s/iter; left time: 983.7131s
	iters: 3600, epoch: 4 | loss: 0.0099047
	speed: 0.0369s/iter; left time: 979.6759s
	iters: 3700, epoch: 4 | loss: 0.0130428
	speed: 0.0371s/iter; left time: 982.9776s
	iters: 3800, epoch: 4 | loss: 0.0210275
	speed: 0.0370s/iter; left time: 974.6005s
	iters: 3900, epoch: 4 | loss: 0.0151119
	speed: 0.0368s/iter; left time: 966.7283s
	iters: 4000, epoch: 4 | loss: 0.0145237
	speed: 0.0367s/iter; left time: 960.9653s
	iters: 4100, epoch: 4 | loss: 0.0183188
	speed: 0.0373s/iter; left time: 973.4510s
	iters: 4200, epoch: 4 | loss: 0.0109332
	speed: 0.0368s/iter; left time: 955.2119s
	iters: 4300, epoch: 4 | loss: 0.0096023
	speed: 0.0369s/iter; left time: 955.3446s
	iters: 4400, epoch: 4 | loss: 0.0129176
	speed: 0.0370s/iter; left time: 952.9094s
	iters: 4500, epoch: 4 | loss: 0.0129921
	speed: 0.0370s/iter; left time: 950.9004s
	iters: 4600, epoch: 4 | loss: 0.0153586
	speed: 0.0368s/iter; left time: 941.4952s
	iters: 4700, epoch: 4 | loss: 0.0116750
	speed: 0.0369s/iter; left time: 939.3471s
	iters: 4800, epoch: 4 | loss: 0.0172193
	speed: 0.0369s/iter; left time: 935.3667s
	iters: 4900, epoch: 4 | loss: 0.0109557
	speed: 0.0371s/iter; left time: 937.5636s
	iters: 5000, epoch: 4 | loss: 0.0126581
	speed: 0.0368s/iter; left time: 925.9518s
	iters: 5100, epoch: 4 | loss: 0.0115840
	speed: 0.0370s/iter; left time: 927.8322s
	iters: 5200, epoch: 4 | loss: 0.0155126
	speed: 0.0369s/iter; left time: 920.8094s
	iters: 5300, epoch: 4 | loss: 0.0121282
	speed: 0.0371s/iter; left time: 921.6408s
	iters: 5400, epoch: 4 | loss: 0.0089925
	speed: 0.0369s/iter; left time: 914.5383s
	iters: 5500, epoch: 4 | loss: 0.0090230
	speed: 0.0369s/iter; left time: 909.5510s
	iters: 5600, epoch: 4 | loss: 0.0155963
	speed: 0.0397s/iter; left time: 976.3457s
	iters: 5700, epoch: 4 | loss: 0.0201246
	speed: 0.0381s/iter; left time: 932.9878s
	iters: 5800, epoch: 4 | loss: 0.0145996
	speed: 0.0368s/iter; left time: 895.6885s
	iters: 5900, epoch: 4 | loss: 0.0166884
	speed: 0.0369s/iter; left time: 894.4263s
	iters: 6000, epoch: 4 | loss: 0.0259813
	speed: 0.0369s/iter; left time: 892.5691s
Epoch: 4 cost time: 223.38536405563354
Epoch: 4, Steps: 6034 | Train Loss: 0.0148295 Vali Loss: 0.9120249 Test Loss: 0.4592292
Validation loss decreased (0.973163 --> 0.912025).  Saving model ...
Updating learning rate to 1.25e-05
	iters: 100, epoch: 5 | loss: 0.0118324
	speed: 0.4568s/iter; left time: 10980.8607s
	iters: 200, epoch: 5 | loss: 0.0134235
	speed: 0.0373s/iter; left time: 891.7940s
	iters: 300, epoch: 5 | loss: 0.0103848
	speed: 0.0368s/iter; left time: 878.3368s
	iters: 400, epoch: 5 | loss: 0.0087647
	speed: 0.0368s/iter; left time: 873.9977s
	iters: 500, epoch: 5 | loss: 0.0117251
	speed: 0.0369s/iter; left time: 872.5881s
	iters: 600, epoch: 5 | loss: 0.0113000
	speed: 0.0367s/iter; left time: 863.6620s
	iters: 700, epoch: 5 | loss: 0.0105114
	speed: 0.0369s/iter; left time: 865.7083s
	iters: 800, epoch: 5 | loss: 0.0111317
	speed: 0.0368s/iter; left time: 859.2150s
	iters: 900, epoch: 5 | loss: 0.0104028
	speed: 0.0368s/iter; left time: 855.3148s
	iters: 1000, epoch: 5 | loss: 0.0138696
	speed: 0.0375s/iter; left time: 868.5294s
	iters: 1100, epoch: 5 | loss: 0.0088810
	speed: 0.0368s/iter; left time: 848.0660s
	iters: 1200, epoch: 5 | loss: 0.0132269
	speed: 0.0370s/iter; left time: 848.3495s
	iters: 1300, epoch: 5 | loss: 0.0117448
	speed: 0.0366s/iter; left time: 836.5828s
	iters: 1400, epoch: 5 | loss: 0.0161853
	speed: 0.0369s/iter; left time: 838.7575s
	iters: 1500, epoch: 5 | loss: 0.0073604
	speed: 0.0369s/iter; left time: 835.2425s
	iters: 1600, epoch: 5 | loss: 0.0161202
	speed: 0.0371s/iter; left time: 836.2499s
	iters: 1700, epoch: 5 | loss: 0.0134956
	speed: 0.0369s/iter; left time: 826.8551s
	iters: 1800, epoch: 5 | loss: 0.0085404
	speed: 0.0370s/iter; left time: 827.4301s
	iters: 1900, epoch: 5 | loss: 0.0092590
	speed: 0.0369s/iter; left time: 821.1228s
	iters: 2000, epoch: 5 | loss: 0.0116118
	speed: 0.0369s/iter; left time: 816.6716s
	iters: 2100, epoch: 5 | loss: 0.0151826
	speed: 0.0371s/iter; left time: 817.8066s
	iters: 2200, epoch: 5 | loss: 0.0143566
	speed: 0.0370s/iter; left time: 811.1674s
	iters: 2300, epoch: 5 | loss: 0.0111088
	speed: 0.0369s/iter; left time: 806.6153s
	iters: 2400, epoch: 5 | loss: 0.0138093
	speed: 0.0369s/iter; left time: 801.9719s
	iters: 2500, epoch: 5 | loss: 0.0097730
	speed: 0.0368s/iter; left time: 795.4434s
	iters: 2600, epoch: 5 | loss: 0.0130953
	speed: 0.0373s/iter; left time: 803.1673s
	iters: 2700, epoch: 5 | loss: 0.0144931
	speed: 0.0375s/iter; left time: 804.0770s
	iters: 2800, epoch: 5 | loss: 0.0132568
	speed: 0.0361s/iter; left time: 771.2702s
	iters: 2900, epoch: 5 | loss: 0.0131898
	speed: 0.0370s/iter; left time: 784.7333s
	iters: 3000, epoch: 5 | loss: 0.0144065
	speed: 0.0370s/iter; left time: 781.9003s
	iters: 3100, epoch: 5 | loss: 0.0102202
	speed: 0.0372s/iter; left time: 782.1764s
	iters: 3200, epoch: 5 | loss: 0.0075370
	speed: 0.0370s/iter; left time: 774.5427s
	iters: 3300, epoch: 5 | loss: 0.0121094
	speed: 0.0371s/iter; left time: 772.6748s
	iters: 3400, epoch: 5 | loss: 0.0112957
	speed: 0.0368s/iter; left time: 762.6262s
	iters: 3500, epoch: 5 | loss: 0.0201939
	speed: 0.0374s/iter; left time: 771.1772s
	iters: 3600, epoch: 5 | loss: 0.0105966
	speed: 0.0368s/iter; left time: 755.5945s
	iters: 3700, epoch: 5 | loss: 0.0129938
	speed: 0.0369s/iter; left time: 754.5135s
	iters: 3800, epoch: 5 | loss: 0.0097718
	speed: 0.0370s/iter; left time: 753.2511s
	iters: 3900, epoch: 5 | loss: 0.0083127
	speed: 0.0371s/iter; left time: 750.0673s
	iters: 4000, epoch: 5 | loss: 0.0096720
	speed: 0.0369s/iter; left time: 742.4232s
	iters: 4100, epoch: 5 | loss: 0.0089265
	speed: 0.0368s/iter; left time: 737.8829s
	iters: 4200, epoch: 5 | loss: 0.0168740
	speed: 0.0370s/iter; left time: 737.4408s
	iters: 4300, epoch: 5 | loss: 0.0122610
	speed: 0.0371s/iter; left time: 736.3331s
	iters: 4400, epoch: 5 | loss: 0.0099549
	speed: 0.0370s/iter; left time: 730.0229s
	iters: 4500, epoch: 5 | loss: 0.0089456
	speed: 0.0369s/iter; left time: 723.9148s
	iters: 4600, epoch: 5 | loss: 0.0080627
	speed: 0.0371s/iter; left time: 723.9151s
	iters: 4700, epoch: 5 | loss: 0.0143053
	speed: 0.0370s/iter; left time: 719.8206s
	iters: 4800, epoch: 5 | loss: 0.0093665
	speed: 0.0368s/iter; left time: 711.8901s
	iters: 4900, epoch: 5 | loss: 0.0109412
	speed: 0.0370s/iter; left time: 711.3053s
	iters: 5000, epoch: 5 | loss: 0.0119981
	speed: 0.0367s/iter; left time: 702.3144s
	iters: 5100, epoch: 5 | loss: 0.0111660
	speed: 0.0373s/iter; left time: 710.8182s
	iters: 5200, epoch: 5 | loss: 0.0094816
	speed: 0.0368s/iter; left time: 697.4706s
	iters: 5300, epoch: 5 | loss: 0.0111536
	speed: 0.0369s/iter; left time: 695.0355s
	iters: 5400, epoch: 5 | loss: 0.0116301
	speed: 0.0372s/iter; left time: 697.2898s
	iters: 5500, epoch: 5 | loss: 0.0099648
	speed: 0.0369s/iter; left time: 688.4414s
	iters: 5600, epoch: 5 | loss: 0.0124111
	speed: 0.0367s/iter; left time: 680.5007s
	iters: 5700, epoch: 5 | loss: 0.0113181
	speed: 0.0370s/iter; left time: 681.4288s
	iters: 5800, epoch: 5 | loss: 0.0158605
	speed: 0.0368s/iter; left time: 674.2031s
	iters: 5900, epoch: 5 | loss: 0.0114331
	speed: 0.0369s/iter; left time: 673.6242s
	iters: 6000, epoch: 5 | loss: 0.0076946
	speed: 0.0369s/iter; left time: 669.2092s
Epoch: 5 cost time: 222.9518256187439
Epoch: 5, Steps: 6034 | Train Loss: 0.0126954 Vali Loss: 0.9790731 Test Loss: 0.5110320
EarlyStopping counter: 1 out of 3
Updating learning rate to 6.25e-06
	iters: 100, epoch: 6 | loss: 0.0162821
	speed: 0.4560s/iter; left time: 8208.9270s
	iters: 200, epoch: 6 | loss: 0.0118707
	speed: 0.0367s/iter; left time: 657.2777s
	iters: 300, epoch: 6 | loss: 0.0149688
	speed: 0.0367s/iter; left time: 652.6148s
	iters: 400, epoch: 6 | loss: 0.0134653
	speed: 0.0371s/iter; left time: 657.5440s
	iters: 500, epoch: 6 | loss: 0.0177329
	speed: 0.0371s/iter; left time: 653.0772s
	iters: 600, epoch: 6 | loss: 0.0178696
	speed: 0.0368s/iter; left time: 643.5193s
	iters: 700, epoch: 6 | loss: 0.0118794
	speed: 0.0369s/iter; left time: 641.8655s
	iters: 800, epoch: 6 | loss: 0.0114313
	speed: 0.0371s/iter; left time: 641.6336s
	iters: 900, epoch: 6 | loss: 0.0091236
	speed: 0.0368s/iter; left time: 632.4950s
	iters: 1000, epoch: 6 | loss: 0.0126527
	speed: 0.0369s/iter; left time: 631.7405s
	iters: 1100, epoch: 6 | loss: 0.0128149
	speed: 0.0370s/iter; left time: 628.3107s
	iters: 1200, epoch: 6 | loss: 0.0103405
	speed: 0.0370s/iter; left time: 625.1715s
	iters: 1300, epoch: 6 | loss: 0.0092316
	speed: 0.0370s/iter; left time: 621.6071s
	iters: 1400, epoch: 6 | loss: 0.0127334
	speed: 0.0369s/iter; left time: 615.9391s
	iters: 1500, epoch: 6 | loss: 0.0105702
	speed: 0.0368s/iter; left time: 610.6825s
	iters: 1600, epoch: 6 | loss: 0.0136080
	speed: 0.0371s/iter; left time: 611.5325s
	iters: 1700, epoch: 6 | loss: 0.0182890
	speed: 0.0370s/iter; left time: 606.5008s
	iters: 1800, epoch: 6 | loss: 0.0090787
	speed: 0.0371s/iter; left time: 604.3277s
	iters: 1900, epoch: 6 | loss: 0.0090351
	speed: 0.0371s/iter; left time: 600.9579s
	iters: 2000, epoch: 6 | loss: 0.0098579
	speed: 0.0373s/iter; left time: 600.5550s
	iters: 2100, epoch: 6 | loss: 0.0107852
	speed: 0.0370s/iter; left time: 592.7104s
	iters: 2200, epoch: 6 | loss: 0.0112217
	speed: 0.0369s/iter; left time: 586.4769s
	iters: 2300, epoch: 6 | loss: 0.0077140
	speed: 0.0368s/iter; left time: 581.3592s
	iters: 2400, epoch: 6 | loss: 0.0148210
	speed: 0.0372s/iter; left time: 584.0809s
	iters: 2500, epoch: 6 | loss: 0.0124083
	speed: 0.0369s/iter; left time: 575.2868s
	iters: 2600, epoch: 6 | loss: 0.0104440
	speed: 0.0371s/iter; left time: 574.4089s
	iters: 2700, epoch: 6 | loss: 0.0124161
	speed: 0.0370s/iter; left time: 569.3742s
	iters: 2800, epoch: 6 | loss: 0.0093489
	speed: 0.0373s/iter; left time: 570.4598s
	iters: 2900, epoch: 6 | loss: 0.0099425
	speed: 0.0373s/iter; left time: 566.4686s
	iters: 3000, epoch: 6 | loss: 0.0098997
	speed: 0.0369s/iter; left time: 558.0131s
	iters: 3100, epoch: 6 | loss: 0.0102042
	speed: 0.0368s/iter; left time: 551.9540s
	iters: 3200, epoch: 6 | loss: 0.0094648
	speed: 0.0373s/iter; left time: 555.4848s
	iters: 3300, epoch: 6 | loss: 0.0134689
	speed: 0.0370s/iter; left time: 546.9998s
	iters: 3400, epoch: 6 | loss: 0.0119108
	speed: 0.0368s/iter; left time: 540.5626s
	iters: 3500, epoch: 6 | loss: 0.0078257
	speed: 0.0370s/iter; left time: 539.5915s
	iters: 3600, epoch: 6 | loss: 0.0128700
	speed: 0.0372s/iter; left time: 538.9879s
	iters: 3700, epoch: 6 | loss: 0.0115025
	speed: 0.0370s/iter; left time: 533.1933s
	iters: 3800, epoch: 6 | loss: 0.0105939
	speed: 0.0370s/iter; left time: 528.6026s
	iters: 3900, epoch: 6 | loss: 0.0150836
	speed: 0.0369s/iter; left time: 523.6909s
	iters: 4000, epoch: 6 | loss: 0.0079382
	speed: 0.0371s/iter; left time: 523.6705s
	iters: 4100, epoch: 6 | loss: 0.0100930
	speed: 0.0368s/iter; left time: 515.8404s
	iters: 4200, epoch: 6 | loss: 0.0115495
	speed: 0.0368s/iter; left time: 512.1489s
	iters: 4300, epoch: 6 | loss: 0.0133621
	speed: 0.0371s/iter; left time: 512.1162s
	iters: 4400, epoch: 6 | loss: 0.0125968
	speed: 0.0370s/iter; left time: 506.6289s
	iters: 4500, epoch: 6 | loss: 0.0151383
	speed: 0.0369s/iter; left time: 501.7067s
	iters: 4600, epoch: 6 | loss: 0.0131523
	speed: 0.0370s/iter; left time: 499.0839s
	iters: 4700, epoch: 6 | loss: 0.0138425
	speed: 0.0369s/iter; left time: 494.7471s
	iters: 4800, epoch: 6 | loss: 0.0107894
	speed: 0.0371s/iter; left time: 493.5630s
	iters: 4900, epoch: 6 | loss: 0.0106837
	speed: 0.0372s/iter; left time: 490.6703s
	iters: 5000, epoch: 6 | loss: 0.0108949
	speed: 0.0369s/iter; left time: 483.5464s
	iters: 5100, epoch: 6 | loss: 0.0105437
	speed: 0.0375s/iter; left time: 487.1337s
	iters: 5200, epoch: 6 | loss: 0.0102012
	speed: 0.0368s/iter; left time: 474.8904s
	iters: 5300, epoch: 6 | loss: 0.0137275
	speed: 0.0374s/iter; left time: 478.8057s
	iters: 5400, epoch: 6 | loss: 0.0148684
	speed: 0.0371s/iter; left time: 471.5783s
	iters: 5500, epoch: 6 | loss: 0.0108997
	speed: 0.0369s/iter; left time: 465.3320s
	iters: 5600, epoch: 6 | loss: 0.0120072
	speed: 0.0370s/iter; left time: 462.5269s
	iters: 5700, epoch: 6 | loss: 0.0065620
	speed: 0.0374s/iter; left time: 464.1051s
	iters: 5800, epoch: 6 | loss: 0.0193078
	speed: 0.0368s/iter; left time: 452.1995s
	iters: 5900, epoch: 6 | loss: 0.0088969
	speed: 0.0371s/iter; left time: 452.7686s
	iters: 6000, epoch: 6 | loss: 0.0124675
	speed: 0.0369s/iter; left time: 447.0766s
Epoch: 6 cost time: 223.26465153694153
Epoch: 6, Steps: 6034 | Train Loss: 0.0117318 Vali Loss: 0.9715526 Test Loss: 0.5230377
EarlyStopping counter: 2 out of 3
Updating learning rate to 3.125e-06
	iters: 100, epoch: 7 | loss: 0.0156659
	speed: 0.4569s/iter; left time: 5468.9510s
	iters: 200, epoch: 7 | loss: 0.0087944
	speed: 0.0369s/iter; left time: 438.1852s
	iters: 300, epoch: 7 | loss: 0.0152690
	speed: 0.0367s/iter; left time: 432.2882s
	iters: 400, epoch: 7 | loss: 0.0148522
	speed: 0.0372s/iter; left time: 434.6100s
	iters: 500, epoch: 7 | loss: 0.0097435
	speed: 0.0370s/iter; left time: 428.4903s
	iters: 600, epoch: 7 | loss: 0.0131492
	speed: 0.0373s/iter; left time: 427.3998s
	iters: 700, epoch: 7 | loss: 0.0074483
	speed: 0.0370s/iter; left time: 420.6351s
	iters: 800, epoch: 7 | loss: 0.0072220
	speed: 0.0368s/iter; left time: 414.4571s
	iters: 900, epoch: 7 | loss: 0.0124067
	speed: 0.0369s/iter; left time: 411.8301s
	iters: 1000, epoch: 7 | loss: 0.0101843
	speed: 0.0373s/iter; left time: 412.6520s
	iters: 1100, epoch: 7 | loss: 0.0115094
	speed: 0.0370s/iter; left time: 405.4683s
	iters: 1200, epoch: 7 | loss: 0.0118208
	speed: 0.0369s/iter; left time: 401.1779s
	iters: 1300, epoch: 7 | loss: 0.0101220
	speed: 0.0370s/iter; left time: 398.2323s
	iters: 1400, epoch: 7 | loss: 0.0100355
	speed: 0.0370s/iter; left time: 395.2411s
	iters: 1500, epoch: 7 | loss: 0.0083311
	speed: 0.0371s/iter; left time: 392.6371s
	iters: 1600, epoch: 7 | loss: 0.0112703
	speed: 0.0368s/iter; left time: 385.6144s
	iters: 1700, epoch: 7 | loss: 0.0075799
	speed: 0.0368s/iter; left time: 381.7212s
	iters: 1800, epoch: 7 | loss: 0.0073555
	speed: 0.0376s/iter; left time: 386.0918s
	iters: 1900, epoch: 7 | loss: 0.0057547
	speed: 0.0369s/iter; left time: 374.7430s
	iters: 2000, epoch: 7 | loss: 0.0115688
	speed: 0.0369s/iter; left time: 371.8259s
	iters: 2100, epoch: 7 | loss: 0.0106913
	speed: 0.0369s/iter; left time: 368.1151s
	iters: 2200, epoch: 7 | loss: 0.0116618
	speed: 0.0370s/iter; left time: 364.7101s
	iters: 2300, epoch: 7 | loss: 0.0136200
	speed: 0.0371s/iter; left time: 362.0272s
	iters: 2400, epoch: 7 | loss: 0.0067030
	speed: 0.0370s/iter; left time: 357.6502s
	iters: 2500, epoch: 7 | loss: 0.0132208
	speed: 0.0368s/iter; left time: 352.4558s
	iters: 2600, epoch: 7 | loss: 0.0145744
	speed: 0.0373s/iter; left time: 352.7675s
	iters: 2700, epoch: 7 | loss: 0.0095687
	speed: 0.0369s/iter; left time: 345.7719s
	iters: 2800, epoch: 7 | loss: 0.0066657
	speed: 0.0369s/iter; left time: 341.5651s
	iters: 2900, epoch: 7 | loss: 0.0156541
	speed: 0.0372s/iter; left time: 340.6328s
	iters: 3000, epoch: 7 | loss: 0.0111776
	speed: 0.0370s/iter; left time: 335.9128s
	iters: 3100, epoch: 7 | loss: 0.0102314
	speed: 0.0371s/iter; left time: 332.7329s
	iters: 3200, epoch: 7 | loss: 0.0107780
	speed: 0.0371s/iter; left time: 328.8777s
	iters: 3300, epoch: 7 | loss: 0.0091547
	speed: 0.0368s/iter; left time: 322.9334s
	iters: 3400, epoch: 7 | loss: 0.0109448
	speed: 0.0373s/iter; left time: 322.9302s
	iters: 3500, epoch: 7 | loss: 0.0133004
	speed: 0.0369s/iter; left time: 316.3073s
	iters: 3600, epoch: 7 | loss: 0.0157829
	speed: 0.0369s/iter; left time: 312.4596s
	iters: 3700, epoch: 7 | loss: 0.0138134
	speed: 0.0372s/iter; left time: 310.9792s
	iters: 3800, epoch: 7 | loss: 0.0113623
	speed: 0.0373s/iter; left time: 308.0796s
	iters: 3900, epoch: 7 | loss: 0.0110038
	speed: 0.0369s/iter; left time: 301.5315s
	iters: 4000, epoch: 7 | loss: 0.0110735
	speed: 0.0370s/iter; left time: 298.9534s
	iters: 4100, epoch: 7 | loss: 0.0122423
	speed: 0.0369s/iter; left time: 294.1216s
	iters: 4200, epoch: 7 | loss: 0.0086319
	speed: 0.0375s/iter; left time: 295.4706s
	iters: 4300, epoch: 7 | loss: 0.0118004
	speed: 0.0371s/iter; left time: 288.2428s
	iters: 4400, epoch: 7 | loss: 0.0060035
	speed: 0.0369s/iter; left time: 283.0693s
	iters: 4500, epoch: 7 | loss: 0.0147262
	speed: 0.0372s/iter; left time: 281.7448s
	iters: 4600, epoch: 7 | loss: 0.0155094
	speed: 0.0373s/iter; left time: 278.5080s
	iters: 4700, epoch: 7 | loss: 0.0109279
	speed: 0.0369s/iter; left time: 271.6604s
	iters: 4800, epoch: 7 | loss: 0.0098941
	speed: 0.0371s/iter; left time: 269.3812s
	iters: 4900, epoch: 7 | loss: 0.0120920
	speed: 0.0369s/iter; left time: 264.7066s
	iters: 5000, epoch: 7 | loss: 0.0119743
	speed: 0.0373s/iter; left time: 263.5221s
	iters: 5100, epoch: 7 | loss: 0.0219181
	speed: 0.0370s/iter; left time: 258.0626s
	iters: 5200, epoch: 7 | loss: 0.0125778
	speed: 0.0369s/iter; left time: 253.4531s
	iters: 5300, epoch: 7 | loss: 0.0179136
	speed: 0.0371s/iter; left time: 251.1054s
	iters: 5400, epoch: 7 | loss: 0.0118062
	speed: 0.0373s/iter; left time: 248.5669s
	iters: 5500, epoch: 7 | loss: 0.0129852
	speed: 0.0369s/iter; left time: 242.5357s
	iters: 5600, epoch: 7 | loss: 0.0109404
	speed: 0.0369s/iter; left time: 239.0235s
	iters: 5700, epoch: 7 | loss: 0.0118666
	speed: 0.0371s/iter; left time: 235.9718s
	iters: 5800, epoch: 7 | loss: 0.0105605
	speed: 0.0370s/iter; left time: 231.8843s
	iters: 5900, epoch: 7 | loss: 0.0095636
	speed: 0.0369s/iter; left time: 227.8677s
	iters: 6000, epoch: 7 | loss: 0.0111728
	speed: 0.0369s/iter; left time: 223.6578s
Epoch: 7 cost time: 223.44680953025818
Epoch: 7, Steps: 6034 | Train Loss: 0.0112724 Vali Loss: 0.9616237 Test Loss: 0.5088906
EarlyStopping counter: 3 out of 3
Early stopping
>>>>>>>testing : informerstack_custom_ftMS_sl336_ll168_pl168_dm256_nh8_el3_dl3_df1024_atprob_fc5_ebtimeF_dtTrue_mxTrue_exp_129_0<<<<<<<<<<<<<<<<<<<<<<<<<<<<<<<<<
test 13769
test shape: (1721, 8, 168, 1) (1721, 8, 168, 1)
test shape: (13768, 168, 1) (13768, 168, 1)
mse:0.45980581641197205, mae:0.5765184164047241, r2:-1.6957767009735107


Parsed metrics from Informer output (normalized scale):
  MSE:  0.4598
  MAE:  0.5765
  RMSE: 0.6781
  R2:   -1.6958

Metrics after inverse transformation (original scale):
  MSE:  59.7629
  MAE:  6.5727
  RMSE: 7.7306
  R2:   -1.6958
Warning: Failed to record experiment: 'gbk' codec can't encode character '\u2713' in position 0: illegal multibyte sequence
  Training time: 1881.95s
  RMSE: 7.7306
  MAE:  6.5727
  R2:   -1.6958

Saving results...
  Model: Native Informer (saved in external/Informer2020/checkpoints/)
  Predictions: Not saved (native Informer handles this internally)
  Metrics: E:\ANUS_learning\MSI5001-power-transformer-oil-temperature-prediction\models\experiments\exp_129_metrics.json
  Plot: Skipped (native Informer handles visualization internally)

======================================================================
Experiment complete: exp_129
======================================================================

======================================================================
Completed: 2025-11-07 21:45:39
Return code: 0
======================================================================
