======================================================================
Experiment Log
Started: 2025-11-08 00:17:04
Command: C:\ProgramData\anaconda3\python.exe -m scripts.train_configurable --tx-id 2 --model Informer-Long --split-method chronological --feature-mode full --lookback-multiplier 4.0 --horizon 168 --experiment-name exp_133 --data-suffix _no_outlier --train-epochs 50 --learning-rate 5e-05 --patience 10
======================================================================

======================================================================
Experiment: exp_133
======================================================================
Transformer:     TX2
Model:           Informer-Long
Split method:    chronological
Feature mode:    full
Data suffix:     _no_outlier

Loading data...
  Total samples: 69680
  Features: 17 columns

Window config: WindowConfig(horizon=168, lookback=672, gap=0)
Creating sliding windows for Informer-Long (keeping sequence structure)...
  Created 68840 windows (shape: (68840, 672, 17))
Splitting windows (chronological, 20% test)...
  Train: 55072 windows
  Test:  13768 windows

Training Informer-Long...

Calling native Informer from: E:\ANUS_learning\MSI5001-power-transformer-oil-temperature-prediction\external\Informer2020
Command: C:\ProgramData\anaconda3\python.exe E:\ANUS_learning\MSI5001-power-transformer-oil-temperature-prediction\external\Informer2020\main_informer.py --model informerstack --data custom --root_path ./data/ --data_path TX2.csv --features MS --target OT --freq h --seq_len 336 --label_len 168 --pred_len 168 --enc_in 6 --dec_in 1 --c_out 1 --d_model 256 --n_heads 8 --e_layers 3 --d_layers 1 --d_ff 1024 --factor 5 --dropout 0.05 --attn prob --embed timeF --activation gelu --batch_size 8 --train_epochs 50 --patience 10 --learning_rate 5e-05 --des exp_133 --itr 1
Args in experiment:
Namespace(model='informerstack', data='custom', root_path='./data/', data_path='TX1.csv', features='MS', target='OT', freq='h', checkpoints='./checkpoints/', seq_len=336, label_len=168, pred_len=168, enc_in=6, dec_in=1, c_out=1, d_model=256, n_heads=8, e_layers=3, d_layers=1, s_layers=[3, 2, 1], d_ff=1024, factor=5, padding=0, distil=True, dropout=0.05, attn='prob', embed='timeF', activation='gelu', output_attention=False, do_predict=False, mix=True, cols=None, num_workers=0, itr=1, train_epochs=50, batch_size=8, patience=10, learning_rate=5e-05, des='exp_133', loss='mse', lradj='type1', use_amp=False, inverse=False, use_gpu=True, gpu=0, use_multi_gpu=False, devices='0,1,2,3', detail_freq='h')
Use GPU: cuda:0
>>>>>>>start training : informerstack_custom_ftMS_sl336_ll168_pl168_dm256_nh8_el3_dl1_df1024_atprob_fc5_ebtimeF_dtTrue_mxTrue_exp_133_0>>>>>>>>>>>>>>>>>>>>>>>>>>
train 48273
val 6801
test 13769
	iters: 100, epoch: 1 | loss: 0.2072680
	speed: 0.0420s/iter; left time: 12656.9048s
	iters: 200, epoch: 1 | loss: 0.3047078
	speed: 0.0312s/iter; left time: 9403.6658s
	iters: 300, epoch: 1 | loss: 0.1753177
	speed: 0.0309s/iter; left time: 9327.8638s
	iters: 400, epoch: 1 | loss: 0.1700021
	speed: 0.0315s/iter; left time: 9498.5605s
	iters: 500, epoch: 1 | loss: 0.4910515
	speed: 0.0310s/iter; left time: 9329.2740s
	iters: 600, epoch: 1 | loss: 0.2700158
	speed: 0.0299s/iter; left time: 9014.4462s
	iters: 700, epoch: 1 | loss: 0.1482619
	speed: 0.0302s/iter; left time: 9099.9807s
	iters: 800, epoch: 1 | loss: 0.2360194
	speed: 0.0312s/iter; left time: 9389.1332s
	iters: 900, epoch: 1 | loss: 0.2581401
	speed: 0.0307s/iter; left time: 9221.7676s
	iters: 1000, epoch: 1 | loss: 0.1373921
	speed: 0.0311s/iter; left time: 9347.3186s
	iters: 1100, epoch: 1 | loss: 0.1854654
	speed: 0.0312s/iter; left time: 9393.2358s
	iters: 1200, epoch: 1 | loss: 0.1605439
	speed: 0.0308s/iter; left time: 9246.4592s
	iters: 1300, epoch: 1 | loss: 0.1401832
	speed: 0.0310s/iter; left time: 9306.8321s
	iters: 1400, epoch: 1 | loss: 0.0904208
	speed: 0.0304s/iter; left time: 9140.7039s
	iters: 1500, epoch: 1 | loss: 0.1274719
	speed: 0.0308s/iter; left time: 9250.0019s
	iters: 1600, epoch: 1 | loss: 0.2061843
	speed: 0.0307s/iter; left time: 9220.9202s
	iters: 1700, epoch: 1 | loss: 0.1295868
	speed: 0.0308s/iter; left time: 9250.0184s
	iters: 1800, epoch: 1 | loss: 0.1120680
	speed: 0.0313s/iter; left time: 9394.8055s
	iters: 1900, epoch: 1 | loss: 0.0745752
	speed: 0.0310s/iter; left time: 9297.2645s
	iters: 2000, epoch: 1 | loss: 0.0621292
	speed: 0.0311s/iter; left time: 9312.2935s
	iters: 2100, epoch: 1 | loss: 0.1287184
	speed: 0.0308s/iter; left time: 9222.0297s
	iters: 2200, epoch: 1 | loss: 0.1034745
	speed: 0.0300s/iter; left time: 8999.8740s
	iters: 2300, epoch: 1 | loss: 0.0888366
	speed: 0.0311s/iter; left time: 9310.5663s
	iters: 2400, epoch: 1 | loss: 0.1142101
	speed: 0.0310s/iter; left time: 9280.5971s
	iters: 2500, epoch: 1 | loss: 0.0797530
	speed: 0.0315s/iter; left time: 9422.0440s
	iters: 2600, epoch: 1 | loss: 0.0920191
	speed: 0.0313s/iter; left time: 9374.4894s
	iters: 2700, epoch: 1 | loss: 0.0921682
	speed: 0.0311s/iter; left time: 9287.8805s
	iters: 2800, epoch: 1 | loss: 0.0886625
	speed: 0.0304s/iter; left time: 9078.3351s
	iters: 2900, epoch: 1 | loss: 0.1003027
	speed: 0.0309s/iter; left time: 9223.9673s
	iters: 3000, epoch: 1 | loss: 0.0906698
	speed: 0.0317s/iter; left time: 9473.0913s
	iters: 3100, epoch: 1 | loss: 0.0491053
	speed: 0.0314s/iter; left time: 9372.2152s
	iters: 3200, epoch: 1 | loss: 0.0548550
	speed: 0.0308s/iter; left time: 9185.7644s
	iters: 3300, epoch: 1 | loss: 0.0741158
	speed: 0.0311s/iter; left time: 9267.9977s
	iters: 3400, epoch: 1 | loss: 0.1073489
	speed: 0.0306s/iter; left time: 9114.9712s
	iters: 3500, epoch: 1 | loss: 0.0934728
	speed: 0.0304s/iter; left time: 9060.6058s
	iters: 3600, epoch: 1 | loss: 0.0537632
	speed: 0.0305s/iter; left time: 9104.9715s
	iters: 3700, epoch: 1 | loss: 0.0597091
	speed: 0.0306s/iter; left time: 9122.5811s
	iters: 3800, epoch: 1 | loss: 0.0906979
	speed: 0.0309s/iter; left time: 9209.1806s
	iters: 3900, epoch: 1 | loss: 0.0863319
	speed: 0.0301s/iter; left time: 8973.7304s
	iters: 4000, epoch: 1 | loss: 0.0787330
	speed: 0.0305s/iter; left time: 9079.2075s
	iters: 4100, epoch: 1 | loss: 0.0589167
	speed: 0.0304s/iter; left time: 9049.0492s
	iters: 4200, epoch: 1 | loss: 0.0693578
	speed: 0.0313s/iter; left time: 9297.3914s
	iters: 4300, epoch: 1 | loss: 0.0630539
	speed: 0.0313s/iter; left time: 9314.1752s
	iters: 4400, epoch: 1 | loss: 0.0769409
	speed: 0.0300s/iter; left time: 8931.4507s
	iters: 4500, epoch: 1 | loss: 0.0620975
	speed: 0.0311s/iter; left time: 9238.5533s
	iters: 4600, epoch: 1 | loss: 0.0834930
	speed: 0.0309s/iter; left time: 9175.6103s
	iters: 4700, epoch: 1 | loss: 0.0920758
	speed: 0.0305s/iter; left time: 9069.0585s
	iters: 4800, epoch: 1 | loss: 0.0726779
	speed: 0.0314s/iter; left time: 9335.4362s
	iters: 4900, epoch: 1 | loss: 0.0706655
	speed: 0.0308s/iter; left time: 9136.7634s
	iters: 5000, epoch: 1 | loss: 0.0447540
	speed: 0.0313s/iter; left time: 9275.7403s
	iters: 5100, epoch: 1 | loss: 0.0913198
	speed: 0.0311s/iter; left time: 9224.0489s
	iters: 5200, epoch: 1 | loss: 0.0687539
	speed: 0.0296s/iter; left time: 8784.3768s
	iters: 5300, epoch: 1 | loss: 0.0755065
	speed: 0.0304s/iter; left time: 8996.6744s
	iters: 5400, epoch: 1 | loss: 0.0748306
	speed: 0.0306s/iter; left time: 9069.5196s
	iters: 5500, epoch: 1 | loss: 0.0483867
	speed: 0.0320s/iter; left time: 9488.1261s
	iters: 5600, epoch: 1 | loss: 0.0454811
	speed: 0.0316s/iter; left time: 9363.7364s
	iters: 5700, epoch: 1 | loss: 0.0536301
	speed: 0.0309s/iter; left time: 9146.6769s
	iters: 5800, epoch: 1 | loss: 0.0478765
	speed: 0.0301s/iter; left time: 8897.9045s
	iters: 5900, epoch: 1 | loss: 0.0598683
	speed: 0.0302s/iter; left time: 8920.4633s
	iters: 6000, epoch: 1 | loss: 0.0372219
	speed: 0.0303s/iter; left time: 8962.8225s
Epoch: 1 cost time: 186.39237070083618
Epoch: 1, Steps: 6034 | Train Loss: 0.1119466 Vali Loss: 0.6402047 Test Loss: 0.5663416
Validation loss decreased (inf --> 0.640205).  Saving model ...
Updating learning rate to 5e-05
	iters: 100, epoch: 2 | loss: 0.0597604
	speed: 0.3679s/iter; left time: 108748.2305s
	iters: 200, epoch: 2 | loss: 0.0699602
	speed: 0.0309s/iter; left time: 9122.0811s
	iters: 300, epoch: 2 | loss: 0.0410769
	speed: 0.0316s/iter; left time: 9340.7374s
	iters: 400, epoch: 2 | loss: 0.0554822
	speed: 0.0304s/iter; left time: 8982.9931s
	iters: 500, epoch: 2 | loss: 0.0349946
	speed: 0.0306s/iter; left time: 9024.7307s
	iters: 600, epoch: 2 | loss: 0.0575177
	speed: 0.0302s/iter; left time: 8921.0777s
	iters: 700, epoch: 2 | loss: 0.0533422
	speed: 0.0311s/iter; left time: 9176.2942s
	iters: 800, epoch: 2 | loss: 0.0542612
	speed: 0.0308s/iter; left time: 9094.6371s
	iters: 900, epoch: 2 | loss: 0.0742603
	speed: 0.0312s/iter; left time: 9199.7394s
	iters: 1000, epoch: 2 | loss: 0.0273709
	speed: 0.0309s/iter; left time: 9092.5826s
	iters: 1100, epoch: 2 | loss: 0.0353393
	speed: 0.0302s/iter; left time: 8902.3656s
	iters: 1200, epoch: 2 | loss: 0.0558172
	speed: 0.0305s/iter; left time: 8981.9777s
	iters: 1300, epoch: 2 | loss: 0.0453211
	speed: 0.0314s/iter; left time: 9232.9259s
	iters: 1400, epoch: 2 | loss: 0.0468307
	speed: 0.0314s/iter; left time: 9247.0203s
	iters: 1500, epoch: 2 | loss: 0.0358424
	speed: 0.0311s/iter; left time: 9138.2653s
	iters: 1600, epoch: 2 | loss: 0.0613127
	speed: 0.0317s/iter; left time: 9333.3964s
	iters: 1700, epoch: 2 | loss: 0.0333176
	speed: 0.0302s/iter; left time: 8877.1670s
	iters: 1800, epoch: 2 | loss: 0.0518381
	speed: 0.0305s/iter; left time: 8966.1179s
	iters: 1900, epoch: 2 | loss: 0.0589102
	speed: 0.0314s/iter; left time: 9223.2321s
	iters: 2000, epoch: 2 | loss: 0.0398755
	speed: 0.0317s/iter; left time: 9323.4090s
	iters: 2100, epoch: 2 | loss: 0.0443312
	speed: 0.0311s/iter; left time: 9120.0281s
	iters: 2200, epoch: 2 | loss: 0.0482805
	speed: 0.0316s/iter; left time: 9259.3057s
	iters: 2300, epoch: 2 | loss: 0.0418873
	speed: 0.0299s/iter; left time: 8776.0350s
	iters: 2400, epoch: 2 | loss: 0.0462550
	speed: 0.0301s/iter; left time: 8839.3497s
	iters: 2500, epoch: 2 | loss: 0.0404111
	speed: 0.0309s/iter; left time: 9048.6006s
	iters: 2600, epoch: 2 | loss: 0.0468348
	speed: 0.0319s/iter; left time: 9341.3939s
	iters: 2700, epoch: 2 | loss: 0.0377038
	speed: 0.0310s/iter; left time: 9090.6086s
	iters: 2800, epoch: 2 | loss: 0.0300245
	speed: 0.0319s/iter; left time: 9341.4345s
	iters: 2900, epoch: 2 | loss: 0.0507202
	speed: 0.0306s/iter; left time: 8946.6210s
	iters: 3000, epoch: 2 | loss: 0.0555085
	speed: 0.0301s/iter; left time: 8813.8785s
	iters: 3100, epoch: 2 | loss: 0.0441463
	speed: 0.0302s/iter; left time: 8832.0747s
	iters: 3200, epoch: 2 | loss: 0.0415794
	speed: 0.0319s/iter; left time: 9316.5765s
	iters: 3300, epoch: 2 | loss: 0.0488273
	speed: 0.0321s/iter; left time: 9379.9292s
	iters: 3400, epoch: 2 | loss: 0.0446223
	speed: 0.0313s/iter; left time: 9160.3085s
	iters: 3500, epoch: 2 | loss: 0.0563291
	speed: 0.0308s/iter; left time: 9008.5080s
	iters: 3600, epoch: 2 | loss: 0.0354226
	speed: 0.0299s/iter; left time: 8746.3158s
	iters: 3700, epoch: 2 | loss: 0.0378942
	speed: 0.0302s/iter; left time: 8831.9791s
	iters: 3800, epoch: 2 | loss: 0.0396640
	speed: 0.0316s/iter; left time: 9217.0568s
	iters: 3900, epoch: 2 | loss: 0.0437383
	speed: 0.0315s/iter; left time: 9183.0110s
	iters: 4000, epoch: 2 | loss: 0.0435621
	speed: 0.0306s/iter; left time: 8931.8061s
	iters: 4100, epoch: 2 | loss: 0.0515591
	speed: 0.0307s/iter; left time: 8959.5319s
	iters: 4200, epoch: 2 | loss: 0.0516818
	speed: 0.0299s/iter; left time: 8723.3774s
	iters: 4300, epoch: 2 | loss: 0.0312297
	speed: 0.0311s/iter; left time: 9070.0989s
	iters: 4400, epoch: 2 | loss: 0.0446866
	speed: 0.0309s/iter; left time: 9014.5096s
	iters: 4500, epoch: 2 | loss: 0.0352527
	speed: 0.0314s/iter; left time: 9133.5578s
	iters: 4600, epoch: 2 | loss: 0.0365238
	speed: 0.0307s/iter; left time: 8944.7872s
	iters: 4700, epoch: 2 | loss: 0.0238977
	speed: 0.0320s/iter; left time: 9305.1918s
	iters: 4800, epoch: 2 | loss: 0.0514092
	speed: 0.0309s/iter; left time: 8995.8663s
	iters: 4900, epoch: 2 | loss: 0.0433070
	speed: 0.0301s/iter; left time: 8750.0215s
	iters: 5000, epoch: 2 | loss: 0.0339890
	speed: 0.0311s/iter; left time: 9025.7045s
	iters: 5100, epoch: 2 | loss: 0.0271319
	speed: 0.0316s/iter; left time: 9181.5226s
	iters: 5200, epoch: 2 | loss: 0.0379549
	speed: 0.0300s/iter; left time: 8702.1089s
	iters: 5300, epoch: 2 | loss: 0.0260659
	speed: 0.0317s/iter; left time: 9212.6986s
	iters: 5400, epoch: 2 | loss: 0.0482912
	speed: 0.0307s/iter; left time: 8902.8139s
	iters: 5500, epoch: 2 | loss: 0.0432862
	speed: 0.0304s/iter; left time: 8824.1843s
	iters: 5600, epoch: 2 | loss: 0.0392521
	speed: 0.0305s/iter; left time: 8844.1567s
	iters: 5700, epoch: 2 | loss: 0.0476525
	speed: 0.0316s/iter; left time: 9151.5940s
	iters: 5800, epoch: 2 | loss: 0.0316941
	speed: 0.0317s/iter; left time: 9179.0148s
	iters: 5900, epoch: 2 | loss: 0.0283603
	speed: 0.0312s/iter; left time: 9031.3945s
	iters: 6000, epoch: 2 | loss: 0.0363572
	speed: 0.0311s/iter; left time: 9012.5095s
Epoch: 2 cost time: 186.90793418884277
Epoch: 2, Steps: 6034 | Train Loss: 0.0452716 Vali Loss: 0.6358818 Test Loss: 0.5842156
Validation loss decreased (0.640205 --> 0.635882).  Saving model ...
Updating learning rate to 2.5e-05
	iters: 100, epoch: 3 | loss: 0.0261566
	speed: 0.3688s/iter; left time: 106788.7874s
	iters: 200, epoch: 3 | loss: 0.0385569
	speed: 0.0311s/iter; left time: 8989.9517s
	iters: 300, epoch: 3 | loss: 0.0253992
	speed: 0.0308s/iter; left time: 8921.3807s
	iters: 400, epoch: 3 | loss: 0.0322695
	speed: 0.0314s/iter; left time: 9079.3064s
	iters: 500, epoch: 3 | loss: 0.0357523
	speed: 0.0301s/iter; left time: 8705.4414s
	iters: 600, epoch: 3 | loss: 0.0353766
	speed: 0.0309s/iter; left time: 8942.3071s
	iters: 700, epoch: 3 | loss: 0.0311391
	speed: 0.0302s/iter; left time: 8722.4114s
	iters: 800, epoch: 3 | loss: 0.0188840
	speed: 0.0312s/iter; left time: 9020.4024s
	iters: 900, epoch: 3 | loss: 0.0255937
	speed: 0.0317s/iter; left time: 9147.4620s
	iters: 1000, epoch: 3 | loss: 0.0374761
	speed: 0.0312s/iter; left time: 9018.6458s
	iters: 1100, epoch: 3 | loss: 0.0269717
	speed: 0.0317s/iter; left time: 9153.6926s
	iters: 1200, epoch: 3 | loss: 0.0341382
	speed: 0.0304s/iter; left time: 8754.0821s
	iters: 1300, epoch: 3 | loss: 0.0214181
	speed: 0.0298s/iter; left time: 8585.8292s
	iters: 1400, epoch: 3 | loss: 0.0327386
	speed: 0.0315s/iter; left time: 9085.8627s
	iters: 1500, epoch: 3 | loss: 0.0263854
	speed: 0.0312s/iter; left time: 8977.1813s
	iters: 1600, epoch: 3 | loss: 0.0249851
	speed: 0.0316s/iter; left time: 9089.1888s
	iters: 1700, epoch: 3 | loss: 0.0247198
	speed: 0.0303s/iter; left time: 8736.7684s
	iters: 1800, epoch: 3 | loss: 0.0289707
	speed: 0.0309s/iter; left time: 8905.2301s
	iters: 1900, epoch: 3 | loss: 0.0311848
	speed: 0.0301s/iter; left time: 8650.3517s
	iters: 2000, epoch: 3 | loss: 0.0304608
	speed: 0.0308s/iter; left time: 8851.7934s
	iters: 2100, epoch: 3 | loss: 0.0259371
	speed: 0.0306s/iter; left time: 8809.0799s
	iters: 2200, epoch: 3 | loss: 0.0315024
	speed: 0.0312s/iter; left time: 8978.5053s
	iters: 2300, epoch: 3 | loss: 0.0481447
	speed: 0.0312s/iter; left time: 8962.9136s
	iters: 2400, epoch: 3 | loss: 0.0263177
	speed: 0.0309s/iter; left time: 8876.2973s
	iters: 2500, epoch: 3 | loss: 0.0333626
	speed: 0.0305s/iter; left time: 8746.9392s
	iters: 2600, epoch: 3 | loss: 0.0273720
	speed: 0.0307s/iter; left time: 8806.3650s
	iters: 2700, epoch: 3 | loss: 0.0210711
	speed: 0.0308s/iter; left time: 8849.7898s
	iters: 2800, epoch: 3 | loss: 0.0268682
	speed: 0.0313s/iter; left time: 8975.2198s
	iters: 2900, epoch: 3 | loss: 0.0395523
	speed: 0.0305s/iter; left time: 8739.8976s
	iters: 3000, epoch: 3 | loss: 0.0327730
	speed: 0.0319s/iter; left time: 9157.3030s
	iters: 3100, epoch: 3 | loss: 0.0345615
	speed: 0.0308s/iter; left time: 8826.0312s
	iters: 3200, epoch: 3 | loss: 0.0217120
	speed: 0.0309s/iter; left time: 8847.8505s
	iters: 3300, epoch: 3 | loss: 0.0244455
	speed: 0.0312s/iter; left time: 8942.2974s
	iters: 3400, epoch: 3 | loss: 0.0262951
	speed: 0.0301s/iter; left time: 8607.9489s
	iters: 3500, epoch: 3 | loss: 0.0211983
	speed: 0.0316s/iter; left time: 9032.1718s
	iters: 3600, epoch: 3 | loss: 0.0281759
	speed: 0.0307s/iter; left time: 8781.6221s
	iters: 3700, epoch: 3 | loss: 0.0308476
	speed: 0.0317s/iter; left time: 9070.7837s
	iters: 3800, epoch: 3 | loss: 0.0296757
	speed: 0.0307s/iter; left time: 8763.0816s
	iters: 3900, epoch: 3 | loss: 0.0301629
	speed: 0.0311s/iter; left time: 8889.6164s
	iters: 4000, epoch: 3 | loss: 0.0153686
	speed: 0.0302s/iter; left time: 8613.3913s
	iters: 4100, epoch: 3 | loss: 0.0228588
	speed: 0.0304s/iter; left time: 8677.4222s
	iters: 4200, epoch: 3 | loss: 0.0287269
	speed: 0.0313s/iter; left time: 8941.2219s
	iters: 4300, epoch: 3 | loss: 0.0189545
	speed: 0.0309s/iter; left time: 8808.2287s
	iters: 4400, epoch: 3 | loss: 0.0274226
	speed: 0.0312s/iter; left time: 8903.6658s
	iters: 4500, epoch: 3 | loss: 0.0181246
	speed: 0.0311s/iter; left time: 8865.0038s
	iters: 4600, epoch: 3 | loss: 0.0316784
	speed: 0.0310s/iter; left time: 8843.2935s
	iters: 4700, epoch: 3 | loss: 0.0237462
	speed: 0.0300s/iter; left time: 8560.4700s
	iters: 4800, epoch: 3 | loss: 0.0308501
	speed: 0.0317s/iter; left time: 9015.2496s
	iters: 4900, epoch: 3 | loss: 0.0201897
	speed: 0.0320s/iter; left time: 9105.2976s
	iters: 5000, epoch: 3 | loss: 0.0210997
	speed: 0.0312s/iter; left time: 8873.1442s
	iters: 5100, epoch: 3 | loss: 0.0269829
	speed: 0.0310s/iter; left time: 8832.1637s
	iters: 5200, epoch: 3 | loss: 0.0433794
	speed: 0.0309s/iter; left time: 8788.6865s
	iters: 5300, epoch: 3 | loss: 0.0206335
	speed: 0.0311s/iter; left time: 8851.6636s
	iters: 5400, epoch: 3 | loss: 0.0312845
	speed: 0.0302s/iter; left time: 8583.5411s
	iters: 5500, epoch: 3 | loss: 0.0162332
	speed: 0.0310s/iter; left time: 8805.8588s
	iters: 5600, epoch: 3 | loss: 0.0285906
	speed: 0.0316s/iter; left time: 8961.2600s
	iters: 5700, epoch: 3 | loss: 0.0183639
	speed: 0.0305s/iter; left time: 8657.4151s
	iters: 5800, epoch: 3 | loss: 0.0256605
	speed: 0.0301s/iter; left time: 8556.1665s
	iters: 5900, epoch: 3 | loss: 0.0266171
	speed: 0.0304s/iter; left time: 8623.4090s
	iters: 6000, epoch: 3 | loss: 0.0170752
	speed: 0.0305s/iter; left time: 8654.5574s
Epoch: 3 cost time: 186.5303053855896
Epoch: 3, Steps: 6034 | Train Loss: 0.0281109 Vali Loss: 0.6748433 Test Loss: 0.5248979
EarlyStopping counter: 1 out of 10
Updating learning rate to 1.25e-05
	iters: 100, epoch: 4 | loss: 0.0253836
	speed: 0.3709s/iter; left time: 105141.0751s
	iters: 200, epoch: 4 | loss: 0.0275113
	speed: 0.0302s/iter; left time: 8549.1876s
	iters: 300, epoch: 4 | loss: 0.0199013
	speed: 0.0309s/iter; left time: 8749.0102s
	iters: 400, epoch: 4 | loss: 0.0214139
	speed: 0.0313s/iter; left time: 8865.5415s
	iters: 500, epoch: 4 | loss: 0.0215893
	speed: 0.0309s/iter; left time: 8751.2882s
	iters: 600, epoch: 4 | loss: 0.0176619
	speed: 0.0309s/iter; left time: 8738.8858s
	iters: 700, epoch: 4 | loss: 0.0290666
	speed: 0.0310s/iter; left time: 8778.6653s
	iters: 800, epoch: 4 | loss: 0.0154467
	speed: 0.0307s/iter; left time: 8680.7047s
	iters: 900, epoch: 4 | loss: 0.0228500
	speed: 0.0318s/iter; left time: 8989.3195s
	iters: 1000, epoch: 4 | loss: 0.0257925
	speed: 0.0311s/iter; left time: 8778.8743s
	iters: 1100, epoch: 4 | loss: 0.0228555
	speed: 0.0307s/iter; left time: 8677.3570s
	iters: 1200, epoch: 4 | loss: 0.0219099
	speed: 0.0311s/iter; left time: 8796.4542s
	iters: 1300, epoch: 4 | loss: 0.0166719
	speed: 0.0310s/iter; left time: 8742.1744s
	iters: 1400, epoch: 4 | loss: 0.0263898
	speed: 0.0309s/iter; left time: 8710.1681s
	iters: 1500, epoch: 4 | loss: 0.0194678
	speed: 0.0312s/iter; left time: 8808.4685s
	iters: 1600, epoch: 4 | loss: 0.0191406
	speed: 0.0307s/iter; left time: 8664.1658s
	iters: 1700, epoch: 4 | loss: 0.0287262
	speed: 0.0307s/iter; left time: 8664.3907s
	iters: 1800, epoch: 4 | loss: 0.0187950
	speed: 0.0304s/iter; left time: 8571.7802s
	iters: 1900, epoch: 4 | loss: 0.0281609
	speed: 0.0308s/iter; left time: 8685.4490s
	iters: 2000, epoch: 4 | loss: 0.0286677
	speed: 0.0314s/iter; left time: 8834.8546s
	iters: 2100, epoch: 4 | loss: 0.0212371
	speed: 0.0305s/iter; left time: 8575.0723s
	iters: 2200, epoch: 4 | loss: 0.0198626
	speed: 0.0306s/iter; left time: 8602.4410s
	iters: 2300, epoch: 4 | loss: 0.0231636
	speed: 0.0307s/iter; left time: 8643.6663s
	iters: 2400, epoch: 4 | loss: 0.0211402
	speed: 0.0304s/iter; left time: 8542.5122s
	iters: 2500, epoch: 4 | loss: 0.0174002
	speed: 0.0299s/iter; left time: 8399.2526s
	iters: 2600, epoch: 4 | loss: 0.0155454
	speed: 0.0309s/iter; left time: 8685.5540s
	iters: 2700, epoch: 4 | loss: 0.0352836
	speed: 0.0317s/iter; left time: 8892.0853s
	iters: 2800, epoch: 4 | loss: 0.0220156
	speed: 0.0303s/iter; left time: 8499.6812s
	iters: 2900, epoch: 4 | loss: 0.0177758
	speed: 0.0311s/iter; left time: 8718.4994s
	iters: 3000, epoch: 4 | loss: 0.0291232
	speed: 0.0299s/iter; left time: 8396.4021s
	iters: 3100, epoch: 4 | loss: 0.0197228
	speed: 0.0304s/iter; left time: 8533.3977s
	iters: 3200, epoch: 4 | loss: 0.0148132
	speed: 0.0320s/iter; left time: 8978.4894s
	iters: 3300, epoch: 4 | loss: 0.0218619
	speed: 0.0307s/iter; left time: 8611.8185s
	iters: 3400, epoch: 4 | loss: 0.0229249
	speed: 0.0307s/iter; left time: 8609.8899s
	iters: 3500, epoch: 4 | loss: 0.0155624
	speed: 0.0307s/iter; left time: 8612.4253s
	iters: 3600, epoch: 4 | loss: 0.0255913
	speed: 0.0302s/iter; left time: 8450.1178s
	iters: 3700, epoch: 4 | loss: 0.0355859
	speed: 0.0304s/iter; left time: 8498.8848s
	iters: 3800, epoch: 4 | loss: 0.0176735
	speed: 0.0315s/iter; left time: 8826.8118s
	iters: 3900, epoch: 4 | loss: 0.0161239
	speed: 0.0320s/iter; left time: 8948.5810s
	iters: 4000, epoch: 4 | loss: 0.0227255
	speed: 0.0306s/iter; left time: 8553.7934s
	iters: 4100, epoch: 4 | loss: 0.0227746
	speed: 0.0307s/iter; left time: 8588.3231s
	iters: 4200, epoch: 4 | loss: 0.0224897
	speed: 0.0306s/iter; left time: 8552.4124s
	iters: 4300, epoch: 4 | loss: 0.0237891
	speed: 0.0301s/iter; left time: 8407.3407s
	iters: 4400, epoch: 4 | loss: 0.0198618
	speed: 0.0313s/iter; left time: 8738.8911s
	iters: 4500, epoch: 4 | loss: 0.0181501
	speed: 0.0321s/iter; left time: 8955.0841s
	iters: 4600, epoch: 4 | loss: 0.0155464
	speed: 0.0301s/iter; left time: 8399.9419s
	iters: 4700, epoch: 4 | loss: 0.0224741
	speed: 0.0311s/iter; left time: 8679.9426s
	iters: 4800, epoch: 4 | loss: 0.0216829
	speed: 0.0306s/iter; left time: 8538.6661s
	iters: 4900, epoch: 4 | loss: 0.0167431
	speed: 0.0306s/iter; left time: 8532.7874s
	iters: 5000, epoch: 4 | loss: 0.0166733
	speed: 0.0305s/iter; left time: 8484.5892s
	iters: 5100, epoch: 4 | loss: 0.0190663
	speed: 0.0318s/iter; left time: 8858.5273s
	iters: 5200, epoch: 4 | loss: 0.0150210
	speed: 0.0303s/iter; left time: 8428.5063s
	iters: 5300, epoch: 4 | loss: 0.0156361
	speed: 0.0309s/iter; left time: 8603.1280s
	iters: 5400, epoch: 4 | loss: 0.0110961
	speed: 0.0312s/iter; left time: 8675.9913s
	iters: 5500, epoch: 4 | loss: 0.0347285
	speed: 0.0304s/iter; left time: 8456.1396s
	iters: 5600, epoch: 4 | loss: 0.0180970
	speed: 0.0319s/iter; left time: 8870.4967s
	iters: 5700, epoch: 4 | loss: 0.0167087
	speed: 0.0314s/iter; left time: 8737.1858s
	iters: 5800, epoch: 4 | loss: 0.0247751
	speed: 0.0308s/iter; left time: 8565.1881s
	iters: 5900, epoch: 4 | loss: 0.0160129
	speed: 0.0301s/iter; left time: 8353.8232s
	iters: 6000, epoch: 4 | loss: 0.0148347
	speed: 0.0301s/iter; left time: 8368.2666s
Epoch: 4 cost time: 186.12591361999512
Epoch: 4, Steps: 6034 | Train Loss: 0.0224254 Vali Loss: 0.7012970 Test Loss: 0.5452570
EarlyStopping counter: 2 out of 10
Updating learning rate to 6.25e-06
	iters: 100, epoch: 5 | loss: 0.0180140
	speed: 0.3680s/iter; left time: 102098.2547s
	iters: 200, epoch: 5 | loss: 0.0192324
	speed: 0.0304s/iter; left time: 8437.1366s
	iters: 300, epoch: 5 | loss: 0.0145430
	speed: 0.0309s/iter; left time: 8579.4956s
	iters: 400, epoch: 5 | loss: 0.0220738
	speed: 0.0307s/iter; left time: 8516.3030s
	iters: 500, epoch: 5 | loss: 0.0256644
	speed: 0.0323s/iter; left time: 8942.7616s
	iters: 600, epoch: 5 | loss: 0.0166314
	speed: 0.0305s/iter; left time: 8441.4682s
	iters: 700, epoch: 5 | loss: 0.0153446
	speed: 0.0308s/iter; left time: 8540.8457s
	iters: 800, epoch: 5 | loss: 0.0145171
	speed: 0.0312s/iter; left time: 8633.2260s
	iters: 900, epoch: 5 | loss: 0.0194224
	speed: 0.0319s/iter; left time: 8833.1901s
	iters: 1000, epoch: 5 | loss: 0.0268308
	speed: 0.0321s/iter; left time: 8891.2243s
	iters: 1100, epoch: 5 | loss: 0.0165163
	speed: 0.0311s/iter; left time: 8607.5489s
	iters: 1200, epoch: 5 | loss: 0.0234335
	speed: 0.0300s/iter; left time: 8287.9757s
	iters: 1300, epoch: 5 | loss: 0.0162431
	speed: 0.0301s/iter; left time: 8326.0486s
	iters: 1400, epoch: 5 | loss: 0.0128244
	speed: 0.0302s/iter; left time: 8340.6531s
	iters: 1500, epoch: 5 | loss: 0.0165851
	speed: 0.0321s/iter; left time: 8870.1825s
	iters: 1600, epoch: 5 | loss: 0.0206681
	speed: 0.0313s/iter; left time: 8640.1833s
	iters: 1700, epoch: 5 | loss: 0.0183566
	speed: 0.0314s/iter; left time: 8663.8924s
	iters: 1800, epoch: 5 | loss: 0.0213942
	speed: 0.0310s/iter; left time: 8539.3589s
	iters: 1900, epoch: 5 | loss: 0.0207362
	speed: 0.0304s/iter; left time: 8378.6523s
	iters: 2000, epoch: 5 | loss: 0.0174349
	speed: 0.0299s/iter; left time: 8235.2649s
	iters: 2100, epoch: 5 | loss: 0.0254800
	speed: 0.0305s/iter; left time: 8399.9131s
	iters: 2200, epoch: 5 | loss: 0.0228430
	speed: 0.0305s/iter; left time: 8399.6336s
	iters: 2300, epoch: 5 | loss: 0.0217159
	speed: 0.0323s/iter; left time: 8899.4272s
	iters: 2400, epoch: 5 | loss: 0.0128954
	speed: 0.0305s/iter; left time: 8398.5273s
	iters: 2500, epoch: 5 | loss: 0.0273166
	speed: 0.0304s/iter; left time: 8364.9001s
	iters: 2600, epoch: 5 | loss: 0.0212280
	speed: 0.0299s/iter; left time: 8235.0769s
	iters: 2700, epoch: 5 | loss: 0.0225740
	speed: 0.0312s/iter; left time: 8587.6144s
	iters: 2800, epoch: 5 | loss: 0.0174526
	speed: 0.0317s/iter; left time: 8709.8175s
	iters: 2900, epoch: 5 | loss: 0.0229236
	speed: 0.0312s/iter; left time: 8570.7585s
	iters: 3000, epoch: 5 | loss: 0.0202977
	speed: 0.0311s/iter; left time: 8540.9069s
	iters: 3100, epoch: 5 | loss: 0.0206807
	speed: 0.0303s/iter; left time: 8315.5676s
	iters: 3200, epoch: 5 | loss: 0.0196045
	speed: 0.0298s/iter; left time: 8179.0887s
	iters: 3300, epoch: 5 | loss: 0.0191874
	speed: 0.0312s/iter; left time: 8555.6265s
	iters: 3400, epoch: 5 | loss: 0.0231128
	speed: 0.0306s/iter; left time: 8394.1748s
	iters: 3500, epoch: 5 | loss: 0.0141193
	speed: 0.0310s/iter; left time: 8501.5538s
	iters: 3600, epoch: 5 | loss: 0.0202215
	speed: 0.0306s/iter; left time: 8377.5926s
	iters: 3700, epoch: 5 | loss: 0.0205303
	speed: 0.0308s/iter; left time: 8428.5052s
	iters: 3800, epoch: 5 | loss: 0.0150416
	speed: 0.0309s/iter; left time: 8462.0457s
	iters: 3900, epoch: 5 | loss: 0.0200952
	speed: 0.0304s/iter; left time: 8319.7793s
	iters: 4000, epoch: 5 | loss: 0.0164660
	speed: 0.0320s/iter; left time: 8754.4102s
	iters: 4100, epoch: 5 | loss: 0.0201722
	speed: 0.0311s/iter; left time: 8499.4377s
	iters: 4200, epoch: 5 | loss: 0.0201162
	speed: 0.0308s/iter; left time: 8414.3717s
	iters: 4300, epoch: 5 | loss: 0.0137909
	speed: 0.0312s/iter; left time: 8533.1868s
	iters: 4400, epoch: 5 | loss: 0.0208397
	speed: 0.0314s/iter; left time: 8572.1678s
	iters: 4500, epoch: 5 | loss: 0.0180689
	speed: 0.0309s/iter; left time: 8430.5312s
	iters: 4600, epoch: 5 | loss: 0.0126253
	speed: 0.0317s/iter; left time: 8647.6633s
	iters: 4700, epoch: 5 | loss: 0.0239925
	speed: 0.0306s/iter; left time: 8353.9599s
	iters: 4800, epoch: 5 | loss: 0.0183892
	speed: 0.0307s/iter; left time: 8372.3200s
	iters: 4900, epoch: 5 | loss: 0.0209830
	speed: 0.0301s/iter; left time: 8200.2944s
	iters: 5000, epoch: 5 | loss: 0.0215491
	speed: 0.0305s/iter; left time: 8317.3426s
	iters: 5100, epoch: 5 | loss: 0.0202704
	speed: 0.0301s/iter; left time: 8195.7781s
	iters: 5200, epoch: 5 | loss: 0.0152218
	speed: 0.0315s/iter; left time: 8578.9984s
	iters: 5300, epoch: 5 | loss: 0.0134165
	speed: 0.0312s/iter; left time: 8482.6127s
	iters: 5400, epoch: 5 | loss: 0.0136568
	speed: 0.0313s/iter; left time: 8528.0479s
	iters: 5500, epoch: 5 | loss: 0.0229413
	speed: 0.0317s/iter; left time: 8620.9249s
	iters: 5600, epoch: 5 | loss: 0.0197270
	speed: 0.0311s/iter; left time: 8458.5671s
	iters: 5700, epoch: 5 | loss: 0.0313671
	speed: 0.0302s/iter; left time: 8219.2509s
	iters: 5800, epoch: 5 | loss: 0.0218363
	speed: 0.0307s/iter; left time: 8331.9384s
	iters: 5900, epoch: 5 | loss: 0.0217006
	speed: 0.0308s/iter; left time: 8369.8564s
	iters: 6000, epoch: 5 | loss: 0.0271612
	speed: 0.0313s/iter; left time: 8494.2263s
Epoch: 5 cost time: 186.53177881240845
Epoch: 5, Steps: 6034 | Train Loss: 0.0199712 Vali Loss: 0.7224200 Test Loss: 0.5729641
EarlyStopping counter: 3 out of 10
Updating learning rate to 3.125e-06
	iters: 100, epoch: 6 | loss: 0.0179371
	speed: 0.3670s/iter; left time: 99627.2923s
	iters: 200, epoch: 6 | loss: 0.0236958
	speed: 0.0301s/iter; left time: 8174.8790s
	iters: 300, epoch: 6 | loss: 0.0189573
	speed: 0.0305s/iter; left time: 8275.4495s
	iters: 400, epoch: 6 | loss: 0.0183800
	speed: 0.0313s/iter; left time: 8490.8564s
	iters: 500, epoch: 6 | loss: 0.0208973
	speed: 0.0310s/iter; left time: 8401.7824s
	iters: 600, epoch: 6 | loss: 0.0223820
	speed: 0.0307s/iter; left time: 8311.9708s
	iters: 700, epoch: 6 | loss: 0.0270755
	speed: 0.0313s/iter; left time: 8465.6370s
	iters: 800, epoch: 6 | loss: 0.0204555
	speed: 0.0305s/iter; left time: 8251.4074s
	iters: 900, epoch: 6 | loss: 0.0221528
	speed: 0.0305s/iter; left time: 8247.2278s
	iters: 1000, epoch: 6 | loss: 0.0167568
	speed: 0.0310s/iter; left time: 8390.6087s
	iters: 1100, epoch: 6 | loss: 0.0182951
	speed: 0.0309s/iter; left time: 8362.5518s
	iters: 1200, epoch: 6 | loss: 0.0149716
	speed: 0.0309s/iter; left time: 8353.5544s
	iters: 1300, epoch: 6 | loss: 0.0167529
	speed: 0.0314s/iter; left time: 8491.6707s
	iters: 1400, epoch: 6 | loss: 0.0158434
	speed: 0.0307s/iter; left time: 8294.6902s
	iters: 1500, epoch: 6 | loss: 0.0260231
	speed: 0.0299s/iter; left time: 8085.1806s
	iters: 1600, epoch: 6 | loss: 0.0252393
	speed: 0.0299s/iter; left time: 8068.6008s
	iters: 1700, epoch: 6 | loss: 0.0191393
	speed: 0.0300s/iter; left time: 8092.0614s
	iters: 1800, epoch: 6 | loss: 0.0174575
	speed: 0.0301s/iter; left time: 8124.5597s
	iters: 1900, epoch: 6 | loss: 0.0152148
	speed: 0.0312s/iter; left time: 8413.8169s
	iters: 2000, epoch: 6 | loss: 0.0175363
	speed: 0.0303s/iter; left time: 8162.3636s
	iters: 2100, epoch: 6 | loss: 0.0179503
	speed: 0.0316s/iter; left time: 8523.4447s
	iters: 2200, epoch: 6 | loss: 0.0247906
	speed: 0.0305s/iter; left time: 8227.6885s
	iters: 2300, epoch: 6 | loss: 0.0120082
	speed: 0.0310s/iter; left time: 8349.0884s
	iters: 2400, epoch: 6 | loss: 0.0194561
	speed: 0.0308s/iter; left time: 8291.2622s
	iters: 2500, epoch: 6 | loss: 0.0310757
	speed: 0.0310s/iter; left time: 8336.0154s
	iters: 2600, epoch: 6 | loss: 0.0188129
	speed: 0.0308s/iter; left time: 8287.4596s
	iters: 2700, epoch: 6 | loss: 0.0128119
	speed: 0.0311s/iter; left time: 8362.5513s
	iters: 2800, epoch: 6 | loss: 0.0128690
	speed: 0.0309s/iter; left time: 8305.0108s
	iters: 2900, epoch: 6 | loss: 0.0207489
	speed: 0.0315s/iter; left time: 8466.1327s
	iters: 3000, epoch: 6 | loss: 0.0201793
	speed: 0.0306s/iter; left time: 8221.5966s
	iters: 3100, epoch: 6 | loss: 0.0183042
	speed: 0.0307s/iter; left time: 8237.3487s
	iters: 3200, epoch: 6 | loss: 0.0228501
	speed: 0.0309s/iter; left time: 8302.4339s
	iters: 3300, epoch: 6 | loss: 0.0151266
	speed: 0.0309s/iter; left time: 8297.6202s
	iters: 3400, epoch: 6 | loss: 0.0173731
	speed: 0.0310s/iter; left time: 8314.1448s
	iters: 3500, epoch: 6 | loss: 0.0215356
	speed: 0.0313s/iter; left time: 8391.0155s
	iters: 3600, epoch: 6 | loss: 0.0247182
	speed: 0.0303s/iter; left time: 8124.7700s
	iters: 3700, epoch: 6 | loss: 0.0187505
	speed: 0.0304s/iter; left time: 8145.5354s
	iters: 3800, epoch: 6 | loss: 0.0146441
	speed: 0.0312s/iter; left time: 8358.2886s
	iters: 3900, epoch: 6 | loss: 0.0216684
	speed: 0.0309s/iter; left time: 8257.1158s
	iters: 4000, epoch: 6 | loss: 0.0215950
	speed: 0.0306s/iter; left time: 8186.2871s
	iters: 4100, epoch: 6 | loss: 0.0210472
	speed: 0.0305s/iter; left time: 8144.2879s
	iters: 4200, epoch: 6 | loss: 0.0205067
	speed: 0.0306s/iter; left time: 8192.7042s
	iters: 4300, epoch: 6 | loss: 0.0203177
	speed: 0.0306s/iter; left time: 8190.2028s
	iters: 4400, epoch: 6 | loss: 0.0137140
	speed: 0.0313s/iter; left time: 8353.2306s
	iters: 4500, epoch: 6 | loss: 0.0206551
	speed: 0.0322s/iter; left time: 8592.9861s
	iters: 4600, epoch: 6 | loss: 0.0177145
	speed: 0.0315s/iter; left time: 8398.1550s
	iters: 4700, epoch: 6 | loss: 0.0185075
	speed: 0.0306s/iter; left time: 8167.1469s
	iters: 4800, epoch: 6 | loss: 0.0182129
	speed: 0.0306s/iter; left time: 8157.5506s
	iters: 4900, epoch: 6 | loss: 0.0154426
	speed: 0.0307s/iter; left time: 8180.5056s
	iters: 5000, epoch: 6 | loss: 0.0169233
	speed: 0.0316s/iter; left time: 8427.7024s
	iters: 5100, epoch: 6 | loss: 0.0204255
	speed: 0.0316s/iter; left time: 8431.2427s
	iters: 5200, epoch: 6 | loss: 0.0220542
	speed: 0.0312s/iter; left time: 8309.1935s
	iters: 5300, epoch: 6 | loss: 0.0158665
	speed: 0.0299s/iter; left time: 7965.4782s
	iters: 5400, epoch: 6 | loss: 0.0191521
	speed: 0.0305s/iter; left time: 8128.9006s
	iters: 5500, epoch: 6 | loss: 0.0183242
	speed: 0.0313s/iter; left time: 8321.1833s
	iters: 5600, epoch: 6 | loss: 0.0189708
	speed: 0.0307s/iter; left time: 8155.4220s
	iters: 5700, epoch: 6 | loss: 0.0195003
	speed: 0.0318s/iter; left time: 8464.1256s
	iters: 5800, epoch: 6 | loss: 0.0174276
	speed: 0.0320s/iter; left time: 8498.2160s
	iters: 5900, epoch: 6 | loss: 0.0166332
	speed: 0.0303s/iter; left time: 8059.6813s
	iters: 6000, epoch: 6 | loss: 0.0139297
	speed: 0.0305s/iter; left time: 8106.6867s
Epoch: 6 cost time: 186.19350409507751
Epoch: 6, Steps: 6034 | Train Loss: 0.0188529 Vali Loss: 0.7143226 Test Loss: 0.5596443
EarlyStopping counter: 4 out of 10
Updating learning rate to 1.5625e-06
	iters: 100, epoch: 7 | loss: 0.0270978
	speed: 0.3646s/iter; left time: 96759.7688s
	iters: 200, epoch: 7 | loss: 0.0215329
	speed: 0.0302s/iter; left time: 8006.4272s
	iters: 300, epoch: 7 | loss: 0.0162753
	speed: 0.0311s/iter; left time: 8249.8603s
	iters: 400, epoch: 7 | loss: 0.0206046
	speed: 0.0310s/iter; left time: 8224.2551s
	iters: 500, epoch: 7 | loss: 0.0172549
	speed: 0.0306s/iter; left time: 8107.3405s
	iters: 600, epoch: 7 | loss: 0.0288708
	speed: 0.0304s/iter; left time: 8050.8262s
	iters: 700, epoch: 7 | loss: 0.0205080
	speed: 0.0300s/iter; left time: 7956.7960s
	iters: 800, epoch: 7 | loss: 0.0189657
	speed: 0.0301s/iter; left time: 7956.5300s
	iters: 900, epoch: 7 | loss: 0.0158023
	speed: 0.0316s/iter; left time: 8363.0570s
	iters: 1000, epoch: 7 | loss: 0.0161093
	speed: 0.0311s/iter; left time: 8237.7371s
	iters: 1100, epoch: 7 | loss: 0.0195711
	speed: 0.0313s/iter; left time: 8285.5718s
	iters: 1200, epoch: 7 | loss: 0.0110036
	speed: 0.0305s/iter; left time: 8053.6070s
	iters: 1300, epoch: 7 | loss: 0.0162071
	speed: 0.0306s/iter; left time: 8075.9919s
	iters: 1400, epoch: 7 | loss: 0.0165732
	speed: 0.0297s/iter; left time: 7833.9301s
	iters: 1500, epoch: 7 | loss: 0.0145797
	speed: 0.0317s/iter; left time: 8360.9205s
	iters: 1600, epoch: 7 | loss: 0.0231784
	speed: 0.0313s/iter; left time: 8270.7587s
	iters: 1700, epoch: 7 | loss: 0.0213144
	speed: 0.0315s/iter; left time: 8309.3718s
	iters: 1800, epoch: 7 | loss: 0.0198178
	speed: 0.0300s/iter; left time: 7917.0197s
	iters: 1900, epoch: 7 | loss: 0.0173812
	speed: 0.0306s/iter; left time: 8074.7365s
	iters: 2000, epoch: 7 | loss: 0.0184261
	speed: 0.0302s/iter; left time: 7960.3358s
	iters: 2100, epoch: 7 | loss: 0.0167483
	speed: 0.0306s/iter; left time: 8048.9790s
	iters: 2200, epoch: 7 | loss: 0.0127638
	speed: 0.0317s/iter; left time: 8339.7919s
	iters: 2300, epoch: 7 | loss: 0.0134083
	speed: 0.0317s/iter; left time: 8339.4872s
	iters: 2400, epoch: 7 | loss: 0.0198231
	speed: 0.0308s/iter; left time: 8102.7350s
	iters: 2500, epoch: 7 | loss: 0.0202422
	speed: 0.0297s/iter; left time: 7814.3888s
	iters: 2600, epoch: 7 | loss: 0.0205847
	speed: 0.0302s/iter; left time: 7927.6467s
	iters: 2700, epoch: 7 | loss: 0.0150194
	speed: 0.0311s/iter; left time: 8184.1341s
	iters: 2800, epoch: 7 | loss: 0.0159751
	speed: 0.0315s/iter; left time: 8277.9026s
	iters: 2900, epoch: 7 | loss: 0.0168053
	speed: 0.0305s/iter; left time: 8013.5127s
	iters: 3000, epoch: 7 | loss: 0.0219047
	speed: 0.0300s/iter; left time: 7881.8212s
	iters: 3100, epoch: 7 | loss: 0.0212759
	speed: 0.0301s/iter; left time: 7892.9052s
	iters: 3200, epoch: 7 | loss: 0.0189262
	speed: 0.0307s/iter; left time: 8058.8639s
	iters: 3300, epoch: 7 | loss: 0.0164164
	speed: 0.0307s/iter; left time: 8038.5405s
	iters: 3400, epoch: 7 | loss: 0.0156268
	speed: 0.0314s/iter; left time: 8225.5337s
	iters: 3500, epoch: 7 | loss: 0.0151265
	speed: 0.0313s/iter; left time: 8194.0125s
	iters: 3600, epoch: 7 | loss: 0.0188317
	speed: 0.0305s/iter; left time: 7999.9570s
	iters: 3700, epoch: 7 | loss: 0.0115728
	speed: 0.0301s/iter; left time: 7880.6296s
	iters: 3800, epoch: 7 | loss: 0.0188948
	speed: 0.0313s/iter; left time: 8178.3326s
	iters: 3900, epoch: 7 | loss: 0.0215823
	speed: 0.0312s/iter; left time: 8151.4453s
	iters: 4000, epoch: 7 | loss: 0.0122421
	speed: 0.0306s/iter; left time: 7996.1620s
	iters: 4100, epoch: 7 | loss: 0.0176261
	speed: 0.0315s/iter; left time: 8236.5267s
	iters: 4200, epoch: 7 | loss: 0.0244870
	speed: 0.0306s/iter; left time: 7989.1387s
	iters: 4300, epoch: 7 | loss: 0.0154608
	speed: 0.0303s/iter; left time: 7912.4805s
	iters: 4400, epoch: 7 | loss: 0.0207236
	speed: 0.0308s/iter; left time: 8053.7364s
	iters: 4500, epoch: 7 | loss: 0.0203804
	speed: 0.0311s/iter; left time: 8128.8164s
	iters: 4600, epoch: 7 | loss: 0.0193529
	speed: 0.0311s/iter; left time: 8111.8002s
	iters: 4700, epoch: 7 | loss: 0.0145391
	speed: 0.0308s/iter; left time: 8019.7728s
	iters: 4800, epoch: 7 | loss: 0.0207264
	speed: 0.0318s/iter; left time: 8299.5154s
	iters: 4900, epoch: 7 | loss: 0.0151836
	speed: 0.0305s/iter; left time: 7938.1655s
	iters: 5000, epoch: 7 | loss: 0.0185697
	speed: 0.0309s/iter; left time: 8057.1814s
	iters: 5100, epoch: 7 | loss: 0.0237639
	speed: 0.0308s/iter; left time: 8028.3492s
	iters: 5200, epoch: 7 | loss: 0.0164876
	speed: 0.0304s/iter; left time: 7919.2849s
	iters: 5300, epoch: 7 | loss: 0.0151972
	speed: 0.0308s/iter; left time: 8010.5556s
	iters: 5400, epoch: 7 | loss: 0.0230882
	speed: 0.0319s/iter; left time: 8292.7269s
	iters: 5500, epoch: 7 | loss: 0.0122066
	speed: 0.0306s/iter; left time: 7968.0286s
	iters: 5600, epoch: 7 | loss: 0.0194056
	speed: 0.0307s/iter; left time: 7969.1248s
	iters: 5700, epoch: 7 | loss: 0.0211998
	speed: 0.0314s/iter; left time: 8145.9299s
	iters: 5800, epoch: 7 | loss: 0.0159143
	speed: 0.0304s/iter; left time: 7884.1799s
	iters: 5900, epoch: 7 | loss: 0.0197406
	speed: 0.0311s/iter; left time: 8083.8991s
	iters: 6000, epoch: 7 | loss: 0.0191849
	speed: 0.0311s/iter; left time: 8064.6929s
Epoch: 7 cost time: 185.78654170036316
Epoch: 7, Steps: 6034 | Train Loss: 0.0182969 Vali Loss: 0.7191889 Test Loss: 0.5777193
EarlyStopping counter: 5 out of 10
Updating learning rate to 7.8125e-07
	iters: 100, epoch: 8 | loss: 0.0136986
	speed: 0.3672s/iter; left time: 95250.1117s
	iters: 200, epoch: 8 | loss: 0.0222920
	speed: 0.0301s/iter; left time: 7797.5935s
	iters: 300, epoch: 8 | loss: 0.0203359
	speed: 0.0298s/iter; left time: 7732.4173s
	iters: 400, epoch: 8 | loss: 0.0171134
	speed: 0.0306s/iter; left time: 7916.3958s
	iters: 500, epoch: 8 | loss: 0.0160013
	speed: 0.0313s/iter; left time: 8106.4090s
	iters: 600, epoch: 8 | loss: 0.0152126
	speed: 0.0308s/iter; left time: 7982.2545s
	iters: 700, epoch: 8 | loss: 0.0151283
	speed: 0.0310s/iter; left time: 8016.3175s
	iters: 800, epoch: 8 | loss: 0.0199526
	speed: 0.0303s/iter; left time: 7830.6601s
	iters: 900, epoch: 8 | loss: 0.0151944
	speed: 0.0302s/iter; left time: 7799.2514s
	iters: 1000, epoch: 8 | loss: 0.0184189
	speed: 0.0308s/iter; left time: 7954.9706s
	iters: 1100, epoch: 8 | loss: 0.0200968
	speed: 0.0306s/iter; left time: 7905.2547s
	iters: 1200, epoch: 8 | loss: 0.0175730
	speed: 0.0303s/iter; left time: 7836.6844s
	iters: 1300, epoch: 8 | loss: 0.0112820
	speed: 0.0308s/iter; left time: 7946.9824s
	iters: 1400, epoch: 8 | loss: 0.0208250
	speed: 0.0308s/iter; left time: 7953.6869s
	iters: 1500, epoch: 8 | loss: 0.0115292
	speed: 0.0300s/iter; left time: 7751.3339s
	iters: 1600, epoch: 8 | loss: 0.0176903
	speed: 0.0302s/iter; left time: 7782.7907s
	iters: 1700, epoch: 8 | loss: 0.0148659
	speed: 0.0314s/iter; left time: 8096.1589s
	iters: 1800, epoch: 8 | loss: 0.0152466
	speed: 0.0320s/iter; left time: 8238.2743s
	iters: 1900, epoch: 8 | loss: 0.0141656
	speed: 0.0303s/iter; left time: 7809.5566s
	iters: 2000, epoch: 8 | loss: 0.0278507
	speed: 0.0312s/iter; left time: 8041.1579s
	iters: 2100, epoch: 8 | loss: 0.0120363
	speed: 0.0301s/iter; left time: 7752.0763s
	iters: 2200, epoch: 8 | loss: 0.0160097
	speed: 0.0307s/iter; left time: 7893.0456s
	iters: 2300, epoch: 8 | loss: 0.0171187
	speed: 0.0312s/iter; left time: 8033.7895s
	iters: 2400, epoch: 8 | loss: 0.0223186
	speed: 0.0314s/iter; left time: 8068.2274s
	iters: 2500, epoch: 8 | loss: 0.0183141
	speed: 0.0307s/iter; left time: 7894.9259s
	iters: 2600, epoch: 8 | loss: 0.0236249
	speed: 0.0309s/iter; left time: 7936.5031s
	iters: 2700, epoch: 8 | loss: 0.0165983
	speed: 0.0318s/iter; left time: 8171.5330s
	iters: 2800, epoch: 8 | loss: 0.0249978
	speed: 0.0310s/iter; left time: 7964.5550s
	iters: 2900, epoch: 8 | loss: 0.0195799
	speed: 0.0305s/iter; left time: 7815.0099s
	iters: 3000, epoch: 8 | loss: 0.0172982
	speed: 0.0312s/iter; left time: 8013.1627s
	iters: 3100, epoch: 8 | loss: 0.0205194
	speed: 0.0313s/iter; left time: 8020.4185s
	iters: 3200, epoch: 8 | loss: 0.0133686
	speed: 0.0315s/iter; left time: 8067.3138s
	iters: 3300, epoch: 8 | loss: 0.0159722
	speed: 0.0316s/iter; left time: 8096.8178s
	iters: 3400, epoch: 8 | loss: 0.0180109
	speed: 0.0306s/iter; left time: 7824.5496s
	iters: 3500, epoch: 8 | loss: 0.0169844
	speed: 0.0312s/iter; left time: 7976.9402s
	iters: 3600, epoch: 8 | loss: 0.0217029
	speed: 0.0312s/iter; left time: 7990.0772s
	iters: 3700, epoch: 8 | loss: 0.0158473
	speed: 0.0305s/iter; left time: 7788.4702s
	iters: 3800, epoch: 8 | loss: 0.0178714
	speed: 0.0302s/iter; left time: 7730.4547s
	iters: 3900, epoch: 8 | loss: 0.0166242
	speed: 0.0308s/iter; left time: 7874.4343s
	iters: 4000, epoch: 8 | loss: 0.0192711
	speed: 0.0308s/iter; left time: 7856.1787s
	iters: 4100, epoch: 8 | loss: 0.0184250
	speed: 0.0310s/iter; left time: 7911.5952s
	iters: 4200, epoch: 8 | loss: 0.0166386
	speed: 0.0305s/iter; left time: 7785.1824s
	iters: 4300, epoch: 8 | loss: 0.0150516
	speed: 0.0312s/iter; left time: 7967.8654s
	iters: 4400, epoch: 8 | loss: 0.0219333
	speed: 0.0306s/iter; left time: 7809.2617s
	iters: 4500, epoch: 8 | loss: 0.0147352
	speed: 0.0310s/iter; left time: 7900.9963s
	iters: 4600, epoch: 8 | loss: 0.0166518
	speed: 0.0310s/iter; left time: 7888.1728s
	iters: 4700, epoch: 8 | loss: 0.0224068
	speed: 0.0307s/iter; left time: 7815.5745s
	iters: 4800, epoch: 8 | loss: 0.0175209
	speed: 0.0304s/iter; left time: 7738.3343s
	iters: 4900, epoch: 8 | loss: 0.0111294
	speed: 0.0308s/iter; left time: 7841.5428s
	iters: 5000, epoch: 8 | loss: 0.0110090
	speed: 0.0311s/iter; left time: 7905.3479s
	iters: 5100, epoch: 8 | loss: 0.0180387
	speed: 0.0313s/iter; left time: 7971.1659s
	iters: 5200, epoch: 8 | loss: 0.0144763
	speed: 0.0306s/iter; left time: 7782.7270s
	iters: 5300, epoch: 8 | loss: 0.0259308
	speed: 0.0313s/iter; left time: 7955.2598s
	iters: 5400, epoch: 8 | loss: 0.0242689
	speed: 0.0303s/iter; left time: 7703.0474s
	iters: 5500, epoch: 8 | loss: 0.0172096
	speed: 0.0307s/iter; left time: 7798.1528s
	iters: 5600, epoch: 8 | loss: 0.0159395
	speed: 0.0314s/iter; left time: 7969.0881s
	iters: 5700, epoch: 8 | loss: 0.0155812
	speed: 0.0308s/iter; left time: 7812.0704s
	iters: 5800, epoch: 8 | loss: 0.0190996
	speed: 0.0319s/iter; left time: 8097.2523s
	iters: 5900, epoch: 8 | loss: 0.0137061
	speed: 0.0304s/iter; left time: 7707.4270s
	iters: 6000, epoch: 8 | loss: 0.0176102
	speed: 0.0305s/iter; left time: 7729.9452s
Epoch: 8 cost time: 185.99005484580994
Epoch: 8, Steps: 6034 | Train Loss: 0.0180644 Vali Loss: 0.7110419 Test Loss: 0.5608159
EarlyStopping counter: 6 out of 10
Updating learning rate to 3.90625e-07
	iters: 100, epoch: 9 | loss: 0.0154689
	speed: 0.3676s/iter; left time: 93135.7584s
	iters: 200, epoch: 9 | loss: 0.0195213
	speed: 0.0316s/iter; left time: 7998.7685s
	iters: 300, epoch: 9 | loss: 0.0143806
	speed: 0.0309s/iter; left time: 7828.5562s
	iters: 400, epoch: 9 | loss: 0.0214704
	speed: 0.0313s/iter; left time: 7914.5131s
	iters: 500, epoch: 9 | loss: 0.0218086
	speed: 0.0312s/iter; left time: 7891.1940s
	iters: 600, epoch: 9 | loss: 0.0218122
	speed: 0.0309s/iter; left time: 7800.6765s
	iters: 700, epoch: 9 | loss: 0.0180051
	speed: 0.0312s/iter; left time: 7896.5352s
	iters: 800, epoch: 9 | loss: 0.0254286
	speed: 0.0311s/iter; left time: 7845.6748s
	iters: 900, epoch: 9 | loss: 0.0188459
	speed: 0.0307s/iter; left time: 7742.3759s
	iters: 1000, epoch: 9 | loss: 0.0152064
	speed: 0.0317s/iter; left time: 8005.4185s
	iters: 1100, epoch: 9 | loss: 0.0231798
	speed: 0.0307s/iter; left time: 7738.2324s
	iters: 1200, epoch: 9 | loss: 0.0168114
	speed: 0.0312s/iter; left time: 7879.0659s
	iters: 1300, epoch: 9 | loss: 0.0284140
	speed: 0.0310s/iter; left time: 7812.4575s
	iters: 1400, epoch: 9 | loss: 0.0258389
	speed: 0.0310s/iter; left time: 7805.8876s
	iters: 1500, epoch: 9 | loss: 0.0134671
	speed: 0.0301s/iter; left time: 7583.5848s
	iters: 1600, epoch: 9 | loss: 0.0146749
	speed: 0.0312s/iter; left time: 7864.7233s
	iters: 1700, epoch: 9 | loss: 0.0127837
	speed: 0.0309s/iter; left time: 7789.0729s
	iters: 1800, epoch: 9 | loss: 0.0148573
	speed: 0.0309s/iter; left time: 7779.9829s
	iters: 1900, epoch: 9 | loss: 0.0153861
	speed: 0.0304s/iter; left time: 7657.1488s
	iters: 2000, epoch: 9 | loss: 0.0208945
	speed: 0.0304s/iter; left time: 7634.4815s
	iters: 2100, epoch: 9 | loss: 0.0126811
	speed: 0.0310s/iter; left time: 7779.5027s
	iters: 2200, epoch: 9 | loss: 0.0170593
	speed: 0.0322s/iter; left time: 8082.5617s
	iters: 2300, epoch: 9 | loss: 0.0120053
	speed: 0.0306s/iter; left time: 7678.6778s
	iters: 2400, epoch: 9 | loss: 0.0194499
	speed: 0.0305s/iter; left time: 7662.3939s
	iters: 2500, epoch: 9 | loss: 0.0195906
	speed: 0.0305s/iter; left time: 7650.8695s
	iters: 2600, epoch: 9 | loss: 0.0223332
	speed: 0.0306s/iter; left time: 7678.5003s
	iters: 2700, epoch: 9 | loss: 0.0215176
	speed: 0.0307s/iter; left time: 7692.1429s
	iters: 2800, epoch: 9 | loss: 0.0207039
	speed: 0.0320s/iter; left time: 8025.5240s
	iters: 2900, epoch: 9 | loss: 0.0184367
	speed: 0.0309s/iter; left time: 7751.5354s
	iters: 3000, epoch: 9 | loss: 0.0218122
	speed: 0.0307s/iter; left time: 7686.8572s
	iters: 3100, epoch: 9 | loss: 0.0163092
	speed: 0.0306s/iter; left time: 7664.6873s
	iters: 3200, epoch: 9 | loss: 0.0151754
	speed: 0.0303s/iter; left time: 7587.9923s
	iters: 3300, epoch: 9 | loss: 0.0177068
	speed: 0.0313s/iter; left time: 7834.0211s
	iters: 3400, epoch: 9 | loss: 0.0157241
	speed: 0.0311s/iter; left time: 7770.9736s
	iters: 3500, epoch: 9 | loss: 0.0127360
	speed: 0.0310s/iter; left time: 7757.4538s
	iters: 3600, epoch: 9 | loss: 0.0203593
	speed: 0.0305s/iter; left time: 7619.9047s
	iters: 3700, epoch: 9 | loss: 0.0293512
	speed: 0.0300s/iter; left time: 7496.1271s
	iters: 3800, epoch: 9 | loss: 0.0213064
	speed: 0.0311s/iter; left time: 7770.6982s
	iters: 3900, epoch: 9 | loss: 0.0189896
	speed: 0.0304s/iter; left time: 7584.8349s
	iters: 4000, epoch: 9 | loss: 0.0163481
	speed: 0.0308s/iter; left time: 7677.3225s
	iters: 4100, epoch: 9 | loss: 0.0133994
	speed: 0.0310s/iter; left time: 7726.9155s
	iters: 4200, epoch: 9 | loss: 0.0157569
	speed: 0.0309s/iter; left time: 7709.6992s
	iters: 4300, epoch: 9 | loss: 0.0145059
	speed: 0.0301s/iter; left time: 7509.8372s
	iters: 4400, epoch: 9 | loss: 0.0149950
	speed: 0.0310s/iter; left time: 7726.9315s
	iters: 4500, epoch: 9 | loss: 0.0132883
	speed: 0.0317s/iter; left time: 7887.1829s
	iters: 4600, epoch: 9 | loss: 0.0190435
	speed: 0.0313s/iter; left time: 7789.9249s
	iters: 4700, epoch: 9 | loss: 0.0214667
	speed: 0.0312s/iter; left time: 7750.2881s
	iters: 4800, epoch: 9 | loss: 0.0202612
	speed: 0.0310s/iter; left time: 7710.2018s
	iters: 4900, epoch: 9 | loss: 0.0177854
	speed: 0.0303s/iter; left time: 7539.1674s
	iters: 5000, epoch: 9 | loss: 0.0189671
	speed: 0.0301s/iter; left time: 7485.6651s
	iters: 5100, epoch: 9 | loss: 0.0207107
	speed: 0.0316s/iter; left time: 7845.1658s
	iters: 5200, epoch: 9 | loss: 0.0179613
	speed: 0.0321s/iter; left time: 7964.9646s
	iters: 5300, epoch: 9 | loss: 0.0261393
	speed: 0.0315s/iter; left time: 7827.4245s
	iters: 5400, epoch: 9 | loss: 0.0151360
	speed: 0.0307s/iter; left time: 7623.5123s
	iters: 5500, epoch: 9 | loss: 0.0186011
	speed: 0.0302s/iter; left time: 7492.7615s
	iters: 5600, epoch: 9 | loss: 0.0171576
	speed: 0.0306s/iter; left time: 7574.7621s
	iters: 5700, epoch: 9 | loss: 0.0119381
	speed: 0.0306s/iter; left time: 7568.3296s
	iters: 5800, epoch: 9 | loss: 0.0117536
	speed: 0.0311s/iter; left time: 7710.3614s
	iters: 5900, epoch: 9 | loss: 0.0155764
	speed: 0.0308s/iter; left time: 7623.8883s
	iters: 6000, epoch: 9 | loss: 0.0215731
	speed: 0.0305s/iter; left time: 7558.5792s
Epoch: 9 cost time: 186.60144686698914
Epoch: 9, Steps: 6034 | Train Loss: 0.0178813 Vali Loss: 0.7164888 Test Loss: 0.5718016
EarlyStopping counter: 7 out of 10
Updating learning rate to 1.953125e-07
	iters: 100, epoch: 10 | loss: 0.0151308
	speed: 0.3664s/iter; left time: 90611.0026s
	iters: 200, epoch: 10 | loss: 0.0189016
	speed: 0.0303s/iter; left time: 7483.2544s
	iters: 300, epoch: 10 | loss: 0.0158231
	speed: 0.0304s/iter; left time: 7500.9907s
	iters: 400, epoch: 10 | loss: 0.0209661
	speed: 0.0304s/iter; left time: 7520.6629s
	iters: 500, epoch: 10 | loss: 0.0187882
	speed: 0.0312s/iter; left time: 7691.1119s
	iters: 600, epoch: 10 | loss: 0.0199575
	speed: 0.0313s/iter; left time: 7735.5569s
	iters: 700, epoch: 10 | loss: 0.0208706
	speed: 0.0308s/iter; left time: 7609.0293s
	iters: 800, epoch: 10 | loss: 0.0169650
	speed: 0.0311s/iter; left time: 7673.4120s
	iters: 900, epoch: 10 | loss: 0.0221475
	speed: 0.0304s/iter; left time: 7484.3981s
	iters: 1000, epoch: 10 | loss: 0.0181754
	speed: 0.0313s/iter; left time: 7712.3406s
	iters: 1100, epoch: 10 | loss: 0.0179223
	speed: 0.0311s/iter; left time: 7660.9933s
	iters: 1200, epoch: 10 | loss: 0.0148115
	speed: 0.0311s/iter; left time: 7655.2244s
	iters: 1300, epoch: 10 | loss: 0.0113326
	speed: 0.0317s/iter; left time: 7800.4542s
	iters: 1400, epoch: 10 | loss: 0.0201404
	speed: 0.0306s/iter; left time: 7515.5756s
	iters: 1500, epoch: 10 | loss: 0.0256509
	speed: 0.0308s/iter; left time: 7580.9497s
	iters: 1600, epoch: 10 | loss: 0.0151810
	speed: 0.0303s/iter; left time: 7440.5691s
	iters: 1700, epoch: 10 | loss: 0.0243116
	speed: 0.0314s/iter; left time: 7708.8869s
	iters: 1800, epoch: 10 | loss: 0.0164202
	speed: 0.0323s/iter; left time: 7926.8163s
	iters: 1900, epoch: 10 | loss: 0.0198728
	speed: 0.0311s/iter; left time: 7643.0154s
	iters: 2000, epoch: 10 | loss: 0.0197533
	speed: 0.0304s/iter; left time: 7449.0221s
	iters: 2100, epoch: 10 | loss: 0.0239506
	speed: 0.0312s/iter; left time: 7657.3496s
	iters: 2200, epoch: 10 | loss: 0.0126419
	speed: 0.0317s/iter; left time: 7783.4832s
	iters: 2300, epoch: 10 | loss: 0.0190192
	speed: 0.0319s/iter; left time: 7811.8194s
	iters: 2400, epoch: 10 | loss: 0.0136967
	speed: 0.0318s/iter; left time: 7781.9597s
	iters: 2500, epoch: 10 | loss: 0.0261348
	speed: 0.0301s/iter; left time: 7364.2390s
	iters: 2600, epoch: 10 | loss: 0.0127731
	speed: 0.0301s/iter; left time: 7374.8901s
	iters: 2700, epoch: 10 | loss: 0.0137939
	speed: 0.0308s/iter; left time: 7525.3293s
	iters: 2800, epoch: 10 | loss: 0.0162423
	speed: 0.0313s/iter; left time: 7654.8721s
	iters: 2900, epoch: 10 | loss: 0.0160026
	speed: 0.0319s/iter; left time: 7810.2009s
	iters: 3000, epoch: 10 | loss: 0.0196650
	speed: 0.0314s/iter; left time: 7679.2596s
	iters: 3100, epoch: 10 | loss: 0.0181224
	speed: 0.0305s/iter; left time: 7451.8757s
	iters: 3200, epoch: 10 | loss: 0.0200829
	speed: 0.0311s/iter; left time: 7594.3583s
	iters: 3300, epoch: 10 | loss: 0.0132609
	speed: 0.0306s/iter; left time: 7465.4426s
	iters: 3400, epoch: 10 | loss: 0.0192189
	speed: 0.0324s/iter; left time: 7911.2809s
	iters: 3500, epoch: 10 | loss: 0.0193733
	speed: 0.0327s/iter; left time: 7981.4529s
	iters: 3600, epoch: 10 | loss: 0.0163995
	speed: 0.0323s/iter; left time: 7863.9910s
	iters: 3700, epoch: 10 | loss: 0.0252493
	speed: 0.0339s/iter; left time: 8251.5369s
	iters: 3800, epoch: 10 | loss: 0.0168361
	speed: 0.0318s/iter; left time: 7747.6610s
	iters: 3900, epoch: 10 | loss: 0.0182068
	speed: 0.0320s/iter; left time: 7797.0673s
	iters: 4000, epoch: 10 | loss: 0.0234702
	speed: 0.0339s/iter; left time: 8249.1688s
	iters: 4100, epoch: 10 | loss: 0.0102942
	speed: 0.0345s/iter; left time: 8384.3792s
	iters: 4200, epoch: 10 | loss: 0.0147636
	speed: 0.0318s/iter; left time: 7729.8283s
	iters: 4300, epoch: 10 | loss: 0.0160540
	speed: 0.0328s/iter; left time: 7969.7446s
	iters: 4400, epoch: 10 | loss: 0.0165766
	speed: 0.0322s/iter; left time: 7819.0419s
	iters: 4500, epoch: 10 | loss: 0.0193753
	speed: 0.0331s/iter; left time: 8050.2969s
	iters: 4600, epoch: 10 | loss: 0.0137861
	speed: 0.0328s/iter; left time: 7966.7810s
	iters: 4700, epoch: 10 | loss: 0.0129037
	speed: 0.0321s/iter; left time: 7797.7234s
	iters: 4800, epoch: 10 | loss: 0.0160890
	speed: 0.0317s/iter; left time: 7701.4443s
	iters: 4900, epoch: 10 | loss: 0.0154113
	speed: 0.0320s/iter; left time: 7762.3505s
	iters: 5000, epoch: 10 | loss: 0.0129704
	speed: 0.0328s/iter; left time: 7944.1220s
	iters: 5100, epoch: 10 | loss: 0.0186774
	speed: 0.0323s/iter; left time: 7815.2359s
	iters: 5200, epoch: 10 | loss: 0.0203988
	speed: 0.0312s/iter; left time: 7546.6846s
	iters: 5300, epoch: 10 | loss: 0.0276518
	speed: 0.0327s/iter; left time: 7919.7821s
	iters: 5400, epoch: 10 | loss: 0.0155553
	speed: 0.0373s/iter; left time: 9024.6209s
	iters: 5500, epoch: 10 | loss: 0.0162907
	speed: 0.0333s/iter; left time: 8065.5553s
	iters: 5600, epoch: 10 | loss: 0.0137395
	speed: 0.0325s/iter; left time: 7862.9598s
	iters: 5700, epoch: 10 | loss: 0.0184657
	speed: 0.0350s/iter; left time: 8464.4766s
	iters: 5800, epoch: 10 | loss: 0.0223411
	speed: 0.0351s/iter; left time: 8484.5050s
	iters: 5900, epoch: 10 | loss: 0.0175911
	speed: 0.0320s/iter; left time: 7732.0288s
	iters: 6000, epoch: 10 | loss: 0.0189813
	speed: 0.0309s/iter; left time: 7455.4006s
Epoch: 10 cost time: 192.0183048248291
Epoch: 10, Steps: 6034 | Train Loss: 0.0178120 Vali Loss: 0.7155836 Test Loss: 0.5688459
EarlyStopping counter: 8 out of 10
Updating learning rate to 9.765625e-08
	iters: 100, epoch: 11 | loss: 0.0139914
	speed: 0.3668s/iter; left time: 88504.4113s
	iters: 200, epoch: 11 | loss: 0.0197181
	speed: 0.0302s/iter; left time: 7279.8325s
	iters: 300, epoch: 11 | loss: 0.0219799
	speed: 0.0305s/iter; left time: 7361.6458s
	iters: 400, epoch: 11 | loss: 0.0143783
	speed: 0.0312s/iter; left time: 7520.9904s
	iters: 500, epoch: 11 | loss: 0.0162051
	speed: 0.0321s/iter; left time: 7732.3962s
	iters: 600, epoch: 11 | loss: 0.0143719
	speed: 0.0315s/iter; left time: 7595.9722s
	iters: 700, epoch: 11 | loss: 0.0163738
	speed: 0.0308s/iter; left time: 7401.0718s
	iters: 800, epoch: 11 | loss: 0.0175289
	speed: 0.0307s/iter; left time: 7396.7484s
	iters: 900, epoch: 11 | loss: 0.0093196
	speed: 0.0306s/iter; left time: 7360.8457s
	iters: 1000, epoch: 11 | loss: 0.0213197
	speed: 0.0305s/iter; left time: 7320.2121s
	iters: 1100, epoch: 11 | loss: 0.0184798
	speed: 0.0315s/iter; left time: 7565.2081s
	iters: 1200, epoch: 11 | loss: 0.0173639
	speed: 0.0308s/iter; left time: 7399.9492s
	iters: 1300, epoch: 11 | loss: 0.0145501
	speed: 0.0304s/iter; left time: 7304.6905s
	iters: 1400, epoch: 11 | loss: 0.0241945
	speed: 0.0308s/iter; left time: 7379.3959s
	iters: 1500, epoch: 11 | loss: 0.0148900
	speed: 0.0312s/iter; left time: 7493.5786s
	iters: 1600, epoch: 11 | loss: 0.0188001
	speed: 0.0309s/iter; left time: 7414.6763s
	iters: 1700, epoch: 11 | loss: 0.0127152
	speed: 0.0309s/iter; left time: 7393.7059s
	iters: 1800, epoch: 11 | loss: 0.0205734
	speed: 0.0313s/iter; left time: 7509.4451s
	iters: 1900, epoch: 11 | loss: 0.0186795
	speed: 0.0304s/iter; left time: 7290.4812s
	iters: 2000, epoch: 11 | loss: 0.0157186
	speed: 0.0311s/iter; left time: 7448.1987s
	iters: 2100, epoch: 11 | loss: 0.0102943
	speed: 0.0311s/iter; left time: 7434.3969s
	iters: 2200, epoch: 11 | loss: 0.0159608
	speed: 0.0307s/iter; left time: 7338.2488s
	iters: 2300, epoch: 11 | loss: 0.0171944
	speed: 0.0304s/iter; left time: 7267.0297s
	iters: 2400, epoch: 11 | loss: 0.0150704
	speed: 0.0304s/iter; left time: 7264.2240s
	iters: 2500, epoch: 11 | loss: 0.0155289
	speed: 0.0313s/iter; left time: 7474.5591s
	iters: 2600, epoch: 11 | loss: 0.0122702
	speed: 0.0310s/iter; left time: 7404.4023s
	iters: 2700, epoch: 11 | loss: 0.0165282
	speed: 0.0308s/iter; left time: 7351.7407s
	iters: 2800, epoch: 11 | loss: 0.0205967
	speed: 0.0306s/iter; left time: 7289.7649s
	iters: 2900, epoch: 11 | loss: 0.0172719
	speed: 0.0308s/iter; left time: 7334.5543s
	iters: 3000, epoch: 11 | loss: 0.0144099
	speed: 0.0312s/iter; left time: 7428.1566s
	iters: 3100, epoch: 11 | loss: 0.0138173
	speed: 0.0316s/iter; left time: 7530.8167s
	iters: 3200, epoch: 11 | loss: 0.0208506
	speed: 0.0316s/iter; left time: 7531.9697s
	iters: 3300, epoch: 11 | loss: 0.0120653
	speed: 0.0310s/iter; left time: 7388.6883s
	iters: 3400, epoch: 11 | loss: 0.0139220
	speed: 0.0307s/iter; left time: 7296.3046s
	iters: 3500, epoch: 11 | loss: 0.0215835
	speed: 0.0304s/iter; left time: 7232.2492s
	iters: 3600, epoch: 11 | loss: 0.0272311
	speed: 0.0300s/iter; left time: 7122.4943s
	iters: 3700, epoch: 11 | loss: 0.0162780
	speed: 0.0310s/iter; left time: 7367.7956s
	iters: 3800, epoch: 11 | loss: 0.0121502
	speed: 0.0318s/iter; left time: 7542.5775s
	iters: 3900, epoch: 11 | loss: 0.0202533
	speed: 0.0311s/iter; left time: 7389.0577s
	iters: 4000, epoch: 11 | loss: 0.0176566
	speed: 0.0320s/iter; left time: 7585.6611s
	iters: 4100, epoch: 11 | loss: 0.0167700
	speed: 0.0305s/iter; left time: 7238.0601s
	iters: 4200, epoch: 11 | loss: 0.0216151
	speed: 0.0305s/iter; left time: 7243.2880s
	iters: 4300, epoch: 11 | loss: 0.0134898
	speed: 0.0315s/iter; left time: 7467.8982s
	iters: 4400, epoch: 11 | loss: 0.0196485
	speed: 0.0310s/iter; left time: 7343.0891s
	iters: 4500, epoch: 11 | loss: 0.0226268
	speed: 0.0321s/iter; left time: 7606.6282s
	iters: 4600, epoch: 11 | loss: 0.0201538
	speed: 0.0307s/iter; left time: 7258.5187s
	iters: 4700, epoch: 11 | loss: 0.0188338
	speed: 0.0301s/iter; left time: 7128.0083s
	iters: 4800, epoch: 11 | loss: 0.0204627
	speed: 0.0306s/iter; left time: 7231.6713s
	iters: 4900, epoch: 11 | loss: 0.0149733
	speed: 0.0316s/iter; left time: 7467.2332s
	iters: 5000, epoch: 11 | loss: 0.0202507
	speed: 0.0321s/iter; left time: 7587.8633s
	iters: 5100, epoch: 11 | loss: 0.0162178
	speed: 0.0312s/iter; left time: 7382.7355s
	iters: 5200, epoch: 11 | loss: 0.0129166
	speed: 0.0316s/iter; left time: 7471.4551s
	iters: 5300, epoch: 11 | loss: 0.0150027
	speed: 0.0298s/iter; left time: 7045.7081s
	iters: 5400, epoch: 11 | loss: 0.0411580
	speed: 0.0299s/iter; left time: 7064.3381s
	iters: 5500, epoch: 11 | loss: 0.0145827
	speed: 0.0307s/iter; left time: 7230.6334s
	iters: 5600, epoch: 11 | loss: 0.0153153
	speed: 0.0307s/iter; left time: 7231.8329s
	iters: 5700, epoch: 11 | loss: 0.0114309
	speed: 0.0314s/iter; left time: 7409.3792s
	iters: 5800, epoch: 11 | loss: 0.0182417
	speed: 0.0315s/iter; left time: 7425.2735s
	iters: 5900, epoch: 11 | loss: 0.0229954
	speed: 0.0304s/iter; left time: 7167.8396s
	iters: 6000, epoch: 11 | loss: 0.0231724
	speed: 0.0304s/iter; left time: 7145.1992s
Epoch: 11 cost time: 186.6479799747467
Epoch: 11, Steps: 6034 | Train Loss: 0.0177757 Vali Loss: 0.7205141 Test Loss: 0.5711020
EarlyStopping counter: 9 out of 10
Updating learning rate to 4.8828125e-08
	iters: 100, epoch: 12 | loss: 0.0237476
	speed: 0.3674s/iter; left time: 86422.6129s
	iters: 200, epoch: 12 | loss: 0.0135854
	speed: 0.0305s/iter; left time: 7162.2981s
	iters: 300, epoch: 12 | loss: 0.0179052
	speed: 0.0310s/iter; left time: 7295.6995s
	iters: 400, epoch: 12 | loss: 0.0133843
	speed: 0.0312s/iter; left time: 7320.0037s
	iters: 500, epoch: 12 | loss: 0.0159611
	speed: 0.0308s/iter; left time: 7228.7579s
	iters: 600, epoch: 12 | loss: 0.0169593
	speed: 0.0309s/iter; left time: 7243.6735s
	iters: 700, epoch: 12 | loss: 0.0166595
	speed: 0.0311s/iter; left time: 7295.1306s
	iters: 800, epoch: 12 | loss: 0.0187682
	speed: 0.0306s/iter; left time: 7182.0365s
	iters: 900, epoch: 12 | loss: 0.0184564
	speed: 0.0307s/iter; left time: 7186.8734s
	iters: 1000, epoch: 12 | loss: 0.0138440
	speed: 0.0314s/iter; left time: 7368.0505s
	iters: 1100, epoch: 12 | loss: 0.0294851
	speed: 0.0307s/iter; left time: 7190.0121s
	iters: 1200, epoch: 12 | loss: 0.0301961
	speed: 0.0308s/iter; left time: 7202.6513s
	iters: 1300, epoch: 12 | loss: 0.0314176
	speed: 0.0305s/iter; left time: 7148.7439s
	iters: 1400, epoch: 12 | loss: 0.0148214
	speed: 0.0318s/iter; left time: 7444.5034s
	iters: 1500, epoch: 12 | loss: 0.0174780
	speed: 0.0307s/iter; left time: 7179.6584s
	iters: 1600, epoch: 12 | loss: 0.0174109
	speed: 0.0314s/iter; left time: 7344.3553s
	iters: 1700, epoch: 12 | loss: 0.0198059
	speed: 0.0314s/iter; left time: 7343.7876s
	iters: 1800, epoch: 12 | loss: 0.0215941
	speed: 0.0304s/iter; left time: 7092.7505s
	iters: 1900, epoch: 12 | loss: 0.0132142
	speed: 0.0305s/iter; left time: 7115.3661s
	iters: 2000, epoch: 12 | loss: 0.0153716
	speed: 0.0312s/iter; left time: 7277.8907s
	iters: 2100, epoch: 12 | loss: 0.0166959
	speed: 0.0315s/iter; left time: 7340.0281s
	iters: 2200, epoch: 12 | loss: 0.0172557
	speed: 0.0314s/iter; left time: 7326.8584s
	iters: 2300, epoch: 12 | loss: 0.0143054
	speed: 0.0315s/iter; left time: 7331.1331s
	iters: 2400, epoch: 12 | loss: 0.0163282
	speed: 0.0307s/iter; left time: 7150.4139s
	iters: 2500, epoch: 12 | loss: 0.0188280
	speed: 0.0301s/iter; left time: 6998.6515s
	iters: 2600, epoch: 12 | loss: 0.0169468
	speed: 0.0306s/iter; left time: 7125.9560s
	iters: 2700, epoch: 12 | loss: 0.0136900
	speed: 0.0310s/iter; left time: 7209.5649s
	iters: 2800, epoch: 12 | loss: 0.0151695
	speed: 0.0317s/iter; left time: 7369.4030s
	iters: 2900, epoch: 12 | loss: 0.0190074
	speed: 0.0313s/iter; left time: 7280.4165s
	iters: 3000, epoch: 12 | loss: 0.0172192
	speed: 0.0301s/iter; left time: 6984.4620s
	iters: 3100, epoch: 12 | loss: 0.0184746
	speed: 0.0304s/iter; left time: 7052.2555s
	iters: 3200, epoch: 12 | loss: 0.0157584
	speed: 0.0310s/iter; left time: 7191.4434s
	iters: 3300, epoch: 12 | loss: 0.0137117
	speed: 0.0315s/iter; left time: 7307.0219s
	iters: 3400, epoch: 12 | loss: 0.0154237
	speed: 0.0311s/iter; left time: 7223.8974s
	iters: 3500, epoch: 12 | loss: 0.0177472
	speed: 0.0308s/iter; left time: 7136.2753s
	iters: 3600, epoch: 12 | loss: 0.0136140
	speed: 0.0309s/iter; left time: 7156.4636s
	iters: 3700, epoch: 12 | loss: 0.0149730
	speed: 0.0304s/iter; left time: 7033.3742s
	iters: 3800, epoch: 12 | loss: 0.0148256
	speed: 0.0314s/iter; left time: 7264.3049s
	iters: 3900, epoch: 12 | loss: 0.0218674
	speed: 0.0312s/iter; left time: 7225.0367s
	iters: 4000, epoch: 12 | loss: 0.0160057
	speed: 0.0313s/iter; left time: 7239.4455s
	iters: 4100, epoch: 12 | loss: 0.0146214
	speed: 0.0309s/iter; left time: 7144.8320s
	iters: 4200, epoch: 12 | loss: 0.0169768
	speed: 0.0311s/iter; left time: 7196.2094s
	iters: 4300, epoch: 12 | loss: 0.0190868
	speed: 0.0303s/iter; left time: 7010.8440s
	iters: 4400, epoch: 12 | loss: 0.0263620
	speed: 0.0305s/iter; left time: 7034.1686s
	iters: 4500, epoch: 12 | loss: 0.0157605
	speed: 0.0316s/iter; left time: 7290.1407s
	iters: 4600, epoch: 12 | loss: 0.0182893
	speed: 0.0311s/iter; left time: 7186.0387s
	iters: 4700, epoch: 12 | loss: 0.0203988
	speed: 0.0309s/iter; left time: 7119.6977s
	iters: 4800, epoch: 12 | loss: 0.0144118
	speed: 0.0310s/iter; left time: 7146.7457s
	iters: 4900, epoch: 12 | loss: 0.0146782
	speed: 0.0304s/iter; left time: 6996.4280s
	iters: 5000, epoch: 12 | loss: 0.0146871
	speed: 0.0306s/iter; left time: 7039.8024s
	iters: 5100, epoch: 12 | loss: 0.0171901
	speed: 0.0309s/iter; left time: 7113.1792s
	iters: 5200, epoch: 12 | loss: 0.0194132
	speed: 0.0308s/iter; left time: 7086.1519s
	iters: 5300, epoch: 12 | loss: 0.0174237
	speed: 0.0308s/iter; left time: 7092.1963s
	iters: 5400, epoch: 12 | loss: 0.0191602
	speed: 0.0309s/iter; left time: 7100.3350s
	iters: 5500, epoch: 12 | loss: 0.0156262
	speed: 0.0304s/iter; left time: 6983.1434s
	iters: 5600, epoch: 12 | loss: 0.0122167
	speed: 0.0312s/iter; left time: 7159.6384s
	iters: 5700, epoch: 12 | loss: 0.0192336
	speed: 0.0305s/iter; left time: 6993.4705s
	iters: 5800, epoch: 12 | loss: 0.0127159
	speed: 0.0306s/iter; left time: 7015.3569s
	iters: 5900, epoch: 12 | loss: 0.0150919
	speed: 0.0304s/iter; left time: 6972.9485s
	iters: 6000, epoch: 12 | loss: 0.0124969
	speed: 0.0307s/iter; left time: 7044.0922s
Epoch: 12 cost time: 186.35825753211975
Epoch: 12, Steps: 6034 | Train Loss: 0.0177619 Vali Loss: 0.7228643 Test Loss: 0.5720890
EarlyStopping counter: 10 out of 10
Early stopping
>>>>>>>testing : informerstack_custom_ftMS_sl336_ll168_pl168_dm256_nh8_el3_dl1_df1024_atprob_fc5_ebtimeF_dtTrue_mxTrue_exp_133_0<<<<<<<<<<<<<<<<<<<<<<<<<<<<<<<<<
test 13769
test shape: (1721, 8, 168, 1) (1721, 8, 168, 1)
test shape: (13768, 168, 1) (13768, 168, 1)
mse:0.5843075513839722, mae:0.6616353392601013, r2:-2.425712823867798


Parsed metrics from Informer output (normalized scale):
  MSE:  0.5843
  MAE:  0.6616
  RMSE: 0.7644
  R2:   -2.4257

Metrics after inverse transformation (original scale):
  MSE:  75.9450
  MAE:  7.5431
  RMSE: 8.7146
  R2:   -2.4257
Warning: Failed to record experiment: 'gbk' codec can't encode character '\u2713' in position 0: illegal multibyte sequence
  Training time: 2658.44s
  RMSE: 8.7146
  MAE:  7.5431
  R2:   -2.4257

Saving results...
  Model: Native Informer (saved in external/Informer2020/checkpoints/)
  Predictions: Not saved (native Informer handles this internally)
  Metrics: E:\ANUS_learning\MSI5001-power-transformer-oil-temperature-prediction\models\experiments\exp_133_metrics.json
  Plot: Skipped (native Informer handles visualization internally)

======================================================================
Experiment complete: exp_133
======================================================================

======================================================================
Completed: 2025-11-08 01:01:27
Return code: 0
======================================================================
