======================================================================
Experiment Log
Started: 2025-11-07 18:03:11
Command: C:\ProgramData\anaconda3\python.exe -m scripts.train_configurable --tx-id 2 --model Informer-Long --split-method chronological --feature-mode full --lookback-multiplier 4.0 --horizon 168 --experiment-name exp_121 --data-suffix _no_outlier --seq-len 672 --label-len 336
======================================================================

======================================================================
Experiment: exp_121
======================================================================
Transformer:     TX2
Model:           Informer-Long
Split method:    chronological
Feature mode:    full
Data suffix:     _no_outlier

Loading data...
  Total samples: 69680
  Features: 17 columns

Window config: WindowConfig(horizon=168, lookback=672, gap=0)
Creating sliding windows for Informer-Long (keeping sequence structure)...
  Created 68840 windows (shape: (68840, 672, 17))
Splitting windows (chronological, 20% test)...
  Train: 55072 windows
  Test:  13768 windows

Training Informer-Long...

Calling native Informer from: E:\ANUS_learning\MSI5001-power-transformer-oil-temperature-prediction\external\Informer2020
Command: C:\ProgramData\anaconda3\python.exe E:\ANUS_learning\MSI5001-power-transformer-oil-temperature-prediction\external\Informer2020\main_informer.py --model informerstack --data custom --root_path ./data/ --data_path TX2.csv --features MS --target OT --freq h --seq_len 672 --label_len 336 --pred_len 168 --enc_in 6 --dec_in 1 --c_out 1 --d_model 256 --n_heads 8 --e_layers 3 --d_layers 1 --d_ff 1024 --factor 5 --dropout 0.05 --attn prob --embed timeF --activation gelu --batch_size 8 --train_epochs 8 --patience 3 --learning_rate 0.0001 --des exp_121 --itr 1
Args in experiment:
Namespace(model='informerstack', data='custom', root_path='./data/', data_path='TX1.csv', features='MS', target='OT', freq='h', checkpoints='./checkpoints/', seq_len=672, label_len=336, pred_len=168, enc_in=6, dec_in=1, c_out=1, d_model=256, n_heads=8, e_layers=3, d_layers=1, s_layers=[3, 2, 1], d_ff=1024, factor=5, padding=0, distil=True, dropout=0.05, attn='prob', embed='timeF', activation='gelu', output_attention=False, do_predict=False, mix=True, cols=None, num_workers=0, itr=1, train_epochs=8, batch_size=8, patience=3, learning_rate=0.0001, des='exp_121', loss='mse', lradj='type1', use_amp=False, inverse=False, use_gpu=True, gpu=0, use_multi_gpu=False, devices='0,1,2,3', detail_freq='h')
Use GPU: cuda:0
>>>>>>>start training : informerstack_custom_ftMS_sl672_ll336_pl168_dm256_nh8_el3_dl1_df1024_atprob_fc5_ebtimeF_dtTrue_mxTrue_exp_121_0>>>>>>>>>>>>>>>>>>>>>>>>>>
train 47937
val 6801
test 13769
	iters: 100, epoch: 1 | loss: 0.1018199
	speed: 0.0423s/iter; left time: 2022.9604s
	iters: 200, epoch: 1 | loss: 0.1791448
	speed: 0.0321s/iter; left time: 1533.7623s
	iters: 300, epoch: 1 | loss: 0.1535344
	speed: 0.0319s/iter; left time: 1518.9865s
	iters: 400, epoch: 1 | loss: 0.1920963
	speed: 0.0320s/iter; left time: 1523.0654s
	iters: 500, epoch: 1 | loss: 0.1280834
	speed: 0.0320s/iter; left time: 1516.3052s
	iters: 600, epoch: 1 | loss: 0.1611164
	speed: 0.0320s/iter; left time: 1513.2716s
	iters: 700, epoch: 1 | loss: 0.1892236
	speed: 0.0318s/iter; left time: 1503.6532s
	iters: 800, epoch: 1 | loss: 0.1383973
	speed: 0.0319s/iter; left time: 1503.3031s
	iters: 900, epoch: 1 | loss: 0.1461287
	speed: 0.0323s/iter; left time: 1517.9090s
	iters: 1000, epoch: 1 | loss: 0.0940672
	speed: 0.0319s/iter; left time: 1496.1785s
	iters: 1100, epoch: 1 | loss: 0.1589062
	speed: 0.0320s/iter; left time: 1496.6825s
	iters: 1200, epoch: 1 | loss: 0.2258467
	speed: 0.0319s/iter; left time: 1489.2634s
	iters: 1300, epoch: 1 | loss: 0.1630677
	speed: 0.0321s/iter; left time: 1497.7916s
	iters: 1400, epoch: 1 | loss: 0.1242278
	speed: 0.0319s/iter; left time: 1484.7905s
	iters: 1500, epoch: 1 | loss: 0.0628542
	speed: 0.0319s/iter; left time: 1481.6394s
	iters: 1600, epoch: 1 | loss: 0.1998593
	speed: 0.0318s/iter; left time: 1474.1308s
	iters: 1700, epoch: 1 | loss: 0.1259598
	speed: 0.0320s/iter; left time: 1477.2853s
	iters: 1800, epoch: 1 | loss: 0.1689993
	speed: 0.0321s/iter; left time: 1478.9826s
	iters: 1900, epoch: 1 | loss: 0.0983020
	speed: 0.0318s/iter; left time: 1464.4384s
	iters: 2000, epoch: 1 | loss: 0.0676977
	speed: 0.0318s/iter; left time: 1461.6332s
	iters: 2100, epoch: 1 | loss: 0.1184836
	speed: 0.0321s/iter; left time: 1469.9942s
	iters: 2200, epoch: 1 | loss: 0.2024569
	speed: 0.0319s/iter; left time: 1457.5686s
	iters: 2300, epoch: 1 | loss: 0.0950237
	speed: 0.0324s/iter; left time: 1478.6354s
	iters: 2400, epoch: 1 | loss: 0.0873079
	speed: 0.0323s/iter; left time: 1469.4503s
	iters: 2500, epoch: 1 | loss: 0.0620660
	speed: 0.0321s/iter; left time: 1458.0296s
	iters: 2600, epoch: 1 | loss: 0.0894969
	speed: 0.0320s/iter; left time: 1451.6566s
	iters: 2700, epoch: 1 | loss: 0.1164252
	speed: 0.0321s/iter; left time: 1451.3287s
	iters: 2800, epoch: 1 | loss: 0.0644823
	speed: 0.0321s/iter; left time: 1450.5009s
	iters: 2900, epoch: 1 | loss: 0.1050502
	speed: 0.0319s/iter; left time: 1437.3086s
	iters: 3000, epoch: 1 | loss: 0.0604809
	speed: 0.0319s/iter; left time: 1434.4195s
	iters: 3100, epoch: 1 | loss: 0.0639159
	speed: 0.0321s/iter; left time: 1437.3059s
	iters: 3200, epoch: 1 | loss: 0.0766823
	speed: 0.0321s/iter; left time: 1435.6604s
	iters: 3300, epoch: 1 | loss: 0.0540407
	speed: 0.0320s/iter; left time: 1429.9053s
	iters: 3400, epoch: 1 | loss: 0.0672253
	speed: 0.0319s/iter; left time: 1422.1509s
	iters: 3500, epoch: 1 | loss: 0.0844202
	speed: 0.0319s/iter; left time: 1417.1705s
	iters: 3600, epoch: 1 | loss: 0.0561624
	speed: 0.0319s/iter; left time: 1415.6487s
	iters: 3700, epoch: 1 | loss: 0.0704993
	speed: 0.0322s/iter; left time: 1425.0071s
	iters: 3800, epoch: 1 | loss: 0.0786341
	speed: 0.0319s/iter; left time: 1407.9394s
	iters: 3900, epoch: 1 | loss: 0.0799586
	speed: 0.0319s/iter; left time: 1405.5524s
	iters: 4000, epoch: 1 | loss: 0.0702305
	speed: 0.0320s/iter; left time: 1406.9795s
	iters: 4100, epoch: 1 | loss: 0.0625110
	speed: 0.0319s/iter; left time: 1398.5363s
	iters: 4200, epoch: 1 | loss: 0.0778209
	speed: 0.0322s/iter; left time: 1408.5578s
	iters: 4300, epoch: 1 | loss: 0.0465275
	speed: 0.0321s/iter; left time: 1402.0222s
	iters: 4400, epoch: 1 | loss: 0.0431898
	speed: 0.0320s/iter; left time: 1393.0565s
	iters: 4500, epoch: 1 | loss: 0.0842898
	speed: 0.0319s/iter; left time: 1386.2244s
	iters: 4600, epoch: 1 | loss: 0.0613604
	speed: 0.0323s/iter; left time: 1398.5154s
	iters: 4700, epoch: 1 | loss: 0.0560182
	speed: 0.0318s/iter; left time: 1375.9506s
	iters: 4800, epoch: 1 | loss: 0.0498862
	speed: 0.0318s/iter; left time: 1372.1527s
	iters: 4900, epoch: 1 | loss: 0.0490449
	speed: 0.0318s/iter; left time: 1368.1306s
	iters: 5000, epoch: 1 | loss: 0.0730677
	speed: 0.0320s/iter; left time: 1373.6408s
	iters: 5100, epoch: 1 | loss: 0.0502450
	speed: 0.0320s/iter; left time: 1369.6340s
	iters: 5200, epoch: 1 | loss: 0.0597572
	speed: 0.0319s/iter; left time: 1363.7981s
	iters: 5300, epoch: 1 | loss: 0.0650573
	speed: 0.0318s/iter; left time: 1356.6273s
	iters: 5400, epoch: 1 | loss: 0.0870658
	speed: 0.0318s/iter; left time: 1354.5864s
	iters: 5500, epoch: 1 | loss: 0.0602819
	speed: 0.0319s/iter; left time: 1353.4822s
	iters: 5600, epoch: 1 | loss: 0.0673978
	speed: 0.0321s/iter; left time: 1358.9607s
	iters: 5700, epoch: 1 | loss: 0.0729414
	speed: 0.0317s/iter; left time: 1337.6603s
	iters: 5800, epoch: 1 | loss: 0.0816473
	speed: 0.0318s/iter; left time: 1340.6302s
	iters: 5900, epoch: 1 | loss: 0.0493469
	speed: 0.0320s/iter; left time: 1346.4713s
Epoch: 1 cost time: 191.97115969657898
Epoch: 1, Steps: 5992 | Train Loss: 0.1044488 Vali Loss: 0.7159329 Test Loss: 0.5882229
Validation loss decreased (inf --> 0.715933).  Saving model ...
Updating learning rate to 0.0001
	iters: 100, epoch: 2 | loss: 0.0521939
	speed: 0.4121s/iter; left time: 17243.3777s
	iters: 200, epoch: 2 | loss: 0.0479441
	speed: 0.0321s/iter; left time: 1338.1337s
	iters: 300, epoch: 2 | loss: 0.0492177
	speed: 0.0317s/iter; left time: 1321.5272s
	iters: 400, epoch: 2 | loss: 0.1260546
	speed: 0.0321s/iter; left time: 1333.9428s
	iters: 500, epoch: 2 | loss: 0.0458395
	speed: 0.0318s/iter; left time: 1317.4640s
	iters: 600, epoch: 2 | loss: 0.0412083
	speed: 0.0317s/iter; left time: 1310.6627s
	iters: 700, epoch: 2 | loss: 0.0501709
	speed: 0.0318s/iter; left time: 1310.6530s
	iters: 800, epoch: 2 | loss: 0.0471763
	speed: 0.0322s/iter; left time: 1324.9659s
	iters: 900, epoch: 2 | loss: 0.0445078
	speed: 0.0317s/iter; left time: 1302.6194s
	iters: 1000, epoch: 2 | loss: 0.0452785
	speed: 0.0317s/iter; left time: 1298.2400s
	iters: 1100, epoch: 2 | loss: 0.0657062
	speed: 0.0317s/iter; left time: 1296.7950s
	iters: 1200, epoch: 2 | loss: 0.0615935
	speed: 0.0317s/iter; left time: 1292.9535s
	iters: 1300, epoch: 2 | loss: 0.0388058
	speed: 0.0320s/iter; left time: 1302.3770s
	iters: 1400, epoch: 2 | loss: 0.0352775
	speed: 0.0319s/iter; left time: 1292.9812s
	iters: 1500, epoch: 2 | loss: 0.0430297
	speed: 0.0318s/iter; left time: 1287.3204s
	iters: 1600, epoch: 2 | loss: 0.0476104
	speed: 0.0318s/iter; left time: 1283.3543s
	iters: 1700, epoch: 2 | loss: 0.0611704
	speed: 0.0319s/iter; left time: 1284.5979s
	iters: 1800, epoch: 2 | loss: 0.0508782
	speed: 0.0320s/iter; left time: 1286.6281s
	iters: 1900, epoch: 2 | loss: 0.0646361
	speed: 0.0318s/iter; left time: 1271.9910s
	iters: 2000, epoch: 2 | loss: 0.0328487
	speed: 0.0318s/iter; left time: 1271.5783s
	iters: 2100, epoch: 2 | loss: 0.0602880
	speed: 0.0320s/iter; left time: 1274.6305s
	iters: 2200, epoch: 2 | loss: 0.0361682
	speed: 0.0320s/iter; left time: 1271.5317s
	iters: 2300, epoch: 2 | loss: 0.0305122
	speed: 0.0320s/iter; left time: 1266.7946s
	iters: 2400, epoch: 2 | loss: 0.0400765
	speed: 0.0319s/iter; left time: 1262.0142s
	iters: 2500, epoch: 2 | loss: 0.0399282
	speed: 0.0317s/iter; left time: 1252.1068s
	iters: 2600, epoch: 2 | loss: 0.0567522
	speed: 0.0318s/iter; left time: 1250.5378s
	iters: 2700, epoch: 2 | loss: 0.0349971
	speed: 0.0320s/iter; left time: 1255.4569s
	iters: 2800, epoch: 2 | loss: 0.0457191
	speed: 0.0318s/iter; left time: 1244.9084s
	iters: 2900, epoch: 2 | loss: 0.0350491
	speed: 0.0318s/iter; left time: 1243.2974s
	iters: 3000, epoch: 2 | loss: 0.0386614
	speed: 0.0320s/iter; left time: 1247.2441s
	iters: 3100, epoch: 2 | loss: 0.0432136
	speed: 0.0319s/iter; left time: 1239.1740s
	iters: 3200, epoch: 2 | loss: 0.0354965
	speed: 0.0322s/iter; left time: 1245.7844s
	iters: 3300, epoch: 2 | loss: 0.0387369
	speed: 0.0319s/iter; left time: 1233.5673s
	iters: 3400, epoch: 2 | loss: 0.0275743
	speed: 0.0319s/iter; left time: 1231.1849s
	iters: 3500, epoch: 2 | loss: 0.0471466
	speed: 0.0318s/iter; left time: 1221.7517s
	iters: 3600, epoch: 2 | loss: 0.0278419
	speed: 0.0320s/iter; left time: 1228.7819s
	iters: 3700, epoch: 2 | loss: 0.0386413
	speed: 0.0321s/iter; left time: 1227.0313s
	iters: 3800, epoch: 2 | loss: 0.0376091
	speed: 0.0318s/iter; left time: 1212.6731s
	iters: 3900, epoch: 2 | loss: 0.0416059
	speed: 0.0318s/iter; left time: 1210.3182s
	iters: 4000, epoch: 2 | loss: 0.0545909
	speed: 0.0318s/iter; left time: 1207.2273s
	iters: 4100, epoch: 2 | loss: 0.0396604
	speed: 0.0319s/iter; left time: 1207.1637s
	iters: 4200, epoch: 2 | loss: 0.0471235
	speed: 0.0317s/iter; left time: 1197.5646s
	iters: 4300, epoch: 2 | loss: 0.0329879
	speed: 0.0320s/iter; left time: 1203.5166s
	iters: 4400, epoch: 2 | loss: 0.0351545
	speed: 0.0319s/iter; left time: 1196.4573s
	iters: 4500, epoch: 2 | loss: 0.0617888
	speed: 0.0318s/iter; left time: 1191.6421s
	iters: 4600, epoch: 2 | loss: 0.0720778
	speed: 0.0323s/iter; left time: 1207.0243s
	iters: 4700, epoch: 2 | loss: 0.0361046
	speed: 0.0317s/iter; left time: 1181.4621s
	iters: 4800, epoch: 2 | loss: 0.0368797
	speed: 0.0318s/iter; left time: 1182.4642s
	iters: 4900, epoch: 2 | loss: 0.0432592
	speed: 0.0319s/iter; left time: 1182.4447s
	iters: 5000, epoch: 2 | loss: 0.0478361
	speed: 0.0318s/iter; left time: 1176.2804s
	iters: 5100, epoch: 2 | loss: 0.0277890
	speed: 0.0321s/iter; left time: 1182.3783s
	iters: 5200, epoch: 2 | loss: 0.0300349
	speed: 0.0318s/iter; left time: 1167.4835s
	iters: 5300, epoch: 2 | loss: 0.0294873
	speed: 0.0318s/iter; left time: 1167.0435s
	iters: 5400, epoch: 2 | loss: 0.0309022
	speed: 0.0317s/iter; left time: 1160.1498s
	iters: 5500, epoch: 2 | loss: 0.0363523
	speed: 0.0322s/iter; left time: 1171.8601s
	iters: 5600, epoch: 2 | loss: 0.0365944
	speed: 0.0321s/iter; left time: 1167.2741s
	iters: 5700, epoch: 2 | loss: 0.0410730
	speed: 0.0317s/iter; left time: 1150.3297s
	iters: 5800, epoch: 2 | loss: 0.0366495
	speed: 0.0318s/iter; left time: 1148.1913s
	iters: 5900, epoch: 2 | loss: 0.0389386
	speed: 0.0318s/iter; left time: 1145.2787s
Epoch: 2 cost time: 191.092143535614
Epoch: 2, Steps: 5992 | Train Loss: 0.0443309 Vali Loss: 0.7281142 Test Loss: 0.5323166
EarlyStopping counter: 1 out of 3
Updating learning rate to 5e-05
	iters: 100, epoch: 3 | loss: 0.0345052
	speed: 0.4115s/iter; left time: 14753.0130s
	iters: 200, epoch: 3 | loss: 0.0263889
	speed: 0.0319s/iter; left time: 1140.4834s
	iters: 300, epoch: 3 | loss: 0.0303655
	speed: 0.0320s/iter; left time: 1140.4290s
	iters: 400, epoch: 3 | loss: 0.0286577
	speed: 0.0319s/iter; left time: 1135.7109s
	iters: 500, epoch: 3 | loss: 0.0283255
	speed: 0.0317s/iter; left time: 1124.2001s
	iters: 600, epoch: 3 | loss: 0.0285829
	speed: 0.0318s/iter; left time: 1125.1412s
	iters: 700, epoch: 3 | loss: 0.0220353
	speed: 0.0319s/iter; left time: 1124.9447s
	iters: 800, epoch: 3 | loss: 0.0149072
	speed: 0.0319s/iter; left time: 1122.7643s
	iters: 900, epoch: 3 | loss: 0.0298451
	speed: 0.0318s/iter; left time: 1115.9747s
	iters: 1000, epoch: 3 | loss: 0.0281860
	speed: 0.0320s/iter; left time: 1119.5055s
	iters: 1100, epoch: 3 | loss: 0.0279473
	speed: 0.0318s/iter; left time: 1107.4882s
	iters: 1200, epoch: 3 | loss: 0.0252474
	speed: 0.0317s/iter; left time: 1100.8378s
	iters: 1300, epoch: 3 | loss: 0.0297133
	speed: 0.0322s/iter; left time: 1117.1496s
	iters: 1400, epoch: 3 | loss: 0.0287008
	speed: 0.0319s/iter; left time: 1102.5395s
	iters: 1500, epoch: 3 | loss: 0.0217379
	speed: 0.0318s/iter; left time: 1094.8538s
	iters: 1600, epoch: 3 | loss: 0.0309709
	speed: 0.0319s/iter; left time: 1097.0115s
	iters: 1700, epoch: 3 | loss: 0.0279820
	speed: 0.0319s/iter; left time: 1094.3232s
	iters: 1800, epoch: 3 | loss: 0.0174529
	speed: 0.0318s/iter; left time: 1087.0018s
	iters: 1900, epoch: 3 | loss: 0.0223326
	speed: 0.0318s/iter; left time: 1083.2329s
	iters: 2000, epoch: 3 | loss: 0.0248921
	speed: 0.0320s/iter; left time: 1085.1416s
	iters: 2100, epoch: 3 | loss: 0.0194673
	speed: 0.0317s/iter; left time: 1073.4898s
	iters: 2200, epoch: 3 | loss: 0.0202094
	speed: 0.0321s/iter; left time: 1082.3131s
	iters: 2300, epoch: 3 | loss: 0.0220536
	speed: 0.0319s/iter; left time: 1075.0982s
	iters: 2400, epoch: 3 | loss: 0.0230335
	speed: 0.0319s/iter; left time: 1068.8881s
	iters: 2500, epoch: 3 | loss: 0.0273516
	speed: 0.0317s/iter; left time: 1060.1933s
	iters: 2600, epoch: 3 | loss: 0.0285015
	speed: 0.0318s/iter; left time: 1061.5999s
	iters: 2700, epoch: 3 | loss: 0.0246032
	speed: 0.0320s/iter; left time: 1064.1262s
	iters: 2800, epoch: 3 | loss: 0.0368306
	speed: 0.0317s/iter; left time: 1051.8481s
	iters: 2900, epoch: 3 | loss: 0.0313362
	speed: 0.0319s/iter; left time: 1053.0806s
	iters: 3000, epoch: 3 | loss: 0.0181272
	speed: 0.0317s/iter; left time: 1044.8827s
	iters: 3100, epoch: 3 | loss: 0.0232522
	speed: 0.0319s/iter; left time: 1047.5563s
	iters: 3200, epoch: 3 | loss: 0.0315722
	speed: 0.0321s/iter; left time: 1052.2874s
	iters: 3300, epoch: 3 | loss: 0.0192105
	speed: 0.0318s/iter; left time: 1037.3154s
	iters: 3400, epoch: 3 | loss: 0.0341863
	speed: 0.0318s/iter; left time: 1034.9578s
	iters: 3500, epoch: 3 | loss: 0.0417704
	speed: 0.0317s/iter; left time: 1028.3056s
	iters: 3600, epoch: 3 | loss: 0.0205967
	speed: 0.0321s/iter; left time: 1039.4159s
	iters: 3700, epoch: 3 | loss: 0.0211893
	speed: 0.0319s/iter; left time: 1029.4590s
	iters: 3800, epoch: 3 | loss: 0.0301658
	speed: 0.0319s/iter; left time: 1024.2510s
	iters: 3900, epoch: 3 | loss: 0.0272960
	speed: 0.0321s/iter; left time: 1028.3353s
	iters: 4000, epoch: 3 | loss: 0.0186522
	speed: 0.0317s/iter; left time: 1013.9546s
	iters: 4100, epoch: 3 | loss: 0.0206332
	speed: 0.0320s/iter; left time: 1018.3203s
	iters: 4200, epoch: 3 | loss: 0.0286817
	speed: 0.0319s/iter; left time: 1011.7945s
	iters: 4300, epoch: 3 | loss: 0.0209117
	speed: 0.0319s/iter; left time: 1008.1868s
	iters: 4400, epoch: 3 | loss: 0.0350659
	speed: 0.0317s/iter; left time: 998.7068s
	iters: 4500, epoch: 3 | loss: 0.0184530
	speed: 0.0319s/iter; left time: 1004.9102s
	iters: 4600, epoch: 3 | loss: 0.0196347
	speed: 0.0320s/iter; left time: 1004.4273s
	iters: 4700, epoch: 3 | loss: 0.0182563
	speed: 0.0318s/iter; left time: 994.4450s
	iters: 4800, epoch: 3 | loss: 0.0241033
	speed: 0.0321s/iter; left time: 998.6776s
	iters: 4900, epoch: 3 | loss: 0.0231778
	speed: 0.0317s/iter; left time: 985.3372s
	iters: 5000, epoch: 3 | loss: 0.0239446
	speed: 0.0319s/iter; left time: 987.6713s
	iters: 5100, epoch: 3 | loss: 0.0199768
	speed: 0.0318s/iter; left time: 980.7848s
	iters: 5200, epoch: 3 | loss: 0.0162635
	speed: 0.0317s/iter; left time: 975.1153s
	iters: 5300, epoch: 3 | loss: 0.0208918
	speed: 0.0318s/iter; left time: 974.9465s
	iters: 5400, epoch: 3 | loss: 0.0243204
	speed: 0.0320s/iter; left time: 976.9196s
	iters: 5500, epoch: 3 | loss: 0.0236736
	speed: 0.0320s/iter; left time: 974.9625s
	iters: 5600, epoch: 3 | loss: 0.0204977
	speed: 0.0318s/iter; left time: 966.6703s
	iters: 5700, epoch: 3 | loss: 0.0366922
	speed: 0.0318s/iter; left time: 961.9718s
	iters: 5800, epoch: 3 | loss: 0.0201182
	speed: 0.0320s/iter; left time: 965.9285s
	iters: 5900, epoch: 3 | loss: 0.0199901
	speed: 0.0318s/iter; left time: 954.8619s
Epoch: 3 cost time: 191.11293935775757
Epoch: 3, Steps: 5992 | Train Loss: 0.0242927 Vali Loss: 0.6818094 Test Loss: 0.5046067
Validation loss decreased (0.715933 --> 0.681809).  Saving model ...
Updating learning rate to 2.5e-05
	iters: 100, epoch: 4 | loss: 0.0216946
	speed: 0.4134s/iter; left time: 12343.5718s
	iters: 200, epoch: 4 | loss: 0.0166719
	speed: 0.0319s/iter; left time: 948.4493s
	iters: 300, epoch: 4 | loss: 0.0148715
	speed: 0.0322s/iter; left time: 954.6545s
	iters: 400, epoch: 4 | loss: 0.0218163
	speed: 0.0319s/iter; left time: 941.9922s
	iters: 500, epoch: 4 | loss: 0.0176067
	speed: 0.0319s/iter; left time: 938.4761s
	iters: 600, epoch: 4 | loss: 0.0178677
	speed: 0.0320s/iter; left time: 938.1685s
	iters: 700, epoch: 4 | loss: 0.0254469
	speed: 0.0317s/iter; left time: 927.2239s
	iters: 800, epoch: 4 | loss: 0.0168018
	speed: 0.0321s/iter; left time: 936.8480s
	iters: 900, epoch: 4 | loss: 0.0134856
	speed: 0.0319s/iter; left time: 927.5698s
	iters: 1000, epoch: 4 | loss: 0.0168162
	speed: 0.0318s/iter; left time: 919.7551s
	iters: 1100, epoch: 4 | loss: 0.0139051
	speed: 0.0318s/iter; left time: 919.0039s
	iters: 1200, epoch: 4 | loss: 0.0132235
	speed: 0.0322s/iter; left time: 926.2338s
	iters: 1300, epoch: 4 | loss: 0.0115256
	speed: 0.0318s/iter; left time: 910.9472s
	iters: 1400, epoch: 4 | loss: 0.0222038
	speed: 0.0316s/iter; left time: 903.2680s
	iters: 1500, epoch: 4 | loss: 0.0254654
	speed: 0.0320s/iter; left time: 912.0864s
	iters: 1600, epoch: 4 | loss: 0.0201030
	speed: 0.0318s/iter; left time: 902.7735s
	iters: 1700, epoch: 4 | loss: 0.0202432
	speed: 0.0318s/iter; left time: 898.7337s
	iters: 1800, epoch: 4 | loss: 0.0159888
	speed: 0.0319s/iter; left time: 897.7682s
	iters: 1900, epoch: 4 | loss: 0.0169500
	speed: 0.0319s/iter; left time: 894.3132s
	iters: 2000, epoch: 4 | loss: 0.0166794
	speed: 0.0315s/iter; left time: 881.8936s
	iters: 2100, epoch: 4 | loss: 0.0203282
	speed: 0.0317s/iter; left time: 884.2984s
	iters: 2200, epoch: 4 | loss: 0.0185177
	speed: 0.0322s/iter; left time: 894.6686s
	iters: 2300, epoch: 4 | loss: 0.0161263
	speed: 0.0317s/iter; left time: 875.9912s
	iters: 2400, epoch: 4 | loss: 0.0161257
	speed: 0.0319s/iter; left time: 878.0413s
	iters: 2500, epoch: 4 | loss: 0.0224612
	speed: 0.0319s/iter; left time: 876.0415s
	iters: 2600, epoch: 4 | loss: 0.0129353
	speed: 0.0320s/iter; left time: 876.1550s
	iters: 2700, epoch: 4 | loss: 0.0156850
	speed: 0.0319s/iter; left time: 868.3426s
	iters: 2800, epoch: 4 | loss: 0.0128712
	speed: 0.0317s/iter; left time: 862.3552s
	iters: 2900, epoch: 4 | loss: 0.0179309
	speed: 0.0318s/iter; left time: 860.6781s
	iters: 3000, epoch: 4 | loss: 0.0246913
	speed: 0.0318s/iter; left time: 856.4656s
	iters: 3100, epoch: 4 | loss: 0.0145021
	speed: 0.0321s/iter; left time: 862.7311s
	iters: 3200, epoch: 4 | loss: 0.0143746
	speed: 0.0316s/iter; left time: 846.0993s
	iters: 3300, epoch: 4 | loss: 0.0162231
	speed: 0.0316s/iter; left time: 843.4426s
	iters: 3400, epoch: 4 | loss: 0.0211381
	speed: 0.0317s/iter; left time: 842.8021s
	iters: 3500, epoch: 4 | loss: 0.0175728
	speed: 0.0317s/iter; left time: 839.8289s
	iters: 3600, epoch: 4 | loss: 0.0126057
	speed: 0.0320s/iter; left time: 843.6751s
	iters: 3700, epoch: 4 | loss: 0.0225888
	speed: 0.0317s/iter; left time: 832.7466s
	iters: 3800, epoch: 4 | loss: 0.0216273
	speed: 0.0319s/iter; left time: 833.4078s
	iters: 3900, epoch: 4 | loss: 0.0100348
	speed: 0.0316s/iter; left time: 822.5189s
	iters: 4000, epoch: 4 | loss: 0.0188835
	speed: 0.0318s/iter; left time: 824.4653s
	iters: 4100, epoch: 4 | loss: 0.0118732
	speed: 0.0321s/iter; left time: 830.0922s
	iters: 4200, epoch: 4 | loss: 0.0176745
	speed: 0.0317s/iter; left time: 815.3991s
	iters: 4300, epoch: 4 | loss: 0.0209122
	speed: 0.0318s/iter; left time: 815.8494s
	iters: 4400, epoch: 4 | loss: 0.0151619
	speed: 0.0320s/iter; left time: 817.8074s
	iters: 4500, epoch: 4 | loss: 0.0164655
	speed: 0.0321s/iter; left time: 816.4447s
	iters: 4600, epoch: 4 | loss: 0.0229392
	speed: 0.0318s/iter; left time: 807.0464s
	iters: 4700, epoch: 4 | loss: 0.0117776
	speed: 0.0319s/iter; left time: 806.1180s
	iters: 4800, epoch: 4 | loss: 0.0213456
	speed: 0.0317s/iter; left time: 798.4322s
	iters: 4900, epoch: 4 | loss: 0.0143453
	speed: 0.0318s/iter; left time: 797.4896s
	iters: 5000, epoch: 4 | loss: 0.0136012
	speed: 0.0322s/iter; left time: 804.2555s
	iters: 5100, epoch: 4 | loss: 0.0178742
	speed: 0.0317s/iter; left time: 788.4293s
	iters: 5200, epoch: 4 | loss: 0.0240028
	speed: 0.0318s/iter; left time: 786.6985s
	iters: 5300, epoch: 4 | loss: 0.0256356
	speed: 0.0317s/iter; left time: 782.3198s
	iters: 5400, epoch: 4 | loss: 0.0175185
	speed: 0.0317s/iter; left time: 777.4083s
	iters: 5500, epoch: 4 | loss: 0.0146781
	speed: 0.0320s/iter; left time: 782.9288s
	iters: 5600, epoch: 4 | loss: 0.0217368
	speed: 0.0317s/iter; left time: 773.0877s
	iters: 5700, epoch: 4 | loss: 0.0119069
	speed: 0.0318s/iter; left time: 770.5929s
	iters: 5800, epoch: 4 | loss: 0.0150961
	speed: 0.0317s/iter; left time: 765.6532s
	iters: 5900, epoch: 4 | loss: 0.0148935
	speed: 0.0319s/iter; left time: 767.0192s
Epoch: 4 cost time: 190.84911441802979
Epoch: 4, Steps: 5992 | Train Loss: 0.0179971 Vali Loss: 0.7257455 Test Loss: 0.5391636
EarlyStopping counter: 1 out of 3
Updating learning rate to 1.25e-05
	iters: 100, epoch: 5 | loss: 0.0161832
	speed: 0.4115s/iter; left time: 9822.6719s
	iters: 200, epoch: 5 | loss: 0.0142029
	speed: 0.0319s/iter; left time: 757.7367s
	iters: 300, epoch: 5 | loss: 0.0128644
	speed: 0.0319s/iter; left time: 756.0353s
	iters: 400, epoch: 5 | loss: 0.0115344
	speed: 0.0319s/iter; left time: 750.8922s
	iters: 500, epoch: 5 | loss: 0.0208498
	speed: 0.0319s/iter; left time: 747.9511s
	iters: 600, epoch: 5 | loss: 0.0245406
	speed: 0.0318s/iter; left time: 742.2036s
	iters: 700, epoch: 5 | loss: 0.0112103
	speed: 0.0319s/iter; left time: 741.9752s
	iters: 800, epoch: 5 | loss: 0.0190525
	speed: 0.0318s/iter; left time: 736.7601s
	iters: 900, epoch: 5 | loss: 0.0099500
	speed: 0.0316s/iter; left time: 729.8255s
	iters: 1000, epoch: 5 | loss: 0.0175077
	speed: 0.0317s/iter; left time: 728.9684s
	iters: 1100, epoch: 5 | loss: 0.0153300
	speed: 0.0320s/iter; left time: 730.8111s
	iters: 1200, epoch: 5 | loss: 0.0115479
	speed: 0.0320s/iter; left time: 729.2889s
	iters: 1300, epoch: 5 | loss: 0.0171920
	speed: 0.0319s/iter; left time: 722.7468s
	iters: 1400, epoch: 5 | loss: 0.0174724
	speed: 0.0319s/iter; left time: 719.4307s
	iters: 1500, epoch: 5 | loss: 0.0232760
	speed: 0.0316s/iter; left time: 711.0544s
	iters: 1600, epoch: 5 | loss: 0.0158004
	speed: 0.0317s/iter; left time: 710.1850s
	iters: 1700, epoch: 5 | loss: 0.0187125
	speed: 0.0322s/iter; left time: 716.1346s
	iters: 1800, epoch: 5 | loss: 0.0237447
	speed: 0.0316s/iter; left time: 700.3445s
	iters: 1900, epoch: 5 | loss: 0.0102355
	speed: 0.0318s/iter; left time: 700.8302s
	iters: 2000, epoch: 5 | loss: 0.0154479
	speed: 0.0318s/iter; left time: 699.5640s
	iters: 2100, epoch: 5 | loss: 0.0157562
	speed: 0.0318s/iter; left time: 695.0003s
	iters: 2200, epoch: 5 | loss: 0.0119669
	speed: 0.0319s/iter; left time: 694.8881s
	iters: 2300, epoch: 5 | loss: 0.0129886
	speed: 0.0318s/iter; left time: 689.0580s
	iters: 2400, epoch: 5 | loss: 0.0099752
	speed: 0.0321s/iter; left time: 692.7830s
	iters: 2500, epoch: 5 | loss: 0.0119427
	speed: 0.0318s/iter; left time: 682.5013s
	iters: 2600, epoch: 5 | loss: 0.0170498
	speed: 0.0321s/iter; left time: 685.8277s
	iters: 2700, epoch: 5 | loss: 0.0165156
	speed: 0.0319s/iter; left time: 679.2405s
	iters: 2800, epoch: 5 | loss: 0.0133882
	speed: 0.0318s/iter; left time: 672.8561s
	iters: 2900, epoch: 5 | loss: 0.0126822
	speed: 0.0318s/iter; left time: 670.2909s
	iters: 3000, epoch: 5 | loss: 0.0123659
	speed: 0.0319s/iter; left time: 669.2076s
	iters: 3100, epoch: 5 | loss: 0.0196382
	speed: 0.0323s/iter; left time: 673.2189s
	iters: 3200, epoch: 5 | loss: 0.0173153
	speed: 0.0317s/iter; left time: 659.3144s
	iters: 3300, epoch: 5 | loss: 0.0190329
	speed: 0.0319s/iter; left time: 658.5601s
	iters: 3400, epoch: 5 | loss: 0.0154415
	speed: 0.0319s/iter; left time: 656.8437s
	iters: 3500, epoch: 5 | loss: 0.0139452
	speed: 0.0317s/iter; left time: 648.6248s
	iters: 3600, epoch: 5 | loss: 0.0129572
	speed: 0.0322s/iter; left time: 656.0477s
	iters: 3700, epoch: 5 | loss: 0.0125882
	speed: 0.0319s/iter; left time: 646.6850s
	iters: 3800, epoch: 5 | loss: 0.0129836
	speed: 0.0318s/iter; left time: 641.3340s
	iters: 3900, epoch: 5 | loss: 0.0136369
	speed: 0.0319s/iter; left time: 639.2993s
	iters: 4000, epoch: 5 | loss: 0.0107210
	speed: 0.0321s/iter; left time: 640.5273s
	iters: 4100, epoch: 5 | loss: 0.0136484
	speed: 0.0316s/iter; left time: 627.9051s
	iters: 4200, epoch: 5 | loss: 0.0150341
	speed: 0.0319s/iter; left time: 630.0761s
	iters: 4300, epoch: 5 | loss: 0.0170317
	speed: 0.0317s/iter; left time: 624.3150s
	iters: 4400, epoch: 5 | loss: 0.0133789
	speed: 0.0318s/iter; left time: 622.9072s
	iters: 4500, epoch: 5 | loss: 0.0202661
	speed: 0.0319s/iter; left time: 620.9703s
	iters: 4600, epoch: 5 | loss: 0.0122488
	speed: 0.0318s/iter; left time: 616.8155s
	iters: 4700, epoch: 5 | loss: 0.0146443
	speed: 0.0319s/iter; left time: 615.0887s
	iters: 4800, epoch: 5 | loss: 0.0135630
	speed: 0.0316s/iter; left time: 606.6738s
	iters: 4900, epoch: 5 | loss: 0.0163627
	speed: 0.0318s/iter; left time: 606.7469s
	iters: 5000, epoch: 5 | loss: 0.0150581
	speed: 0.0321s/iter; left time: 608.4267s
	iters: 5100, epoch: 5 | loss: 0.0117738
	speed: 0.0317s/iter; left time: 598.5228s
	iters: 5200, epoch: 5 | loss: 0.0129797
	speed: 0.0321s/iter; left time: 601.9975s
	iters: 5300, epoch: 5 | loss: 0.0205372
	speed: 0.0319s/iter; left time: 594.9303s
	iters: 5400, epoch: 5 | loss: 0.0161182
	speed: 0.0318s/iter; left time: 590.0157s
	iters: 5500, epoch: 5 | loss: 0.0142660
	speed: 0.0320s/iter; left time: 590.6157s
	iters: 5600, epoch: 5 | loss: 0.0159639
	speed: 0.0319s/iter; left time: 586.1101s
	iters: 5700, epoch: 5 | loss: 0.0153236
	speed: 0.0317s/iter; left time: 578.8390s
	iters: 5800, epoch: 5 | loss: 0.0126828
	speed: 0.0319s/iter; left time: 579.7589s
	iters: 5900, epoch: 5 | loss: 0.0194146
	speed: 0.0321s/iter; left time: 579.6524s
Epoch: 5 cost time: 190.96914720535278
Epoch: 5, Steps: 5992 | Train Loss: 0.0154264 Vali Loss: 0.7648919 Test Loss: 0.5426868
EarlyStopping counter: 2 out of 3
Updating learning rate to 6.25e-06
	iters: 100, epoch: 6 | loss: 0.0215451
	speed: 0.4109s/iter; left time: 7345.7665s
	iters: 200, epoch: 6 | loss: 0.0137456
	speed: 0.0319s/iter; left time: 566.2349s
	iters: 300, epoch: 6 | loss: 0.0152432
	speed: 0.0320s/iter; left time: 565.0535s
	iters: 400, epoch: 6 | loss: 0.0208381
	speed: 0.0318s/iter; left time: 558.7467s
	iters: 500, epoch: 6 | loss: 0.0151898
	speed: 0.0318s/iter; left time: 555.9793s
	iters: 600, epoch: 6 | loss: 0.0109166
	speed: 0.0320s/iter; left time: 556.8796s
	iters: 700, epoch: 6 | loss: 0.0153052
	speed: 0.0320s/iter; left time: 553.2806s
	iters: 800, epoch: 6 | loss: 0.0133399
	speed: 0.0319s/iter; left time: 547.7979s
	iters: 900, epoch: 6 | loss: 0.0158872
	speed: 0.0318s/iter; left time: 543.0581s
	iters: 1000, epoch: 6 | loss: 0.0115306
	speed: 0.0320s/iter; left time: 543.5471s
	iters: 1100, epoch: 6 | loss: 0.0126148
	speed: 0.0319s/iter; left time: 537.6284s
	iters: 1200, epoch: 6 | loss: 0.0164887
	speed: 0.0320s/iter; left time: 537.4295s
	iters: 1300, epoch: 6 | loss: 0.0129935
	speed: 0.0318s/iter; left time: 529.8171s
	iters: 1400, epoch: 6 | loss: 0.0139569
	speed: 0.0318s/iter; left time: 526.5109s
	iters: 1500, epoch: 6 | loss: 0.0140029
	speed: 0.0317s/iter; left time: 522.3917s
	iters: 1600, epoch: 6 | loss: 0.0148069
	speed: 0.0319s/iter; left time: 522.2565s
	iters: 1700, epoch: 6 | loss: 0.0119997
	speed: 0.0320s/iter; left time: 520.7867s
	iters: 1800, epoch: 6 | loss: 0.0166720
	speed: 0.0318s/iter; left time: 515.0156s
	iters: 1900, epoch: 6 | loss: 0.0126526
	speed: 0.0319s/iter; left time: 512.1446s
	iters: 2000, epoch: 6 | loss: 0.0153260
	speed: 0.0317s/iter; left time: 506.2820s
	iters: 2100, epoch: 6 | loss: 0.0092719
	speed: 0.0320s/iter; left time: 507.8644s
	iters: 2200, epoch: 6 | loss: 0.0096722
	speed: 0.0318s/iter; left time: 501.4956s
	iters: 2300, epoch: 6 | loss: 0.0186566
	speed: 0.0318s/iter; left time: 498.5536s
	iters: 2400, epoch: 6 | loss: 0.0108796
	speed: 0.0319s/iter; left time: 496.3202s
	iters: 2500, epoch: 6 | loss: 0.0103889
	speed: 0.0318s/iter; left time: 491.5978s
	iters: 2600, epoch: 6 | loss: 0.0142266
	speed: 0.0319s/iter; left time: 490.7023s
	iters: 2700, epoch: 6 | loss: 0.0119608
	speed: 0.0318s/iter; left time: 486.0046s
	iters: 2800, epoch: 6 | loss: 0.0111152
	speed: 0.0318s/iter; left time: 482.2193s
	iters: 2900, epoch: 6 | loss: 0.0188846
	speed: 0.0320s/iter; left time: 483.0683s
	iters: 3000, epoch: 6 | loss: 0.0142238
	speed: 0.0318s/iter; left time: 475.5676s
	iters: 3100, epoch: 6 | loss: 0.0132378
	speed: 0.0320s/iter; left time: 476.4649s
	iters: 3200, epoch: 6 | loss: 0.0130329
	speed: 0.0321s/iter; left time: 474.5114s
	iters: 3300, epoch: 6 | loss: 0.0165194
	speed: 0.0318s/iter; left time: 466.8070s
	iters: 3400, epoch: 6 | loss: 0.0139240
	speed: 0.0317s/iter; left time: 461.3646s
	iters: 3500, epoch: 6 | loss: 0.0093955
	speed: 0.0321s/iter; left time: 464.1929s
	iters: 3600, epoch: 6 | loss: 0.0144033
	speed: 0.0319s/iter; left time: 458.0968s
	iters: 3700, epoch: 6 | loss: 0.0104045
	speed: 0.0318s/iter; left time: 454.0763s
	iters: 3800, epoch: 6 | loss: 0.0146611
	speed: 0.0318s/iter; left time: 450.2169s
	iters: 3900, epoch: 6 | loss: 0.0123034
	speed: 0.0317s/iter; left time: 446.1735s
	iters: 4000, epoch: 6 | loss: 0.0129450
	speed: 0.0320s/iter; left time: 446.8714s
	iters: 4100, epoch: 6 | loss: 0.0133426
	speed: 0.0320s/iter; left time: 444.6748s
	iters: 4200, epoch: 6 | loss: 0.0194779
	speed: 0.0318s/iter; left time: 438.5669s
	iters: 4300, epoch: 6 | loss: 0.0119949
	speed: 0.0318s/iter; left time: 435.2611s
	iters: 4400, epoch: 6 | loss: 0.0101123
	speed: 0.0320s/iter; left time: 434.2911s
	iters: 4500, epoch: 6 | loss: 0.0232474
	speed: 0.0324s/iter; left time: 436.3671s
	iters: 4600, epoch: 6 | loss: 0.0169894
	speed: 0.0317s/iter; left time: 424.0943s
	iters: 4700, epoch: 6 | loss: 0.0131438
	speed: 0.0318s/iter; left time: 422.2274s
	iters: 4800, epoch: 6 | loss: 0.0155574
	speed: 0.0320s/iter; left time: 421.9370s
	iters: 4900, epoch: 6 | loss: 0.0219977
	speed: 0.0319s/iter; left time: 417.4976s
	iters: 5000, epoch: 6 | loss: 0.0131165
	speed: 0.0320s/iter; left time: 415.6063s
	iters: 5100, epoch: 6 | loss: 0.0140167
	speed: 0.0320s/iter; left time: 411.8650s
	iters: 5200, epoch: 6 | loss: 0.0175056
	speed: 0.0319s/iter; left time: 407.5770s
	iters: 5300, epoch: 6 | loss: 0.0192386
	speed: 0.0318s/iter; left time: 403.4684s
	iters: 5400, epoch: 6 | loss: 0.0153474
	speed: 0.0325s/iter; left time: 408.7150s
	iters: 5500, epoch: 6 | loss: 0.0102805
	speed: 0.0318s/iter; left time: 397.3873s
	iters: 5600, epoch: 6 | loss: 0.0114328
	speed: 0.0317s/iter; left time: 392.7453s
	iters: 5700, epoch: 6 | loss: 0.0195739
	speed: 0.0318s/iter; left time: 390.0232s
	iters: 5800, epoch: 6 | loss: 0.0110770
	speed: 0.0318s/iter; left time: 386.9903s
	iters: 5900, epoch: 6 | loss: 0.0138225
	speed: 0.0319s/iter; left time: 385.0528s
Epoch: 6 cost time: 191.09502243995667
Epoch: 6, Steps: 5992 | Train Loss: 0.0143277 Vali Loss: 0.7593339 Test Loss: 0.5488497
EarlyStopping counter: 3 out of 3
Early stopping
>>>>>>>testing : informerstack_custom_ftMS_sl672_ll336_pl168_dm256_nh8_el3_dl1_df1024_atprob_fc5_ebtimeF_dtTrue_mxTrue_exp_121_0<<<<<<<<<<<<<<<<<<<<<<<<<<<<<<<<<
test 13769
test shape: (1721, 8, 168, 1) (1721, 8, 168, 1)
test shape: (13768, 168, 1) (13768, 168, 1)
mse:0.5043118000030518, mae:0.5944569706916809, r2:-1.9567089080810547


Parsed metrics from Informer output (normalized scale):
  MSE:  0.5043
  MAE:  0.5945
  RMSE: 0.7101
  R2:   -1.9567

Metrics after inverse transformation (original scale):
  MSE:  65.5476
  MAE:  6.7772
  RMSE: 8.0961
  R2:   -1.9567
Warning: Failed to record experiment: 'gbk' codec can't encode character '\u2713' in position 0: illegal multibyte sequence
  Training time: 1383.67s
  RMSE: 8.0961
  MAE:  6.7772
  R2:   -1.9567

Saving results...
  Model: Native Informer (saved in external/Informer2020/checkpoints/)
  Predictions: Not saved (native Informer handles this internally)
  Metrics: E:\ANUS_learning\MSI5001-power-transformer-oil-temperature-prediction\models\experiments\exp_121_metrics.json
  Plot: Skipped (native Informer handles visualization internally)

======================================================================
Experiment complete: exp_121
======================================================================

======================================================================
Completed: 2025-11-07 18:26:18
Return code: 0
======================================================================
