======================================================================
Experiment Log
Started: 2025-11-07 19:11:29
Command: C:\ProgramData\anaconda3\python.exe -m scripts.train_configurable --tx-id 1 --model Informer-Long --split-method chronological --feature-mode full --lookback-multiplier 4.0 --horizon 168 --experiment-name exp_124 --data-suffix _no_outlier --e-layers 3 --d-layers 2
======================================================================

======================================================================
Experiment: exp_124
======================================================================
Transformer:     TX1
Model:           Informer-Long
Split method:    chronological
Feature mode:    full
Data suffix:     _no_outlier

Loading data...
  Total samples: 69680
  Added TX1 dynamic features
  Features: 21 columns

Window config: WindowConfig(horizon=168, lookback=672, gap=0)
Creating sliding windows for Informer-Long (keeping sequence structure)...
  Created 68840 windows (shape: (68840, 672, 21))
Splitting windows (chronological, 20% test)...
  Train: 55072 windows
  Test:  13768 windows

Training Informer-Long...

Calling native Informer from: E:\ANUS_learning\MSI5001-power-transformer-oil-temperature-prediction\external\Informer2020
Command: C:\ProgramData\anaconda3\python.exe E:\ANUS_learning\MSI5001-power-transformer-oil-temperature-prediction\external\Informer2020\main_informer.py --model informerstack --data custom --root_path ./data/ --data_path TX1.csv --features MS --target OT --freq h --seq_len 336 --label_len 168 --pred_len 168 --enc_in 6 --dec_in 1 --c_out 1 --d_model 256 --n_heads 8 --e_layers 3 --d_layers 2 --d_ff 1024 --factor 5 --dropout 0.05 --attn prob --embed timeF --activation gelu --batch_size 8 --train_epochs 8 --patience 3 --learning_rate 0.0001 --des exp_124 --itr 1
Args in experiment:
Namespace(model='informerstack', data='custom', root_path='./data/', data_path='TX1.csv', features='MS', target='OT', freq='h', checkpoints='./checkpoints/', seq_len=336, label_len=168, pred_len=168, enc_in=6, dec_in=1, c_out=1, d_model=256, n_heads=8, e_layers=3, d_layers=2, s_layers=[3, 2, 1], d_ff=1024, factor=5, padding=0, distil=True, dropout=0.05, attn='prob', embed='timeF', activation='gelu', output_attention=False, do_predict=False, mix=True, cols=None, num_workers=0, itr=1, train_epochs=8, batch_size=8, patience=3, learning_rate=0.0001, des='exp_124', loss='mse', lradj='type1', use_amp=False, inverse=False, use_gpu=True, gpu=0, use_multi_gpu=False, devices='0,1,2,3', detail_freq='h')
Use GPU: cuda:0
>>>>>>>start training : informerstack_custom_ftMS_sl336_ll168_pl168_dm256_nh8_el3_dl2_df1024_atprob_fc5_ebtimeF_dtTrue_mxTrue_exp_124_0>>>>>>>>>>>>>>>>>>>>>>>>>>
train 48273
val 6801
test 13769
	iters: 100, epoch: 1 | loss: 0.2107733
	speed: 0.0430s/iter; left time: 2070.0416s
	iters: 200, epoch: 1 | loss: 0.3205768
	speed: 0.0326s/iter; left time: 1569.5732s
	iters: 300, epoch: 1 | loss: 0.1915896
	speed: 0.0322s/iter; left time: 1542.8921s
	iters: 400, epoch: 1 | loss: 0.1423808
	speed: 0.0324s/iter; left time: 1551.2934s
	iters: 500, epoch: 1 | loss: 0.1326153
	speed: 0.0327s/iter; left time: 1561.1373s
	iters: 600, epoch: 1 | loss: 0.3059687
	speed: 0.0323s/iter; left time: 1539.0290s
	iters: 700, epoch: 1 | loss: 0.0956690
	speed: 0.0324s/iter; left time: 1541.2209s
	iters: 800, epoch: 1 | loss: 0.1198967
	speed: 0.0326s/iter; left time: 1548.2670s
	iters: 900, epoch: 1 | loss: 0.2134626
	speed: 0.0323s/iter; left time: 1529.1557s
	iters: 1000, epoch: 1 | loss: 0.0803471
	speed: 0.0322s/iter; left time: 1523.8512s
	iters: 1100, epoch: 1 | loss: 0.1195013
	speed: 0.0322s/iter; left time: 1520.9090s
	iters: 1200, epoch: 1 | loss: 0.1222027
	speed: 0.0324s/iter; left time: 1526.6630s
	iters: 1300, epoch: 1 | loss: 0.0678766
	speed: 0.0326s/iter; left time: 1529.9697s
	iters: 1400, epoch: 1 | loss: 0.1077455
	speed: 0.0324s/iter; left time: 1520.4939s
	iters: 1500, epoch: 1 | loss: 0.0827492
	speed: 0.0322s/iter; left time: 1506.0156s
	iters: 1600, epoch: 1 | loss: 0.1072785
	speed: 0.0322s/iter; left time: 1504.2354s
	iters: 1700, epoch: 1 | loss: 0.1185092
	speed: 0.0328s/iter; left time: 1526.3981s
	iters: 1800, epoch: 1 | loss: 0.1622540
	speed: 0.0325s/iter; left time: 1511.1513s
	iters: 1900, epoch: 1 | loss: 0.1181213
	speed: 0.0324s/iter; left time: 1502.4290s
	iters: 2000, epoch: 1 | loss: 0.0707951
	speed: 0.0323s/iter; left time: 1495.0339s
	iters: 2100, epoch: 1 | loss: 0.0797238
	speed: 0.0324s/iter; left time: 1496.0863s
	iters: 2200, epoch: 1 | loss: 0.0803327
	speed: 0.0326s/iter; left time: 1503.3104s
	iters: 2300, epoch: 1 | loss: 0.1022156
	speed: 0.0325s/iter; left time: 1492.6328s
	iters: 2400, epoch: 1 | loss: 0.0547340
	speed: 0.0325s/iter; left time: 1491.0877s
	iters: 2500, epoch: 1 | loss: 0.0713085
	speed: 0.0323s/iter; left time: 1476.7909s
	iters: 2600, epoch: 1 | loss: 0.1042317
	speed: 0.0325s/iter; left time: 1482.8562s
	iters: 2700, epoch: 1 | loss: 0.0902077
	speed: 0.0327s/iter; left time: 1492.4028s
	iters: 2800, epoch: 1 | loss: 0.1011344
	speed: 0.0324s/iter; left time: 1474.8028s
	iters: 2900, epoch: 1 | loss: 0.0790159
	speed: 0.0324s/iter; left time: 1471.3919s
	iters: 3000, epoch: 1 | loss: 0.0644273
	speed: 0.0326s/iter; left time: 1474.2009s
	iters: 3100, epoch: 1 | loss: 0.1225525
	speed: 0.0325s/iter; left time: 1469.8356s
	iters: 3200, epoch: 1 | loss: 0.0464732
	speed: 0.0325s/iter; left time: 1463.3110s
	iters: 3300, epoch: 1 | loss: 0.0939462
	speed: 0.0324s/iter; left time: 1458.2337s
	iters: 3400, epoch: 1 | loss: 0.1019856
	speed: 0.0323s/iter; left time: 1447.5138s
	iters: 3500, epoch: 1 | loss: 0.0921165
	speed: 0.0323s/iter; left time: 1447.2725s
	iters: 3600, epoch: 1 | loss: 0.0750512
	speed: 0.0327s/iter; left time: 1460.2742s
	iters: 3700, epoch: 1 | loss: 0.0689480
	speed: 0.0323s/iter; left time: 1441.4837s
	iters: 3800, epoch: 1 | loss: 0.0718003
	speed: 0.0325s/iter; left time: 1443.3082s
	iters: 3900, epoch: 1 | loss: 0.0897691
	speed: 0.0325s/iter; left time: 1443.8648s
	iters: 4000, epoch: 1 | loss: 0.0710992
	speed: 0.0323s/iter; left time: 1431.0294s
	iters: 4100, epoch: 1 | loss: 0.1020240
	speed: 0.0326s/iter; left time: 1440.4091s
	iters: 4200, epoch: 1 | loss: 0.0542929
	speed: 0.0323s/iter; left time: 1422.2207s
	iters: 4300, epoch: 1 | loss: 0.0690879
	speed: 0.0324s/iter; left time: 1424.4159s
	iters: 4400, epoch: 1 | loss: 0.0558929
	speed: 0.0323s/iter; left time: 1418.4258s
	iters: 4500, epoch: 1 | loss: 0.0608031
	speed: 0.0328s/iter; left time: 1436.0020s
	iters: 4600, epoch: 1 | loss: 0.0753287
	speed: 0.0324s/iter; left time: 1416.4419s
	iters: 4700, epoch: 1 | loss: 0.0885122
	speed: 0.0323s/iter; left time: 1409.3813s
	iters: 4800, epoch: 1 | loss: 0.0713880
	speed: 0.0326s/iter; left time: 1416.6696s
	iters: 4900, epoch: 1 | loss: 0.0619786
	speed: 0.0325s/iter; left time: 1407.6357s
	iters: 5000, epoch: 1 | loss: 0.0386881
	speed: 0.0327s/iter; left time: 1414.1058s
	iters: 5100, epoch: 1 | loss: 0.0478352
	speed: 0.0323s/iter; left time: 1396.0258s
	iters: 5200, epoch: 1 | loss: 0.0559351
	speed: 0.0324s/iter; left time: 1394.7882s
	iters: 5300, epoch: 1 | loss: 0.0327246
	speed: 0.0325s/iter; left time: 1398.4730s
	iters: 5400, epoch: 1 | loss: 0.0448287
	speed: 0.0329s/iter; left time: 1409.5683s
	iters: 5500, epoch: 1 | loss: 0.0590419
	speed: 0.0326s/iter; left time: 1394.5280s
	iters: 5600, epoch: 1 | loss: 0.0528271
	speed: 0.0323s/iter; left time: 1380.4675s
	iters: 5700, epoch: 1 | loss: 0.0448984
	speed: 0.0325s/iter; left time: 1384.5270s
	iters: 5800, epoch: 1 | loss: 0.0285287
	speed: 0.0325s/iter; left time: 1381.1193s
	iters: 5900, epoch: 1 | loss: 0.0469853
	speed: 0.0324s/iter; left time: 1374.6761s
	iters: 6000, epoch: 1 | loss: 0.0547791
	speed: 0.0324s/iter; left time: 1368.0464s
Epoch: 1 cost time: 196.1894838809967
Epoch: 1, Steps: 6034 | Train Loss: 0.1041396 Vali Loss: 0.6119463 Test Loss: 0.3107634
Validation loss decreased (inf --> 0.611946).  Saving model ...
Updating learning rate to 0.0001
	iters: 100, epoch: 2 | loss: 0.0382077
	speed: 0.4010s/iter; left time: 16899.0119s
	iters: 200, epoch: 2 | loss: 0.0541359
	speed: 0.0329s/iter; left time: 1380.9946s
	iters: 300, epoch: 2 | loss: 0.0715144
	speed: 0.0324s/iter; left time: 1360.3933s
	iters: 400, epoch: 2 | loss: 0.0503862
	speed: 0.0324s/iter; left time: 1357.5129s
	iters: 500, epoch: 2 | loss: 0.0470670
	speed: 0.0326s/iter; left time: 1360.2937s
	iters: 600, epoch: 2 | loss: 0.0448631
	speed: 0.0328s/iter; left time: 1367.1291s
	iters: 700, epoch: 2 | loss: 0.0400462
	speed: 0.0323s/iter; left time: 1342.0179s
	iters: 800, epoch: 2 | loss: 0.0890596
	speed: 0.0324s/iter; left time: 1340.5519s
	iters: 900, epoch: 2 | loss: 0.0315036
	speed: 0.0325s/iter; left time: 1342.3341s
	iters: 1000, epoch: 2 | loss: 0.0866288
	speed: 0.0323s/iter; left time: 1330.1168s
	iters: 1100, epoch: 2 | loss: 0.0405764
	speed: 0.0329s/iter; left time: 1355.3933s
	iters: 1200, epoch: 2 | loss: 0.0347522
	speed: 0.0322s/iter; left time: 1323.2022s
	iters: 1300, epoch: 2 | loss: 0.0345275
	speed: 0.0324s/iter; left time: 1325.3644s
	iters: 1400, epoch: 2 | loss: 0.0486864
	speed: 0.0325s/iter; left time: 1325.4802s
	iters: 1500, epoch: 2 | loss: 0.0488368
	speed: 0.0324s/iter; left time: 1318.8295s
	iters: 1600, epoch: 2 | loss: 0.0246982
	speed: 0.0324s/iter; left time: 1314.6853s
	iters: 1700, epoch: 2 | loss: 0.0322329
	speed: 0.0322s/iter; left time: 1306.1469s
	iters: 1800, epoch: 2 | loss: 0.0734673
	speed: 0.0323s/iter; left time: 1305.2513s
	iters: 1900, epoch: 2 | loss: 0.0349623
	speed: 0.0324s/iter; left time: 1308.1000s
	iters: 2000, epoch: 2 | loss: 0.0360565
	speed: 0.0323s/iter; left time: 1300.8405s
	iters: 2100, epoch: 2 | loss: 0.0239843
	speed: 0.0325s/iter; left time: 1302.9229s
	iters: 2200, epoch: 2 | loss: 0.0381810
	speed: 0.0324s/iter; left time: 1299.0634s
	iters: 2300, epoch: 2 | loss: 0.0302509
	speed: 0.0323s/iter; left time: 1291.8685s
	iters: 2400, epoch: 2 | loss: 0.0328736
	speed: 0.0324s/iter; left time: 1289.2717s
	iters: 2500, epoch: 2 | loss: 0.0425613
	speed: 0.0329s/iter; left time: 1306.6809s
	iters: 2600, epoch: 2 | loss: 0.0438983
	speed: 0.0324s/iter; left time: 1283.4606s
	iters: 2700, epoch: 2 | loss: 0.0429354
	speed: 0.0324s/iter; left time: 1281.6031s
	iters: 2800, epoch: 2 | loss: 0.0267857
	speed: 0.0323s/iter; left time: 1272.6466s
	iters: 2900, epoch: 2 | loss: 0.0567700
	speed: 0.0327s/iter; left time: 1285.6546s
	iters: 3000, epoch: 2 | loss: 0.0276875
	speed: 0.0324s/iter; left time: 1270.5559s
	iters: 3100, epoch: 2 | loss: 0.0456148
	speed: 0.0323s/iter; left time: 1264.8375s
	iters: 3200, epoch: 2 | loss: 0.0295786
	speed: 0.0324s/iter; left time: 1264.8371s
	iters: 3300, epoch: 2 | loss: 0.0350383
	speed: 0.0326s/iter; left time: 1268.4067s
	iters: 3400, epoch: 2 | loss: 0.0286806
	speed: 0.0327s/iter; left time: 1268.2644s
	iters: 3500, epoch: 2 | loss: 0.0389467
	speed: 0.0323s/iter; left time: 1252.0083s
	iters: 3600, epoch: 2 | loss: 0.0395491
	speed: 0.0325s/iter; left time: 1254.0349s
	iters: 3700, epoch: 2 | loss: 0.0426358
	speed: 0.0324s/iter; left time: 1250.3048s
	iters: 3800, epoch: 2 | loss: 0.0402882
	speed: 0.0322s/iter; left time: 1238.9394s
	iters: 3900, epoch: 2 | loss: 0.0342136
	speed: 0.0327s/iter; left time: 1253.7456s
	iters: 4000, epoch: 2 | loss: 0.0343176
	speed: 0.0324s/iter; left time: 1237.0752s
	iters: 4100, epoch: 2 | loss: 0.0344763
	speed: 0.0323s/iter; left time: 1231.0834s
	iters: 4200, epoch: 2 | loss: 0.0466170
	speed: 0.0324s/iter; left time: 1232.8242s
	iters: 4300, epoch: 2 | loss: 0.0423441
	speed: 0.0326s/iter; left time: 1235.5515s
	iters: 4400, epoch: 2 | loss: 0.0307140
	speed: 0.0323s/iter; left time: 1220.5751s
	iters: 4500, epoch: 2 | loss: 0.0253639
	speed: 0.0323s/iter; left time: 1220.0323s
	iters: 4600, epoch: 2 | loss: 0.0438357
	speed: 0.0324s/iter; left time: 1218.4752s
	iters: 4700, epoch: 2 | loss: 0.0301226
	speed: 0.0325s/iter; left time: 1219.4959s
	iters: 4800, epoch: 2 | loss: 0.0240882
	speed: 0.0325s/iter; left time: 1218.1158s
	iters: 4900, epoch: 2 | loss: 0.0347218
	speed: 0.0324s/iter; left time: 1211.4441s
	iters: 5000, epoch: 2 | loss: 0.0345876
	speed: 0.0323s/iter; left time: 1204.2657s
	iters: 5100, epoch: 2 | loss: 0.0274517
	speed: 0.0323s/iter; left time: 1200.9631s
	iters: 5200, epoch: 2 | loss: 0.0235821
	speed: 0.0326s/iter; left time: 1209.1967s
	iters: 5300, epoch: 2 | loss: 0.0268130
	speed: 0.0326s/iter; left time: 1203.1605s
	iters: 5400, epoch: 2 | loss: 0.0286898
	speed: 0.0324s/iter; left time: 1194.1887s
	iters: 5500, epoch: 2 | loss: 0.0256666
	speed: 0.0326s/iter; left time: 1197.0487s
	iters: 5600, epoch: 2 | loss: 0.0312444
	speed: 0.0326s/iter; left time: 1195.1161s
	iters: 5700, epoch: 2 | loss: 0.0382556
	speed: 0.0327s/iter; left time: 1193.6144s
	iters: 5800, epoch: 2 | loss: 0.0222824
	speed: 0.0324s/iter; left time: 1181.5316s
	iters: 5900, epoch: 2 | loss: 0.0245030
	speed: 0.0325s/iter; left time: 1180.9874s
	iters: 6000, epoch: 2 | loss: 0.0261713
	speed: 0.0324s/iter; left time: 1173.5384s
Epoch: 2 cost time: 195.81691884994507
Epoch: 2, Steps: 6034 | Train Loss: 0.0374106 Vali Loss: 0.6417675 Test Loss: 0.3698092
EarlyStopping counter: 1 out of 3
Updating learning rate to 5e-05
	iters: 100, epoch: 3 | loss: 0.0163851
	speed: 0.4016s/iter; left time: 14500.0175s
	iters: 200, epoch: 3 | loss: 0.0318563
	speed: 0.0325s/iter; left time: 1168.6701s
	iters: 300, epoch: 3 | loss: 0.0162747
	speed: 0.0324s/iter; left time: 1164.3951s
	iters: 400, epoch: 3 | loss: 0.0236086
	speed: 0.0327s/iter; left time: 1170.3732s
	iters: 500, epoch: 3 | loss: 0.0245081
	speed: 0.0325s/iter; left time: 1161.6599s
	iters: 600, epoch: 3 | loss: 0.0176063
	speed: 0.0326s/iter; left time: 1160.2764s
	iters: 700, epoch: 3 | loss: 0.0187323
	speed: 0.0325s/iter; left time: 1152.2597s
	iters: 800, epoch: 3 | loss: 0.0170886
	speed: 0.0325s/iter; left time: 1152.0743s
	iters: 900, epoch: 3 | loss: 0.0229483
	speed: 0.0326s/iter; left time: 1151.0278s
	iters: 1000, epoch: 3 | loss: 0.0143782
	speed: 0.0324s/iter; left time: 1142.2251s
	iters: 1100, epoch: 3 | loss: 0.0248723
	speed: 0.0324s/iter; left time: 1138.1729s
	iters: 1200, epoch: 3 | loss: 0.0185379
	speed: 0.0323s/iter; left time: 1131.7139s
	iters: 1300, epoch: 3 | loss: 0.0201698
	speed: 0.0328s/iter; left time: 1144.5224s
	iters: 1400, epoch: 3 | loss: 0.0175641
	speed: 0.0322s/iter; left time: 1121.2607s
	iters: 1500, epoch: 3 | loss: 0.0186090
	speed: 0.0324s/iter; left time: 1123.7403s
	iters: 1600, epoch: 3 | loss: 0.0199910
	speed: 0.0323s/iter; left time: 1117.0672s
	iters: 1700, epoch: 3 | loss: 0.0211646
	speed: 0.0323s/iter; left time: 1112.9135s
	iters: 1800, epoch: 3 | loss: 0.0233881
	speed: 0.0326s/iter; left time: 1121.4957s
	iters: 1900, epoch: 3 | loss: 0.0205583
	speed: 0.0325s/iter; left time: 1114.0218s
	iters: 2000, epoch: 3 | loss: 0.0166903
	speed: 0.0324s/iter; left time: 1107.1871s
	iters: 2100, epoch: 3 | loss: 0.0216776
	speed: 0.0324s/iter; left time: 1104.0812s
	iters: 2200, epoch: 3 | loss: 0.0167158
	speed: 0.0326s/iter; left time: 1106.8701s
	iters: 2300, epoch: 3 | loss: 0.0203926
	speed: 0.0325s/iter; left time: 1102.0831s
	iters: 2400, epoch: 3 | loss: 0.0210678
	speed: 0.0324s/iter; left time: 1094.2098s
	iters: 2500, epoch: 3 | loss: 0.0221460
	speed: 0.0323s/iter; left time: 1088.8382s
	iters: 2600, epoch: 3 | loss: 0.0181176
	speed: 0.0323s/iter; left time: 1085.7533s
	iters: 2700, epoch: 3 | loss: 0.0195706
	speed: 0.0326s/iter; left time: 1091.0280s
	iters: 2800, epoch: 3 | loss: 0.0154758
	speed: 0.0325s/iter; left time: 1085.5807s
	iters: 2900, epoch: 3 | loss: 0.0223712
	speed: 0.0323s/iter; left time: 1076.4446s
	iters: 3000, epoch: 3 | loss: 0.0299730
	speed: 0.0323s/iter; left time: 1072.6623s
	iters: 3100, epoch: 3 | loss: 0.0192267
	speed: 0.0326s/iter; left time: 1077.9638s
	iters: 3200, epoch: 3 | loss: 0.0184572
	speed: 0.0328s/iter; left time: 1082.3437s
	iters: 3300, epoch: 3 | loss: 0.0163700
	speed: 0.0323s/iter; left time: 1063.8617s
	iters: 3400, epoch: 3 | loss: 0.0256330
	speed: 0.0323s/iter; left time: 1059.8465s
	iters: 3500, epoch: 3 | loss: 0.0155890
	speed: 0.0325s/iter; left time: 1061.6973s
	iters: 3600, epoch: 3 | loss: 0.0182735
	speed: 0.0323s/iter; left time: 1053.6273s
	iters: 3700, epoch: 3 | loss: 0.0231955
	speed: 0.0325s/iter; left time: 1055.0131s
	iters: 3800, epoch: 3 | loss: 0.0194705
	speed: 0.0325s/iter; left time: 1052.6573s
	iters: 3900, epoch: 3 | loss: 0.0255371
	speed: 0.0326s/iter; left time: 1053.2365s
	iters: 4000, epoch: 3 | loss: 0.0148016
	speed: 0.0324s/iter; left time: 1043.9366s
	iters: 4100, epoch: 3 | loss: 0.0196858
	speed: 0.0327s/iter; left time: 1050.0030s
	iters: 4200, epoch: 3 | loss: 0.0152117
	speed: 0.0322s/iter; left time: 1032.0849s
	iters: 4300, epoch: 3 | loss: 0.0190358
	speed: 0.0324s/iter; left time: 1034.8575s
	iters: 4400, epoch: 3 | loss: 0.0156443
	speed: 0.0322s/iter; left time: 1025.1204s
	iters: 4500, epoch: 3 | loss: 0.0125001
	speed: 0.0322s/iter; left time: 1021.4820s
	iters: 4600, epoch: 3 | loss: 0.0207371
	speed: 0.0326s/iter; left time: 1029.9409s
	iters: 4700, epoch: 3 | loss: 0.0151025
	speed: 0.0323s/iter; left time: 1018.1833s
	iters: 4800, epoch: 3 | loss: 0.0192384
	speed: 0.0322s/iter; left time: 1010.3516s
	iters: 4900, epoch: 3 | loss: 0.0189252
	speed: 0.0325s/iter; left time: 1016.9598s
	iters: 5000, epoch: 3 | loss: 0.0274346
	speed: 0.0326s/iter; left time: 1016.3352s
	iters: 5100, epoch: 3 | loss: 0.0167739
	speed: 0.0324s/iter; left time: 1008.5777s
	iters: 5200, epoch: 3 | loss: 0.0218684
	speed: 0.0324s/iter; left time: 1004.0103s
	iters: 5300, epoch: 3 | loss: 0.0242274
	speed: 0.0323s/iter; left time: 999.6392s
	iters: 5400, epoch: 3 | loss: 0.0196628
	speed: 0.0322s/iter; left time: 993.0612s
	iters: 5500, epoch: 3 | loss: 0.0155064
	speed: 0.0325s/iter; left time: 996.3778s
	iters: 5600, epoch: 3 | loss: 0.0162246
	speed: 0.0324s/iter; left time: 991.0288s
	iters: 5700, epoch: 3 | loss: 0.0175044
	speed: 0.0323s/iter; left time: 984.6804s
	iters: 5800, epoch: 3 | loss: 0.0210741
	speed: 0.0323s/iter; left time: 983.2904s
	iters: 5900, epoch: 3 | loss: 0.0201946
	speed: 0.0322s/iter; left time: 974.4140s
	iters: 6000, epoch: 3 | loss: 0.0182703
	speed: 0.0327s/iter; left time: 988.9244s
Epoch: 3 cost time: 195.6727168560028
Epoch: 3, Steps: 6034 | Train Loss: 0.0201856 Vali Loss: 0.6482077 Test Loss: 0.3881006
EarlyStopping counter: 2 out of 3
Updating learning rate to 2.5e-05
	iters: 100, epoch: 4 | loss: 0.0201491
	speed: 0.3994s/iter; left time: 12010.7885s
	iters: 200, epoch: 4 | loss: 0.0130237
	speed: 0.0327s/iter; left time: 979.1085s
	iters: 300, epoch: 4 | loss: 0.0154363
	speed: 0.0322s/iter; left time: 962.8470s
	iters: 400, epoch: 4 | loss: 0.0137874
	speed: 0.0325s/iter; left time: 968.1493s
	iters: 500, epoch: 4 | loss: 0.0169179
	speed: 0.0325s/iter; left time: 962.9248s
	iters: 600, epoch: 4 | loss: 0.0156864
	speed: 0.0322s/iter; left time: 950.7635s
	iters: 700, epoch: 4 | loss: 0.0124697
	speed: 0.0326s/iter; left time: 962.0074s
	iters: 800, epoch: 4 | loss: 0.0169751
	speed: 0.0324s/iter; left time: 951.3154s
	iters: 900, epoch: 4 | loss: 0.0141332
	speed: 0.0324s/iter; left time: 948.8677s
	iters: 1000, epoch: 4 | loss: 0.0206637
	speed: 0.0325s/iter; left time: 948.6601s
	iters: 1100, epoch: 4 | loss: 0.0201597
	speed: 0.0323s/iter; left time: 938.7251s
	iters: 1200, epoch: 4 | loss: 0.0139832
	speed: 0.0327s/iter; left time: 946.7042s
	iters: 1300, epoch: 4 | loss: 0.0141852
	speed: 0.0324s/iter; left time: 935.9243s
	iters: 1400, epoch: 4 | loss: 0.0154036
	speed: 0.0321s/iter; left time: 923.7438s
	iters: 1500, epoch: 4 | loss: 0.0166907
	speed: 0.0324s/iter; left time: 927.8489s
	iters: 1600, epoch: 4 | loss: 0.0163514
	speed: 0.0331s/iter; left time: 945.2292s
	iters: 1700, epoch: 4 | loss: 0.0096700
	speed: 0.0323s/iter; left time: 920.3053s
	iters: 1800, epoch: 4 | loss: 0.0131140
	speed: 0.0324s/iter; left time: 918.3742s
	iters: 1900, epoch: 4 | loss: 0.0112940
	speed: 0.0320s/iter; left time: 905.8325s
	iters: 2000, epoch: 4 | loss: 0.0187911
	speed: 0.0324s/iter; left time: 913.3506s
	iters: 2100, epoch: 4 | loss: 0.0159672
	speed: 0.0325s/iter; left time: 912.5147s
	iters: 2200, epoch: 4 | loss: 0.0157627
	speed: 0.0323s/iter; left time: 903.8252s
	iters: 2300, epoch: 4 | loss: 0.0201173
	speed: 0.0323s/iter; left time: 899.4863s
	iters: 2400, epoch: 4 | loss: 0.0102311
	speed: 0.0326s/iter; left time: 905.0956s
	iters: 2500, epoch: 4 | loss: 0.0141838
	speed: 0.0326s/iter; left time: 903.3528s
	iters: 2600, epoch: 4 | loss: 0.0165622
	speed: 0.0325s/iter; left time: 895.7150s
	iters: 2700, epoch: 4 | loss: 0.0164071
	speed: 0.0323s/iter; left time: 887.6053s
	iters: 2800, epoch: 4 | loss: 0.0128382
	speed: 0.0322s/iter; left time: 881.0907s
	iters: 2900, epoch: 4 | loss: 0.0150587
	speed: 0.0325s/iter; left time: 886.5504s
	iters: 3000, epoch: 4 | loss: 0.0103158
	speed: 0.0326s/iter; left time: 886.5057s
	iters: 3100, epoch: 4 | loss: 0.0152250
	speed: 0.0323s/iter; left time: 874.7860s
	iters: 3200, epoch: 4 | loss: 0.0101339
	speed: 0.0322s/iter; left time: 869.4236s
	iters: 3300, epoch: 4 | loss: 0.0202293
	speed: 0.0324s/iter; left time: 871.0995s
	iters: 3400, epoch: 4 | loss: 0.0157960
	speed: 0.0323s/iter; left time: 864.6201s
	iters: 3500, epoch: 4 | loss: 0.0093330
	speed: 0.0328s/iter; left time: 875.2119s
	iters: 3600, epoch: 4 | loss: 0.0109975
	speed: 0.0323s/iter; left time: 858.8093s
	iters: 3700, epoch: 4 | loss: 0.0145242
	speed: 0.0324s/iter; left time: 857.2362s
	iters: 3800, epoch: 4 | loss: 0.0115855
	speed: 0.0324s/iter; left time: 854.5333s
	iters: 3900, epoch: 4 | loss: 0.0186427
	speed: 0.0325s/iter; left time: 854.9614s
	iters: 4000, epoch: 4 | loss: 0.0153839
	speed: 0.0323s/iter; left time: 845.2241s
	iters: 4100, epoch: 4 | loss: 0.0105458
	speed: 0.0326s/iter; left time: 850.2831s
	iters: 4200, epoch: 4 | loss: 0.0150531
	speed: 0.0325s/iter; left time: 843.3753s
	iters: 4300, epoch: 4 | loss: 0.0163617
	speed: 0.0324s/iter; left time: 838.0766s
	iters: 4400, epoch: 4 | loss: 0.0124908
	speed: 0.0328s/iter; left time: 846.3303s
	iters: 4500, epoch: 4 | loss: 0.0234610
	speed: 0.0326s/iter; left time: 838.0369s
	iters: 4600, epoch: 4 | loss: 0.0152505
	speed: 0.0327s/iter; left time: 836.4732s
	iters: 4700, epoch: 4 | loss: 0.0108690
	speed: 0.0323s/iter; left time: 823.5999s
	iters: 4800, epoch: 4 | loss: 0.0102027
	speed: 0.0325s/iter; left time: 824.3013s
	iters: 4900, epoch: 4 | loss: 0.0121644
	speed: 0.0327s/iter; left time: 825.4576s
	iters: 5000, epoch: 4 | loss: 0.0144274
	speed: 0.0324s/iter; left time: 815.7158s
	iters: 5100, epoch: 4 | loss: 0.0189115
	speed: 0.0324s/iter; left time: 812.9451s
	iters: 5200, epoch: 4 | loss: 0.0164985
	speed: 0.0324s/iter; left time: 810.1622s
	iters: 5300, epoch: 4 | loss: 0.0187365
	speed: 0.0327s/iter; left time: 813.8908s
	iters: 5400, epoch: 4 | loss: 0.0108708
	speed: 0.0323s/iter; left time: 799.2792s
	iters: 5500, epoch: 4 | loss: 0.0124217
	speed: 0.0324s/iter; left time: 798.1533s
	iters: 5600, epoch: 4 | loss: 0.0169350
	speed: 0.0322s/iter; left time: 792.2819s
	iters: 5700, epoch: 4 | loss: 0.0179083
	speed: 0.0322s/iter; left time: 788.0417s
	iters: 5800, epoch: 4 | loss: 0.0200414
	speed: 0.0328s/iter; left time: 798.3327s
	iters: 5900, epoch: 4 | loss: 0.0169378
	speed: 0.0323s/iter; left time: 783.2303s
	iters: 6000, epoch: 4 | loss: 0.0142944
	speed: 0.0324s/iter; left time: 783.7245s
Epoch: 4 cost time: 195.78685307502747
Epoch: 4, Steps: 6034 | Train Loss: 0.0149532 Vali Loss: 0.6802267 Test Loss: 0.3860087
EarlyStopping counter: 3 out of 3
Early stopping
>>>>>>>testing : informerstack_custom_ftMS_sl336_ll168_pl168_dm256_nh8_el3_dl2_df1024_atprob_fc5_ebtimeF_dtTrue_mxTrue_exp_124_0<<<<<<<<<<<<<<<<<<<<<<<<<<<<<<<<<
test 13769
test shape: (1721, 8, 168, 1) (1721, 8, 168, 1)
test shape: (13768, 168, 1) (13768, 168, 1)
mse:0.3109644055366516, mae:0.45336002111434937, r2:-0.8231405019760132


Parsed metrics from Informer output (normalized scale):
  MSE:  0.3110
  MAE:  0.4534
  RMSE: 0.5576
  R2:   -0.8231

Metrics after inverse transformation (original scale):
  MSE:  21.6596
  MAE:  3.7837
  RMSE: 4.6540
  R2:   -0.8231
Warning: Failed to record experiment: 'gbk' codec can't encode character '\u2713' in position 0: illegal multibyte sequence
  Training time: 953.15s
  RMSE: 4.6540
  MAE:  3.7837
  R2:   -0.8231

Saving results...
  Model: Native Informer (saved in external/Informer2020/checkpoints/)
  Predictions: Not saved (native Informer handles this internally)
  Metrics: E:\ANUS_learning\MSI5001-power-transformer-oil-temperature-prediction\models\experiments\exp_124_metrics.json
  Plot: Skipped (native Informer handles visualization internally)

======================================================================
Experiment complete: exp_124
======================================================================

======================================================================
Completed: 2025-11-07 19:27:26
Return code: 0
======================================================================
