======================================================================
Experiment Log
Started: 2025-11-07 18:26:18
Command: C:\ProgramData\anaconda3\python.exe -m scripts.train_configurable --tx-id 2 --model Informer-Long --split-method chronological --feature-mode full --lookback-multiplier 4.0 --horizon 168 --experiment-name exp_122 --data-suffix _no_outlier --seq-len 1008 --label-len 504
======================================================================

======================================================================
Experiment: exp_122
======================================================================
Transformer:     TX2
Model:           Informer-Long
Split method:    chronological
Feature mode:    full
Data suffix:     _no_outlier

Loading data...
  Total samples: 69680
  Features: 17 columns

Window config: WindowConfig(horizon=168, lookback=672, gap=0)
Creating sliding windows for Informer-Long (keeping sequence structure)...
  Created 68840 windows (shape: (68840, 672, 17))
Splitting windows (chronological, 20% test)...
  Train: 55072 windows
  Test:  13768 windows

Training Informer-Long...

Calling native Informer from: E:\ANUS_learning\MSI5001-power-transformer-oil-temperature-prediction\external\Informer2020
Command: C:\ProgramData\anaconda3\python.exe E:\ANUS_learning\MSI5001-power-transformer-oil-temperature-prediction\external\Informer2020\main_informer.py --model informerstack --data custom --root_path ./data/ --data_path TX2.csv --features MS --target OT --freq h --seq_len 1008 --label_len 504 --pred_len 168 --enc_in 6 --dec_in 1 --c_out 1 --d_model 256 --n_heads 8 --e_layers 3 --d_layers 1 --d_ff 1024 --factor 5 --dropout 0.05 --attn prob --embed timeF --activation gelu --batch_size 8 --train_epochs 8 --patience 3 --learning_rate 0.0001 --des exp_122 --itr 1
Args in experiment:
Namespace(model='informerstack', data='custom', root_path='./data/', data_path='TX1.csv', features='MS', target='OT', freq='h', checkpoints='./checkpoints/', seq_len=1008, label_len=504, pred_len=168, enc_in=6, dec_in=1, c_out=1, d_model=256, n_heads=8, e_layers=3, d_layers=1, s_layers=[3, 2, 1], d_ff=1024, factor=5, padding=0, distil=True, dropout=0.05, attn='prob', embed='timeF', activation='gelu', output_attention=False, do_predict=False, mix=True, cols=None, num_workers=0, itr=1, train_epochs=8, batch_size=8, patience=3, learning_rate=0.0001, des='exp_122', loss='mse', lradj='type1', use_amp=False, inverse=False, use_gpu=True, gpu=0, use_multi_gpu=False, devices='0,1,2,3', detail_freq='h')
Use GPU: cuda:0
>>>>>>>start training : informerstack_custom_ftMS_sl1008_ll504_pl168_dm256_nh8_el3_dl1_df1024_atprob_fc5_ebtimeF_dtTrue_mxTrue_exp_122_0>>>>>>>>>>>>>>>>>>>>>>>>>>
train 47601
val 6801
test 13769
	iters: 100, epoch: 1 | loss: 0.3451499
	speed: 0.0486s/iter; left time: 2310.4627s
	iters: 200, epoch: 1 | loss: 0.1911368
	speed: 0.0378s/iter; left time: 1793.2362s
	iters: 300, epoch: 1 | loss: 0.1360899
	speed: 0.0376s/iter; left time: 1779.2624s
	iters: 400, epoch: 1 | loss: 0.3321181
	speed: 0.0377s/iter; left time: 1779.0517s
	iters: 500, epoch: 1 | loss: 0.1636016
	speed: 0.0377s/iter; left time: 1777.9671s
	iters: 600, epoch: 1 | loss: 0.1881287
	speed: 0.0379s/iter; left time: 1782.7651s
	iters: 700, epoch: 1 | loss: 0.1859538
	speed: 0.0379s/iter; left time: 1776.6337s
	iters: 800, epoch: 1 | loss: 0.1038574
	speed: 0.0377s/iter; left time: 1766.2524s
	iters: 900, epoch: 1 | loss: 0.1337135
	speed: 0.0378s/iter; left time: 1764.0651s
	iters: 1000, epoch: 1 | loss: 0.1369623
	speed: 0.0378s/iter; left time: 1762.7104s
	iters: 1100, epoch: 1 | loss: 0.1669037
	speed: 0.0377s/iter; left time: 1755.3077s
	iters: 1200, epoch: 1 | loss: 0.2422013
	speed: 0.0377s/iter; left time: 1750.7808s
	iters: 1300, epoch: 1 | loss: 0.1225387
	speed: 0.0378s/iter; left time: 1751.7452s
	iters: 1400, epoch: 1 | loss: 0.1622938
	speed: 0.0379s/iter; left time: 1749.9084s
	iters: 1500, epoch: 1 | loss: 0.1973151
	speed: 0.0379s/iter; left time: 1745.0009s
	iters: 1600, epoch: 1 | loss: 0.1377535
	speed: 0.0377s/iter; left time: 1734.0735s
	iters: 1700, epoch: 1 | loss: 0.0811559
	speed: 0.0378s/iter; left time: 1736.2828s
	iters: 1800, epoch: 1 | loss: 0.1315642
	speed: 0.0379s/iter; left time: 1733.8683s
	iters: 1900, epoch: 1 | loss: 0.1092761
	speed: 0.0377s/iter; left time: 1720.6831s
	iters: 2000, epoch: 1 | loss: 0.0929923
	speed: 0.0378s/iter; left time: 1722.2434s
	iters: 2100, epoch: 1 | loss: 0.0816182
	speed: 0.0379s/iter; left time: 1723.4195s
	iters: 2200, epoch: 1 | loss: 0.1253057
	speed: 0.0377s/iter; left time: 1710.9623s
	iters: 2300, epoch: 1 | loss: 0.0687439
	speed: 0.0379s/iter; left time: 1714.9288s
	iters: 2400, epoch: 1 | loss: 0.0644204
	speed: 0.0377s/iter; left time: 1706.1950s
	iters: 2500, epoch: 1 | loss: 0.0982583
	speed: 0.0381s/iter; left time: 1716.6052s
	iters: 2600, epoch: 1 | loss: 0.0583121
	speed: 0.0378s/iter; left time: 1699.8465s
	iters: 2700, epoch: 1 | loss: 0.0537142
	speed: 0.0378s/iter; left time: 1696.2577s
	iters: 2800, epoch: 1 | loss: 0.0539090
	speed: 0.0378s/iter; left time: 1692.2392s
	iters: 2900, epoch: 1 | loss: 0.0655687
	speed: 0.0380s/iter; left time: 1696.7399s
	iters: 3000, epoch: 1 | loss: 0.0817970
	speed: 0.0378s/iter; left time: 1685.1382s
	iters: 3100, epoch: 1 | loss: 0.1095030
	speed: 0.0378s/iter; left time: 1681.7696s
	iters: 3200, epoch: 1 | loss: 0.0689416
	speed: 0.0378s/iter; left time: 1678.8112s
	iters: 3300, epoch: 1 | loss: 0.0529790
	speed: 0.0379s/iter; left time: 1677.8558s
	iters: 3400, epoch: 1 | loss: 0.0792471
	speed: 0.0378s/iter; left time: 1671.9131s
	iters: 3500, epoch: 1 | loss: 0.0598303
	speed: 0.0377s/iter; left time: 1663.1154s
	iters: 3600, epoch: 1 | loss: 0.0820583
	speed: 0.0378s/iter; left time: 1661.9847s
	iters: 3700, epoch: 1 | loss: 0.0793780
	speed: 0.0379s/iter; left time: 1664.6419s
	iters: 3800, epoch: 1 | loss: 0.0821388
	speed: 0.0377s/iter; left time: 1652.6908s
	iters: 3900, epoch: 1 | loss: 0.1008153
	speed: 0.0379s/iter; left time: 1655.0679s
	iters: 4000, epoch: 1 | loss: 0.0915647
	speed: 0.0378s/iter; left time: 1648.2365s
	iters: 4100, epoch: 1 | loss: 0.0647358
	speed: 0.0381s/iter; left time: 1655.2174s
	iters: 4200, epoch: 1 | loss: 0.0572405
	speed: 0.0377s/iter; left time: 1634.2048s
	iters: 4300, epoch: 1 | loss: 0.0436647
	speed: 0.0377s/iter; left time: 1632.1315s
	iters: 4400, epoch: 1 | loss: 0.0424306
	speed: 0.0379s/iter; left time: 1637.5118s
	iters: 4500, epoch: 1 | loss: 0.0681016
	speed: 0.0379s/iter; left time: 1634.4300s
	iters: 4600, epoch: 1 | loss: 0.0411610
	speed: 0.0377s/iter; left time: 1623.2581s
	iters: 4700, epoch: 1 | loss: 0.0586949
	speed: 0.0380s/iter; left time: 1630.8925s
	iters: 4800, epoch: 1 | loss: 0.0539432
	speed: 0.0378s/iter; left time: 1619.5418s
	iters: 4900, epoch: 1 | loss: 0.0596668
	speed: 0.0379s/iter; left time: 1618.2671s
	iters: 5000, epoch: 1 | loss: 0.1060069
	speed: 0.0377s/iter; left time: 1606.7296s
	iters: 5100, epoch: 1 | loss: 0.0616726
	speed: 0.0378s/iter; left time: 1607.9823s
	iters: 5200, epoch: 1 | loss: 0.0529479
	speed: 0.0379s/iter; left time: 1605.2893s
	iters: 5300, epoch: 1 | loss: 0.0455529
	speed: 0.0379s/iter; left time: 1601.5595s
	iters: 5400, epoch: 1 | loss: 0.0557565
	speed: 0.0378s/iter; left time: 1596.4206s
	iters: 5500, epoch: 1 | loss: 0.0717988
	speed: 0.0378s/iter; left time: 1593.0408s
	iters: 5600, epoch: 1 | loss: 0.0511609
	speed: 0.0377s/iter; left time: 1582.3572s
	iters: 5700, epoch: 1 | loss: 0.0423315
	speed: 0.0378s/iter; left time: 1585.1870s
	iters: 5800, epoch: 1 | loss: 0.0991020
	speed: 0.0378s/iter; left time: 1580.7773s
	iters: 5900, epoch: 1 | loss: 0.0484303
	speed: 0.0377s/iter; left time: 1572.4249s
Epoch: 1 cost time: 225.35119032859802
Epoch: 1, Steps: 5950 | Train Loss: 0.1015969 Vali Loss: 0.8666109 Test Loss: 0.6333341
Validation loss decreased (inf --> 0.866611).  Saving model ...
Updating learning rate to 0.0001
	iters: 100, epoch: 2 | loss: 0.0565930
	speed: 0.4697s/iter; left time: 19515.6309s
	iters: 200, epoch: 2 | loss: 0.0593054
	speed: 0.0384s/iter; left time: 1593.2550s
	iters: 300, epoch: 2 | loss: 0.0431001
	speed: 0.0394s/iter; left time: 1629.3972s
	iters: 400, epoch: 2 | loss: 0.0492757
	speed: 0.0380s/iter; left time: 1568.5455s
	iters: 500, epoch: 2 | loss: 0.0459718
	speed: 0.0376s/iter; left time: 1548.7611s
	iters: 600, epoch: 2 | loss: 0.0483823
	speed: 0.0376s/iter; left time: 1544.0209s
	iters: 700, epoch: 2 | loss: 0.0608736
	speed: 0.0380s/iter; left time: 1554.9117s
	iters: 800, epoch: 2 | loss: 0.0587484
	speed: 0.0377s/iter; left time: 1539.0278s
	iters: 900, epoch: 2 | loss: 0.0533495
	speed: 0.0375s/iter; left time: 1529.9535s
	iters: 1000, epoch: 2 | loss: 0.0680536
	speed: 0.0378s/iter; left time: 1538.5658s
	iters: 1100, epoch: 2 | loss: 0.0506307
	speed: 0.0378s/iter; left time: 1533.0506s
	iters: 1200, epoch: 2 | loss: 0.0425935
	speed: 0.0377s/iter; left time: 1524.9746s
	iters: 1300, epoch: 2 | loss: 0.0552051
	speed: 0.0376s/iter; left time: 1518.2369s
	iters: 1400, epoch: 2 | loss: 0.0317142
	speed: 0.0378s/iter; left time: 1521.8004s
	iters: 1500, epoch: 2 | loss: 0.0420544
	speed: 0.0379s/iter; left time: 1521.9186s
	iters: 1600, epoch: 2 | loss: 0.0541244
	speed: 0.0377s/iter; left time: 1509.2347s
	iters: 1700, epoch: 2 | loss: 0.0349174
	speed: 0.0376s/iter; left time: 1502.3792s
	iters: 1800, epoch: 2 | loss: 0.0533501
	speed: 0.0379s/iter; left time: 1510.0203s
	iters: 1900, epoch: 2 | loss: 0.0472400
	speed: 0.0377s/iter; left time: 1498.9403s
	iters: 2000, epoch: 2 | loss: 0.0524100
	speed: 0.0377s/iter; left time: 1494.7009s
	iters: 2100, epoch: 2 | loss: 0.0450117
	speed: 0.0377s/iter; left time: 1492.6934s
	iters: 2200, epoch: 2 | loss: 0.0540446
	speed: 0.0377s/iter; left time: 1489.2354s
	iters: 2300, epoch: 2 | loss: 0.0420744
	speed: 0.0378s/iter; left time: 1485.5037s
	iters: 2400, epoch: 2 | loss: 0.0415450
	speed: 0.0377s/iter; left time: 1480.2586s
	iters: 2500, epoch: 2 | loss: 0.0396532
	speed: 0.0377s/iter; left time: 1476.0111s
	iters: 2600, epoch: 2 | loss: 0.0564897
	speed: 0.0379s/iter; left time: 1481.7587s
	iters: 2700, epoch: 2 | loss: 0.0509858
	speed: 0.0377s/iter; left time: 1467.8238s
	iters: 2800, epoch: 2 | loss: 0.0365461
	speed: 0.0377s/iter; left time: 1463.1845s
	iters: 2900, epoch: 2 | loss: 0.0507005
	speed: 0.0378s/iter; left time: 1463.6354s
	iters: 3000, epoch: 2 | loss: 0.0328657
	speed: 0.0378s/iter; left time: 1460.4401s
	iters: 3100, epoch: 2 | loss: 0.0313417
	speed: 0.0378s/iter; left time: 1456.7655s
	iters: 3200, epoch: 2 | loss: 0.0311998
	speed: 0.0377s/iter; left time: 1448.6709s
	iters: 3300, epoch: 2 | loss: 0.0594964
	speed: 0.0377s/iter; left time: 1444.2623s
	iters: 3400, epoch: 2 | loss: 0.0448664
	speed: 0.0380s/iter; left time: 1454.7965s
	iters: 3500, epoch: 2 | loss: 0.0380499
	speed: 0.0377s/iter; left time: 1440.1113s
	iters: 3600, epoch: 2 | loss: 0.0368121
	speed: 0.0378s/iter; left time: 1437.3672s
	iters: 3700, epoch: 2 | loss: 0.0652400
	speed: 0.0377s/iter; left time: 1430.4147s
	iters: 3800, epoch: 2 | loss: 0.0286262
	speed: 0.0379s/iter; left time: 1434.6106s
	iters: 3900, epoch: 2 | loss: 0.0258587
	speed: 0.0380s/iter; left time: 1433.4769s
	iters: 4000, epoch: 2 | loss: 0.0432193
	speed: 0.0377s/iter; left time: 1420.0543s
	iters: 4100, epoch: 2 | loss: 0.0358408
	speed: 0.0377s/iter; left time: 1414.5718s
	iters: 4200, epoch: 2 | loss: 0.0362832
	speed: 0.0379s/iter; left time: 1417.9671s
	iters: 4300, epoch: 2 | loss: 0.0314682
	speed: 0.0378s/iter; left time: 1410.6204s
	iters: 4400, epoch: 2 | loss: 0.0345370
	speed: 0.0377s/iter; left time: 1403.7879s
	iters: 4500, epoch: 2 | loss: 0.0228529
	speed: 0.0377s/iter; left time: 1402.2049s
	iters: 4600, epoch: 2 | loss: 0.0488211
	speed: 0.0378s/iter; left time: 1401.7119s
	iters: 4700, epoch: 2 | loss: 0.0284346
	speed: 0.0377s/iter; left time: 1394.8150s
	iters: 4800, epoch: 2 | loss: 0.0470411
	speed: 0.0377s/iter; left time: 1389.9364s
	iters: 4900, epoch: 2 | loss: 0.0373598
	speed: 0.0376s/iter; left time: 1383.2891s
	iters: 5000, epoch: 2 | loss: 0.0521588
	speed: 0.0380s/iter; left time: 1392.2448s
	iters: 5100, epoch: 2 | loss: 0.0223697
	speed: 0.0378s/iter; left time: 1380.5764s
	iters: 5200, epoch: 2 | loss: 0.0397980
	speed: 0.0377s/iter; left time: 1375.2384s
	iters: 5300, epoch: 2 | loss: 0.0350280
	speed: 0.0377s/iter; left time: 1371.2535s
	iters: 5400, epoch: 2 | loss: 0.0237700
	speed: 0.0379s/iter; left time: 1373.6804s
	iters: 5500, epoch: 2 | loss: 0.0570516
	speed: 0.0377s/iter; left time: 1362.3508s
	iters: 5600, epoch: 2 | loss: 0.0437975
	speed: 0.0377s/iter; left time: 1359.5396s
	iters: 5700, epoch: 2 | loss: 0.0564009
	speed: 0.0377s/iter; left time: 1355.1111s
	iters: 5800, epoch: 2 | loss: 0.0322088
	speed: 0.0384s/iter; left time: 1376.0269s
	iters: 5900, epoch: 2 | loss: 0.0490346
	speed: 0.0377s/iter; left time: 1347.1029s
Epoch: 2 cost time: 224.9538493156433
Epoch: 2, Steps: 5950 | Train Loss: 0.0447836 Vali Loss: 0.7907116 Test Loss: 0.6222170
Validation loss decreased (0.866611 --> 0.790712).  Saving model ...
Updating learning rate to 5e-05
	iters: 100, epoch: 3 | loss: 0.0265290
	speed: 0.4700s/iter; left time: 16731.5392s
	iters: 200, epoch: 3 | loss: 0.0242672
	speed: 0.0377s/iter; left time: 1340.0741s
	iters: 300, epoch: 3 | loss: 0.0263450
	speed: 0.0378s/iter; left time: 1338.5383s
	iters: 400, epoch: 3 | loss: 0.0398918
	speed: 0.0378s/iter; left time: 1335.7328s
	iters: 500, epoch: 3 | loss: 0.0432542
	speed: 0.0377s/iter; left time: 1327.3149s
	iters: 600, epoch: 3 | loss: 0.0292218
	speed: 0.0377s/iter; left time: 1324.0351s
	iters: 700, epoch: 3 | loss: 0.0306272
	speed: 0.0378s/iter; left time: 1323.8090s
	iters: 800, epoch: 3 | loss: 0.0333981
	speed: 0.0379s/iter; left time: 1322.6045s
	iters: 900, epoch: 3 | loss: 0.0211314
	speed: 0.0378s/iter; left time: 1314.6151s
	iters: 1000, epoch: 3 | loss: 0.0304506
	speed: 0.0377s/iter; left time: 1308.5111s
	iters: 1100, epoch: 3 | loss: 0.0227058
	speed: 0.0378s/iter; left time: 1307.3512s
	iters: 1200, epoch: 3 | loss: 0.0340280
	speed: 0.0379s/iter; left time: 1308.3657s
	iters: 1300, epoch: 3 | loss: 0.0174791
	speed: 0.0378s/iter; left time: 1299.5692s
	iters: 1400, epoch: 3 | loss: 0.0181998
	speed: 0.0377s/iter; left time: 1294.3265s
	iters: 1500, epoch: 3 | loss: 0.0221602
	speed: 0.0377s/iter; left time: 1291.0314s
	iters: 1600, epoch: 3 | loss: 0.0216169
	speed: 0.0380s/iter; left time: 1297.4173s
	iters: 1700, epoch: 3 | loss: 0.0279970
	speed: 0.0380s/iter; left time: 1291.4752s
	iters: 1800, epoch: 3 | loss: 0.0218659
	speed: 0.0377s/iter; left time: 1278.7293s
	iters: 1900, epoch: 3 | loss: 0.0250857
	speed: 0.0377s/iter; left time: 1275.4612s
	iters: 2000, epoch: 3 | loss: 0.0205177
	speed: 0.0379s/iter; left time: 1278.7699s
	iters: 2100, epoch: 3 | loss: 0.0217887
	speed: 0.0377s/iter; left time: 1268.0053s
	iters: 2200, epoch: 3 | loss: 0.0191983
	speed: 0.0376s/iter; left time: 1260.3917s
	iters: 2300, epoch: 3 | loss: 0.0361700
	speed: 0.0378s/iter; left time: 1261.0804s
	iters: 2400, epoch: 3 | loss: 0.0326099
	speed: 0.0379s/iter; left time: 1263.5195s
	iters: 2500, epoch: 3 | loss: 0.0172099
	speed: 0.0377s/iter; left time: 1251.0875s
	iters: 2600, epoch: 3 | loss: 0.0158427
	speed: 0.0377s/iter; left time: 1248.8152s
	iters: 2700, epoch: 3 | loss: 0.0244042
	speed: 0.0378s/iter; left time: 1248.3689s
	iters: 2800, epoch: 3 | loss: 0.0192733
	speed: 0.0378s/iter; left time: 1244.5196s
	iters: 2900, epoch: 3 | loss: 0.0236446
	speed: 0.0378s/iter; left time: 1238.5972s
	iters: 3000, epoch: 3 | loss: 0.0261834
	speed: 0.0377s/iter; left time: 1232.7995s
	iters: 3100, epoch: 3 | loss: 0.0143645
	speed: 0.0380s/iter; left time: 1237.7783s
	iters: 3200, epoch: 3 | loss: 0.0237832
	speed: 0.0377s/iter; left time: 1226.6247s
	iters: 3300, epoch: 3 | loss: 0.0183350
	speed: 0.0377s/iter; left time: 1222.4664s
	iters: 3400, epoch: 3 | loss: 0.0259417
	speed: 0.0376s/iter; left time: 1216.0116s
	iters: 3500, epoch: 3 | loss: 0.0328949
	speed: 0.0378s/iter; left time: 1218.4295s
	iters: 3600, epoch: 3 | loss: 0.0276073
	speed: 0.0377s/iter; left time: 1209.6404s
	iters: 3700, epoch: 3 | loss: 0.0256247
	speed: 0.0375s/iter; left time: 1199.5847s
	iters: 3800, epoch: 3 | loss: 0.0262863
	speed: 0.0380s/iter; left time: 1210.9168s
	iters: 3900, epoch: 3 | loss: 0.0257292
	speed: 0.0379s/iter; left time: 1205.4345s
	iters: 4000, epoch: 3 | loss: 0.0356480
	speed: 0.0378s/iter; left time: 1198.4516s
	iters: 4100, epoch: 3 | loss: 0.0300695
	speed: 0.0379s/iter; left time: 1196.1316s
	iters: 4200, epoch: 3 | loss: 0.0222186
	speed: 0.0378s/iter; left time: 1190.2929s
	iters: 4300, epoch: 3 | loss: 0.0282545
	speed: 0.0379s/iter; left time: 1190.2374s
	iters: 4400, epoch: 3 | loss: 0.0202229
	speed: 0.0378s/iter; left time: 1182.3494s
	iters: 4500, epoch: 3 | loss: 0.0255113
	speed: 0.0378s/iter; left time: 1178.2941s
	iters: 4600, epoch: 3 | loss: 0.0268207
	speed: 0.0378s/iter; left time: 1174.7642s
	iters: 4700, epoch: 3 | loss: 0.0158672
	speed: 0.0379s/iter; left time: 1173.7295s
	iters: 4800, epoch: 3 | loss: 0.0240016
	speed: 0.0377s/iter; left time: 1166.0790s
	iters: 4900, epoch: 3 | loss: 0.0215104
	speed: 0.0378s/iter; left time: 1162.9156s
	iters: 5000, epoch: 3 | loss: 0.0195445
	speed: 0.0378s/iter; left time: 1160.6815s
	iters: 5100, epoch: 3 | loss: 0.0257590
	speed: 0.0379s/iter; left time: 1159.9512s
	iters: 5200, epoch: 3 | loss: 0.0245871
	speed: 0.0378s/iter; left time: 1151.8111s
	iters: 5300, epoch: 3 | loss: 0.0166230
	speed: 0.0379s/iter; left time: 1152.1029s
	iters: 5400, epoch: 3 | loss: 0.0180699
	speed: 0.0373s/iter; left time: 1131.7097s
	iters: 5500, epoch: 3 | loss: 0.0162174
	speed: 0.0382s/iter; left time: 1155.1034s
	iters: 5600, epoch: 3 | loss: 0.0361947
	speed: 0.0378s/iter; left time: 1137.3239s
	iters: 5700, epoch: 3 | loss: 0.0241999
	speed: 0.0377s/iter; left time: 1129.7696s
	iters: 5800, epoch: 3 | loss: 0.0390225
	speed: 0.0377s/iter; left time: 1125.7904s
	iters: 5900, epoch: 3 | loss: 0.0228517
	speed: 0.0379s/iter; left time: 1128.4689s
Epoch: 3 cost time: 224.8854365348816
Epoch: 3, Steps: 5950 | Train Loss: 0.0246617 Vali Loss: 0.7910981 Test Loss: 0.6403205
EarlyStopping counter: 1 out of 3
Updating learning rate to 2.5e-05
	iters: 100, epoch: 4 | loss: 0.0208642
	speed: 0.4683s/iter; left time: 13884.0897s
	iters: 200, epoch: 4 | loss: 0.0311919
	speed: 0.0377s/iter; left time: 1113.6825s
	iters: 300, epoch: 4 | loss: 0.0181791
	speed: 0.0376s/iter; left time: 1108.3728s
	iters: 400, epoch: 4 | loss: 0.0129309
	speed: 0.0376s/iter; left time: 1102.4529s
	iters: 500, epoch: 4 | loss: 0.0113674
	speed: 0.0378s/iter; left time: 1105.2735s
	iters: 600, epoch: 4 | loss: 0.0239935
	speed: 0.0376s/iter; left time: 1094.8897s
	iters: 700, epoch: 4 | loss: 0.0123227
	speed: 0.0376s/iter; left time: 1091.5814s
	iters: 800, epoch: 4 | loss: 0.0168871
	speed: 0.0376s/iter; left time: 1087.7318s
	iters: 900, epoch: 4 | loss: 0.0243699
	speed: 0.0378s/iter; left time: 1090.0794s
	iters: 1000, epoch: 4 | loss: 0.0209620
	speed: 0.0378s/iter; left time: 1086.1604s
	iters: 1100, epoch: 4 | loss: 0.0162718
	speed: 0.0376s/iter; left time: 1077.1165s
	iters: 1200, epoch: 4 | loss: 0.0140098
	speed: 0.0376s/iter; left time: 1072.8310s
	iters: 1300, epoch: 4 | loss: 0.0232076
	speed: 0.0379s/iter; left time: 1079.2013s
	iters: 1400, epoch: 4 | loss: 0.0249786
	speed: 0.0377s/iter; left time: 1067.4818s
	iters: 1500, epoch: 4 | loss: 0.0126130
	speed: 0.0377s/iter; left time: 1063.8170s
	iters: 1600, epoch: 4 | loss: 0.0142835
	speed: 0.0377s/iter; left time: 1061.0779s
	iters: 1700, epoch: 4 | loss: 0.0235255
	speed: 0.0379s/iter; left time: 1062.5216s
	iters: 1800, epoch: 4 | loss: 0.0222855
	speed: 0.0376s/iter; left time: 1049.7662s
	iters: 1900, epoch: 4 | loss: 0.0148083
	speed: 0.0377s/iter; left time: 1050.3695s
	iters: 2000, epoch: 4 | loss: 0.0171977
	speed: 0.0376s/iter; left time: 1044.5486s
	iters: 2100, epoch: 4 | loss: 0.0170442
	speed: 0.0379s/iter; left time: 1047.9977s
	iters: 2200, epoch: 4 | loss: 0.0251125
	speed: 0.0376s/iter; left time: 1036.4187s
	iters: 2300, epoch: 4 | loss: 0.0157019
	speed: 0.0376s/iter; left time: 1033.0923s
	iters: 2400, epoch: 4 | loss: 0.0202735
	speed: 0.0376s/iter; left time: 1029.5133s
	iters: 2500, epoch: 4 | loss: 0.0189450
	speed: 0.0378s/iter; left time: 1030.2421s
	iters: 2600, epoch: 4 | loss: 0.0228607
	speed: 0.0377s/iter; left time: 1023.5493s
	iters: 2700, epoch: 4 | loss: 0.0185736
	speed: 0.0378s/iter; left time: 1022.5531s
	iters: 2800, epoch: 4 | loss: 0.0287520
	speed: 0.0377s/iter; left time: 1015.5801s
	iters: 2900, epoch: 4 | loss: 0.0237830
	speed: 0.0380s/iter; left time: 1019.2277s
	iters: 3000, epoch: 4 | loss: 0.0180702
	speed: 0.0376s/iter; left time: 1005.0193s
	iters: 3100, epoch: 4 | loss: 0.0174578
	speed: 0.0376s/iter; left time: 1001.9906s
	iters: 3200, epoch: 4 | loss: 0.0192074
	speed: 0.0376s/iter; left time: 999.0987s
	iters: 3300, epoch: 4 | loss: 0.0129300
	speed: 0.0379s/iter; left time: 1003.1476s
	iters: 3400, epoch: 4 | loss: 0.0113546
	speed: 0.0377s/iter; left time: 993.9611s
	iters: 3500, epoch: 4 | loss: 0.0128982
	speed: 0.0377s/iter; left time: 989.0402s
	iters: 3600, epoch: 4 | loss: 0.0164284
	speed: 0.0377s/iter; left time: 986.3296s
	iters: 3700, epoch: 4 | loss: 0.0190813
	speed: 0.0378s/iter; left time: 985.8119s
	iters: 3800, epoch: 4 | loss: 0.0172006
	speed: 0.0377s/iter; left time: 978.1243s
	iters: 3900, epoch: 4 | loss: 0.0137089
	speed: 0.0377s/iter; left time: 974.1776s
	iters: 4000, epoch: 4 | loss: 0.0206427
	speed: 0.0377s/iter; left time: 970.8133s
	iters: 4100, epoch: 4 | loss: 0.0245229
	speed: 0.0378s/iter; left time: 968.8195s
	iters: 4200, epoch: 4 | loss: 0.0180177
	speed: 0.0377s/iter; left time: 963.8525s
	iters: 4300, epoch: 4 | loss: 0.0146006
	speed: 0.0377s/iter; left time: 960.3143s
	iters: 4400, epoch: 4 | loss: 0.0219120
	speed: 0.0377s/iter; left time: 955.4236s
	iters: 4500, epoch: 4 | loss: 0.0151644
	speed: 0.0378s/iter; left time: 954.8950s
	iters: 4600, epoch: 4 | loss: 0.0122668
	speed: 0.0377s/iter; left time: 948.3323s
	iters: 4700, epoch: 4 | loss: 0.0148276
	speed: 0.0376s/iter; left time: 942.5158s
	iters: 4800, epoch: 4 | loss: 0.0226012
	speed: 0.0377s/iter; left time: 940.0138s
	iters: 4900, epoch: 4 | loss: 0.0131702
	speed: 0.0379s/iter; left time: 941.4791s
	iters: 5000, epoch: 4 | loss: 0.0105736
	speed: 0.0377s/iter; left time: 932.9677s
	iters: 5100, epoch: 4 | loss: 0.0279401
	speed: 0.0377s/iter; left time: 929.2887s
	iters: 5200, epoch: 4 | loss: 0.0188113
	speed: 0.0379s/iter; left time: 929.4649s
	iters: 5300, epoch: 4 | loss: 0.0168292
	speed: 0.0378s/iter; left time: 924.4296s
	iters: 5400, epoch: 4 | loss: 0.0175103
	speed: 0.0376s/iter; left time: 916.1864s
	iters: 5500, epoch: 4 | loss: 0.0189955
	speed: 0.0376s/iter; left time: 912.1698s
	iters: 5600, epoch: 4 | loss: 0.0207507
	speed: 0.0379s/iter; left time: 915.0550s
	iters: 5700, epoch: 4 | loss: 0.0164165
	speed: 0.0378s/iter; left time: 908.8148s
	iters: 5800, epoch: 4 | loss: 0.0208037
	speed: 0.0378s/iter; left time: 904.7873s
	iters: 5900, epoch: 4 | loss: 0.0174101
	speed: 0.0377s/iter; left time: 899.3765s
Epoch: 4 cost time: 224.42028951644897
Epoch: 4, Steps: 5950 | Train Loss: 0.0179902 Vali Loss: 0.8160835 Test Loss: 0.6190948
EarlyStopping counter: 2 out of 3
Updating learning rate to 1.25e-05
	iters: 100, epoch: 5 | loss: 0.0157829
	speed: 0.4689s/iter; left time: 11114.3729s
	iters: 200, epoch: 5 | loss: 0.0195590
	speed: 0.0379s/iter; left time: 893.3411s
	iters: 300, epoch: 5 | loss: 0.0267893
	speed: 0.0377s/iter; left time: 885.8742s
	iters: 400, epoch: 5 | loss: 0.0208225
	speed: 0.0376s/iter; left time: 879.9119s
	iters: 500, epoch: 5 | loss: 0.0172886
	speed: 0.0376s/iter; left time: 876.5269s
	iters: 600, epoch: 5 | loss: 0.0139878
	speed: 0.0382s/iter; left time: 887.2325s
	iters: 700, epoch: 5 | loss: 0.0181370
	speed: 0.0378s/iter; left time: 873.5884s
	iters: 800, epoch: 5 | loss: 0.0198340
	speed: 0.0378s/iter; left time: 869.1598s
	iters: 900, epoch: 5 | loss: 0.0173601
	speed: 0.0376s/iter; left time: 861.2370s
	iters: 1000, epoch: 5 | loss: 0.0161711
	speed: 0.0380s/iter; left time: 865.6060s
	iters: 1100, epoch: 5 | loss: 0.0096443
	speed: 0.0376s/iter; left time: 852.9835s
	iters: 1200, epoch: 5 | loss: 0.0154505
	speed: 0.0378s/iter; left time: 853.3638s
	iters: 1300, epoch: 5 | loss: 0.0102930
	speed: 0.0379s/iter; left time: 852.0392s
	iters: 1400, epoch: 5 | loss: 0.0143975
	speed: 0.0380s/iter; left time: 851.0679s
	iters: 1500, epoch: 5 | loss: 0.0222015
	speed: 0.0378s/iter; left time: 842.3926s
	iters: 1600, epoch: 5 | loss: 0.0136910
	speed: 0.0377s/iter; left time: 837.4094s
	iters: 1700, epoch: 5 | loss: 0.0169974
	speed: 0.0377s/iter; left time: 833.9449s
	iters: 1800, epoch: 5 | loss: 0.0176282
	speed: 0.0380s/iter; left time: 835.4630s
	iters: 1900, epoch: 5 | loss: 0.0198406
	speed: 0.0377s/iter; left time: 824.9947s
	iters: 2000, epoch: 5 | loss: 0.0107261
	speed: 0.0378s/iter; left time: 823.0828s
	iters: 2100, epoch: 5 | loss: 0.0256553
	speed: 0.0377s/iter; left time: 818.9949s
	iters: 2200, epoch: 5 | loss: 0.0116650
	speed: 0.0380s/iter; left time: 820.9918s
	iters: 2300, epoch: 5 | loss: 0.0144152
	speed: 0.0378s/iter; left time: 812.6539s
	iters: 2400, epoch: 5 | loss: 0.0143523
	speed: 0.0377s/iter; left time: 806.7826s
	iters: 2500, epoch: 5 | loss: 0.0162433
	speed: 0.0379s/iter; left time: 807.1097s
	iters: 2600, epoch: 5 | loss: 0.0134181
	speed: 0.0379s/iter; left time: 802.5838s
	iters: 2700, epoch: 5 | loss: 0.0173592
	speed: 0.0377s/iter; left time: 795.7245s
	iters: 2800, epoch: 5 | loss: 0.0131664
	speed: 0.0378s/iter; left time: 794.3098s
	iters: 2900, epoch: 5 | loss: 0.0161200
	speed: 0.0376s/iter; left time: 785.8652s
	iters: 3000, epoch: 5 | loss: 0.0141891
	speed: 0.0380s/iter; left time: 789.5842s
	iters: 3100, epoch: 5 | loss: 0.0190857
	speed: 0.0378s/iter; left time: 781.9630s
	iters: 3200, epoch: 5 | loss: 0.0153068
	speed: 0.0376s/iter; left time: 775.6006s
	iters: 3300, epoch: 5 | loss: 0.0116918
	speed: 0.0376s/iter; left time: 771.0576s
	iters: 3400, epoch: 5 | loss: 0.0159651
	speed: 0.0381s/iter; left time: 776.5661s
	iters: 3500, epoch: 5 | loss: 0.0127458
	speed: 0.0377s/iter; left time: 764.4837s
	iters: 3600, epoch: 5 | loss: 0.0146901
	speed: 0.0390s/iter; left time: 788.1915s
	iters: 3700, epoch: 5 | loss: 0.0153396
	speed: 0.0391s/iter; left time: 785.9390s
	iters: 3800, epoch: 5 | loss: 0.0183750
	speed: 0.0380s/iter; left time: 759.9840s
	iters: 3900, epoch: 5 | loss: 0.0161728
	speed: 0.0378s/iter; left time: 752.0063s
	iters: 4000, epoch: 5 | loss: 0.0174199
	speed: 0.0378s/iter; left time: 747.6792s
	iters: 4100, epoch: 5 | loss: 0.0215739
	speed: 0.0378s/iter; left time: 744.7196s
	iters: 4200, epoch: 5 | loss: 0.0156659
	speed: 0.0379s/iter; left time: 743.8119s
	iters: 4300, epoch: 5 | loss: 0.0202907
	speed: 0.0377s/iter; left time: 736.0924s
	iters: 4400, epoch: 5 | loss: 0.0147382
	speed: 0.0378s/iter; left time: 733.3976s
	iters: 4500, epoch: 5 | loss: 0.0138900
	speed: 0.0377s/iter; left time: 727.7891s
	iters: 4600, epoch: 5 | loss: 0.0123770
	speed: 0.0380s/iter; left time: 730.3188s
	iters: 4700, epoch: 5 | loss: 0.0218996
	speed: 0.0381s/iter; left time: 727.3772s
	iters: 4800, epoch: 5 | loss: 0.0201079
	speed: 0.0383s/iter; left time: 726.8666s
	iters: 4900, epoch: 5 | loss: 0.0187975
	speed: 0.0379s/iter; left time: 717.2275s
	iters: 5000, epoch: 5 | loss: 0.0125643
	speed: 0.0378s/iter; left time: 710.1596s
	iters: 5100, epoch: 5 | loss: 0.0170939
	speed: 0.0379s/iter; left time: 707.9161s
	iters: 5200, epoch: 5 | loss: 0.0181466
	speed: 0.0382s/iter; left time: 710.1270s
	iters: 5300, epoch: 5 | loss: 0.0107677
	speed: 0.0378s/iter; left time: 699.1547s
	iters: 5400, epoch: 5 | loss: 0.0143797
	speed: 0.0379s/iter; left time: 698.0720s
	iters: 5500, epoch: 5 | loss: 0.0174385
	speed: 0.0379s/iter; left time: 692.9914s
	iters: 5600, epoch: 5 | loss: 0.0130649
	speed: 0.0377s/iter; left time: 685.9307s
	iters: 5700, epoch: 5 | loss: 0.0131504
	speed: 0.0378s/iter; left time: 684.9224s
	iters: 5800, epoch: 5 | loss: 0.0154795
	speed: 0.0378s/iter; left time: 681.2854s
	iters: 5900, epoch: 5 | loss: 0.0151068
	speed: 0.0378s/iter; left time: 676.3021s
Epoch: 5 cost time: 225.29176259040833
Epoch: 5, Steps: 5950 | Train Loss: 0.0154665 Vali Loss: 0.8217374 Test Loss: 0.6434308
EarlyStopping counter: 3 out of 3
Early stopping
>>>>>>>testing : informerstack_custom_ftMS_sl1008_ll504_pl168_dm256_nh8_el3_dl1_df1024_atprob_fc5_ebtimeF_dtTrue_mxTrue_exp_122_0<<<<<<<<<<<<<<<<<<<<<<<<<<<<<<<<<
test 13769
test shape: (1721, 8, 168, 1) (1721, 8, 168, 1)
test shape: (13768, 168, 1) (13768, 168, 1)
mse:0.6220373511314392, mae:0.6806171536445618, r2:-2.6469175815582275


Parsed metrics from Informer output (normalized scale):
  MSE:  0.6220
  MAE:  0.6806
  RMSE: 0.7887
  R2:   -2.6469

Metrics after inverse transformation (original scale):
  MSE:  80.8489
  MAE:  7.7595
  RMSE: 8.9916
  R2:   -2.6469
Warning: Failed to record experiment: 'gbk' codec can't encode character '\u2713' in position 0: illegal multibyte sequence
  Training time: 1361.78s
  RMSE: 8.9916
  MAE:  7.7595
  R2:   -2.6469

Saving results...
  Model: Native Informer (saved in external/Informer2020/checkpoints/)
  Predictions: Not saved (native Informer handles this internally)
  Metrics: E:\ANUS_learning\MSI5001-power-transformer-oil-temperature-prediction\models\experiments\exp_122_metrics.json
  Plot: Skipped (native Informer handles visualization internally)

======================================================================
Experiment complete: exp_122
======================================================================

======================================================================
Completed: 2025-11-07 18:49:04
Return code: 0
======================================================================
