======================================================================
Experiment Log
Started: 2025-11-02 16:36:58
Command: /opt/miniconda3/bin/python -m scripts.train_configurable --tx-id 2 --model LinearRegression --split-method chronological --feature-mode full --lookback-multiplier 4.0 --horizon 168 --experiment-name exp_111 --data-suffix _no_outlier
======================================================================

======================================================================
Experiment: exp_111
======================================================================
Transformer:     TX2
Model:           LinearRegression
Split method:    chronological
Feature mode:    full
Data suffix:     _no_outlier

Loading data...
  Total samples: 69680
  Features: 17 columns

Window config: WindowConfig(horizon=168, lookback=672, gap=0)
Creating sliding windows...
  Created 68840 windows
Splitting windows (chronological, 20% test)...
  Train: 55072 windows
  Test:  13768 windows

Training LinearRegression...
  Training time: 225.75s

Evaluating...
  RMSE: 5.9370
  MAE:  4.8144
  R2:   0.6846

Saving results...
  Model: /Users/dafeng/Documents/ai_learning/NUS_courses/MSI5001/group_work/MSI5001-power-transformer-oil-temperature-prediction/models/experiments/exp_111_model.joblib
  Predictions: /Users/dafeng/Documents/ai_learning/NUS_courses/MSI5001/group_work/MSI5001-power-transformer-oil-temperature-prediction/results/tables/exp_111_predictions.csv
  Metrics: /Users/dafeng/Documents/ai_learning/NUS_courses/MSI5001/group_work/MSI5001-power-transformer-oil-temperature-prediction/models/experiments/exp_111_metrics.json
  Plot: /Users/dafeng/Documents/ai_learning/NUS_courses/MSI5001/group_work/MSI5001-power-transformer-oil-temperature-prediction/results/figures/exp_111_predictions.png
  Scatter: /Users/dafeng/Documents/ai_learning/NUS_courses/MSI5001/group_work/MSI5001-power-transformer-oil-temperature-prediction/results/figures/exp_111_scatter.png

======================================================================
Experiment complete: exp_111
======================================================================

======================================================================
Completed: 2025-11-02 16:40:47
Return code: 0
======================================================================
