======================================================================
Experiment Log
Started: 2025-11-07 22:38:09
Command: C:\ProgramData\anaconda3\python.exe -m scripts.train_configurable --tx-id 1 --model Informer-Long --split-method chronological --feature-mode full --lookback-multiplier 4.0 --horizon 168 --experiment-name exp_131 --data-suffix _no_outlier --train-epochs 100 --learning-rate 5e-05 --patience 15
======================================================================

======================================================================
Experiment: exp_131
======================================================================
Transformer:     TX1
Model:           Informer-Long
Split method:    chronological
Feature mode:    full
Data suffix:     _no_outlier

Loading data...
  Total samples: 69680
  Added TX1 dynamic features
  Features: 21 columns

Window config: WindowConfig(horizon=168, lookback=672, gap=0)
Creating sliding windows for Informer-Long (keeping sequence structure)...
  Created 68840 windows (shape: (68840, 672, 21))
Splitting windows (chronological, 20% test)...
  Train: 55072 windows
  Test:  13768 windows

Training Informer-Long...

Calling native Informer from: E:\ANUS_learning\MSI5001-power-transformer-oil-temperature-prediction\external\Informer2020
Command: C:\ProgramData\anaconda3\python.exe E:\ANUS_learning\MSI5001-power-transformer-oil-temperature-prediction\external\Informer2020\main_informer.py --model informerstack --data custom --root_path ./data/ --data_path TX1.csv --features MS --target OT --freq h --seq_len 336 --label_len 168 --pred_len 168 --enc_in 6 --dec_in 1 --c_out 1 --d_model 256 --n_heads 8 --e_layers 3 --d_layers 1 --d_ff 1024 --factor 5 --dropout 0.05 --attn prob --embed timeF --activation gelu --batch_size 8 --train_epochs 100 --patience 15 --learning_rate 5e-05 --des exp_131 --itr 1
Args in experiment:
Namespace(model='informerstack', data='custom', root_path='./data/', data_path='TX1.csv', features='MS', target='OT', freq='h', checkpoints='./checkpoints/', seq_len=336, label_len=168, pred_len=168, enc_in=6, dec_in=1, c_out=1, d_model=256, n_heads=8, e_layers=3, d_layers=1, s_layers=[3, 2, 1], d_ff=1024, factor=5, padding=0, distil=True, dropout=0.05, attn='prob', embed='timeF', activation='gelu', output_attention=False, do_predict=False, mix=True, cols=None, num_workers=0, itr=1, train_epochs=100, batch_size=8, patience=15, learning_rate=5e-05, des='exp_131', loss='mse', lradj='type1', use_amp=False, inverse=False, use_gpu=True, gpu=0, use_multi_gpu=False, devices='0,1,2,3', detail_freq='h')
Use GPU: cuda:0
>>>>>>>start training : informerstack_custom_ftMS_sl336_ll168_pl168_dm256_nh8_el3_dl1_df1024_atprob_fc5_ebtimeF_dtTrue_mxTrue_exp_131_0>>>>>>>>>>>>>>>>>>>>>>>>>>
train 48273
val 6801
test 13769
	iters: 100, epoch: 1 | loss: 0.1801902
	speed: 0.0361s/iter; left time: 21786.5257s
	iters: 200, epoch: 1 | loss: 0.0949951
	speed: 0.0260s/iter; left time: 15697.2056s
	iters: 300, epoch: 1 | loss: 0.2250302
	speed: 0.0267s/iter; left time: 16096.3496s
	iters: 400, epoch: 1 | loss: 0.2775460
	speed: 0.0266s/iter; left time: 16058.0927s
	iters: 500, epoch: 1 | loss: 0.1232684
	speed: 0.0262s/iter; left time: 15807.7407s
	iters: 600, epoch: 1 | loss: 0.1229180
	speed: 0.0261s/iter; left time: 15752.5233s
	iters: 700, epoch: 1 | loss: 0.2117350
	speed: 0.0263s/iter; left time: 15865.7198s
	iters: 800, epoch: 1 | loss: 0.2045055
	speed: 0.0272s/iter; left time: 16411.4073s
	iters: 900, epoch: 1 | loss: 0.1641033
	speed: 0.0276s/iter; left time: 16643.8721s
	iters: 1000, epoch: 1 | loss: 0.1931305
	speed: 0.0288s/iter; left time: 17323.1953s
	iters: 1100, epoch: 1 | loss: 0.1244138
	speed: 0.0279s/iter; left time: 16795.4194s
	iters: 1200, epoch: 1 | loss: 0.1276123
	speed: 0.0267s/iter; left time: 16098.3581s
	iters: 1300, epoch: 1 | loss: 0.0817495
	speed: 0.0268s/iter; left time: 16163.1744s
	iters: 1400, epoch: 1 | loss: 0.1180925
	speed: 0.0267s/iter; left time: 16096.2510s
	iters: 1500, epoch: 1 | loss: 0.1592555
	speed: 0.0264s/iter; left time: 15881.0659s
	iters: 1600, epoch: 1 | loss: 0.1447507
	speed: 0.0266s/iter; left time: 15997.7200s
	iters: 1700, epoch: 1 | loss: 0.0791899
	speed: 0.0267s/iter; left time: 16077.0357s
	iters: 1800, epoch: 1 | loss: 0.1286233
	speed: 0.0281s/iter; left time: 16901.3015s
	iters: 1900, epoch: 1 | loss: 0.1402966
	speed: 0.0267s/iter; left time: 16033.7143s
	iters: 2000, epoch: 1 | loss: 0.1569661
	speed: 0.0279s/iter; left time: 16750.9125s
	iters: 2100, epoch: 1 | loss: 0.0918699
	speed: 0.0267s/iter; left time: 16072.0308s
	iters: 2200, epoch: 1 | loss: 0.0899686
	speed: 0.0266s/iter; left time: 16011.2016s
	iters: 2300, epoch: 1 | loss: 0.0905322
	speed: 0.0269s/iter; left time: 16176.5766s
	iters: 2400, epoch: 1 | loss: 0.1195608
	speed: 0.0268s/iter; left time: 16134.2213s
	iters: 2500, epoch: 1 | loss: 0.0551737
	speed: 0.0270s/iter; left time: 16222.6081s
	iters: 2600, epoch: 1 | loss: 0.1755717
	speed: 0.0267s/iter; left time: 16026.2551s
	iters: 2700, epoch: 1 | loss: 0.1005419
	speed: 0.0274s/iter; left time: 16431.7611s
	iters: 2800, epoch: 1 | loss: 0.1156303
	speed: 0.0275s/iter; left time: 16487.2858s
	iters: 2900, epoch: 1 | loss: 0.0818062
	speed: 0.0260s/iter; left time: 15621.5885s
	iters: 3000, epoch: 1 | loss: 0.0955572
	speed: 0.0268s/iter; left time: 16080.2102s
	iters: 3100, epoch: 1 | loss: 0.0904543
	speed: 0.0271s/iter; left time: 16289.2422s
	iters: 3200, epoch: 1 | loss: 0.0915487
	speed: 0.0261s/iter; left time: 15688.7109s
	iters: 3300, epoch: 1 | loss: 0.0680480
	speed: 0.0261s/iter; left time: 15643.3647s
	iters: 3400, epoch: 1 | loss: 0.0834297
	speed: 0.0269s/iter; left time: 16134.4411s
	iters: 3500, epoch: 1 | loss: 0.0661260
	speed: 0.0269s/iter; left time: 16135.3749s
	iters: 3600, epoch: 1 | loss: 0.0891631
	speed: 0.0259s/iter; left time: 15563.3346s
	iters: 3700, epoch: 1 | loss: 0.0950639
	speed: 0.0270s/iter; left time: 16166.7971s
	iters: 3800, epoch: 1 | loss: 0.0796628
	speed: 0.0261s/iter; left time: 15658.0528s
	iters: 3900, epoch: 1 | loss: 0.0621453
	speed: 0.0259s/iter; left time: 15518.9869s
	iters: 4000, epoch: 1 | loss: 0.1415951
	speed: 0.0262s/iter; left time: 15727.7653s
	iters: 4100, epoch: 1 | loss: 0.1244534
	speed: 0.0265s/iter; left time: 15898.4589s
	iters: 4200, epoch: 1 | loss: 0.0845570
	speed: 0.0276s/iter; left time: 16565.0996s
	iters: 4300, epoch: 1 | loss: 0.0840380
	speed: 0.0265s/iter; left time: 15871.2178s
	iters: 4400, epoch: 1 | loss: 0.0588947
	speed: 0.0268s/iter; left time: 16025.4287s
	iters: 4500, epoch: 1 | loss: 0.1008192
	speed: 0.0264s/iter; left time: 15803.0208s
	iters: 4600, epoch: 1 | loss: 0.0906525
	speed: 0.0254s/iter; left time: 15196.9590s
	iters: 4700, epoch: 1 | loss: 0.0606703
	speed: 0.0263s/iter; left time: 15739.8418s
	iters: 4800, epoch: 1 | loss: 0.0476672
	speed: 0.0277s/iter; left time: 16560.0512s
	iters: 4900, epoch: 1 | loss: 0.0987455
	speed: 0.0272s/iter; left time: 16295.2576s
	iters: 5000, epoch: 1 | loss: 0.0563538
	speed: 0.0268s/iter; left time: 16012.4025s
	iters: 5100, epoch: 1 | loss: 0.0505723
	speed: 0.0264s/iter; left time: 15807.7455s
	iters: 5200, epoch: 1 | loss: 0.0629705
	speed: 0.0257s/iter; left time: 15396.6448s
	iters: 5300, epoch: 1 | loss: 0.0652504
	speed: 0.0259s/iter; left time: 15472.0737s
	iters: 5400, epoch: 1 | loss: 0.0653449
	speed: 0.0270s/iter; left time: 16153.9330s
	iters: 5500, epoch: 1 | loss: 0.0841540
	speed: 0.0264s/iter; left time: 15813.5576s
	iters: 5600, epoch: 1 | loss: 0.0667471
	speed: 0.0271s/iter; left time: 16183.0376s
	iters: 5700, epoch: 1 | loss: 0.0411864
	speed: 0.0263s/iter; left time: 15745.4469s
	iters: 5800, epoch: 1 | loss: 0.0661401
	speed: 0.0262s/iter; left time: 15648.3716s
	iters: 5900, epoch: 1 | loss: 0.0549409
	speed: 0.0263s/iter; left time: 15693.6409s
	iters: 6000, epoch: 1 | loss: 0.0357994
	speed: 0.0261s/iter; left time: 15593.4944s
Epoch: 1 cost time: 161.3336102962494
Epoch: 1, Steps: 6034 | Train Loss: 0.1095795 Vali Loss: 0.5449659 Test Loss: 0.5878674
Validation loss decreased (inf --> 0.544966).  Saving model ...
Updating learning rate to 5e-05
	iters: 100, epoch: 2 | loss: 0.0824156
	speed: 0.3220s/iter; left time: 192316.0868s
	iters: 200, epoch: 2 | loss: 0.0547862
	speed: 0.0268s/iter; left time: 15991.6850s
	iters: 300, epoch: 2 | loss: 0.0630034
	speed: 0.0267s/iter; left time: 15938.0665s
	iters: 400, epoch: 2 | loss: 0.0765654
	speed: 0.0277s/iter; left time: 16546.3444s
	iters: 500, epoch: 2 | loss: 0.0590492
	speed: 0.0267s/iter; left time: 15915.8689s
	iters: 600, epoch: 2 | loss: 0.0565975
	speed: 0.0259s/iter; left time: 15438.4328s
	iters: 700, epoch: 2 | loss: 0.0362426
	speed: 0.0264s/iter; left time: 15759.9473s
	iters: 800, epoch: 2 | loss: 0.0486044
	speed: 0.0268s/iter; left time: 15966.8986s
	iters: 900, epoch: 2 | loss: 0.0747927
	speed: 0.0264s/iter; left time: 15739.1099s
	iters: 1000, epoch: 2 | loss: 0.0564177
	speed: 0.0264s/iter; left time: 15741.1234s
	iters: 1100, epoch: 2 | loss: 0.0468124
	speed: 0.0276s/iter; left time: 16473.3404s
	iters: 1200, epoch: 2 | loss: 0.0389195
	speed: 0.0267s/iter; left time: 15939.9337s
	iters: 1300, epoch: 2 | loss: 0.0408032
	speed: 0.0264s/iter; left time: 15749.2055s
	iters: 1400, epoch: 2 | loss: 0.0522024
	speed: 0.0266s/iter; left time: 15870.1528s
	iters: 1500, epoch: 2 | loss: 0.0482106
	speed: 0.0265s/iter; left time: 15784.8716s
	iters: 1600, epoch: 2 | loss: 0.0475774
	speed: 0.0274s/iter; left time: 16300.6855s
	iters: 1700, epoch: 2 | loss: 0.0457287
	speed: 0.0266s/iter; left time: 15849.9818s
	iters: 1800, epoch: 2 | loss: 0.0715331
	speed: 0.0268s/iter; left time: 15955.5446s
	iters: 1900, epoch: 2 | loss: 0.0493663
	speed: 0.0263s/iter; left time: 15661.3237s
	iters: 2000, epoch: 2 | loss: 0.0418529
	speed: 0.0262s/iter; left time: 15616.0614s
	iters: 2100, epoch: 2 | loss: 0.0644725
	speed: 0.0263s/iter; left time: 15626.6145s
	iters: 2200, epoch: 2 | loss: 0.0454777
	speed: 0.0271s/iter; left time: 16148.2348s
	iters: 2300, epoch: 2 | loss: 0.0402320
	speed: 0.0261s/iter; left time: 15548.6987s
	iters: 2400, epoch: 2 | loss: 0.0607083
	speed: 0.0263s/iter; left time: 15619.3633s
	iters: 2500, epoch: 2 | loss: 0.0358500
	speed: 0.0258s/iter; left time: 15370.1329s
	iters: 2600, epoch: 2 | loss: 0.0638369
	speed: 0.0282s/iter; left time: 16790.2693s
	iters: 2700, epoch: 2 | loss: 0.0384414
	speed: 0.0272s/iter; left time: 16196.1301s
	iters: 2800, epoch: 2 | loss: 0.0456422
	speed: 0.0286s/iter; left time: 17032.3175s
	iters: 2900, epoch: 2 | loss: 0.0477261
	speed: 0.0265s/iter; left time: 15766.4409s
	iters: 3000, epoch: 2 | loss: 0.0440565
	speed: 0.0262s/iter; left time: 15558.1079s
	iters: 3100, epoch: 2 | loss: 0.0510476
	speed: 0.0268s/iter; left time: 15947.1878s
	iters: 3200, epoch: 2 | loss: 0.0443188
	speed: 0.0268s/iter; left time: 15914.1082s
	iters: 3300, epoch: 2 | loss: 0.0286944
	speed: 0.0271s/iter; left time: 16118.7717s
	iters: 3400, epoch: 2 | loss: 0.0417421
	speed: 0.0268s/iter; left time: 15893.4955s
	iters: 3500, epoch: 2 | loss: 0.0474185
	speed: 0.0268s/iter; left time: 15917.8377s
	iters: 3600, epoch: 2 | loss: 0.0431135
	speed: 0.0262s/iter; left time: 15537.8694s
	iters: 3700, epoch: 2 | loss: 0.0736626
	speed: 0.0258s/iter; left time: 15307.5127s
	iters: 3800, epoch: 2 | loss: 0.0393373
	speed: 0.0262s/iter; left time: 15577.0807s
	iters: 3900, epoch: 2 | loss: 0.0409242
	speed: 0.0270s/iter; left time: 16051.0293s
	iters: 4000, epoch: 2 | loss: 0.0465524
	speed: 0.0261s/iter; left time: 15504.7825s
	iters: 4100, epoch: 2 | loss: 0.0633597
	speed: 0.0266s/iter; left time: 15796.9992s
	iters: 4200, epoch: 2 | loss: 0.0332214
	speed: 0.0270s/iter; left time: 15994.3115s
	iters: 4300, epoch: 2 | loss: 0.0521191
	speed: 0.0259s/iter; left time: 15335.8456s
	iters: 4400, epoch: 2 | loss: 0.0766280
	speed: 0.0259s/iter; left time: 15359.2698s
	iters: 4500, epoch: 2 | loss: 0.0387403
	speed: 0.0268s/iter; left time: 15873.3878s
	iters: 4600, epoch: 2 | loss: 0.0454075
	speed: 0.0272s/iter; left time: 16114.7349s
	iters: 4700, epoch: 2 | loss: 0.0332824
	speed: 0.0266s/iter; left time: 15788.4922s
	iters: 4800, epoch: 2 | loss: 0.0316872
	speed: 0.0267s/iter; left time: 15796.7237s
	iters: 4900, epoch: 2 | loss: 0.0327797
	speed: 0.0268s/iter; left time: 15864.4128s
	iters: 5000, epoch: 2 | loss: 0.0448337
	speed: 0.0264s/iter; left time: 15624.4185s
	iters: 5100, epoch: 2 | loss: 0.0380304
	speed: 0.0255s/iter; left time: 15105.2977s
	iters: 5200, epoch: 2 | loss: 0.0245279
	speed: 0.0263s/iter; left time: 15563.9631s
	iters: 5300, epoch: 2 | loss: 0.0355533
	speed: 0.0275s/iter; left time: 16287.0287s
	iters: 5400, epoch: 2 | loss: 0.0368968
	speed: 0.0269s/iter; left time: 15920.3010s
	iters: 5500, epoch: 2 | loss: 0.0225174
	speed: 0.0270s/iter; left time: 15960.4335s
	iters: 5600, epoch: 2 | loss: 0.0446825
	speed: 0.0267s/iter; left time: 15794.9633s
	iters: 5700, epoch: 2 | loss: 0.0467048
	speed: 0.0264s/iter; left time: 15608.9881s
	iters: 5800, epoch: 2 | loss: 0.0289593
	speed: 0.0259s/iter; left time: 15292.3344s
	iters: 5900, epoch: 2 | loss: 0.0282938
	speed: 0.0267s/iter; left time: 15789.1107s
	iters: 6000, epoch: 2 | loss: 0.0334266
	speed: 0.0273s/iter; left time: 16131.1970s
Epoch: 2 cost time: 160.89410781860352
Epoch: 2, Steps: 6034 | Train Loss: 0.0445679 Vali Loss: 0.6146273 Test Loss: 0.6469346
EarlyStopping counter: 1 out of 15
Updating learning rate to 2.5e-05
	iters: 100, epoch: 3 | loss: 0.0404563
	speed: 0.3254s/iter; left time: 192403.0761s
	iters: 200, epoch: 3 | loss: 0.0393126
	speed: 0.0265s/iter; left time: 15679.1596s
	iters: 300, epoch: 3 | loss: 0.0234216
	speed: 0.0258s/iter; left time: 15251.8849s
	iters: 400, epoch: 3 | loss: 0.0267439
	speed: 0.0261s/iter; left time: 15417.0670s
	iters: 500, epoch: 3 | loss: 0.0283440
	speed: 0.0267s/iter; left time: 15788.5393s
	iters: 600, epoch: 3 | loss: 0.0263284
	speed: 0.0264s/iter; left time: 15601.5756s
	iters: 700, epoch: 3 | loss: 0.0320809
	speed: 0.0272s/iter; left time: 16036.2037s
	iters: 800, epoch: 3 | loss: 0.0503417
	speed: 0.0267s/iter; left time: 15740.4314s
	iters: 900, epoch: 3 | loss: 0.0486120
	speed: 0.0267s/iter; left time: 15779.8548s
	iters: 1000, epoch: 3 | loss: 0.0290182
	speed: 0.0262s/iter; left time: 15490.7958s
	iters: 1100, epoch: 3 | loss: 0.0334778
	speed: 0.0261s/iter; left time: 15422.3333s
	iters: 1200, epoch: 3 | loss: 0.0226590
	speed: 0.0266s/iter; left time: 15679.3614s
	iters: 1300, epoch: 3 | loss: 0.0292157
	speed: 0.0266s/iter; left time: 15715.4028s
	iters: 1400, epoch: 3 | loss: 0.0204005
	speed: 0.0266s/iter; left time: 15709.5901s
	iters: 1500, epoch: 3 | loss: 0.0218111
	speed: 0.0273s/iter; left time: 16121.6394s
	iters: 1600, epoch: 3 | loss: 0.0278291
	speed: 0.0266s/iter; left time: 15703.7088s
	iters: 1700, epoch: 3 | loss: 0.0204451
	speed: 0.0259s/iter; left time: 15250.3271s
	iters: 1800, epoch: 3 | loss: 0.0210072
	speed: 0.0267s/iter; left time: 15724.2988s
	iters: 1900, epoch: 3 | loss: 0.0236536
	speed: 0.0267s/iter; left time: 15760.5771s
	iters: 2000, epoch: 3 | loss: 0.0292751
	speed: 0.0266s/iter; left time: 15687.4596s
	iters: 2100, epoch: 3 | loss: 0.0378284
	speed: 0.0267s/iter; left time: 15711.7931s
	iters: 2200, epoch: 3 | loss: 0.0275723
	speed: 0.0270s/iter; left time: 15929.0115s
	iters: 2300, epoch: 3 | loss: 0.0231685
	speed: 0.0267s/iter; left time: 15708.5527s
	iters: 2400, epoch: 3 | loss: 0.0257704
	speed: 0.0271s/iter; left time: 15971.9101s
	iters: 2500, epoch: 3 | loss: 0.0269331
	speed: 0.0264s/iter; left time: 15540.0311s
	iters: 2600, epoch: 3 | loss: 0.0146934
	speed: 0.0265s/iter; left time: 15595.1718s
	iters: 2700, epoch: 3 | loss: 0.0197801
	speed: 0.0269s/iter; left time: 15812.7180s
	iters: 2800, epoch: 3 | loss: 0.0261494
	speed: 0.0263s/iter; left time: 15456.1474s
	iters: 2900, epoch: 3 | loss: 0.0306452
	speed: 0.0264s/iter; left time: 15531.3349s
	iters: 3000, epoch: 3 | loss: 0.0227706
	speed: 0.0264s/iter; left time: 15536.4580s
	iters: 3100, epoch: 3 | loss: 0.0341272
	speed: 0.0266s/iter; left time: 15656.6430s
	iters: 3200, epoch: 3 | loss: 0.0397045
	speed: 0.0266s/iter; left time: 15662.9752s
	iters: 3300, epoch: 3 | loss: 0.0272524
	speed: 0.0264s/iter; left time: 15518.9420s
	iters: 3400, epoch: 3 | loss: 0.0264698
	speed: 0.0260s/iter; left time: 15288.8002s
	iters: 3500, epoch: 3 | loss: 0.0229937
	speed: 0.0278s/iter; left time: 16330.6027s
	iters: 3600, epoch: 3 | loss: 0.0250801
	speed: 0.0271s/iter; left time: 15954.2348s
	iters: 3700, epoch: 3 | loss: 0.0232910
	speed: 0.0260s/iter; left time: 15301.9569s
	iters: 3800, epoch: 3 | loss: 0.0273270
	speed: 0.0264s/iter; left time: 15513.1761s
	iters: 3900, epoch: 3 | loss: 0.0209418
	speed: 0.0267s/iter; left time: 15661.8693s
	iters: 4000, epoch: 3 | loss: 0.0308148
	speed: 0.0263s/iter; left time: 15455.1960s
	iters: 4100, epoch: 3 | loss: 0.0278924
	speed: 0.0265s/iter; left time: 15557.2858s
	iters: 4200, epoch: 3 | loss: 0.0159948
	speed: 0.0265s/iter; left time: 15586.7950s
	iters: 4300, epoch: 3 | loss: 0.0165847
	speed: 0.0269s/iter; left time: 15804.7151s
	iters: 4400, epoch: 3 | loss: 0.0305328
	speed: 0.0265s/iter; left time: 15566.8118s
	iters: 4500, epoch: 3 | loss: 0.0215856
	speed: 0.0264s/iter; left time: 15498.2569s
	iters: 4600, epoch: 3 | loss: 0.0258330
	speed: 0.0263s/iter; left time: 15409.9219s
	iters: 4700, epoch: 3 | loss: 0.0286929
	speed: 0.0269s/iter; left time: 15799.9852s
	iters: 4800, epoch: 3 | loss: 0.0202985
	speed: 0.0293s/iter; left time: 17175.1125s
	iters: 4900, epoch: 3 | loss: 0.0231307
	speed: 0.0294s/iter; left time: 17212.5199s
	iters: 5000, epoch: 3 | loss: 0.0262102
	speed: 0.0299s/iter; left time: 17504.1112s
	iters: 5100, epoch: 3 | loss: 0.0300464
	speed: 0.0302s/iter; left time: 17684.3949s
	iters: 5200, epoch: 3 | loss: 0.0275992
	speed: 0.0304s/iter; left time: 17836.7482s
	iters: 5300, epoch: 3 | loss: 0.0290521
	speed: 0.0292s/iter; left time: 17105.6321s
	iters: 5400, epoch: 3 | loss: 0.0150249
	speed: 0.0300s/iter; left time: 17559.7763s
	iters: 5500, epoch: 3 | loss: 0.0210711
	speed: 0.0297s/iter; left time: 17370.5723s
	iters: 5600, epoch: 3 | loss: 0.0165368
	speed: 0.0303s/iter; left time: 17729.3402s
	iters: 5700, epoch: 3 | loss: 0.0238752
	speed: 0.0307s/iter; left time: 17970.7423s
	iters: 5800, epoch: 3 | loss: 0.0181141
	speed: 0.0309s/iter; left time: 18069.6138s
	iters: 5900, epoch: 3 | loss: 0.0310506
	speed: 0.0296s/iter; left time: 17331.2108s
	iters: 6000, epoch: 3 | loss: 0.0198741
	speed: 0.0289s/iter; left time: 16903.1793s
Epoch: 3 cost time: 164.82477521896362
Epoch: 3, Steps: 6034 | Train Loss: 0.0274790 Vali Loss: 0.6077204 Test Loss: 0.6019108
EarlyStopping counter: 2 out of 15
Updating learning rate to 1.25e-05
	iters: 100, epoch: 4 | loss: 0.0255826
	speed: 0.3520s/iter; left time: 205991.9988s
	iters: 200, epoch: 4 | loss: 0.0307295
	speed: 0.0301s/iter; left time: 17630.8353s
	iters: 300, epoch: 4 | loss: 0.0315135
	speed: 0.0295s/iter; left time: 17231.9455s
	iters: 400, epoch: 4 | loss: 0.0151702
	speed: 0.0300s/iter; left time: 17546.0678s
	iters: 500, epoch: 4 | loss: 0.0198919
	speed: 0.0294s/iter; left time: 17167.9286s
	iters: 600, epoch: 4 | loss: 0.0107746
	speed: 0.0295s/iter; left time: 17234.7125s
	iters: 700, epoch: 4 | loss: 0.0214252
	speed: 0.0293s/iter; left time: 17144.6696s
	iters: 800, epoch: 4 | loss: 0.0168175
	speed: 0.0296s/iter; left time: 17282.4064s
	iters: 900, epoch: 4 | loss: 0.0267827
	speed: 0.0293s/iter; left time: 17131.9379s
	iters: 1000, epoch: 4 | loss: 0.0219128
	speed: 0.0296s/iter; left time: 17277.5627s
	iters: 1100, epoch: 4 | loss: 0.0187989
	speed: 0.0305s/iter; left time: 17825.7995s
	iters: 1200, epoch: 4 | loss: 0.0184927
	speed: 0.0297s/iter; left time: 17357.0208s
	iters: 1300, epoch: 4 | loss: 0.0195714
	speed: 0.0296s/iter; left time: 17303.2934s
	iters: 1400, epoch: 4 | loss: 0.0238856
	speed: 0.0293s/iter; left time: 17093.2674s
	iters: 1500, epoch: 4 | loss: 0.0172269
	speed: 0.0295s/iter; left time: 17240.2613s
	iters: 1600, epoch: 4 | loss: 0.0220714
	speed: 0.0298s/iter; left time: 17411.1513s
	iters: 1700, epoch: 4 | loss: 0.0255457
	speed: 0.0306s/iter; left time: 17876.1269s
	iters: 1800, epoch: 4 | loss: 0.0268445
	speed: 0.0304s/iter; left time: 17727.8466s
	iters: 1900, epoch: 4 | loss: 0.0233885
	speed: 0.0293s/iter; left time: 17084.6446s
	iters: 2000, epoch: 4 | loss: 0.0173020
	speed: 0.0296s/iter; left time: 17280.3655s
	iters: 2100, epoch: 4 | loss: 0.0153284
	speed: 0.0296s/iter; left time: 17291.1393s
	iters: 2200, epoch: 4 | loss: 0.0229197
	speed: 0.0300s/iter; left time: 17494.3116s
	iters: 2300, epoch: 4 | loss: 0.0216631
	speed: 0.0300s/iter; left time: 17490.6580s
	iters: 2400, epoch: 4 | loss: 0.0215914
	speed: 0.0299s/iter; left time: 17406.5055s
	iters: 2500, epoch: 4 | loss: 0.0217003
	speed: 0.0289s/iter; left time: 16858.3457s
	iters: 2600, epoch: 4 | loss: 0.0164778
	speed: 0.0295s/iter; left time: 17191.9311s
	iters: 2700, epoch: 4 | loss: 0.0196645
	speed: 0.0292s/iter; left time: 17020.3601s
	iters: 2800, epoch: 4 | loss: 0.0347394
	speed: 0.0297s/iter; left time: 17310.0128s
	iters: 2900, epoch: 4 | loss: 0.0363148
	speed: 0.0296s/iter; left time: 17232.7025s
	iters: 3000, epoch: 4 | loss: 0.0239056
	speed: 0.0305s/iter; left time: 17762.8903s
	iters: 3100, epoch: 4 | loss: 0.0289009
	speed: 0.0301s/iter; left time: 17525.9777s
	iters: 3200, epoch: 4 | loss: 0.0184566
	speed: 0.0293s/iter; left time: 17077.0444s
	iters: 3300, epoch: 4 | loss: 0.0185586
	speed: 0.0288s/iter; left time: 16767.9770s
	iters: 3400, epoch: 4 | loss: 0.0229492
	speed: 0.0299s/iter; left time: 17420.3660s
	iters: 3500, epoch: 4 | loss: 0.0255833
	speed: 0.0293s/iter; left time: 17050.5978s
	iters: 3600, epoch: 4 | loss: 0.0138564
	speed: 0.0302s/iter; left time: 17596.3440s
	iters: 3700, epoch: 4 | loss: 0.0210351
	speed: 0.0301s/iter; left time: 17511.1814s
	iters: 3800, epoch: 4 | loss: 0.0170872
	speed: 0.0293s/iter; left time: 17050.5914s
	iters: 3900, epoch: 4 | loss: 0.0303771
	speed: 0.0286s/iter; left time: 16633.7675s
	iters: 4000, epoch: 4 | loss: 0.0190596
	speed: 0.0290s/iter; left time: 16883.7339s
	iters: 4100, epoch: 4 | loss: 0.0180187
	speed: 0.0300s/iter; left time: 17440.1298s
	iters: 4200, epoch: 4 | loss: 0.0130366
	speed: 0.0304s/iter; left time: 17661.6382s
	iters: 4300, epoch: 4 | loss: 0.0190342
	speed: 0.0305s/iter; left time: 17741.9829s
	iters: 4400, epoch: 4 | loss: 0.0196555
	speed: 0.0297s/iter; left time: 17249.0566s
	iters: 4500, epoch: 4 | loss: 0.0168598
	speed: 0.0292s/iter; left time: 16940.6969s
	iters: 4600, epoch: 4 | loss: 0.0180347
	speed: 0.0287s/iter; left time: 16693.2729s
	iters: 4700, epoch: 4 | loss: 0.0167203
	speed: 0.0295s/iter; left time: 17140.1111s
	iters: 4800, epoch: 4 | loss: 0.0198938
	speed: 0.0302s/iter; left time: 17556.2893s
	iters: 4900, epoch: 4 | loss: 0.0187394
	speed: 0.0301s/iter; left time: 17456.0074s
	iters: 5000, epoch: 4 | loss: 0.0218232
	speed: 0.0300s/iter; left time: 17428.5388s
	iters: 5100, epoch: 4 | loss: 0.0191754
	speed: 0.0297s/iter; left time: 17204.4575s
	iters: 5200, epoch: 4 | loss: 0.0250383
	speed: 0.0292s/iter; left time: 16933.9731s
	iters: 5300, epoch: 4 | loss: 0.0206561
	speed: 0.0291s/iter; left time: 16892.5201s
	iters: 5400, epoch: 4 | loss: 0.0277321
	speed: 0.0299s/iter; left time: 17324.0911s
	iters: 5500, epoch: 4 | loss: 0.0250086
	speed: 0.0302s/iter; left time: 17496.3136s
	iters: 5600, epoch: 4 | loss: 0.0201783
	speed: 0.0300s/iter; left time: 17385.1347s
	iters: 5700, epoch: 4 | loss: 0.0214900
	speed: 0.0295s/iter; left time: 17106.1414s
	iters: 5800, epoch: 4 | loss: 0.0190220
	speed: 0.0291s/iter; left time: 16835.0606s
	iters: 5900, epoch: 4 | loss: 0.0228793
	speed: 0.0286s/iter; left time: 16553.5544s
	iters: 6000, epoch: 4 | loss: 0.0258980
	speed: 0.0297s/iter; left time: 17224.2860s
Epoch: 4 cost time: 178.94653487205505
Epoch: 4, Steps: 6034 | Train Loss: 0.0217525 Vali Loss: 0.6201785 Test Loss: 0.6264033
EarlyStopping counter: 3 out of 15
Updating learning rate to 6.25e-06
	iters: 100, epoch: 5 | loss: 0.0178998
	speed: 0.3546s/iter; left time: 205365.7010s
	iters: 200, epoch: 5 | loss: 0.0198597
	speed: 0.0296s/iter; left time: 17167.7719s
	iters: 300, epoch: 5 | loss: 0.0179865
	speed: 0.0302s/iter; left time: 17505.1267s
	iters: 400, epoch: 5 | loss: 0.0239803
	speed: 0.0297s/iter; left time: 17171.4067s
	iters: 500, epoch: 5 | loss: 0.0192154
	speed: 0.0291s/iter; left time: 16820.5841s
	iters: 600, epoch: 5 | loss: 0.0117062
	speed: 0.0294s/iter; left time: 16999.9910s
	iters: 700, epoch: 5 | loss: 0.0206710
	speed: 0.0301s/iter; left time: 17438.5764s
	iters: 800, epoch: 5 | loss: 0.0176565
	speed: 0.0295s/iter; left time: 17088.6270s
	iters: 900, epoch: 5 | loss: 0.0169450
	speed: 0.0301s/iter; left time: 17436.8559s
	iters: 1000, epoch: 5 | loss: 0.0168962
	speed: 0.0296s/iter; left time: 17134.8912s
	iters: 1100, epoch: 5 | loss: 0.0207795
	speed: 0.0298s/iter; left time: 17202.3380s
	iters: 1200, epoch: 5 | loss: 0.0161259
	speed: 0.0291s/iter; left time: 16805.3932s
	iters: 1300, epoch: 5 | loss: 0.0169214
	speed: 0.0288s/iter; left time: 16665.6172s
	iters: 1400, epoch: 5 | loss: 0.0246195
	speed: 0.0304s/iter; left time: 17571.7208s
	iters: 1500, epoch: 5 | loss: 0.0157976
	speed: 0.0300s/iter; left time: 17317.5799s
	iters: 1600, epoch: 5 | loss: 0.0272288
	speed: 0.0304s/iter; left time: 17579.4683s
	iters: 1700, epoch: 5 | loss: 0.0227931
	speed: 0.0294s/iter; left time: 16980.2282s
	iters: 1800, epoch: 5 | loss: 0.0140183
	speed: 0.0292s/iter; left time: 16856.5993s
	iters: 1900, epoch: 5 | loss: 0.0148371
	speed: 0.0292s/iter; left time: 16861.4591s
	iters: 2000, epoch: 5 | loss: 0.0162389
	speed: 0.0299s/iter; left time: 17237.7319s
	iters: 2100, epoch: 5 | loss: 0.0183618
	speed: 0.0311s/iter; left time: 17969.4468s
	iters: 2200, epoch: 5 | loss: 0.0154907
	speed: 0.0303s/iter; left time: 17495.3399s
	iters: 2300, epoch: 5 | loss: 0.0182106
	speed: 0.0298s/iter; left time: 17177.6525s
	iters: 2400, epoch: 5 | loss: 0.0136991
	speed: 0.0290s/iter; left time: 16711.9363s
	iters: 2500, epoch: 5 | loss: 0.0222023
	speed: 0.0288s/iter; left time: 16587.4832s
	iters: 2600, epoch: 5 | loss: 0.0152687
	speed: 0.0291s/iter; left time: 16801.0541s
	iters: 2700, epoch: 5 | loss: 0.0173246
	speed: 0.0306s/iter; left time: 17664.2024s
	iters: 2800, epoch: 5 | loss: 0.0201113
	speed: 0.0303s/iter; left time: 17479.1710s
	iters: 2900, epoch: 5 | loss: 0.0240286
	speed: 0.0306s/iter; left time: 17633.8692s
	iters: 3000, epoch: 5 | loss: 0.0204135
	speed: 0.0292s/iter; left time: 16815.9539s
	iters: 3100, epoch: 5 | loss: 0.0175767
	speed: 0.0292s/iter; left time: 16844.9809s
	iters: 3200, epoch: 5 | loss: 0.0239000
	speed: 0.0289s/iter; left time: 16621.2469s
	iters: 3300, epoch: 5 | loss: 0.0175311
	speed: 0.0308s/iter; left time: 17761.6544s
	iters: 3400, epoch: 5 | loss: 0.0212657
	speed: 0.0302s/iter; left time: 17377.9932s
	iters: 3500, epoch: 5 | loss: 0.0295548
	speed: 0.0309s/iter; left time: 17804.4315s
	iters: 3600, epoch: 5 | loss: 0.0184418
	speed: 0.0296s/iter; left time: 17016.8281s
	iters: 3700, epoch: 5 | loss: 0.0223686
	speed: 0.0291s/iter; left time: 16752.8172s
	iters: 3800, epoch: 5 | loss: 0.0198711
	speed: 0.0294s/iter; left time: 16930.3321s
	iters: 3900, epoch: 5 | loss: 0.0196232
	speed: 0.0302s/iter; left time: 17365.5933s
	iters: 4000, epoch: 5 | loss: 0.0158653
	speed: 0.0303s/iter; left time: 17402.0672s
	iters: 4100, epoch: 5 | loss: 0.0200426
	speed: 0.0304s/iter; left time: 17463.6400s
	iters: 4200, epoch: 5 | loss: 0.0156172
	speed: 0.0295s/iter; left time: 16943.5351s
	iters: 4300, epoch: 5 | loss: 0.0188215
	speed: 0.0286s/iter; left time: 16432.2587s
	iters: 4400, epoch: 5 | loss: 0.0215049
	speed: 0.0291s/iter; left time: 16712.9816s
	iters: 4500, epoch: 5 | loss: 0.0215461
	speed: 0.0293s/iter; left time: 16816.4036s
	iters: 4600, epoch: 5 | loss: 0.0190627
	speed: 0.0302s/iter; left time: 17370.3514s
	iters: 4700, epoch: 5 | loss: 0.0137699
	speed: 0.0301s/iter; left time: 17304.6805s
	iters: 4800, epoch: 5 | loss: 0.0226419
	speed: 0.0300s/iter; left time: 17254.3493s
	iters: 4900, epoch: 5 | loss: 0.0186269
	speed: 0.0298s/iter; left time: 17127.5444s
	iters: 5000, epoch: 5 | loss: 0.0220445
	speed: 0.0290s/iter; left time: 16625.9862s
	iters: 5100, epoch: 5 | loss: 0.0180012
	speed: 0.0290s/iter; left time: 16638.3065s
	iters: 5200, epoch: 5 | loss: 0.0187716
	speed: 0.0297s/iter; left time: 17029.7329s
	iters: 5300, epoch: 5 | loss: 0.0143322
	speed: 0.0309s/iter; left time: 17708.0315s
	iters: 5400, epoch: 5 | loss: 0.0186515
	speed: 0.0298s/iter; left time: 17073.9212s
	iters: 5500, epoch: 5 | loss: 0.0190077
	speed: 0.0300s/iter; left time: 17214.9937s
	iters: 5600, epoch: 5 | loss: 0.0160425
	speed: 0.0295s/iter; left time: 16914.9812s
	iters: 5700, epoch: 5 | loss: 0.0153937
	speed: 0.0294s/iter; left time: 16841.0669s
	iters: 5800, epoch: 5 | loss: 0.0229730
	speed: 0.0294s/iter; left time: 16853.0447s
	iters: 5900, epoch: 5 | loss: 0.0174477
	speed: 0.0298s/iter; left time: 17063.2676s
	iters: 6000, epoch: 5 | loss: 0.0169851
	speed: 0.0297s/iter; left time: 17002.5784s
Epoch: 5 cost time: 179.41972160339355
Epoch: 5, Steps: 6034 | Train Loss: 0.0193246 Vali Loss: 0.5964745 Test Loss: 0.6198233
EarlyStopping counter: 4 out of 15
Updating learning rate to 3.125e-06
	iters: 100, epoch: 6 | loss: 0.0189144
	speed: 0.3521s/iter; left time: 201804.2011s
	iters: 200, epoch: 6 | loss: 0.0163099
	speed: 0.0295s/iter; left time: 16892.2842s
	iters: 300, epoch: 6 | loss: 0.0243945
	speed: 0.0289s/iter; left time: 16585.6871s
	iters: 400, epoch: 6 | loss: 0.0188148
	speed: 0.0291s/iter; left time: 16692.1672s
	iters: 500, epoch: 6 | loss: 0.0186724
	speed: 0.0297s/iter; left time: 16990.3262s
	iters: 600, epoch: 6 | loss: 0.0172868
	speed: 0.0301s/iter; left time: 17236.9521s
	iters: 700, epoch: 6 | loss: 0.0185714
	speed: 0.0297s/iter; left time: 17006.6456s
	iters: 800, epoch: 6 | loss: 0.0168438
	speed: 0.0303s/iter; left time: 17353.6503s
	iters: 900, epoch: 6 | loss: 0.0138935
	speed: 0.0290s/iter; left time: 16610.5586s
	iters: 1000, epoch: 6 | loss: 0.0171711
	speed: 0.0289s/iter; left time: 16524.5170s
	iters: 1100, epoch: 6 | loss: 0.0170305
	speed: 0.0294s/iter; left time: 16843.2393s
	iters: 1200, epoch: 6 | loss: 0.0200462
	speed: 0.0297s/iter; left time: 16993.5774s
	iters: 1300, epoch: 6 | loss: 0.0196562
	speed: 0.0303s/iter; left time: 17303.0119s
	iters: 1400, epoch: 6 | loss: 0.0133399
	speed: 0.0304s/iter; left time: 17364.7089s
	iters: 1500, epoch: 6 | loss: 0.0231598
	speed: 0.0293s/iter; left time: 16742.3854s
	iters: 1600, epoch: 6 | loss: 0.0142279
	speed: 0.0295s/iter; left time: 16874.5806s
	iters: 1700, epoch: 6 | loss: 0.0262581
	speed: 0.0289s/iter; left time: 16500.2817s
	iters: 1800, epoch: 6 | loss: 0.0115001
	speed: 0.0296s/iter; left time: 16939.6317s
	iters: 1900, epoch: 6 | loss: 0.0150311
	speed: 0.0301s/iter; left time: 17191.5436s
	iters: 2000, epoch: 6 | loss: 0.0197904
	speed: 0.0302s/iter; left time: 17244.9358s
	iters: 2100, epoch: 6 | loss: 0.0185527
	speed: 0.0302s/iter; left time: 17245.0664s
	iters: 2200, epoch: 6 | loss: 0.0127453
	speed: 0.0293s/iter; left time: 16704.8538s
	iters: 2300, epoch: 6 | loss: 0.0138013
	speed: 0.0291s/iter; left time: 16585.5876s
	iters: 2400, epoch: 6 | loss: 0.0157347
	speed: 0.0290s/iter; left time: 16577.1448s
	iters: 2500, epoch: 6 | loss: 0.0255448
	speed: 0.0299s/iter; left time: 17064.5195s
	iters: 2600, epoch: 6 | loss: 0.0256392
	speed: 0.0305s/iter; left time: 17425.3151s
	iters: 2700, epoch: 6 | loss: 0.0171159
	speed: 0.0294s/iter; left time: 16753.7208s
	iters: 2800, epoch: 6 | loss: 0.0182967
	speed: 0.0292s/iter; left time: 16660.0890s
	iters: 2900, epoch: 6 | loss: 0.0174652
	speed: 0.0290s/iter; left time: 16529.5467s
	iters: 3000, epoch: 6 | loss: 0.0225207
	speed: 0.0291s/iter; left time: 16585.8318s
	iters: 3100, epoch: 6 | loss: 0.0137846
	speed: 0.0300s/iter; left time: 17091.8010s
	iters: 3200, epoch: 6 | loss: 0.0145842
	speed: 0.0300s/iter; left time: 17084.7980s
	iters: 3300, epoch: 6 | loss: 0.0179136
	speed: 0.0296s/iter; left time: 16845.2042s
	iters: 3400, epoch: 6 | loss: 0.0172988
	speed: 0.0299s/iter; left time: 17011.8309s
	iters: 3500, epoch: 6 | loss: 0.0166691
	speed: 0.0291s/iter; left time: 16577.6512s
	iters: 3600, epoch: 6 | loss: 0.0203937
	speed: 0.0297s/iter; left time: 16926.7776s
	iters: 3700, epoch: 6 | loss: 0.0118242
	speed: 0.0297s/iter; left time: 16926.3738s
	iters: 3800, epoch: 6 | loss: 0.0226610
	speed: 0.0299s/iter; left time: 17025.8919s
	iters: 3900, epoch: 6 | loss: 0.0210857
	speed: 0.0301s/iter; left time: 17142.0931s
	iters: 4000, epoch: 6 | loss: 0.0148418
	speed: 0.0299s/iter; left time: 17044.5429s
	iters: 4100, epoch: 6 | loss: 0.0205421
	speed: 0.0297s/iter; left time: 16893.9761s
	iters: 4200, epoch: 6 | loss: 0.0203136
	speed: 0.0294s/iter; left time: 16745.6277s
	iters: 4300, epoch: 6 | loss: 0.0207511
	speed: 0.0296s/iter; left time: 16845.6981s
	iters: 4400, epoch: 6 | loss: 0.0139486
	speed: 0.0305s/iter; left time: 17340.0376s
	iters: 4500, epoch: 6 | loss: 0.0154456
	speed: 0.0298s/iter; left time: 16952.0728s
	iters: 4600, epoch: 6 | loss: 0.0185283
	speed: 0.0298s/iter; left time: 16963.8803s
	iters: 4700, epoch: 6 | loss: 0.0238686
	speed: 0.0300s/iter; left time: 17041.5253s
	iters: 4800, epoch: 6 | loss: 0.0128151
	speed: 0.0293s/iter; left time: 16658.1918s
	iters: 4900, epoch: 6 | loss: 0.0181687
	speed: 0.0294s/iter; left time: 16705.5334s
	iters: 5000, epoch: 6 | loss: 0.0129797
	speed: 0.0290s/iter; left time: 16489.1963s
	iters: 5100, epoch: 6 | loss: 0.0336976
	speed: 0.0299s/iter; left time: 16979.6548s
	iters: 5200, epoch: 6 | loss: 0.0178358
	speed: 0.0297s/iter; left time: 16843.9591s
	iters: 5300, epoch: 6 | loss: 0.0154552
	speed: 0.0298s/iter; left time: 16907.8326s
	iters: 5400, epoch: 6 | loss: 0.0197533
	speed: 0.0295s/iter; left time: 16740.5430s
	iters: 5500, epoch: 6 | loss: 0.0120489
	speed: 0.0297s/iter; left time: 16859.6062s
	iters: 5600, epoch: 6 | loss: 0.0223604
	speed: 0.0299s/iter; left time: 16958.3385s
	iters: 5700, epoch: 6 | loss: 0.0195094
	speed: 0.0295s/iter; left time: 16719.9347s
	iters: 5800, epoch: 6 | loss: 0.0254049
	speed: 0.0296s/iter; left time: 16773.7479s
	iters: 5900, epoch: 6 | loss: 0.0177007
	speed: 0.0302s/iter; left time: 17106.9645s
	iters: 6000, epoch: 6 | loss: 0.0212197
	speed: 0.0299s/iter; left time: 16940.6826s
Epoch: 6 cost time: 178.9580843448639
Epoch: 6, Steps: 6034 | Train Loss: 0.0182213 Vali Loss: 0.6004736 Test Loss: 0.6115677
EarlyStopping counter: 5 out of 15
Updating learning rate to 1.5625e-06
	iters: 100, epoch: 7 | loss: 0.0227833
	speed: 0.3508s/iter; left time: 198956.7170s
	iters: 200, epoch: 7 | loss: 0.0188683
	speed: 0.0286s/iter; left time: 16242.9284s
	iters: 300, epoch: 7 | loss: 0.0150669
	speed: 0.0292s/iter; left time: 16563.9690s
	iters: 400, epoch: 7 | loss: 0.0228463
	speed: 0.0305s/iter; left time: 17300.7406s
	iters: 500, epoch: 7 | loss: 0.0142689
	speed: 0.0307s/iter; left time: 17407.9092s
	iters: 600, epoch: 7 | loss: 0.0172851
	speed: 0.0304s/iter; left time: 17215.0749s
	iters: 700, epoch: 7 | loss: 0.0126913
	speed: 0.0293s/iter; left time: 16570.7596s
	iters: 800, epoch: 7 | loss: 0.0093889
	speed: 0.0288s/iter; left time: 16289.2937s
	iters: 900, epoch: 7 | loss: 0.0155734
	speed: 0.0292s/iter; left time: 16510.2374s
	iters: 1000, epoch: 7 | loss: 0.0210557
	speed: 0.0299s/iter; left time: 16955.0482s
	iters: 1100, epoch: 7 | loss: 0.0200229
	speed: 0.0302s/iter; left time: 17080.9251s
	iters: 1200, epoch: 7 | loss: 0.0213529
	speed: 0.0303s/iter; left time: 17177.7962s
	iters: 1300, epoch: 7 | loss: 0.0169765
	speed: 0.0298s/iter; left time: 16883.9013s
	iters: 1400, epoch: 7 | loss: 0.0187087
	speed: 0.0288s/iter; left time: 16302.1119s
	iters: 1500, epoch: 7 | loss: 0.0171078
	speed: 0.0296s/iter; left time: 16763.0699s
	iters: 1600, epoch: 7 | loss: 0.0145592
	speed: 0.0298s/iter; left time: 16855.5000s
	iters: 1700, epoch: 7 | loss: 0.0120259
	speed: 0.0302s/iter; left time: 17057.0292s
	iters: 1800, epoch: 7 | loss: 0.0147695
	speed: 0.0302s/iter; left time: 17049.7397s
	iters: 1900, epoch: 7 | loss: 0.0152604
	speed: 0.0295s/iter; left time: 16703.9113s
	iters: 2000, epoch: 7 | loss: 0.0171422
	speed: 0.0293s/iter; left time: 16567.7095s
	iters: 2100, epoch: 7 | loss: 0.0191283
	speed: 0.0299s/iter; left time: 16902.1587s
	iters: 2200, epoch: 7 | loss: 0.0172572
	speed: 0.0295s/iter; left time: 16676.2619s
	iters: 2300, epoch: 7 | loss: 0.0171262
	speed: 0.0299s/iter; left time: 16907.5357s
	iters: 2400, epoch: 7 | loss: 0.0139949
	speed: 0.0303s/iter; left time: 17130.8626s
	iters: 2500, epoch: 7 | loss: 0.0183943
	speed: 0.0294s/iter; left time: 16617.5226s
	iters: 2600, epoch: 7 | loss: 0.0183751
	speed: 0.0303s/iter; left time: 17101.6663s
	iters: 2700, epoch: 7 | loss: 0.0141675
	speed: 0.0295s/iter; left time: 16642.2259s
	iters: 2800, epoch: 7 | loss: 0.0139284
	speed: 0.0296s/iter; left time: 16707.7123s
	iters: 2900, epoch: 7 | loss: 0.0141972
	speed: 0.0289s/iter; left time: 16304.6576s
	iters: 3000, epoch: 7 | loss: 0.0144267
	speed: 0.0297s/iter; left time: 16776.4382s
	iters: 3100, epoch: 7 | loss: 0.0179433
	speed: 0.0304s/iter; left time: 17162.2694s
	iters: 3200, epoch: 7 | loss: 0.0279324
	speed: 0.0297s/iter; left time: 16741.4933s
	iters: 3300, epoch: 7 | loss: 0.0172081
	speed: 0.0294s/iter; left time: 16563.7538s
	iters: 3400, epoch: 7 | loss: 0.0140804
	speed: 0.0294s/iter; left time: 16563.6997s
	iters: 3500, epoch: 7 | loss: 0.0182938
	speed: 0.0300s/iter; left time: 16912.7808s
	iters: 3600, epoch: 7 | loss: 0.0147833
	speed: 0.0298s/iter; left time: 16790.3049s
	iters: 3700, epoch: 7 | loss: 0.0172019
	speed: 0.0298s/iter; left time: 16767.1588s
	iters: 3800, epoch: 7 | loss: 0.0213716
	speed: 0.0300s/iter; left time: 16896.0373s
	iters: 3900, epoch: 7 | loss: 0.0176124
	speed: 0.0301s/iter; left time: 16940.9058s
	iters: 4000, epoch: 7 | loss: 0.0141208
	speed: 0.0298s/iter; left time: 16783.9569s
	iters: 4100, epoch: 7 | loss: 0.0203959
	speed: 0.0294s/iter; left time: 16576.5742s
	iters: 4200, epoch: 7 | loss: 0.0186554
	speed: 0.0294s/iter; left time: 16552.0034s
	iters: 4300, epoch: 7 | loss: 0.0219251
	speed: 0.0297s/iter; left time: 16702.7189s
	iters: 4400, epoch: 7 | loss: 0.0138439
	speed: 0.0299s/iter; left time: 16848.2285s
	iters: 4500, epoch: 7 | loss: 0.0168369
	speed: 0.0294s/iter; left time: 16554.5694s
	iters: 4600, epoch: 7 | loss: 0.0169804
	speed: 0.0305s/iter; left time: 17168.9557s
	iters: 4700, epoch: 7 | loss: 0.0151307
	speed: 0.0291s/iter; left time: 16353.4913s
	iters: 4800, epoch: 7 | loss: 0.0186847
	speed: 0.0288s/iter; left time: 16222.4569s
	iters: 4900, epoch: 7 | loss: 0.0133206
	speed: 0.0295s/iter; left time: 16582.2920s
	iters: 5000, epoch: 7 | loss: 0.0143852
	speed: 0.0298s/iter; left time: 16776.8858s
	iters: 5100, epoch: 7 | loss: 0.0185171
	speed: 0.0304s/iter; left time: 17082.3585s
	iters: 5200, epoch: 7 | loss: 0.0221423
	speed: 0.0299s/iter; left time: 16816.1594s
	iters: 5300, epoch: 7 | loss: 0.0131099
	speed: 0.0293s/iter; left time: 16491.3913s
	iters: 5400, epoch: 7 | loss: 0.0146706
	speed: 0.0290s/iter; left time: 16299.8568s
	iters: 5500, epoch: 7 | loss: 0.0176669
	speed: 0.0288s/iter; left time: 16186.9624s
	iters: 5600, epoch: 7 | loss: 0.0185589
	speed: 0.0300s/iter; left time: 16823.1528s
	iters: 5700, epoch: 7 | loss: 0.0142138
	speed: 0.0299s/iter; left time: 16802.8115s
	iters: 5800, epoch: 7 | loss: 0.0142613
	speed: 0.0302s/iter; left time: 16962.0595s
	iters: 5900, epoch: 7 | loss: 0.0189667
	speed: 0.0301s/iter; left time: 16903.0650s
	iters: 6000, epoch: 7 | loss: 0.0179684
	speed: 0.0294s/iter; left time: 16491.4665s
Epoch: 7 cost time: 179.16831159591675
Epoch: 7, Steps: 6034 | Train Loss: 0.0176878 Vali Loss: 0.5988781 Test Loss: 0.6253468
EarlyStopping counter: 6 out of 15
Updating learning rate to 7.8125e-07
	iters: 100, epoch: 8 | loss: 0.0151808
	speed: 0.3519s/iter; left time: 197442.1152s
	iters: 200, epoch: 8 | loss: 0.0107668
	speed: 0.0294s/iter; left time: 16491.2011s
	iters: 300, epoch: 8 | loss: 0.0142913
	speed: 0.0304s/iter; left time: 17045.1456s
	iters: 400, epoch: 8 | loss: 0.0190777
	speed: 0.0299s/iter; left time: 16752.8986s
	iters: 500, epoch: 8 | loss: 0.0222426
	speed: 0.0293s/iter; left time: 16448.6949s
	iters: 600, epoch: 8 | loss: 0.0139031
	speed: 0.0299s/iter; left time: 16779.9108s
	iters: 700, epoch: 8 | loss: 0.0194641
	speed: 0.0294s/iter; left time: 16466.8049s
	iters: 800, epoch: 8 | loss: 0.0193266
	speed: 0.0291s/iter; left time: 16310.3914s
	iters: 900, epoch: 8 | loss: 0.0207317
	speed: 0.0296s/iter; left time: 16580.1597s
	iters: 1000, epoch: 8 | loss: 0.0203343
	speed: 0.0298s/iter; left time: 16665.4884s
	iters: 1100, epoch: 8 | loss: 0.0106041
	speed: 0.0300s/iter; left time: 16822.9516s
	iters: 1200, epoch: 8 | loss: 0.0179775
	speed: 0.0292s/iter; left time: 16375.9897s
	iters: 1300, epoch: 8 | loss: 0.0231067
	speed: 0.0296s/iter; left time: 16566.7940s
	iters: 1400, epoch: 8 | loss: 0.0183169
	speed: 0.0300s/iter; left time: 16793.9163s
	iters: 1500, epoch: 8 | loss: 0.0139373
	speed: 0.0300s/iter; left time: 16797.5665s
	iters: 1600, epoch: 8 | loss: 0.0136135
	speed: 0.0303s/iter; left time: 16981.0339s
	iters: 1700, epoch: 8 | loss: 0.0128708
	speed: 0.0301s/iter; left time: 16861.2674s
	iters: 1800, epoch: 8 | loss: 0.0270148
	speed: 0.0302s/iter; left time: 16874.5772s
	iters: 1900, epoch: 8 | loss: 0.0205753
	speed: 0.0294s/iter; left time: 16430.5360s
	iters: 2000, epoch: 8 | loss: 0.0194697
	speed: 0.0293s/iter; left time: 16409.3154s
	iters: 2100, epoch: 8 | loss: 0.0111720
	speed: 0.0298s/iter; left time: 16657.1624s
	iters: 2200, epoch: 8 | loss: 0.0146565
	speed: 0.0296s/iter; left time: 16527.6738s
	iters: 2300, epoch: 8 | loss: 0.0175541
	speed: 0.0302s/iter; left time: 16863.5134s
	iters: 2400, epoch: 8 | loss: 0.0245466
	speed: 0.0304s/iter; left time: 16981.9668s
	iters: 2500, epoch: 8 | loss: 0.0116005
	speed: 0.0295s/iter; left time: 16483.6942s
	iters: 2600, epoch: 8 | loss: 0.0177885
	speed: 0.0301s/iter; left time: 16836.8930s
	iters: 2700, epoch: 8 | loss: 0.0220807
	speed: 0.0294s/iter; left time: 16437.7049s
	iters: 2800, epoch: 8 | loss: 0.0165057
	speed: 0.0297s/iter; left time: 16609.3484s
	iters: 2900, epoch: 8 | loss: 0.0141464
	speed: 0.0297s/iter; left time: 16596.9902s
	iters: 3000, epoch: 8 | loss: 0.0154780
	speed: 0.0301s/iter; left time: 16809.2737s
	iters: 3100, epoch: 8 | loss: 0.0150908
	speed: 0.0305s/iter; left time: 17044.5168s
	iters: 3200, epoch: 8 | loss: 0.0148611
	speed: 0.0298s/iter; left time: 16636.9980s
	iters: 3300, epoch: 8 | loss: 0.0211669
	speed: 0.0293s/iter; left time: 16340.3733s
	iters: 3400, epoch: 8 | loss: 0.0105433
	speed: 0.0289s/iter; left time: 16123.1904s
	iters: 3500, epoch: 8 | loss: 0.0186665
	speed: 0.0295s/iter; left time: 16453.8562s
	iters: 3600, epoch: 8 | loss: 0.0195829
	speed: 0.0303s/iter; left time: 16919.0678s
	iters: 3700, epoch: 8 | loss: 0.0245706
	speed: 0.0308s/iter; left time: 17159.4133s
	iters: 3800, epoch: 8 | loss: 0.0196882
	speed: 0.0296s/iter; left time: 16512.7618s
	iters: 3900, epoch: 8 | loss: 0.0147550
	speed: 0.0301s/iter; left time: 16747.6763s
	iters: 4000, epoch: 8 | loss: 0.0201151
	speed: 0.0289s/iter; left time: 16118.0103s
	iters: 4100, epoch: 8 | loss: 0.0148038
	speed: 0.0295s/iter; left time: 16411.0858s
	iters: 4200, epoch: 8 | loss: 0.0146946
	speed: 0.0302s/iter; left time: 16807.0486s
	iters: 4300, epoch: 8 | loss: 0.0146280
	speed: 0.0306s/iter; left time: 17030.1270s
	iters: 4400, epoch: 8 | loss: 0.0177359
	speed: 0.0297s/iter; left time: 16538.8028s
	iters: 4500, epoch: 8 | loss: 0.0177493
	speed: 0.0294s/iter; left time: 16365.2714s
	iters: 4600, epoch: 8 | loss: 0.0143883
	speed: 0.0299s/iter; left time: 16651.2257s
	iters: 4700, epoch: 8 | loss: 0.0195472
	speed: 0.0291s/iter; left time: 16177.4013s
	iters: 4800, epoch: 8 | loss: 0.0137112
	speed: 0.0309s/iter; left time: 17189.8069s
	iters: 4900, epoch: 8 | loss: 0.0215941
	speed: 0.0311s/iter; left time: 17278.9701s
	iters: 5000, epoch: 8 | loss: 0.0155768
	speed: 0.0302s/iter; left time: 16769.2605s
	iters: 5100, epoch: 8 | loss: 0.0113214
	speed: 0.0297s/iter; left time: 16509.1531s
	iters: 5200, epoch: 8 | loss: 0.0153039
	speed: 0.0291s/iter; left time: 16194.6156s
	iters: 5300, epoch: 8 | loss: 0.0200804
	speed: 0.0287s/iter; left time: 15964.2328s
	iters: 5400, epoch: 8 | loss: 0.0141475
	speed: 0.0296s/iter; left time: 16444.5667s
	iters: 5500, epoch: 8 | loss: 0.0206057
	speed: 0.0305s/iter; left time: 16930.7757s
	iters: 5600, epoch: 8 | loss: 0.0164393
	speed: 0.0298s/iter; left time: 16549.2090s
	iters: 5700, epoch: 8 | loss: 0.0216460
	speed: 0.0302s/iter; left time: 16757.2233s
	iters: 5800, epoch: 8 | loss: 0.0208344
	speed: 0.0289s/iter; left time: 16064.5112s
	iters: 5900, epoch: 8 | loss: 0.0154801
	speed: 0.0292s/iter; left time: 16194.5967s
	iters: 6000, epoch: 8 | loss: 0.0193343
	speed: 0.0291s/iter; left time: 16132.1613s
Epoch: 8 cost time: 179.67297101020813
Epoch: 8, Steps: 6034 | Train Loss: 0.0174099 Vali Loss: 0.6086834 Test Loss: 0.6309776
EarlyStopping counter: 7 out of 15
Updating learning rate to 3.90625e-07
	iters: 100, epoch: 9 | loss: 0.0166749
	speed: 0.3527s/iter; left time: 195761.1181s
	iters: 200, epoch: 9 | loss: 0.0145334
	speed: 0.0301s/iter; left time: 16709.0996s
	iters: 300, epoch: 9 | loss: 0.0179400
	speed: 0.0298s/iter; left time: 16522.3191s
	iters: 400, epoch: 9 | loss: 0.0165015
	speed: 0.0294s/iter; left time: 16290.7377s
	iters: 500, epoch: 9 | loss: 0.0130573
	speed: 0.0296s/iter; left time: 16403.3840s
	iters: 600, epoch: 9 | loss: 0.0221064
	speed: 0.0292s/iter; left time: 16208.0556s
	iters: 700, epoch: 9 | loss: 0.0135844
	speed: 0.0293s/iter; left time: 16258.0112s
	iters: 800, epoch: 9 | loss: 0.0130014
	speed: 0.0300s/iter; left time: 16614.1030s
	iters: 900, epoch: 9 | loss: 0.0277515
	speed: 0.0298s/iter; left time: 16492.4719s
	iters: 1000, epoch: 9 | loss: 0.0135491
	speed: 0.0296s/iter; left time: 16402.4036s
	iters: 1100, epoch: 9 | loss: 0.0211884
	speed: 0.0298s/iter; left time: 16524.7383s
	iters: 1200, epoch: 9 | loss: 0.0153395
	speed: 0.0292s/iter; left time: 16186.0678s
	iters: 1300, epoch: 9 | loss: 0.0280175
	speed: 0.0296s/iter; left time: 16368.6149s
	iters: 1400, epoch: 9 | loss: 0.0230270
	speed: 0.0295s/iter; left time: 16348.9325s
	iters: 1500, epoch: 9 | loss: 0.0217691
	speed: 0.0301s/iter; left time: 16655.5832s
	iters: 1600, epoch: 9 | loss: 0.0239412
	speed: 0.0304s/iter; left time: 16827.4252s
	iters: 1700, epoch: 9 | loss: 0.0166355
	speed: 0.0295s/iter; left time: 16312.2933s
	iters: 1800, epoch: 9 | loss: 0.0205404
	speed: 0.0295s/iter; left time: 16306.8894s
	iters: 1900, epoch: 9 | loss: 0.0126187
	speed: 0.0289s/iter; left time: 16012.9391s
	iters: 2000, epoch: 9 | loss: 0.0117031
	speed: 0.0295s/iter; left time: 16307.7025s
	iters: 2100, epoch: 9 | loss: 0.0170627
	speed: 0.0302s/iter; left time: 16685.0192s
	iters: 2200, epoch: 9 | loss: 0.0270404
	speed: 0.0309s/iter; left time: 17061.5366s
	iters: 2300, epoch: 9 | loss: 0.0361836
	speed: 0.0303s/iter; left time: 16724.2179s
	iters: 2400, epoch: 9 | loss: 0.0197193
	speed: 0.0295s/iter; left time: 16305.1618s
	iters: 2500, epoch: 9 | loss: 0.0200296
	speed: 0.0293s/iter; left time: 16165.9922s
	iters: 2600, epoch: 9 | loss: 0.0185873
	speed: 0.0299s/iter; left time: 16521.9398s
	iters: 2700, epoch: 9 | loss: 0.0174274
	speed: 0.0302s/iter; left time: 16696.6544s
	iters: 2800, epoch: 9 | loss: 0.0173519
	speed: 0.0303s/iter; left time: 16753.3224s
	iters: 2900, epoch: 9 | loss: 0.0150350
	speed: 0.0306s/iter; left time: 16881.1872s
	iters: 3000, epoch: 9 | loss: 0.0120082
	speed: 0.0299s/iter; left time: 16514.5466s
	iters: 3100, epoch: 9 | loss: 0.0132123
	speed: 0.0292s/iter; left time: 16119.8632s
	iters: 3200, epoch: 9 | loss: 0.0167370
	speed: 0.0292s/iter; left time: 16140.1148s
	iters: 3300, epoch: 9 | loss: 0.0137493
	speed: 0.0297s/iter; left time: 16401.5505s
	iters: 3400, epoch: 9 | loss: 0.0212824
	speed: 0.0300s/iter; left time: 16525.8443s
	iters: 3500, epoch: 9 | loss: 0.0152151
	speed: 0.0300s/iter; left time: 16557.0399s
	iters: 3600, epoch: 9 | loss: 0.0224353
	speed: 0.0303s/iter; left time: 16688.1053s
	iters: 3700, epoch: 9 | loss: 0.0168274
	speed: 0.0307s/iter; left time: 16943.7971s
	iters: 3800, epoch: 9 | loss: 0.0158714
	speed: 0.0294s/iter; left time: 16192.8892s
	iters: 3900, epoch: 9 | loss: 0.0175756
	speed: 0.0293s/iter; left time: 16124.0460s
	iters: 4000, epoch: 9 | loss: 0.0164311
	speed: 0.0306s/iter; left time: 16878.8670s
	iters: 4100, epoch: 9 | loss: 0.0229412
	speed: 0.0306s/iter; left time: 16885.2555s
	iters: 4200, epoch: 9 | loss: 0.0181278
	speed: 0.0305s/iter; left time: 16830.0249s
	iters: 4300, epoch: 9 | loss: 0.0176788
	speed: 0.0292s/iter; left time: 16071.6746s
	iters: 4400, epoch: 9 | loss: 0.0119930
	speed: 0.0289s/iter; left time: 15913.3993s
	iters: 4500, epoch: 9 | loss: 0.0108727
	speed: 0.0289s/iter; left time: 15900.5745s
	iters: 4600, epoch: 9 | loss: 0.0143207
	speed: 0.0301s/iter; left time: 16546.6929s
	iters: 4700, epoch: 9 | loss: 0.0141170
	speed: 0.0303s/iter; left time: 16688.1034s
	iters: 4800, epoch: 9 | loss: 0.0170095
	speed: 0.0301s/iter; left time: 16578.8490s
	iters: 4900, epoch: 9 | loss: 0.0221417
	speed: 0.0298s/iter; left time: 16369.8527s
	iters: 5000, epoch: 9 | loss: 0.0149083
	speed: 0.0286s/iter; left time: 15746.8023s
	iters: 5100, epoch: 9 | loss: 0.0192720
	speed: 0.0294s/iter; left time: 16169.1901s
	iters: 5200, epoch: 9 | loss: 0.0147584
	speed: 0.0293s/iter; left time: 16127.8735s
	iters: 5300, epoch: 9 | loss: 0.0147115
	speed: 0.0304s/iter; left time: 16710.7180s
	iters: 5400, epoch: 9 | loss: 0.0233102
	speed: 0.0302s/iter; left time: 16599.5483s
	iters: 5500, epoch: 9 | loss: 0.0168218
	speed: 0.0300s/iter; left time: 16495.4273s
	iters: 5600, epoch: 9 | loss: 0.0141921
	speed: 0.0295s/iter; left time: 16226.8174s
	iters: 5700, epoch: 9 | loss: 0.0115675
	speed: 0.0290s/iter; left time: 15935.0135s
	iters: 5800, epoch: 9 | loss: 0.0175865
	speed: 0.0296s/iter; left time: 16250.9000s
	iters: 5900, epoch: 9 | loss: 0.0201651
	speed: 0.0304s/iter; left time: 16688.5252s
	iters: 6000, epoch: 9 | loss: 0.0145153
	speed: 0.0308s/iter; left time: 16929.4530s
Epoch: 9 cost time: 179.81842517852783
Epoch: 9, Steps: 6034 | Train Loss: 0.0173172 Vali Loss: 0.6131787 Test Loss: 0.6263292
EarlyStopping counter: 8 out of 15
Updating learning rate to 1.953125e-07
	iters: 100, epoch: 10 | loss: 0.0117356
	speed: 0.3530s/iter; left time: 193800.2845s
	iters: 200, epoch: 10 | loss: 0.0199255
	speed: 0.0299s/iter; left time: 16411.7944s
	iters: 300, epoch: 10 | loss: 0.0192601
	speed: 0.0289s/iter; left time: 15876.1376s
	iters: 400, epoch: 10 | loss: 0.0166553
	speed: 0.0289s/iter; left time: 15852.9625s
	iters: 500, epoch: 10 | loss: 0.0123509
	speed: 0.0304s/iter; left time: 16681.6498s
	iters: 600, epoch: 10 | loss: 0.0141152
	speed: 0.0304s/iter; left time: 16683.7693s
	iters: 700, epoch: 10 | loss: 0.0247686
	speed: 0.0300s/iter; left time: 16457.6343s
	iters: 800, epoch: 10 | loss: 0.0106640
	speed: 0.0300s/iter; left time: 16470.4599s
	iters: 900, epoch: 10 | loss: 0.0175717
	speed: 0.0296s/iter; left time: 16228.7222s
	iters: 1000, epoch: 10 | loss: 0.0139034
	speed: 0.0292s/iter; left time: 16027.6648s
	iters: 1100, epoch: 10 | loss: 0.0195154
	speed: 0.0292s/iter; left time: 16002.2475s
	iters: 1200, epoch: 10 | loss: 0.0164729
	speed: 0.0300s/iter; left time: 16450.8703s
	iters: 1300, epoch: 10 | loss: 0.0147955
	speed: 0.0305s/iter; left time: 16695.8413s
	iters: 1400, epoch: 10 | loss: 0.0144848
	speed: 0.0301s/iter; left time: 16480.3087s
	iters: 1500, epoch: 10 | loss: 0.0186201
	speed: 0.0305s/iter; left time: 16715.0097s
	iters: 1600, epoch: 10 | loss: 0.0143931
	speed: 0.0297s/iter; left time: 16242.6521s
	iters: 1700, epoch: 10 | loss: 0.0170420
	speed: 0.0294s/iter; left time: 16085.5397s
	iters: 1800, epoch: 10 | loss: 0.0152544
	speed: 0.0297s/iter; left time: 16271.5295s
	iters: 1900, epoch: 10 | loss: 0.0167650
	speed: 0.0309s/iter; left time: 16881.0116s
	iters: 2000, epoch: 10 | loss: 0.0187643
	speed: 0.0307s/iter; left time: 16790.4865s
	iters: 2100, epoch: 10 | loss: 0.0252939
	speed: 0.0298s/iter; left time: 16317.7609s
	iters: 2200, epoch: 10 | loss: 0.0162868
	speed: 0.0292s/iter; left time: 15969.1714s
	iters: 2300, epoch: 10 | loss: 0.0407751
	speed: 0.0291s/iter; left time: 15909.1394s
	iters: 2400, epoch: 10 | loss: 0.0109818
	speed: 0.0294s/iter; left time: 16057.6771s
	iters: 2500, epoch: 10 | loss: 0.0274480
	speed: 0.0303s/iter; left time: 16580.3010s
	iters: 2600, epoch: 10 | loss: 0.0145694
	speed: 0.0302s/iter; left time: 16509.7776s
	iters: 2700, epoch: 10 | loss: 0.0145931
	speed: 0.0301s/iter; left time: 16430.8153s
	iters: 2800, epoch: 10 | loss: 0.0214038
	speed: 0.0286s/iter; left time: 15645.1573s
	iters: 2900, epoch: 10 | loss: 0.0138551
	speed: 0.0287s/iter; left time: 15662.7853s
	iters: 3000, epoch: 10 | loss: 0.0146277
	speed: 0.0298s/iter; left time: 16284.6681s
	iters: 3100, epoch: 10 | loss: 0.0223265
	speed: 0.0297s/iter; left time: 16240.1003s
	iters: 3200, epoch: 10 | loss: 0.0143556
	speed: 0.0301s/iter; left time: 16404.8638s
	iters: 3300, epoch: 10 | loss: 0.0177310
	speed: 0.0304s/iter; left time: 16602.8786s
	iters: 3400, epoch: 10 | loss: 0.0136477
	speed: 0.0298s/iter; left time: 16271.2763s
	iters: 3500, epoch: 10 | loss: 0.0181730
	speed: 0.0294s/iter; left time: 16049.9280s
	iters: 3600, epoch: 10 | loss: 0.0177830
	speed: 0.0294s/iter; left time: 16025.0614s
	iters: 3700, epoch: 10 | loss: 0.0183777
	speed: 0.0295s/iter; left time: 16090.6390s
	iters: 3800, epoch: 10 | loss: 0.0176274
	speed: 0.0297s/iter; left time: 16178.8546s
	iters: 3900, epoch: 10 | loss: 0.0129672
	speed: 0.0298s/iter; left time: 16239.8413s
	iters: 4000, epoch: 10 | loss: 0.0193840
	speed: 0.0304s/iter; left time: 16581.9280s
	iters: 4100, epoch: 10 | loss: 0.0157705
	speed: 0.0296s/iter; left time: 16141.5962s
	iters: 4200, epoch: 10 | loss: 0.0168303
	speed: 0.0288s/iter; left time: 15688.4842s
	iters: 4300, epoch: 10 | loss: 0.0195370
	speed: 0.0294s/iter; left time: 16020.4686s
	iters: 4400, epoch: 10 | loss: 0.0148937
	speed: 0.0307s/iter; left time: 16700.6980s
	iters: 4500, epoch: 10 | loss: 0.0126065
	speed: 0.0303s/iter; left time: 16524.9439s
	iters: 4600, epoch: 10 | loss: 0.0163036
	speed: 0.0298s/iter; left time: 16251.0020s
	iters: 4700, epoch: 10 | loss: 0.0142592
	speed: 0.0294s/iter; left time: 15979.7452s
	iters: 4800, epoch: 10 | loss: 0.0215791
	speed: 0.0287s/iter; left time: 15611.1308s
	iters: 4900, epoch: 10 | loss: 0.0216287
	speed: 0.0291s/iter; left time: 15848.3217s
	iters: 5000, epoch: 10 | loss: 0.0203798
	speed: 0.0293s/iter; left time: 15954.5553s
	iters: 5100, epoch: 10 | loss: 0.0198816
	speed: 0.0312s/iter; left time: 16978.2866s
	iters: 5200, epoch: 10 | loss: 0.0222947
	speed: 0.0296s/iter; left time: 16124.9328s
	iters: 5300, epoch: 10 | loss: 0.0189095
	speed: 0.0298s/iter; left time: 16199.8532s
	iters: 5400, epoch: 10 | loss: 0.0130803
	speed: 0.0293s/iter; left time: 15910.8133s
	iters: 5500, epoch: 10 | loss: 0.0138424
	speed: 0.0291s/iter; left time: 15820.2856s
	iters: 5600, epoch: 10 | loss: 0.0209401
	speed: 0.0296s/iter; left time: 16071.4103s
	iters: 5700, epoch: 10 | loss: 0.0188981
	speed: 0.0300s/iter; left time: 16293.5248s
	iters: 5800, epoch: 10 | loss: 0.0170271
	speed: 0.0303s/iter; left time: 16435.7533s
	iters: 5900, epoch: 10 | loss: 0.0159782
	speed: 0.0298s/iter; left time: 16189.1796s
	iters: 6000, epoch: 10 | loss: 0.0099468
	speed: 0.0302s/iter; left time: 16412.3443s
Epoch: 10 cost time: 179.6355640888214
Epoch: 10, Steps: 6034 | Train Loss: 0.0172291 Vali Loss: 0.6111598 Test Loss: 0.6305833
EarlyStopping counter: 9 out of 15
Updating learning rate to 9.765625e-08
	iters: 100, epoch: 11 | loss: 0.0294586
	speed: 0.3506s/iter; left time: 190370.8734s
	iters: 200, epoch: 11 | loss: 0.0173731
	speed: 0.0291s/iter; left time: 15779.9213s
	iters: 300, epoch: 11 | loss: 0.0143966
	speed: 0.0294s/iter; left time: 15973.5317s
	iters: 400, epoch: 11 | loss: 0.0197645
	speed: 0.0302s/iter; left time: 16369.5256s
	iters: 500, epoch: 11 | loss: 0.0191948
	speed: 0.0310s/iter; left time: 16836.6247s
	iters: 600, epoch: 11 | loss: 0.0187236
	speed: 0.0305s/iter; left time: 16540.6966s
	iters: 700, epoch: 11 | loss: 0.0269503
	speed: 0.0291s/iter; left time: 15807.2406s
	iters: 800, epoch: 11 | loss: 0.0205526
	speed: 0.0294s/iter; left time: 15922.1087s
	iters: 900, epoch: 11 | loss: 0.0237972
	speed: 0.0288s/iter; left time: 15610.1618s
	iters: 1000, epoch: 11 | loss: 0.0174823
	speed: 0.0304s/iter; left time: 16482.5921s
	iters: 1100, epoch: 11 | loss: 0.0186762
	speed: 0.0308s/iter; left time: 16706.1609s
	iters: 1200, epoch: 11 | loss: 0.0217228
	speed: 0.0301s/iter; left time: 16294.2820s
	iters: 1300, epoch: 11 | loss: 0.0152116
	speed: 0.0293s/iter; left time: 15883.6442s
	iters: 1400, epoch: 11 | loss: 0.0160158
	speed: 0.0291s/iter; left time: 15770.0466s
	iters: 1500, epoch: 11 | loss: 0.0129722
	speed: 0.0294s/iter; left time: 15944.2906s
	iters: 1600, epoch: 11 | loss: 0.0189888
	speed: 0.0298s/iter; left time: 16147.4378s
	iters: 1700, epoch: 11 | loss: 0.0165267
	speed: 0.0304s/iter; left time: 16449.7203s
	iters: 1800, epoch: 11 | loss: 0.0165263
	speed: 0.0306s/iter; left time: 16539.3927s
	iters: 1900, epoch: 11 | loss: 0.0188292
	speed: 0.0299s/iter; left time: 16170.3341s
	iters: 2000, epoch: 11 | loss: 0.0174417
	speed: 0.0296s/iter; left time: 16000.6625s
	iters: 2100, epoch: 11 | loss: 0.0168233
	speed: 0.0289s/iter; left time: 15617.0364s
	iters: 2200, epoch: 11 | loss: 0.0137497
	speed: 0.0296s/iter; left time: 16032.7938s
	iters: 2300, epoch: 11 | loss: 0.0153962
	speed: 0.0305s/iter; left time: 16478.2018s
	iters: 2400, epoch: 11 | loss: 0.0289288
	speed: 0.0304s/iter; left time: 16429.4466s
	iters: 2500, epoch: 11 | loss: 0.0184648
	speed: 0.0305s/iter; left time: 16499.7121s
	iters: 2600, epoch: 11 | loss: 0.0175734
	speed: 0.0293s/iter; left time: 15851.8543s
	iters: 2700, epoch: 11 | loss: 0.0162490
	speed: 0.0294s/iter; left time: 15907.6507s
	iters: 2800, epoch: 11 | loss: 0.0174384
	speed: 0.0294s/iter; left time: 15904.6476s
	iters: 2900, epoch: 11 | loss: 0.0177108
	speed: 0.0294s/iter; left time: 15906.3670s
	iters: 3000, epoch: 11 | loss: 0.0123069
	speed: 0.0307s/iter; left time: 16562.0532s
	iters: 3100, epoch: 11 | loss: 0.0164902
	speed: 0.0301s/iter; left time: 16260.9365s
	iters: 3200, epoch: 11 | loss: 0.0297996
	speed: 0.0298s/iter; left time: 16108.0813s
	iters: 3300, epoch: 11 | loss: 0.0212728
	speed: 0.0289s/iter; left time: 15602.1743s
	iters: 3400, epoch: 11 | loss: 0.0125425
	speed: 0.0300s/iter; left time: 16187.5346s
	iters: 3500, epoch: 11 | loss: 0.0168168
	speed: 0.0299s/iter; left time: 16158.7733s
	iters: 3600, epoch: 11 | loss: 0.0220947
	speed: 0.0298s/iter; left time: 16051.9726s
	iters: 3700, epoch: 11 | loss: 0.0162389
	speed: 0.0302s/iter; left time: 16306.3284s
	iters: 3800, epoch: 11 | loss: 0.0143133
	speed: 0.0300s/iter; left time: 16166.3899s
	iters: 3900, epoch: 11 | loss: 0.0206424
	speed: 0.0295s/iter; left time: 15929.4215s
	iters: 4000, epoch: 11 | loss: 0.0145208
	speed: 0.0298s/iter; left time: 16074.2020s
	iters: 4100, epoch: 11 | loss: 0.0136365
	speed: 0.0298s/iter; left time: 16081.1697s
	iters: 4200, epoch: 11 | loss: 0.0150333
	speed: 0.0298s/iter; left time: 16056.4738s
	iters: 4300, epoch: 11 | loss: 0.0189018
	speed: 0.0303s/iter; left time: 16300.8374s
	iters: 4400, epoch: 11 | loss: 0.0184510
	speed: 0.0307s/iter; left time: 16542.0744s
	iters: 4500, epoch: 11 | loss: 0.0099143
	speed: 0.0302s/iter; left time: 16277.9551s
	iters: 4600, epoch: 11 | loss: 0.0200958
	speed: 0.0294s/iter; left time: 15825.7521s
	iters: 4700, epoch: 11 | loss: 0.0117152
	speed: 0.0300s/iter; left time: 16176.4138s
	iters: 4800, epoch: 11 | loss: 0.0203928
	speed: 0.0288s/iter; left time: 15521.1864s
	iters: 4900, epoch: 11 | loss: 0.0218438
	speed: 0.0293s/iter; left time: 15786.5632s
	iters: 5000, epoch: 11 | loss: 0.0143196
	speed: 0.0305s/iter; left time: 16426.8906s
	iters: 5100, epoch: 11 | loss: 0.0181216
	speed: 0.0300s/iter; left time: 16127.4944s
	iters: 5200, epoch: 11 | loss: 0.0160132
	speed: 0.0295s/iter; left time: 15891.4211s
	iters: 5300, epoch: 11 | loss: 0.0203318
	speed: 0.0297s/iter; left time: 15991.1837s
	iters: 5400, epoch: 11 | loss: 0.0205590
	speed: 0.0293s/iter; left time: 15740.1758s
	iters: 5500, epoch: 11 | loss: 0.0181565
	speed: 0.0295s/iter; left time: 15882.2741s
	iters: 5600, epoch: 11 | loss: 0.0140153
	speed: 0.0298s/iter; left time: 16020.8907s
	iters: 5700, epoch: 11 | loss: 0.0182145
	speed: 0.0299s/iter; left time: 16056.8279s
	iters: 5800, epoch: 11 | loss: 0.0157082
	speed: 0.0297s/iter; left time: 15957.0361s
	iters: 5900, epoch: 11 | loss: 0.0176798
	speed: 0.0294s/iter; left time: 15814.5885s
	iters: 6000, epoch: 11 | loss: 0.0175720
	speed: 0.0294s/iter; left time: 15798.9295s
Epoch: 11 cost time: 179.7844796180725
Epoch: 11, Steps: 6034 | Train Loss: 0.0171977 Vali Loss: 0.6116983 Test Loss: 0.6305496
EarlyStopping counter: 10 out of 15
Updating learning rate to 4.8828125e-08
	iters: 100, epoch: 12 | loss: 0.0148898
	speed: 0.3503s/iter; left time: 188084.0622s
	iters: 200, epoch: 12 | loss: 0.0184761
	speed: 0.0302s/iter; left time: 16187.4490s
	iters: 300, epoch: 12 | loss: 0.0192582
	speed: 0.0304s/iter; left time: 16319.8827s
	iters: 400, epoch: 12 | loss: 0.0157029
	speed: 0.0300s/iter; left time: 16108.6206s
	iters: 500, epoch: 12 | loss: 0.0186130
	speed: 0.0298s/iter; left time: 15969.4129s
	iters: 600, epoch: 12 | loss: 0.0188397
	speed: 0.0289s/iter; left time: 15502.7025s
	iters: 700, epoch: 12 | loss: 0.0203905
	speed: 0.0292s/iter; left time: 15649.3543s
	iters: 800, epoch: 12 | loss: 0.0136694
	speed: 0.0296s/iter; left time: 15870.6715s
	iters: 900, epoch: 12 | loss: 0.0130462
	speed: 0.0304s/iter; left time: 16317.2026s
	iters: 1000, epoch: 12 | loss: 0.0195872
	speed: 0.0305s/iter; left time: 16347.5363s
	iters: 1100, epoch: 12 | loss: 0.0201152
	speed: 0.0291s/iter; left time: 15590.7843s
	iters: 1200, epoch: 12 | loss: 0.0146151
	speed: 0.0287s/iter; left time: 15374.5206s
	iters: 1300, epoch: 12 | loss: 0.0180094
	speed: 0.0297s/iter; left time: 15905.4133s
	iters: 1400, epoch: 12 | loss: 0.0158376
	speed: 0.0295s/iter; left time: 15785.3403s
	iters: 1500, epoch: 12 | loss: 0.0152321
	speed: 0.0306s/iter; left time: 16372.4810s
	iters: 1600, epoch: 12 | loss: 0.0142425
	speed: 0.0302s/iter; left time: 16194.5941s
	iters: 1700, epoch: 12 | loss: 0.0155964
	speed: 0.0298s/iter; left time: 15943.7467s
	iters: 1800, epoch: 12 | loss: 0.0181867
	speed: 0.0288s/iter; left time: 15420.9288s
	iters: 1900, epoch: 12 | loss: 0.0110178
	speed: 0.0290s/iter; left time: 15525.5641s
	iters: 2000, epoch: 12 | loss: 0.0210784
	speed: 0.0299s/iter; left time: 15991.7993s
	iters: 2100, epoch: 12 | loss: 0.0162249
	speed: 0.0297s/iter; left time: 15911.6954s
	iters: 2200, epoch: 12 | loss: 0.0153044
	speed: 0.0299s/iter; left time: 15991.1208s
	iters: 2300, epoch: 12 | loss: 0.0175677
	speed: 0.0297s/iter; left time: 15900.8469s
	iters: 2400, epoch: 12 | loss: 0.0150274
	speed: 0.0299s/iter; left time: 15976.9436s
	iters: 2500, epoch: 12 | loss: 0.0190763
	speed: 0.0295s/iter; left time: 15756.2155s
	iters: 2600, epoch: 12 | loss: 0.0119909
	speed: 0.0296s/iter; left time: 15834.3116s
	iters: 2700, epoch: 12 | loss: 0.0131340
	speed: 0.0294s/iter; left time: 15686.7852s
	iters: 2800, epoch: 12 | loss: 0.0148040
	speed: 0.0299s/iter; left time: 15973.5415s
	iters: 2900, epoch: 12 | loss: 0.0150748
	speed: 0.0297s/iter; left time: 15887.0419s
	iters: 3000, epoch: 12 | loss: 0.0227259
	speed: 0.0300s/iter; left time: 16011.3831s
	iters: 3100, epoch: 12 | loss: 0.0229354
	speed: 0.0299s/iter; left time: 15940.9385s
	iters: 3200, epoch: 12 | loss: 0.0151037
	speed: 0.0295s/iter; left time: 15746.9740s
	iters: 3300, epoch: 12 | loss: 0.0174779
	speed: 0.0289s/iter; left time: 15446.1106s
	iters: 3400, epoch: 12 | loss: 0.0160625
	speed: 0.0298s/iter; left time: 15900.5351s
	iters: 3500, epoch: 12 | loss: 0.0129026
	speed: 0.0309s/iter; left time: 16491.2246s
	iters: 3600, epoch: 12 | loss: 0.0206994
	speed: 0.0298s/iter; left time: 15879.7072s
	iters: 3700, epoch: 12 | loss: 0.0220646
	speed: 0.0295s/iter; left time: 15707.9802s
	iters: 3800, epoch: 12 | loss: 0.0260786
	speed: 0.0294s/iter; left time: 15673.2788s
	iters: 3900, epoch: 12 | loss: 0.0198829
	speed: 0.0294s/iter; left time: 15676.6173s
	iters: 4000, epoch: 12 | loss: 0.0127628
	speed: 0.0294s/iter; left time: 15648.9743s
	iters: 4100, epoch: 12 | loss: 0.0131711
	speed: 0.0303s/iter; left time: 16145.8443s
	iters: 4200, epoch: 12 | loss: 0.0216676
	speed: 0.0300s/iter; left time: 15972.7314s
	iters: 4300, epoch: 12 | loss: 0.0141879
	speed: 0.0300s/iter; left time: 15969.3184s
	iters: 4400, epoch: 12 | loss: 0.0166073
	speed: 0.0301s/iter; left time: 16015.2061s
	iters: 4500, epoch: 12 | loss: 0.0210257
	speed: 0.0299s/iter; left time: 15945.8655s
	iters: 4600, epoch: 12 | loss: 0.0221222
	speed: 0.0291s/iter; left time: 15467.3000s
	iters: 4700, epoch: 12 | loss: 0.0192566
	speed: 0.0288s/iter; left time: 15324.3830s
	iters: 4800, epoch: 12 | loss: 0.0162188
	speed: 0.0308s/iter; left time: 16370.8748s
	iters: 4900, epoch: 12 | loss: 0.0186456
	speed: 0.0295s/iter; left time: 15720.0021s
	iters: 5000, epoch: 12 | loss: 0.0186053
	speed: 0.0303s/iter; left time: 16141.1444s
	iters: 5100, epoch: 12 | loss: 0.0158545
	speed: 0.0296s/iter; left time: 15743.6697s
	iters: 5200, epoch: 12 | loss: 0.0301421
	speed: 0.0295s/iter; left time: 15662.3593s
	iters: 5300, epoch: 12 | loss: 0.0187652
	speed: 0.0289s/iter; left time: 15342.3497s
	iters: 5400, epoch: 12 | loss: 0.0160184
	speed: 0.0302s/iter; left time: 16059.8922s
	iters: 5500, epoch: 12 | loss: 0.0122955
	speed: 0.0303s/iter; left time: 16129.5398s
	iters: 5600, epoch: 12 | loss: 0.0372318
	speed: 0.0301s/iter; left time: 15979.9895s
	iters: 5700, epoch: 12 | loss: 0.0164587
	speed: 0.0294s/iter; left time: 15615.4441s
	iters: 5800, epoch: 12 | loss: 0.0233511
	speed: 0.0293s/iter; left time: 15580.1550s
	iters: 5900, epoch: 12 | loss: 0.0158688
	speed: 0.0288s/iter; left time: 15322.4567s
	iters: 6000, epoch: 12 | loss: 0.0155765
	speed: 0.0293s/iter; left time: 15577.1658s
Epoch: 12 cost time: 179.1139132976532
Epoch: 12, Steps: 6034 | Train Loss: 0.0171582 Vali Loss: 0.6139207 Test Loss: 0.6290586
EarlyStopping counter: 11 out of 15
Updating learning rate to 2.44140625e-08
	iters: 100, epoch: 13 | loss: 0.0156430
	speed: 0.3536s/iter; left time: 187740.9303s
	iters: 200, epoch: 13 | loss: 0.0232621
	speed: 0.0298s/iter; left time: 15822.5999s
	iters: 300, epoch: 13 | loss: 0.0142173
	speed: 0.0297s/iter; left time: 15758.1559s
	iters: 400, epoch: 13 | loss: 0.0164315
	speed: 0.0297s/iter; left time: 15761.0462s
	iters: 500, epoch: 13 | loss: 0.0195189
	speed: 0.0296s/iter; left time: 15703.9059s
	iters: 600, epoch: 13 | loss: 0.0162387
	speed: 0.0297s/iter; left time: 15749.1581s
	iters: 700, epoch: 13 | loss: 0.0130004
	speed: 0.0302s/iter; left time: 15993.8634s
	iters: 800, epoch: 13 | loss: 0.0171597
	speed: 0.0294s/iter; left time: 15606.8936s
	iters: 900, epoch: 13 | loss: 0.0146578
	speed: 0.0300s/iter; left time: 15924.4914s
	iters: 1000, epoch: 13 | loss: 0.0139866
	speed: 0.0298s/iter; left time: 15812.8074s
	iters: 1100, epoch: 13 | loss: 0.0291024
	speed: 0.0294s/iter; left time: 15576.8546s
	iters: 1200, epoch: 13 | loss: 0.0141020
	speed: 0.0296s/iter; left time: 15657.1322s
	iters: 1300, epoch: 13 | loss: 0.0173474
	speed: 0.0301s/iter; left time: 15967.4788s
	iters: 1400, epoch: 13 | loss: 0.0162743
	speed: 0.0296s/iter; left time: 15676.1235s
	iters: 1500, epoch: 13 | loss: 0.0178913
	speed: 0.0305s/iter; left time: 16170.3458s
	iters: 1600, epoch: 13 | loss: 0.0115948
	speed: 0.0296s/iter; left time: 15672.4021s
	iters: 1700, epoch: 13 | loss: 0.0167661
	speed: 0.0294s/iter; left time: 15584.2839s
	iters: 1800, epoch: 13 | loss: 0.0115556
	speed: 0.0292s/iter; left time: 15467.0313s
	iters: 1900, epoch: 13 | loss: 0.0215229
	speed: 0.0295s/iter; left time: 15607.5500s
	iters: 2000, epoch: 13 | loss: 0.0164957
	speed: 0.0299s/iter; left time: 15832.6459s
	iters: 2100, epoch: 13 | loss: 0.0122387
	speed: 0.0302s/iter; left time: 15961.0532s
	iters: 2200, epoch: 13 | loss: 0.0224537
	speed: 0.0301s/iter; left time: 15903.9837s
	iters: 2300, epoch: 13 | loss: 0.0189447
	speed: 0.0295s/iter; left time: 15576.6034s
	iters: 2400, epoch: 13 | loss: 0.0190244
	speed: 0.0296s/iter; left time: 15670.6925s
	iters: 2500, epoch: 13 | loss: 0.0148004
	speed: 0.0299s/iter; left time: 15791.8454s
	iters: 2600, epoch: 13 | loss: 0.0204284
	speed: 0.0294s/iter; left time: 15546.1531s
	iters: 2700, epoch: 13 | loss: 0.0168687
	speed: 0.0300s/iter; left time: 15858.1875s
	iters: 2800, epoch: 13 | loss: 0.0129065
	speed: 0.0300s/iter; left time: 15820.5811s
	iters: 2900, epoch: 13 | loss: 0.0189226
	speed: 0.0298s/iter; left time: 15728.2736s
	iters: 3000, epoch: 13 | loss: 0.0159315
	speed: 0.0297s/iter; left time: 15661.7947s
	iters: 3100, epoch: 13 | loss: 0.0133242
	speed: 0.0293s/iter; left time: 15442.6119s
	iters: 3200, epoch: 13 | loss: 0.0141551
	speed: 0.0291s/iter; left time: 15380.4784s
	iters: 3300, epoch: 13 | loss: 0.0144420
	speed: 0.0299s/iter; left time: 15777.9729s
	iters: 3400, epoch: 13 | loss: 0.0174914
	speed: 0.0296s/iter; left time: 15624.9732s
	iters: 3500, epoch: 13 | loss: 0.0181226
	speed: 0.0307s/iter; left time: 16170.8350s
	iters: 3600, epoch: 13 | loss: 0.0134564
	speed: 0.0301s/iter; left time: 15848.7135s
	iters: 3700, epoch: 13 | loss: 0.0251075
	speed: 0.0296s/iter; left time: 15615.4726s
	iters: 3800, epoch: 13 | loss: 0.0131131
	speed: 0.0288s/iter; left time: 15161.7297s
	iters: 3900, epoch: 13 | loss: 0.0167492
	speed: 0.0291s/iter; left time: 15348.0003s
	iters: 4000, epoch: 13 | loss: 0.0329318
	speed: 0.0302s/iter; left time: 15926.8282s
	iters: 4100, epoch: 13 | loss: 0.0200873
	speed: 0.0305s/iter; left time: 16066.7528s
	iters: 4200, epoch: 13 | loss: 0.0139384
	speed: 0.0296s/iter; left time: 15602.8219s
	iters: 4300, epoch: 13 | loss: 0.0181724
	speed: 0.0291s/iter; left time: 15332.6787s
	iters: 4400, epoch: 13 | loss: 0.0093278
	speed: 0.0288s/iter; left time: 15150.4816s
	iters: 4500, epoch: 13 | loss: 0.0105900
	speed: 0.0295s/iter; left time: 15531.4333s
	iters: 4600, epoch: 13 | loss: 0.0218663
	speed: 0.0304s/iter; left time: 15986.2225s
	iters: 4700, epoch: 13 | loss: 0.0113779
	speed: 0.0306s/iter; left time: 16121.3243s
	iters: 4800, epoch: 13 | loss: 0.0183558
	speed: 0.0304s/iter; left time: 16016.0348s
	iters: 4900, epoch: 13 | loss: 0.0190186
	speed: 0.0297s/iter; left time: 15633.1039s
	iters: 5000, epoch: 13 | loss: 0.0133984
	speed: 0.0292s/iter; left time: 15340.2013s
	iters: 5100, epoch: 13 | loss: 0.0198208
	speed: 0.0292s/iter; left time: 15362.5207s
	iters: 5200, epoch: 13 | loss: 0.0183394
	speed: 0.0304s/iter; left time: 16007.6857s
	iters: 5300, epoch: 13 | loss: 0.0175441
	speed: 0.0303s/iter; left time: 15946.3216s
	iters: 5400, epoch: 13 | loss: 0.0171274
	speed: 0.0303s/iter; left time: 15945.0526s
	iters: 5500, epoch: 13 | loss: 0.0123469
	speed: 0.0301s/iter; left time: 15807.9364s
	iters: 5600, epoch: 13 | loss: 0.0217845
	speed: 0.0291s/iter; left time: 15309.9810s
	iters: 5700, epoch: 13 | loss: 0.0115786
	speed: 0.0294s/iter; left time: 15469.0156s
	iters: 5800, epoch: 13 | loss: 0.0163614
	speed: 0.0295s/iter; left time: 15475.7074s
	iters: 5900, epoch: 13 | loss: 0.0212524
	speed: 0.0305s/iter; left time: 15999.3179s
	iters: 6000, epoch: 13 | loss: 0.0151535
	speed: 0.0306s/iter; left time: 16066.2950s
Epoch: 13 cost time: 179.79241752624512
Epoch: 13, Steps: 6034 | Train Loss: 0.0171659 Vali Loss: 0.6118246 Test Loss: 0.6264834
EarlyStopping counter: 12 out of 15
Updating learning rate to 1.220703125e-08
	iters: 100, epoch: 14 | loss: 0.0132235
	speed: 0.3400s/iter; left time: 178443.9587s
	iters: 200, epoch: 14 | loss: 0.0157487
	speed: 0.0256s/iter; left time: 13411.5276s
	iters: 300, epoch: 14 | loss: 0.0174872
	speed: 0.0260s/iter; left time: 13665.6096s
	iters: 400, epoch: 14 | loss: 0.0123965
	speed: 0.0259s/iter; left time: 13588.0574s
	iters: 500, epoch: 14 | loss: 0.0185407
	speed: 0.0262s/iter; left time: 13757.5557s
	iters: 600, epoch: 14 | loss: 0.0133790
	speed: 0.0256s/iter; left time: 13423.2226s
	iters: 700, epoch: 14 | loss: 0.0195740
	speed: 0.0256s/iter; left time: 13438.6891s
	iters: 800, epoch: 14 | loss: 0.0153292
	speed: 0.0257s/iter; left time: 13464.3638s
	iters: 900, epoch: 14 | loss: 0.0165570
	speed: 0.0256s/iter; left time: 13423.2444s
	iters: 1000, epoch: 14 | loss: 0.0116721
	speed: 0.0257s/iter; left time: 13464.6816s
	iters: 1100, epoch: 14 | loss: 0.0194258
	speed: 0.0264s/iter; left time: 13855.4597s
	iters: 1200, epoch: 14 | loss: 0.0122029
	speed: 0.0252s/iter; left time: 13190.8946s
	iters: 1300, epoch: 14 | loss: 0.0217666
	speed: 0.0260s/iter; left time: 13625.1702s
	iters: 1400, epoch: 14 | loss: 0.0149514
	speed: 0.0256s/iter; left time: 13401.0605s
	iters: 1500, epoch: 14 | loss: 0.0144567
	speed: 0.0257s/iter; left time: 13456.6550s
	iters: 1600, epoch: 14 | loss: 0.0220688
	speed: 0.0269s/iter; left time: 14101.6648s
	iters: 1700, epoch: 14 | loss: 0.0127008
	speed: 0.0261s/iter; left time: 13635.7151s
	iters: 1800, epoch: 14 | loss: 0.0112636
	speed: 0.0255s/iter; left time: 13347.2336s
	iters: 1900, epoch: 14 | loss: 0.0153150
	speed: 0.0250s/iter; left time: 13099.2403s
	iters: 2000, epoch: 14 | loss: 0.0132640
	speed: 0.0251s/iter; left time: 13140.1680s
	iters: 2100, epoch: 14 | loss: 0.0174192
	speed: 0.0259s/iter; left time: 13542.4927s
	iters: 2200, epoch: 14 | loss: 0.0151888
	speed: 0.0258s/iter; left time: 13469.8687s
	iters: 2300, epoch: 14 | loss: 0.0147466
	speed: 0.0259s/iter; left time: 13527.4931s
	iters: 2400, epoch: 14 | loss: 0.0127079
	speed: 0.0259s/iter; left time: 13550.1626s
	iters: 2500, epoch: 14 | loss: 0.0205995
	speed: 0.0269s/iter; left time: 14028.1384s
	iters: 2600, epoch: 14 | loss: 0.0195120
	speed: 0.0255s/iter; left time: 13337.1577s
	iters: 2700, epoch: 14 | loss: 0.0164090
	speed: 0.0250s/iter; left time: 13040.8868s
	iters: 2800, epoch: 14 | loss: 0.0228545
	speed: 0.0260s/iter; left time: 13556.3081s
	iters: 2900, epoch: 14 | loss: 0.0100331
	speed: 0.0260s/iter; left time: 13550.2865s
	iters: 3000, epoch: 14 | loss: 0.0219001
	speed: 0.0259s/iter; left time: 13510.6674s
	iters: 3100, epoch: 14 | loss: 0.0175297
	speed: 0.0264s/iter; left time: 13781.6892s
	iters: 3200, epoch: 14 | loss: 0.0154387
	speed: 0.0256s/iter; left time: 13338.8781s
	iters: 3300, epoch: 14 | loss: 0.0140789
	speed: 0.0255s/iter; left time: 13324.4651s
	iters: 3400, epoch: 14 | loss: 0.0152061
	speed: 0.0256s/iter; left time: 13368.4448s
	iters: 3500, epoch: 14 | loss: 0.0204853
	speed: 0.0254s/iter; left time: 13241.8322s
	iters: 3600, epoch: 14 | loss: 0.0158843
	speed: 0.0260s/iter; left time: 13576.0372s
	iters: 3700, epoch: 14 | loss: 0.0155560
	speed: 0.0266s/iter; left time: 13849.1610s
	iters: 3800, epoch: 14 | loss: 0.0266141
	speed: 0.0265s/iter; left time: 13810.3189s
	iters: 3900, epoch: 14 | loss: 0.0182052
	speed: 0.0255s/iter; left time: 13270.3139s
	iters: 4000, epoch: 14 | loss: 0.0152974
	speed: 0.0258s/iter; left time: 13419.4454s
	iters: 4100, epoch: 14 | loss: 0.0176419
	speed: 0.0254s/iter; left time: 13230.9733s
	iters: 4200, epoch: 14 | loss: 0.0173397
	speed: 0.0255s/iter; left time: 13298.9428s
	iters: 4300, epoch: 14 | loss: 0.0147872
	speed: 0.0256s/iter; left time: 13302.9421s
	iters: 4400, epoch: 14 | loss: 0.0160042
	speed: 0.0262s/iter; left time: 13636.5552s
	iters: 4500, epoch: 14 | loss: 0.0181572
	speed: 0.0260s/iter; left time: 13506.5292s
	iters: 4600, epoch: 14 | loss: 0.0125825
	speed: 0.0262s/iter; left time: 13609.9858s
	iters: 4700, epoch: 14 | loss: 0.0249553
	speed: 0.0251s/iter; left time: 13077.2494s
	iters: 4800, epoch: 14 | loss: 0.0119114
	speed: 0.0259s/iter; left time: 13453.6964s
	iters: 4900, epoch: 14 | loss: 0.0154496
	speed: 0.0267s/iter; left time: 13894.5242s
	iters: 5000, epoch: 14 | loss: 0.0191774
	speed: 0.0267s/iter; left time: 13886.7685s
	iters: 5100, epoch: 14 | loss: 0.0148936
	speed: 0.0263s/iter; left time: 13656.5142s
	iters: 5200, epoch: 14 | loss: 0.0172977
	speed: 0.0262s/iter; left time: 13642.8336s
	iters: 5300, epoch: 14 | loss: 0.0148642
	speed: 0.0257s/iter; left time: 13330.9362s
	iters: 5400, epoch: 14 | loss: 0.0131365
	speed: 0.0252s/iter; left time: 13097.5418s
	iters: 5500, epoch: 14 | loss: 0.0152330
	speed: 0.0251s/iter; left time: 13043.7575s
	iters: 5600, epoch: 14 | loss: 0.0161181
	speed: 0.0256s/iter; left time: 13319.4858s
	iters: 5700, epoch: 14 | loss: 0.0143003
	speed: 0.0262s/iter; left time: 13612.9628s
	iters: 5800, epoch: 14 | loss: 0.0159976
	speed: 0.0265s/iter; left time: 13753.3806s
	iters: 5900, epoch: 14 | loss: 0.0199557
	speed: 0.0256s/iter; left time: 13279.4924s
	iters: 6000, epoch: 14 | loss: 0.0184604
	speed: 0.0258s/iter; left time: 13399.4782s
Epoch: 14 cost time: 155.92806768417358
Epoch: 14, Steps: 6034 | Train Loss: 0.0171714 Vali Loss: 0.6107623 Test Loss: 0.6281937
EarlyStopping counter: 13 out of 15
Updating learning rate to 6.103515625e-09
	iters: 100, epoch: 15 | loss: 0.0166391
	speed: 0.3131s/iter; left time: 162449.6018s
	iters: 200, epoch: 15 | loss: 0.0159951
	speed: 0.0251s/iter; left time: 13031.9159s
	iters: 300, epoch: 15 | loss: 0.0148099
	speed: 0.0254s/iter; left time: 13173.0253s
	iters: 400, epoch: 15 | loss: 0.0119160
	speed: 0.0266s/iter; left time: 13807.3657s
	iters: 500, epoch: 15 | loss: 0.0178820
	speed: 0.0261s/iter; left time: 13553.2355s
	iters: 600, epoch: 15 | loss: 0.0172998
	speed: 0.0260s/iter; left time: 13482.3887s
	iters: 700, epoch: 15 | loss: 0.0140857
	speed: 0.0251s/iter; left time: 12989.9583s
	iters: 800, epoch: 15 | loss: 0.0186663
	speed: 0.0250s/iter; left time: 12964.1625s
	iters: 900, epoch: 15 | loss: 0.0137268
	speed: 0.0251s/iter; left time: 13007.7765s
	iters: 1000, epoch: 15 | loss: 0.0201959
	speed: 0.0265s/iter; left time: 13726.7665s
	iters: 1100, epoch: 15 | loss: 0.0145936
	speed: 0.0254s/iter; left time: 13140.2990s
	iters: 1200, epoch: 15 | loss: 0.0176270
	speed: 0.0260s/iter; left time: 13484.6034s
	iters: 1300, epoch: 15 | loss: 0.0205276
	speed: 0.0255s/iter; left time: 13205.8003s
	iters: 1400, epoch: 15 | loss: 0.0205965
	speed: 0.0259s/iter; left time: 13406.3623s
	iters: 1500, epoch: 15 | loss: 0.0265733
	speed: 0.0258s/iter; left time: 13332.4738s
	iters: 1600, epoch: 15 | loss: 0.0166235
	speed: 0.0254s/iter; left time: 13139.1113s
	iters: 1700, epoch: 15 | loss: 0.0190467
	speed: 0.0253s/iter; left time: 13083.7083s
	iters: 1800, epoch: 15 | loss: 0.0139837
	speed: 0.0257s/iter; left time: 13289.2960s
	iters: 1900, epoch: 15 | loss: 0.0159435
	speed: 0.0270s/iter; left time: 13971.6939s
	iters: 2000, epoch: 15 | loss: 0.0211847
	speed: 0.0296s/iter; left time: 15281.9081s
	iters: 2100, epoch: 15 | loss: 0.0114153
	speed: 0.0297s/iter; left time: 15327.6831s
	iters: 2200, epoch: 15 | loss: 0.0156404
	speed: 0.0289s/iter; left time: 14929.3898s
	iters: 2300, epoch: 15 | loss: 0.0203104
	speed: 0.0297s/iter; left time: 15318.6674s
	iters: 2400, epoch: 15 | loss: 0.0184005
	speed: 0.0291s/iter; left time: 15020.0815s
	iters: 2500, epoch: 15 | loss: 0.0101917
	speed: 0.0290s/iter; left time: 14991.4687s
	iters: 2600, epoch: 15 | loss: 0.0145930
	speed: 0.0296s/iter; left time: 15279.1825s
	iters: 2700, epoch: 15 | loss: 0.0137175
	speed: 0.0296s/iter; left time: 15280.7328s
	iters: 2800, epoch: 15 | loss: 0.0154030
	speed: 0.0299s/iter; left time: 15406.5178s
	iters: 2900, epoch: 15 | loss: 0.0140361
	speed: 0.0289s/iter; left time: 14892.8981s
	iters: 3000, epoch: 15 | loss: 0.0158878
	speed: 0.0289s/iter; left time: 14906.6954s
	iters: 3100, epoch: 15 | loss: 0.0100922
	speed: 0.0296s/iter; left time: 15279.6891s
	iters: 3200, epoch: 15 | loss: 0.0183389
	speed: 0.0294s/iter; left time: 15155.4530s
	iters: 3300, epoch: 15 | loss: 0.0183295
	speed: 0.0293s/iter; left time: 15084.4663s
	iters: 3400, epoch: 15 | loss: 0.0189371
	speed: 0.0288s/iter; left time: 14841.0488s
	iters: 3500, epoch: 15 | loss: 0.0207037
	speed: 0.0300s/iter; left time: 15439.6141s
	iters: 3600, epoch: 15 | loss: 0.0164968
	speed: 0.0289s/iter; left time: 14886.0545s
	iters: 3700, epoch: 15 | loss: 0.0141278
	speed: 0.0295s/iter; left time: 15187.6953s
	iters: 3800, epoch: 15 | loss: 0.0172610
	speed: 0.0284s/iter; left time: 14654.5486s
	iters: 3900, epoch: 15 | loss: 0.0253988
	speed: 0.0291s/iter; left time: 14993.5370s
	iters: 4000, epoch: 15 | loss: 0.0167885
	speed: 0.0291s/iter; left time: 14996.9998s
	iters: 4100, epoch: 15 | loss: 0.0142328
	speed: 0.0306s/iter; left time: 15746.4581s
	iters: 4200, epoch: 15 | loss: 0.0198335
	speed: 0.0292s/iter; left time: 15038.8197s
	iters: 4300, epoch: 15 | loss: 0.0183086
	speed: 0.0291s/iter; left time: 14978.5216s
	iters: 4400, epoch: 15 | loss: 0.0196620
	speed: 0.0290s/iter; left time: 14927.4818s
	iters: 4500, epoch: 15 | loss: 0.0115994
	speed: 0.0293s/iter; left time: 15081.1303s
	iters: 4600, epoch: 15 | loss: 0.0253228
	speed: 0.0295s/iter; left time: 15157.2609s
	iters: 4700, epoch: 15 | loss: 0.0172309
	speed: 0.0302s/iter; left time: 15504.3465s
	iters: 4800, epoch: 15 | loss: 0.0179387
	speed: 0.0303s/iter; left time: 15557.7585s
	iters: 4900, epoch: 15 | loss: 0.0265166
	speed: 0.0293s/iter; left time: 15081.8563s
	iters: 5000, epoch: 15 | loss: 0.0201977
	speed: 0.0288s/iter; left time: 14789.1577s
	iters: 5100, epoch: 15 | loss: 0.0148224
	speed: 0.0285s/iter; left time: 14625.2907s
	iters: 5200, epoch: 15 | loss: 0.0173826
	speed: 0.0291s/iter; left time: 14961.3178s
	iters: 5300, epoch: 15 | loss: 0.0146382
	speed: 0.0290s/iter; left time: 14910.3764s
	iters: 5400, epoch: 15 | loss: 0.0193515
	speed: 0.0298s/iter; left time: 15299.7773s
	iters: 5500, epoch: 15 | loss: 0.0178149
	speed: 0.0297s/iter; left time: 15229.7809s
	iters: 5600, epoch: 15 | loss: 0.0137118
	speed: 0.0286s/iter; left time: 14662.5077s
	iters: 5700, epoch: 15 | loss: 0.0190138
	speed: 0.0285s/iter; left time: 14644.4343s
	iters: 5800, epoch: 15 | loss: 0.0173902
	speed: 0.0283s/iter; left time: 14504.4810s
	iters: 5900, epoch: 15 | loss: 0.0222804
	speed: 0.0298s/iter; left time: 15313.4985s
	iters: 6000, epoch: 15 | loss: 0.0184480
	speed: 0.0297s/iter; left time: 15254.3808s
Epoch: 15 cost time: 169.95019841194153
Epoch: 15, Steps: 6034 | Train Loss: 0.0171542 Vali Loss: 0.6141073 Test Loss: 0.6294391
EarlyStopping counter: 14 out of 15
Updating learning rate to 3.0517578125e-09
	iters: 100, epoch: 16 | loss: 0.0198637
	speed: 0.3479s/iter; left time: 178417.8593s
	iters: 200, epoch: 16 | loss: 0.0173257
	speed: 0.0285s/iter; left time: 14615.5483s
	iters: 300, epoch: 16 | loss: 0.0126881
	speed: 0.0293s/iter; left time: 14995.8273s
	iters: 400, epoch: 16 | loss: 0.0161776
	speed: 0.0289s/iter; left time: 14829.3308s
	iters: 500, epoch: 16 | loss: 0.0180186
	speed: 0.0298s/iter; left time: 15273.9833s
	iters: 600, epoch: 16 | loss: 0.0175887
	speed: 0.0288s/iter; left time: 14769.7936s
	iters: 700, epoch: 16 | loss: 0.0180425
	speed: 0.0301s/iter; left time: 15438.9617s
	iters: 800, epoch: 16 | loss: 0.0160064
	speed: 0.0292s/iter; left time: 14958.9436s
	iters: 900, epoch: 16 | loss: 0.0205342
	speed: 0.0289s/iter; left time: 14794.7350s
	iters: 1000, epoch: 16 | loss: 0.0162960
	speed: 0.0292s/iter; left time: 14962.2620s
	iters: 1100, epoch: 16 | loss: 0.0228051
	speed: 0.0295s/iter; left time: 15107.2486s
	iters: 1200, epoch: 16 | loss: 0.0191486
	speed: 0.0300s/iter; left time: 15340.1724s
	iters: 1300, epoch: 16 | loss: 0.0167508
	speed: 0.0293s/iter; left time: 14984.9695s
	iters: 1400, epoch: 16 | loss: 0.0154433
	speed: 0.0292s/iter; left time: 14937.7949s
	iters: 1500, epoch: 16 | loss: 0.0144456
	speed: 0.0289s/iter; left time: 14773.9150s
	iters: 1600, epoch: 16 | loss: 0.0210435
	speed: 0.0291s/iter; left time: 14889.8968s
	iters: 1700, epoch: 16 | loss: 0.0201384
	speed: 0.0296s/iter; left time: 15118.1495s
	iters: 1800, epoch: 16 | loss: 0.0212376
	speed: 0.0291s/iter; left time: 14889.0391s
	iters: 1900, epoch: 16 | loss: 0.0133556
	speed: 0.0295s/iter; left time: 15082.3462s
	iters: 2000, epoch: 16 | loss: 0.0131976
	speed: 0.0301s/iter; left time: 15357.3362s
	iters: 2100, epoch: 16 | loss: 0.0102753
	speed: 0.0292s/iter; left time: 14912.4805s
	iters: 2200, epoch: 16 | loss: 0.0187830
	speed: 0.0289s/iter; left time: 14782.8509s
	iters: 2300, epoch: 16 | loss: 0.0151914
	speed: 0.0291s/iter; left time: 14854.1545s
	iters: 2400, epoch: 16 | loss: 0.0211303
	speed: 0.0288s/iter; left time: 14686.2533s
	iters: 2500, epoch: 16 | loss: 0.0112374
	speed: 0.0293s/iter; left time: 14937.0421s
	iters: 2600, epoch: 16 | loss: 0.0126053
	speed: 0.0299s/iter; left time: 15255.9831s
	iters: 2700, epoch: 16 | loss: 0.0187541
	speed: 0.0304s/iter; left time: 15501.5773s
	iters: 2800, epoch: 16 | loss: 0.0173906
	speed: 0.0289s/iter; left time: 14740.1783s
	iters: 2900, epoch: 16 | loss: 0.0190180
	speed: 0.0290s/iter; left time: 14798.0794s
	iters: 3000, epoch: 16 | loss: 0.0175933
	speed: 0.0290s/iter; left time: 14762.9721s
	iters: 3100, epoch: 16 | loss: 0.0173681
	speed: 0.0290s/iter; left time: 14771.9674s
	iters: 3200, epoch: 16 | loss: 0.0220495
	speed: 0.0293s/iter; left time: 14944.7874s
	iters: 3300, epoch: 16 | loss: 0.0161055
	speed: 0.0295s/iter; left time: 15042.7553s
	iters: 3400, epoch: 16 | loss: 0.0145620
	speed: 0.0312s/iter; left time: 15871.2606s
	iters: 3500, epoch: 16 | loss: 0.0152941
	speed: 0.0306s/iter; left time: 15586.6502s
	iters: 3600, epoch: 16 | loss: 0.0156829
	speed: 0.0287s/iter; left time: 14605.2712s
	iters: 3700, epoch: 16 | loss: 0.0147446
	speed: 0.0287s/iter; left time: 14621.7644s
	iters: 3800, epoch: 16 | loss: 0.0250683
	speed: 0.0296s/iter; left time: 15076.8753s
	iters: 3900, epoch: 16 | loss: 0.0196080
	speed: 0.0292s/iter; left time: 14872.1172s
	iters: 4000, epoch: 16 | loss: 0.0136091
	speed: 0.0297s/iter; left time: 15107.3303s
	iters: 4100, epoch: 16 | loss: 0.0130293
	speed: 0.0296s/iter; left time: 15071.4054s
	iters: 4200, epoch: 16 | loss: 0.0197677
	speed: 0.0293s/iter; left time: 14895.8186s
	iters: 4300, epoch: 16 | loss: 0.0166454
	speed: 0.0279s/iter; left time: 14191.6216s
	iters: 4400, epoch: 16 | loss: 0.0212415
	speed: 0.0288s/iter; left time: 14627.8148s
	iters: 4500, epoch: 16 | loss: 0.0168455
	speed: 0.0295s/iter; left time: 14975.6467s
	iters: 4600, epoch: 16 | loss: 0.0169226
	speed: 0.0299s/iter; left time: 15175.4367s
	iters: 4700, epoch: 16 | loss: 0.0198887
	speed: 0.0301s/iter; left time: 15281.9926s
	iters: 4800, epoch: 16 | loss: 0.0286569
	speed: 0.0289s/iter; left time: 14703.1593s
	iters: 4900, epoch: 16 | loss: 0.0162397
	speed: 0.0291s/iter; left time: 14786.5571s
	iters: 5000, epoch: 16 | loss: 0.0226136
	speed: 0.0281s/iter; left time: 14251.5861s
	iters: 5100, epoch: 16 | loss: 0.0157538
	speed: 0.0291s/iter; left time: 14756.4277s
	iters: 5200, epoch: 16 | loss: 0.0147523
	speed: 0.0294s/iter; left time: 14926.3675s
	iters: 5300, epoch: 16 | loss: 0.0088438
	speed: 0.0303s/iter; left time: 15372.5875s
	iters: 5400, epoch: 16 | loss: 0.0139993
	speed: 0.0293s/iter; left time: 14866.0673s
	iters: 5500, epoch: 16 | loss: 0.0142596
	speed: 0.0288s/iter; left time: 14601.9026s
	iters: 5600, epoch: 16 | loss: 0.0135329
	speed: 0.0283s/iter; left time: 14362.4186s
	iters: 5700, epoch: 16 | loss: 0.0183944
	speed: 0.0286s/iter; left time: 14516.5416s
	iters: 5800, epoch: 16 | loss: 0.0157399
	speed: 0.0304s/iter; left time: 15392.1938s
	iters: 5900, epoch: 16 | loss: 0.0119657
	speed: 0.0293s/iter; left time: 14875.5778s
	iters: 6000, epoch: 16 | loss: 0.0146268
	speed: 0.0298s/iter; left time: 15108.7055s
Epoch: 16 cost time: 176.87918901443481
Epoch: 16, Steps: 6034 | Train Loss: 0.0171585 Vali Loss: 0.6079769 Test Loss: 0.6310627
EarlyStopping counter: 15 out of 15
Early stopping
>>>>>>>testing : informerstack_custom_ftMS_sl336_ll168_pl168_dm256_nh8_el3_dl1_df1024_atprob_fc5_ebtimeF_dtTrue_mxTrue_exp_131_0<<<<<<<<<<<<<<<<<<<<<<<<<<<<<<<<<
test 13769
test shape: (1721, 8, 168, 1) (1721, 8, 168, 1)
test shape: (13768, 168, 1) (13768, 168, 1)
mse:0.587675929069519, mae:0.6587426662445068, r2:-2.4454610347747803


Parsed metrics from Informer output (normalized scale):
  MSE:  0.5877
  MAE:  0.6587
  RMSE: 0.7666
  R2:   -2.4455

Metrics after inverse transformation (original scale):
  MSE:  40.9335
  MAE:  5.4978
  RMSE: 6.3979
  R2:   -2.4455
Warning: Failed to record experiment: 'gbk' codec can't encode character '\u2713' in position 0: illegal multibyte sequence
  Training time: 3297.25s
  RMSE: 6.3979
  MAE:  5.4978
  R2:   -2.4455

Saving results...
  Model: Native Informer (saved in external/Informer2020/checkpoints/)
  Predictions: Not saved (native Informer handles this internally)
  Metrics: E:\ANUS_learning\MSI5001-power-transformer-oil-temperature-prediction\models\experiments\exp_131_metrics.json
  Plot: Skipped (native Informer handles visualization internally)

======================================================================
Experiment complete: exp_131
======================================================================

======================================================================
Completed: 2025-11-07 23:33:10
Return code: 0
======================================================================
