======================================================================
Experiment Log
Started: 2025-11-07 16:10:43
Command: C:\ProgramData\anaconda3\python.exe -m scripts.train_configurable --tx-id 2 --model Informer-Long --split-method chronological --feature-mode full --lookback-multiplier 12.0 --horizon 168 --experiment-name exp_116 --data-suffix _no_outlier
======================================================================

======================================================================
Experiment: exp_116
======================================================================
Transformer:     TX2
Model:           Informer-Long
Split method:    chronological
Feature mode:    full
Data suffix:     _no_outlier

Loading data...
  Total samples: 69680
  Features: 17 columns

Window config: WindowConfig(horizon=168, lookback=2016, gap=0)
Creating sliding windows for Informer-Long (keeping sequence structure)...
  Created 67496 windows (shape: (67496, 2016, 17))
Splitting windows (chronological, 20% test)...
  Train: 53996 windows
  Test:  13500 windows

Training Informer-Long...

Calling native Informer from: E:\ANUS_learning\MSI5001-power-transformer-oil-temperature-prediction\external\Informer2020
Command: C:\ProgramData\anaconda3\python.exe E:\ANUS_learning\MSI5001-power-transformer-oil-temperature-prediction\external\Informer2020\main_informer.py --model informerstack --data custom --root_path ./data/ --data_path TX2.csv --features MS --target OT --freq h --seq_len 336 --label_len 168 --pred_len 168 --enc_in 6 --dec_in 1 --c_out 1 --d_model 256 --n_heads 8 --e_layers 3 --d_layers 1 --d_ff 1024 --factor 5 --dropout 0.05 --attn prob --embed timeF --activation gelu --batch_size 8 --train_epochs 8 --patience 3 --learning_rate 0.0001 --des exp_116 --itr 1
Args in experiment:
Namespace(model='informerstack', data='custom', root_path='./data/', data_path='TX1.csv', features='MS', target='OT', freq='h', checkpoints='./checkpoints/', seq_len=336, label_len=168, pred_len=168, enc_in=6, dec_in=1, c_out=1, d_model=256, n_heads=8, e_layers=3, d_layers=1, s_layers=[3, 2, 1], d_ff=1024, factor=5, padding=0, distil=True, dropout=0.05, attn='prob', embed='timeF', activation='gelu', output_attention=False, do_predict=False, mix=True, cols=None, num_workers=0, itr=1, train_epochs=8, batch_size=8, patience=3, learning_rate=0.0001, des='exp_116', loss='mse', lradj='type1', use_amp=False, inverse=False, use_gpu=True, gpu=0, use_multi_gpu=False, devices='0,1,2,3', detail_freq='h')
Use GPU: cuda:0
>>>>>>>start training : informerstack_custom_ftMS_sl336_ll168_pl168_dm256_nh8_el3_dl1_df1024_atprob_fc5_ebtimeF_dtTrue_mxTrue_exp_116_0>>>>>>>>>>>>>>>>>>>>>>>>>>
train 48273
val 6801
test 13769
	iters: 100, epoch: 1 | loss: 0.1829134
	speed: 0.0382s/iter; left time: 1841.9371s
	iters: 200, epoch: 1 | loss: 0.1418981
	speed: 0.0277s/iter; left time: 1332.0717s
	iters: 300, epoch: 1 | loss: 0.1375008
	speed: 0.0278s/iter; left time: 1335.0080s
	iters: 400, epoch: 1 | loss: 0.1293734
	speed: 0.0278s/iter; left time: 1328.9471s
	iters: 500, epoch: 1 | loss: 0.1079681
	speed: 0.0275s/iter; left time: 1313.6364s
	iters: 600, epoch: 1 | loss: 0.1616251
	speed: 0.0277s/iter; left time: 1321.8903s
	iters: 700, epoch: 1 | loss: 0.1016411
	speed: 0.0280s/iter; left time: 1333.3841s
	iters: 800, epoch: 1 | loss: 0.3835102
	speed: 0.0276s/iter; left time: 1311.3566s
	iters: 900, epoch: 1 | loss: 0.1511363
	speed: 0.0277s/iter; left time: 1311.6753s
	iters: 1000, epoch: 1 | loss: 0.1251857
	speed: 0.0280s/iter; left time: 1321.4518s
	iters: 1100, epoch: 1 | loss: 0.1465423
	speed: 0.0279s/iter; left time: 1314.8343s
	iters: 1200, epoch: 1 | loss: 0.1773522
	speed: 0.0276s/iter; left time: 1301.4070s
	iters: 1300, epoch: 1 | loss: 0.1164781
	speed: 0.0278s/iter; left time: 1306.9436s
	iters: 1400, epoch: 1 | loss: 0.1530787
	speed: 0.0280s/iter; left time: 1311.1177s
	iters: 1500, epoch: 1 | loss: 0.2016296
	speed: 0.0277s/iter; left time: 1296.2775s
	iters: 1600, epoch: 1 | loss: 0.1224748
	speed: 0.0278s/iter; left time: 1297.2861s
	iters: 1700, epoch: 1 | loss: 0.1188677
	speed: 0.0278s/iter; left time: 1293.8732s
	iters: 1800, epoch: 1 | loss: 0.2167420
	speed: 0.0280s/iter; left time: 1299.5131s
	iters: 1900, epoch: 1 | loss: 0.1359221
	speed: 0.0278s/iter; left time: 1286.9347s
	iters: 2000, epoch: 1 | loss: 0.1369777
	speed: 0.0278s/iter; left time: 1284.5579s
	iters: 2100, epoch: 1 | loss: 0.0818029
	speed: 0.0280s/iter; left time: 1293.5955s
	iters: 2200, epoch: 1 | loss: 0.1271539
	speed: 0.0277s/iter; left time: 1275.8001s
	iters: 2300, epoch: 1 | loss: 0.1214429
	speed: 0.0277s/iter; left time: 1271.7244s
	iters: 2400, epoch: 1 | loss: 0.1900018
	speed: 0.0278s/iter; left time: 1274.6053s
	iters: 2500, epoch: 1 | loss: 0.1624387
	speed: 0.0280s/iter; left time: 1282.3616s
	iters: 2600, epoch: 1 | loss: 0.0554772
	speed: 0.0279s/iter; left time: 1273.1182s
	iters: 2700, epoch: 1 | loss: 0.0806368
	speed: 0.0277s/iter; left time: 1264.4652s
	iters: 2800, epoch: 1 | loss: 0.1279679
	speed: 0.0279s/iter; left time: 1269.2769s
	iters: 2900, epoch: 1 | loss: 0.0926562
	speed: 0.0279s/iter; left time: 1265.4204s
	iters: 3000, epoch: 1 | loss: 0.0743303
	speed: 0.0276s/iter; left time: 1250.9826s
	iters: 3100, epoch: 1 | loss: 0.0685990
	speed: 0.0277s/iter; left time: 1252.7523s
	iters: 3200, epoch: 1 | loss: 0.0658475
	speed: 0.0280s/iter; left time: 1262.0444s
	iters: 3300, epoch: 1 | loss: 0.0731822
	speed: 0.0278s/iter; left time: 1250.2609s
	iters: 3400, epoch: 1 | loss: 0.0904015
	speed: 0.0277s/iter; left time: 1243.7987s
	iters: 3500, epoch: 1 | loss: 0.0978217
	speed: 0.0278s/iter; left time: 1244.4552s
	iters: 3600, epoch: 1 | loss: 0.0586322
	speed: 0.0280s/iter; left time: 1251.5834s
	iters: 3700, epoch: 1 | loss: 0.0624246
	speed: 0.0279s/iter; left time: 1244.1170s
	iters: 3800, epoch: 1 | loss: 0.0847986
	speed: 0.0278s/iter; left time: 1237.0076s
	iters: 3900, epoch: 1 | loss: 0.0663761
	speed: 0.0280s/iter; left time: 1242.6930s
	iters: 4000, epoch: 1 | loss: 0.1003553
	speed: 0.0278s/iter; left time: 1230.9847s
	iters: 4100, epoch: 1 | loss: 0.0664498
	speed: 0.0279s/iter; left time: 1230.3364s
	iters: 4200, epoch: 1 | loss: 0.0598364
	speed: 0.0279s/iter; left time: 1229.9574s
	iters: 4300, epoch: 1 | loss: 0.0560400
	speed: 0.0280s/iter; left time: 1233.2431s
	iters: 4400, epoch: 1 | loss: 0.0797035
	speed: 0.0278s/iter; left time: 1217.5699s
	iters: 4500, epoch: 1 | loss: 0.0700471
	speed: 0.0279s/iter; left time: 1221.0462s
	iters: 4600, epoch: 1 | loss: 0.0553308
	speed: 0.0278s/iter; left time: 1213.4506s
	iters: 4700, epoch: 1 | loss: 0.0650052
	speed: 0.0285s/iter; left time: 1240.3404s
	iters: 4800, epoch: 1 | loss: 0.0496695
	speed: 0.0279s/iter; left time: 1213.9150s
	iters: 4900, epoch: 1 | loss: 0.0860084
	speed: 0.0279s/iter; left time: 1211.1608s
	iters: 5000, epoch: 1 | loss: 0.0394571
	speed: 0.0282s/iter; left time: 1218.1834s
	iters: 5100, epoch: 1 | loss: 0.0638975
	speed: 0.0280s/iter; left time: 1208.1973s
	iters: 5200, epoch: 1 | loss: 0.0489122
	speed: 0.0281s/iter; left time: 1208.8820s
	iters: 5300, epoch: 1 | loss: 0.0595395
	speed: 0.0278s/iter; left time: 1193.1087s
	iters: 5400, epoch: 1 | loss: 0.0770883
	speed: 0.0282s/iter; left time: 1208.0998s
	iters: 5500, epoch: 1 | loss: 0.0452196
	speed: 0.0279s/iter; left time: 1194.5781s
	iters: 5600, epoch: 1 | loss: 0.0520190
	speed: 0.0282s/iter; left time: 1201.3213s
	iters: 5700, epoch: 1 | loss: 0.0541469
	speed: 0.0283s/iter; left time: 1204.6395s
	iters: 5800, epoch: 1 | loss: 0.0603178
	speed: 0.0279s/iter; left time: 1186.7053s
	iters: 5900, epoch: 1 | loss: 0.0780923
	speed: 0.0278s/iter; left time: 1178.9820s
	iters: 6000, epoch: 1 | loss: 0.0431545
	speed: 0.0280s/iter; left time: 1182.7909s
Epoch: 1 cost time: 168.53586673736572
Epoch: 1, Steps: 6034 | Train Loss: 0.1065650 Vali Loss: 0.7701889 Test Loss: 0.7510235
Validation loss decreased (inf --> 0.770189).  Saving model ...
Updating learning rate to 0.0001
	iters: 100, epoch: 2 | loss: 0.0421286
	speed: 0.3450s/iter; left time: 14538.2503s
	iters: 200, epoch: 2 | loss: 0.0462906
	speed: 0.0280s/iter; left time: 1176.5852s
	iters: 300, epoch: 2 | loss: 0.0810473
	speed: 0.0279s/iter; left time: 1169.1939s
	iters: 400, epoch: 2 | loss: 0.0542577
	speed: 0.0280s/iter; left time: 1172.6669s
	iters: 500, epoch: 2 | loss: 0.0356631
	speed: 0.0280s/iter; left time: 1168.8405s
	iters: 600, epoch: 2 | loss: 0.0550920
	speed: 0.0280s/iter; left time: 1164.1769s
	iters: 700, epoch: 2 | loss: 0.0663974
	speed: 0.0280s/iter; left time: 1165.1336s
	iters: 800, epoch: 2 | loss: 0.0347433
	speed: 0.0285s/iter; left time: 1180.4712s
	iters: 900, epoch: 2 | loss: 0.0385647
	speed: 0.0279s/iter; left time: 1151.3103s
	iters: 1000, epoch: 2 | loss: 0.0484209
	speed: 0.0278s/iter; left time: 1146.8988s
	iters: 1100, epoch: 2 | loss: 0.0506691
	speed: 0.0281s/iter; left time: 1157.4182s
	iters: 1200, epoch: 2 | loss: 0.0516984
	speed: 0.0280s/iter; left time: 1149.2597s
	iters: 1300, epoch: 2 | loss: 0.0495494
	speed: 0.0279s/iter; left time: 1142.0128s
	iters: 1400, epoch: 2 | loss: 0.0299587
	speed: 0.0279s/iter; left time: 1139.7699s
	iters: 1500, epoch: 2 | loss: 0.0340052
	speed: 0.0282s/iter; left time: 1147.4469s
	iters: 1600, epoch: 2 | loss: 0.0323265
	speed: 0.0280s/iter; left time: 1137.8805s
	iters: 1700, epoch: 2 | loss: 0.0380544
	speed: 0.0278s/iter; left time: 1128.0448s
	iters: 1800, epoch: 2 | loss: 0.0410639
	speed: 0.0281s/iter; left time: 1136.1661s
	iters: 1900, epoch: 2 | loss: 0.0372429
	speed: 0.0281s/iter; left time: 1134.0501s
	iters: 2000, epoch: 2 | loss: 0.0392545
	speed: 0.0279s/iter; left time: 1121.8374s
	iters: 2100, epoch: 2 | loss: 0.0320137
	speed: 0.0280s/iter; left time: 1122.6500s
	iters: 2200, epoch: 2 | loss: 0.0406244
	speed: 0.0280s/iter; left time: 1121.6066s
	iters: 2300, epoch: 2 | loss: 0.0281415
	speed: 0.0281s/iter; left time: 1120.7255s
	iters: 2400, epoch: 2 | loss: 0.0389677
	speed: 0.0279s/iter; left time: 1111.5456s
	iters: 2500, epoch: 2 | loss: 0.0267279
	speed: 0.0280s/iter; left time: 1111.0842s
	iters: 2600, epoch: 2 | loss: 0.0373719
	speed: 0.0281s/iter; left time: 1115.0968s
	iters: 2700, epoch: 2 | loss: 0.0263069
	speed: 0.0280s/iter; left time: 1105.5037s
	iters: 2800, epoch: 2 | loss: 0.0436054
	speed: 0.0279s/iter; left time: 1099.0146s
	iters: 2900, epoch: 2 | loss: 0.0286928
	speed: 0.0281s/iter; left time: 1104.4585s
	iters: 3000, epoch: 2 | loss: 0.0363970
	speed: 0.0280s/iter; left time: 1100.4275s
	iters: 3100, epoch: 2 | loss: 0.0426371
	speed: 0.0280s/iter; left time: 1094.0315s
	iters: 3200, epoch: 2 | loss: 0.0420752
	speed: 0.0280s/iter; left time: 1091.5641s
	iters: 3300, epoch: 2 | loss: 0.0399304
	speed: 0.0280s/iter; left time: 1092.1838s
	iters: 3400, epoch: 2 | loss: 0.0343856
	speed: 0.0279s/iter; left time: 1085.5127s
	iters: 3500, epoch: 2 | loss: 0.0394741
	speed: 0.0278s/iter; left time: 1078.8420s
	iters: 3600, epoch: 2 | loss: 0.0537155
	speed: 0.0280s/iter; left time: 1080.6533s
	iters: 3700, epoch: 2 | loss: 0.0389047
	speed: 0.0280s/iter; left time: 1077.9901s
	iters: 3800, epoch: 2 | loss: 0.0276415
	speed: 0.0280s/iter; left time: 1075.9395s
	iters: 3900, epoch: 2 | loss: 0.0319447
	speed: 0.0279s/iter; left time: 1067.9518s
	iters: 4000, epoch: 2 | loss: 0.0407880
	speed: 0.0281s/iter; left time: 1075.7722s
	iters: 4100, epoch: 2 | loss: 0.0341381
	speed: 0.0279s/iter; left time: 1062.7873s
	iters: 4200, epoch: 2 | loss: 0.0325921
	speed: 0.0279s/iter; left time: 1062.1189s
	iters: 4300, epoch: 2 | loss: 0.0620419
	speed: 0.0279s/iter; left time: 1059.7856s
	iters: 4400, epoch: 2 | loss: 0.0348839
	speed: 0.0280s/iter; left time: 1060.3846s
	iters: 4500, epoch: 2 | loss: 0.0524218
	speed: 0.0279s/iter; left time: 1051.6134s
	iters: 4600, epoch: 2 | loss: 0.0332172
	speed: 0.0279s/iter; left time: 1050.7360s
	iters: 4700, epoch: 2 | loss: 0.0455094
	speed: 0.0282s/iter; left time: 1059.8984s
	iters: 4800, epoch: 2 | loss: 0.0469903
	speed: 0.0279s/iter; left time: 1044.0097s
	iters: 4900, epoch: 2 | loss: 0.0528719
	speed: 0.0279s/iter; left time: 1041.1258s
	iters: 5000, epoch: 2 | loss: 0.0414758
	speed: 0.0279s/iter; left time: 1039.0063s
	iters: 5100, epoch: 2 | loss: 0.0272055
	speed: 0.0280s/iter; left time: 1038.6836s
	iters: 5200, epoch: 2 | loss: 0.0342375
	speed: 0.0280s/iter; left time: 1038.8143s
	iters: 5300, epoch: 2 | loss: 0.0555102
	speed: 0.0279s/iter; left time: 1029.4427s
	iters: 5400, epoch: 2 | loss: 0.0395706
	speed: 0.0279s/iter; left time: 1026.8364s
	iters: 5500, epoch: 2 | loss: 0.0274930
	speed: 0.0281s/iter; left time: 1032.4588s
	iters: 5600, epoch: 2 | loss: 0.0350378
	speed: 0.0279s/iter; left time: 1022.8880s
	iters: 5700, epoch: 2 | loss: 0.0299143
	speed: 0.0279s/iter; left time: 1018.8844s
	iters: 5800, epoch: 2 | loss: 0.0331754
	speed: 0.0279s/iter; left time: 1016.7314s
	iters: 5900, epoch: 2 | loss: 0.0375140
	speed: 0.0279s/iter; left time: 1012.1414s
	iters: 6000, epoch: 2 | loss: 0.0231465
	speed: 0.0279s/iter; left time: 1011.2427s
Epoch: 2 cost time: 168.7998824119568
Epoch: 2, Steps: 6034 | Train Loss: 0.0412209 Vali Loss: 0.6728766 Test Loss: 0.5443324
Validation loss decreased (0.770189 --> 0.672877).  Saving model ...
Updating learning rate to 5e-05
	iters: 100, epoch: 3 | loss: 0.0246388
	speed: 0.3442s/iter; left time: 12427.9197s
	iters: 200, epoch: 3 | loss: 0.0169969
	speed: 0.0280s/iter; left time: 1007.1415s
	iters: 300, epoch: 3 | loss: 0.0198513
	speed: 0.0277s/iter; left time: 993.4978s
	iters: 400, epoch: 3 | loss: 0.0205153
	speed: 0.0278s/iter; left time: 996.9571s
	iters: 500, epoch: 3 | loss: 0.0241380
	speed: 0.0279s/iter; left time: 995.8246s
	iters: 600, epoch: 3 | loss: 0.0276252
	speed: 0.0278s/iter; left time: 989.2974s
	iters: 700, epoch: 3 | loss: 0.0229201
	speed: 0.0277s/iter; left time: 985.1910s
	iters: 800, epoch: 3 | loss: 0.0350784
	speed: 0.0278s/iter; left time: 985.8633s
	iters: 900, epoch: 3 | loss: 0.0333166
	speed: 0.0279s/iter; left time: 985.9907s
	iters: 1000, epoch: 3 | loss: 0.0286470
	speed: 0.0279s/iter; left time: 983.1434s
	iters: 1100, epoch: 3 | loss: 0.0229205
	speed: 0.0278s/iter; left time: 976.8368s
	iters: 1200, epoch: 3 | loss: 0.0205779
	speed: 0.0279s/iter; left time: 975.4634s
	iters: 1300, epoch: 3 | loss: 0.0383834
	speed: 0.0277s/iter; left time: 967.3157s
	iters: 1400, epoch: 3 | loss: 0.0244675
	speed: 0.0277s/iter; left time: 963.9766s
	iters: 1500, epoch: 3 | loss: 0.0217674
	speed: 0.0278s/iter; left time: 963.8422s
	iters: 1600, epoch: 3 | loss: 0.0232414
	speed: 0.0282s/iter; left time: 974.9578s
	iters: 1700, epoch: 3 | loss: 0.0261521
	speed: 0.0278s/iter; left time: 958.6192s
	iters: 1800, epoch: 3 | loss: 0.0255347
	speed: 0.0279s/iter; left time: 959.2693s
	iters: 1900, epoch: 3 | loss: 0.0219502
	speed: 0.0278s/iter; left time: 952.6568s
	iters: 2000, epoch: 3 | loss: 0.0242679
	speed: 0.0280s/iter; left time: 956.1194s
	iters: 2100, epoch: 3 | loss: 0.0316619
	speed: 0.0279s/iter; left time: 952.4512s
	iters: 2200, epoch: 3 | loss: 0.0174717
	speed: 0.0277s/iter; left time: 943.6168s
	iters: 2300, epoch: 3 | loss: 0.0245644
	speed: 0.0280s/iter; left time: 950.1134s
	iters: 2400, epoch: 3 | loss: 0.0225099
	speed: 0.0278s/iter; left time: 938.7820s
	iters: 2500, epoch: 3 | loss: 0.0255920
	speed: 0.0279s/iter; left time: 939.1169s
	iters: 2600, epoch: 3 | loss: 0.0282678
	speed: 0.0277s/iter; left time: 930.4351s
	iters: 2700, epoch: 3 | loss: 0.0315934
	speed: 0.0279s/iter; left time: 934.1241s
	iters: 2800, epoch: 3 | loss: 0.0161658
	speed: 0.0278s/iter; left time: 928.0805s
	iters: 2900, epoch: 3 | loss: 0.0160788
	speed: 0.0279s/iter; left time: 930.8219s
	iters: 3000, epoch: 3 | loss: 0.0141208
	speed: 0.0280s/iter; left time: 928.5358s
	iters: 3100, epoch: 3 | loss: 0.0247874
	speed: 0.0280s/iter; left time: 927.5151s
	iters: 3200, epoch: 3 | loss: 0.0195265
	speed: 0.0277s/iter; left time: 913.3823s
	iters: 3300, epoch: 3 | loss: 0.0221683
	speed: 0.0279s/iter; left time: 919.3676s
	iters: 3400, epoch: 3 | loss: 0.0208447
	speed: 0.0280s/iter; left time: 918.1624s
	iters: 3500, epoch: 3 | loss: 0.0204488
	speed: 0.0278s/iter; left time: 910.0669s
	iters: 3600, epoch: 3 | loss: 0.0205941
	speed: 0.0277s/iter; left time: 904.3643s
	iters: 3700, epoch: 3 | loss: 0.0254297
	speed: 0.0278s/iter; left time: 904.5082s
	iters: 3800, epoch: 3 | loss: 0.0177169
	speed: 0.0280s/iter; left time: 907.6795s
	iters: 3900, epoch: 3 | loss: 0.0238694
	speed: 0.0277s/iter; left time: 895.3796s
	iters: 4000, epoch: 3 | loss: 0.0261486
	speed: 0.0279s/iter; left time: 898.0117s
	iters: 4100, epoch: 3 | loss: 0.0252618
	speed: 0.0279s/iter; left time: 897.3127s
	iters: 4200, epoch: 3 | loss: 0.0269593
	speed: 0.0279s/iter; left time: 892.0042s
	iters: 4300, epoch: 3 | loss: 0.0225174
	speed: 0.0279s/iter; left time: 889.5299s
	iters: 4400, epoch: 3 | loss: 0.0219486
	speed: 0.0281s/iter; left time: 892.2579s
	iters: 4500, epoch: 3 | loss: 0.0187587
	speed: 0.0280s/iter; left time: 886.9043s
	iters: 4600, epoch: 3 | loss: 0.0186335
	speed: 0.0279s/iter; left time: 880.9385s
	iters: 4700, epoch: 3 | loss: 0.0181118
	speed: 0.0278s/iter; left time: 877.3589s
	iters: 4800, epoch: 3 | loss: 0.0211996
	speed: 0.0278s/iter; left time: 872.5390s
	iters: 4900, epoch: 3 | loss: 0.0229366
	speed: 0.0282s/iter; left time: 881.7641s
	iters: 5000, epoch: 3 | loss: 0.0225651
	speed: 0.0278s/iter; left time: 867.8712s
	iters: 5100, epoch: 3 | loss: 0.0268515
	speed: 0.0278s/iter; left time: 864.9955s
	iters: 5200, epoch: 3 | loss: 0.0176984
	speed: 0.0282s/iter; left time: 873.8473s
	iters: 5300, epoch: 3 | loss: 0.0199424
	speed: 0.0278s/iter; left time: 857.6515s
	iters: 5400, epoch: 3 | loss: 0.0279117
	speed: 0.0279s/iter; left time: 860.0105s
	iters: 5500, epoch: 3 | loss: 0.0150699
	speed: 0.0280s/iter; left time: 860.9759s
	iters: 5600, epoch: 3 | loss: 0.0135791
	speed: 0.0282s/iter; left time: 863.1217s
	iters: 5700, epoch: 3 | loss: 0.0230870
	speed: 0.0279s/iter; left time: 850.8954s
	iters: 5800, epoch: 3 | loss: 0.0170193
	speed: 0.0278s/iter; left time: 844.2042s
	iters: 5900, epoch: 3 | loss: 0.0302220
	speed: 0.0278s/iter; left time: 842.9879s
	iters: 6000, epoch: 3 | loss: 0.0185646
	speed: 0.0279s/iter; left time: 841.5336s
Epoch: 3 cost time: 168.21408081054688
Epoch: 3, Steps: 6034 | Train Loss: 0.0231643 Vali Loss: 0.6395900 Test Loss: 0.5331298
Validation loss decreased (0.672877 --> 0.639590).  Saving model ...
Updating learning rate to 2.5e-05
	iters: 100, epoch: 4 | loss: 0.0227955
	speed: 0.3435s/iter; left time: 10329.6071s
	iters: 200, epoch: 4 | loss: 0.0212018
	speed: 0.0279s/iter; left time: 834.7464s
	iters: 300, epoch: 4 | loss: 0.0199189
	speed: 0.0280s/iter; left time: 836.8662s
	iters: 400, epoch: 4 | loss: 0.0191795
	speed: 0.0279s/iter; left time: 830.9713s
	iters: 500, epoch: 4 | loss: 0.0167453
	speed: 0.0279s/iter; left time: 828.4575s
	iters: 600, epoch: 4 | loss: 0.0198520
	speed: 0.0280s/iter; left time: 828.9649s
	iters: 700, epoch: 4 | loss: 0.0162031
	speed: 0.0278s/iter; left time: 819.4127s
	iters: 800, epoch: 4 | loss: 0.0202639
	speed: 0.0278s/iter; left time: 816.0873s
	iters: 900, epoch: 4 | loss: 0.0183157
	speed: 0.0280s/iter; left time: 819.5515s
	iters: 1000, epoch: 4 | loss: 0.0205951
	speed: 0.0282s/iter; left time: 821.9549s
	iters: 1100, epoch: 4 | loss: 0.0185185
	speed: 0.0279s/iter; left time: 809.7621s
	iters: 1200, epoch: 4 | loss: 0.0248138
	speed: 0.0279s/iter; left time: 807.8995s
	iters: 1300, epoch: 4 | loss: 0.0154226
	speed: 0.0278s/iter; left time: 801.7892s
	iters: 1400, epoch: 4 | loss: 0.0182223
	speed: 0.0280s/iter; left time: 804.1733s
	iters: 1500, epoch: 4 | loss: 0.0256637
	speed: 0.0280s/iter; left time: 802.7161s
	iters: 1600, epoch: 4 | loss: 0.0134609
	speed: 0.0278s/iter; left time: 793.2013s
	iters: 1700, epoch: 4 | loss: 0.0182401
	speed: 0.0281s/iter; left time: 800.7784s
	iters: 1800, epoch: 4 | loss: 0.0155992
	speed: 0.0279s/iter; left time: 792.6057s
	iters: 1900, epoch: 4 | loss: 0.0257591
	speed: 0.0280s/iter; left time: 790.7027s
	iters: 2000, epoch: 4 | loss: 0.0155784
	speed: 0.0279s/iter; left time: 785.6905s
	iters: 2100, epoch: 4 | loss: 0.0221913
	speed: 0.0282s/iter; left time: 792.4896s
	iters: 2200, epoch: 4 | loss: 0.0152850
	speed: 0.0280s/iter; left time: 782.4273s
	iters: 2300, epoch: 4 | loss: 0.0171375
	speed: 0.0278s/iter; left time: 776.0482s
	iters: 2400, epoch: 4 | loss: 0.0185164
	speed: 0.0279s/iter; left time: 774.9272s
	iters: 2500, epoch: 4 | loss: 0.0209155
	speed: 0.0282s/iter; left time: 780.4855s
	iters: 2600, epoch: 4 | loss: 0.0112668
	speed: 0.0280s/iter; left time: 771.5446s
	iters: 2700, epoch: 4 | loss: 0.0180558
	speed: 0.0279s/iter; left time: 766.9443s
	iters: 2800, epoch: 4 | loss: 0.0217739
	speed: 0.0281s/iter; left time: 768.5590s
	iters: 2900, epoch: 4 | loss: 0.0198491
	speed: 0.0281s/iter; left time: 765.3646s
	iters: 3000, epoch: 4 | loss: 0.0155877
	speed: 0.0279s/iter; left time: 756.8858s
	iters: 3100, epoch: 4 | loss: 0.0248216
	speed: 0.0279s/iter; left time: 755.4947s
	iters: 3200, epoch: 4 | loss: 0.0119626
	speed: 0.0280s/iter; left time: 755.0814s
	iters: 3300, epoch: 4 | loss: 0.0140612
	speed: 0.0280s/iter; left time: 751.5167s
	iters: 3400, epoch: 4 | loss: 0.0159084
	speed: 0.0278s/iter; left time: 744.3249s
	iters: 3500, epoch: 4 | loss: 0.0184617
	speed: 0.0280s/iter; left time: 747.0973s
	iters: 3600, epoch: 4 | loss: 0.0172062
	speed: 0.0279s/iter; left time: 741.2077s
	iters: 3700, epoch: 4 | loss: 0.0162540
	speed: 0.0280s/iter; left time: 740.6991s
	iters: 3800, epoch: 4 | loss: 0.0126141
	speed: 0.0279s/iter; left time: 735.2717s
	iters: 3900, epoch: 4 | loss: 0.0179549
	speed: 0.0280s/iter; left time: 736.2033s
	iters: 4000, epoch: 4 | loss: 0.0150659
	speed: 0.0278s/iter; left time: 727.7168s
	iters: 4100, epoch: 4 | loss: 0.0151263
	speed: 0.0279s/iter; left time: 727.7939s
	iters: 4200, epoch: 4 | loss: 0.0210211
	speed: 0.0282s/iter; left time: 732.6245s
	iters: 4300, epoch: 4 | loss: 0.0119759
	speed: 0.0280s/iter; left time: 725.4409s
	iters: 4400, epoch: 4 | loss: 0.0091682
	speed: 0.0278s/iter; left time: 716.4816s
	iters: 4500, epoch: 4 | loss: 0.0177619
	speed: 0.0279s/iter; left time: 716.4580s
	iters: 4600, epoch: 4 | loss: 0.0168160
	speed: 0.0281s/iter; left time: 719.5074s
	iters: 4700, epoch: 4 | loss: 0.0161609
	speed: 0.0280s/iter; left time: 712.5547s
	iters: 4800, epoch: 4 | loss: 0.0173267
	speed: 0.0279s/iter; left time: 707.1289s
	iters: 4900, epoch: 4 | loss: 0.0182288
	speed: 0.0280s/iter; left time: 707.4681s
	iters: 5000, epoch: 4 | loss: 0.0172749
	speed: 0.0280s/iter; left time: 705.4701s
	iters: 5100, epoch: 4 | loss: 0.0115976
	speed: 0.0279s/iter; left time: 699.8922s
	iters: 5200, epoch: 4 | loss: 0.0183610
	speed: 0.0279s/iter; left time: 696.5671s
	iters: 5300, epoch: 4 | loss: 0.0250242
	speed: 0.0279s/iter; left time: 693.5543s
	iters: 5400, epoch: 4 | loss: 0.0154136
	speed: 0.0281s/iter; left time: 695.4340s
	iters: 5500, epoch: 4 | loss: 0.0134214
	speed: 0.0278s/iter; left time: 685.6213s
	iters: 5600, epoch: 4 | loss: 0.0189406
	speed: 0.0279s/iter; left time: 684.6774s
	iters: 5700, epoch: 4 | loss: 0.0146367
	speed: 0.0281s/iter; left time: 687.9899s
	iters: 5800, epoch: 4 | loss: 0.0148640
	speed: 0.0280s/iter; left time: 681.4157s
	iters: 5900, epoch: 4 | loss: 0.0157150
	speed: 0.0279s/iter; left time: 677.7542s
	iters: 6000, epoch: 4 | loss: 0.0174427
	speed: 0.0279s/iter; left time: 674.6993s
Epoch: 4 cost time: 168.6435191631317
Epoch: 4, Steps: 6034 | Train Loss: 0.0175459 Vali Loss: 0.6461821 Test Loss: 0.5134040
EarlyStopping counter: 1 out of 3
Updating learning rate to 1.25e-05
	iters: 100, epoch: 5 | loss: 0.0170695
	speed: 0.3441s/iter; left time: 8270.0971s
	iters: 200, epoch: 5 | loss: 0.0131648
	speed: 0.0279s/iter; left time: 668.9707s
	iters: 300, epoch: 5 | loss: 0.0106601
	speed: 0.0280s/iter; left time: 666.4804s
	iters: 400, epoch: 5 | loss: 0.0186730
	speed: 0.0281s/iter; left time: 667.3547s
	iters: 500, epoch: 5 | loss: 0.0171874
	speed: 0.0278s/iter; left time: 658.2704s
	iters: 600, epoch: 5 | loss: 0.0157118
	speed: 0.0281s/iter; left time: 661.7422s
	iters: 700, epoch: 5 | loss: 0.0163026
	speed: 0.0281s/iter; left time: 657.8887s
	iters: 800, epoch: 5 | loss: 0.0147808
	speed: 0.0281s/iter; left time: 656.6695s
	iters: 900, epoch: 5 | loss: 0.0123402
	speed: 0.0285s/iter; left time: 663.3764s
	iters: 1000, epoch: 5 | loss: 0.0141375
	speed: 0.0280s/iter; left time: 646.9206s
	iters: 1100, epoch: 5 | loss: 0.0090342
	speed: 0.0282s/iter; left time: 650.3622s
	iters: 1200, epoch: 5 | loss: 0.0194420
	speed: 0.0281s/iter; left time: 644.6568s
	iters: 1300, epoch: 5 | loss: 0.0155908
	speed: 0.0280s/iter; left time: 638.9825s
	iters: 1400, epoch: 5 | loss: 0.0162845
	speed: 0.0281s/iter; left time: 639.7014s
	iters: 1500, epoch: 5 | loss: 0.0175374
	speed: 0.0280s/iter; left time: 634.3249s
	iters: 1600, epoch: 5 | loss: 0.0136447
	speed: 0.0280s/iter; left time: 631.1028s
	iters: 1700, epoch: 5 | loss: 0.0137788
	speed: 0.0279s/iter; left time: 626.7693s
	iters: 1800, epoch: 5 | loss: 0.0095356
	speed: 0.0285s/iter; left time: 636.4230s
	iters: 1900, epoch: 5 | loss: 0.0179271
	speed: 0.0280s/iter; left time: 623.0891s
	iters: 2000, epoch: 5 | loss: 0.0188415
	speed: 0.0281s/iter; left time: 621.6874s
	iters: 2100, epoch: 5 | loss: 0.0187156
	speed: 0.0279s/iter; left time: 615.9035s
	iters: 2200, epoch: 5 | loss: 0.0136866
	speed: 0.0281s/iter; left time: 615.6860s
	iters: 2300, epoch: 5 | loss: 0.0138451
	speed: 0.0281s/iter; left time: 612.5585s
	iters: 2400, epoch: 5 | loss: 0.0150342
	speed: 0.0281s/iter; left time: 610.6722s
	iters: 2500, epoch: 5 | loss: 0.0127167
	speed: 0.0282s/iter; left time: 611.1078s
	iters: 2600, epoch: 5 | loss: 0.0152500
	speed: 0.0278s/iter; left time: 599.7013s
	iters: 2700, epoch: 5 | loss: 0.0105397
	speed: 0.0279s/iter; left time: 598.7808s
	iters: 2800, epoch: 5 | loss: 0.0100437
	speed: 0.0280s/iter; left time: 597.2845s
	iters: 2900, epoch: 5 | loss: 0.0164808
	speed: 0.0280s/iter; left time: 594.7571s
	iters: 3000, epoch: 5 | loss: 0.0157492
	speed: 0.0282s/iter; left time: 595.6652s
	iters: 3100, epoch: 5 | loss: 0.0157268
	speed: 0.0281s/iter; left time: 591.6604s
	iters: 3200, epoch: 5 | loss: 0.0163294
	speed: 0.0280s/iter; left time: 586.7975s
	iters: 3300, epoch: 5 | loss: 0.0144570
	speed: 0.0281s/iter; left time: 585.9798s
	iters: 3400, epoch: 5 | loss: 0.0194956
	speed: 0.0281s/iter; left time: 581.9898s
	iters: 3500, epoch: 5 | loss: 0.0152718
	speed: 0.0279s/iter; left time: 576.4820s
	iters: 3600, epoch: 5 | loss: 0.0186636
	speed: 0.0280s/iter; left time: 574.9618s
	iters: 3700, epoch: 5 | loss: 0.0140555
	speed: 0.0281s/iter; left time: 573.6415s
	iters: 3800, epoch: 5 | loss: 0.0122168
	speed: 0.0280s/iter; left time: 569.5054s
	iters: 3900, epoch: 5 | loss: 0.0138146
	speed: 0.0281s/iter; left time: 567.9527s
	iters: 4000, epoch: 5 | loss: 0.0080293
	speed: 0.0281s/iter; left time: 566.7908s
	iters: 4100, epoch: 5 | loss: 0.0146434
	speed: 0.0281s/iter; left time: 562.1939s
	iters: 4200, epoch: 5 | loss: 0.0217848
	speed: 0.0279s/iter; left time: 556.2860s
	iters: 4300, epoch: 5 | loss: 0.0138642
	speed: 0.0280s/iter; left time: 555.5613s
	iters: 4400, epoch: 5 | loss: 0.0150612
	speed: 0.0281s/iter; left time: 554.5541s
	iters: 4500, epoch: 5 | loss: 0.0168639
	speed: 0.0278s/iter; left time: 545.7136s
	iters: 4600, epoch: 5 | loss: 0.0139780
	speed: 0.0279s/iter; left time: 545.9813s
	iters: 4700, epoch: 5 | loss: 0.0120787
	speed: 0.0283s/iter; left time: 550.6507s
	iters: 4800, epoch: 5 | loss: 0.0163141
	speed: 0.0280s/iter; left time: 542.2705s
	iters: 4900, epoch: 5 | loss: 0.0126636
	speed: 0.0281s/iter; left time: 540.0762s
	iters: 5000, epoch: 5 | loss: 0.0230597
	speed: 0.0279s/iter; left time: 534.4654s
	iters: 5100, epoch: 5 | loss: 0.0248745
	speed: 0.0281s/iter; left time: 534.8736s
	iters: 5200, epoch: 5 | loss: 0.0183457
	speed: 0.0281s/iter; left time: 532.4044s
	iters: 5300, epoch: 5 | loss: 0.0118226
	speed: 0.0280s/iter; left time: 527.8002s
	iters: 5400, epoch: 5 | loss: 0.0128719
	speed: 0.0281s/iter; left time: 526.8034s
	iters: 5500, epoch: 5 | loss: 0.0167899
	speed: 0.0282s/iter; left time: 525.5271s
	iters: 5600, epoch: 5 | loss: 0.0194583
	speed: 0.0280s/iter; left time: 519.2332s
	iters: 5700, epoch: 5 | loss: 0.0155743
	speed: 0.0281s/iter; left time: 517.5927s
	iters: 5800, epoch: 5 | loss: 0.0113247
	speed: 0.0279s/iter; left time: 511.8699s
	iters: 5900, epoch: 5 | loss: 0.0174608
	speed: 0.0279s/iter; left time: 508.9366s
	iters: 6000, epoch: 5 | loss: 0.0205656
	speed: 0.0280s/iter; left time: 507.4726s
Epoch: 5 cost time: 169.28320336341858
Epoch: 5, Steps: 6034 | Train Loss: 0.0152438 Vali Loss: 0.6404839 Test Loss: 0.4914375
EarlyStopping counter: 2 out of 3
Updating learning rate to 6.25e-06
	iters: 100, epoch: 6 | loss: 0.0102758
	speed: 0.3446s/iter; left time: 6203.8126s
	iters: 200, epoch: 6 | loss: 0.0157118
	speed: 0.0280s/iter; left time: 500.7400s
	iters: 300, epoch: 6 | loss: 0.0131818
	speed: 0.0280s/iter; left time: 498.0916s
	iters: 400, epoch: 6 | loss: 0.0171803
	speed: 0.0279s/iter; left time: 493.3831s
	iters: 500, epoch: 6 | loss: 0.0151650
	speed: 0.0280s/iter; left time: 493.1058s
	iters: 600, epoch: 6 | loss: 0.0181255
	speed: 0.0280s/iter; left time: 489.4663s
	iters: 700, epoch: 6 | loss: 0.0132365
	speed: 0.0281s/iter; left time: 489.4911s
	iters: 800, epoch: 6 | loss: 0.0174046
	speed: 0.0281s/iter; left time: 486.2535s
	iters: 900, epoch: 6 | loss: 0.0152130
	speed: 0.0281s/iter; left time: 483.6110s
	iters: 1000, epoch: 6 | loss: 0.0245312
	speed: 0.0280s/iter; left time: 479.3217s
	iters: 1100, epoch: 6 | loss: 0.0139302
	speed: 0.0280s/iter; left time: 476.5025s
	iters: 1200, epoch: 6 | loss: 0.0192434
	speed: 0.0281s/iter; left time: 475.3181s
	iters: 1300, epoch: 6 | loss: 0.0149022
	speed: 0.0280s/iter; left time: 470.6390s
	iters: 1400, epoch: 6 | loss: 0.0130073
	speed: 0.0279s/iter; left time: 465.5116s
	iters: 1500, epoch: 6 | loss: 0.0150921
	speed: 0.0283s/iter; left time: 469.2094s
	iters: 1600, epoch: 6 | loss: 0.0146366
	speed: 0.0279s/iter; left time: 460.6394s
	iters: 1700, epoch: 6 | loss: 0.0134720
	speed: 0.0280s/iter; left time: 459.4204s
	iters: 1800, epoch: 6 | loss: 0.0208710
	speed: 0.0280s/iter; left time: 455.8735s
	iters: 1900, epoch: 6 | loss: 0.0165309
	speed: 0.0281s/iter; left time: 455.4214s
	iters: 2000, epoch: 6 | loss: 0.0169557
	speed: 0.0281s/iter; left time: 453.1523s
	iters: 2100, epoch: 6 | loss: 0.0178814
	speed: 0.0280s/iter; left time: 447.7961s
	iters: 2200, epoch: 6 | loss: 0.0100954
	speed: 0.0279s/iter; left time: 444.1896s
	iters: 2300, epoch: 6 | loss: 0.0143653
	speed: 0.0279s/iter; left time: 441.0792s
	iters: 2400, epoch: 6 | loss: 0.0122502
	speed: 0.0280s/iter; left time: 439.1363s
	iters: 2500, epoch: 6 | loss: 0.0087272
	speed: 0.0279s/iter; left time: 435.4904s
	iters: 2600, epoch: 6 | loss: 0.0192299
	speed: 0.0282s/iter; left time: 436.4663s
	iters: 2700, epoch: 6 | loss: 0.0178463
	speed: 0.0280s/iter; left time: 431.5388s
	iters: 2800, epoch: 6 | loss: 0.0163748
	speed: 0.0278s/iter; left time: 425.5312s
	iters: 2900, epoch: 6 | loss: 0.0139502
	speed: 0.0282s/iter; left time: 427.9953s
	iters: 3000, epoch: 6 | loss: 0.0120632
	speed: 0.0280s/iter; left time: 422.1482s
	iters: 3100, epoch: 6 | loss: 0.0130312
	speed: 0.0281s/iter; left time: 422.3092s
	iters: 3200, epoch: 6 | loss: 0.0149480
	speed: 0.0279s/iter; left time: 415.9228s
	iters: 3300, epoch: 6 | loss: 0.0152997
	speed: 0.0280s/iter; left time: 414.6626s
	iters: 3400, epoch: 6 | loss: 0.0068584
	speed: 0.0280s/iter; left time: 412.1128s
	iters: 3500, epoch: 6 | loss: 0.0250867
	speed: 0.0280s/iter; left time: 408.4773s
	iters: 3600, epoch: 6 | loss: 0.0192568
	speed: 0.0279s/iter; left time: 405.2470s
	iters: 3700, epoch: 6 | loss: 0.0116856
	speed: 0.0282s/iter; left time: 406.4093s
	iters: 3800, epoch: 6 | loss: 0.0096219
	speed: 0.0281s/iter; left time: 401.5485s
	iters: 3900, epoch: 6 | loss: 0.0202983
	speed: 0.0279s/iter; left time: 396.1390s
	iters: 4000, epoch: 6 | loss: 0.0123736
	speed: 0.0281s/iter; left time: 396.5329s
	iters: 4100, epoch: 6 | loss: 0.0196080
	speed: 0.0278s/iter; left time: 389.3172s
	iters: 4200, epoch: 6 | loss: 0.0140206
	speed: 0.0281s/iter; left time: 390.5575s
	iters: 4300, epoch: 6 | loss: 0.0110631
	speed: 0.0279s/iter; left time: 385.7844s
	iters: 4400, epoch: 6 | loss: 0.0158600
	speed: 0.0281s/iter; left time: 384.5354s
	iters: 4500, epoch: 6 | loss: 0.0136838
	speed: 0.0280s/iter; left time: 381.4826s
	iters: 4600, epoch: 6 | loss: 0.0132655
	speed: 0.0280s/iter; left time: 377.4398s
	iters: 4700, epoch: 6 | loss: 0.0091533
	speed: 0.0279s/iter; left time: 373.8516s
	iters: 4800, epoch: 6 | loss: 0.0105285
	speed: 0.0281s/iter; left time: 374.2028s
	iters: 4900, epoch: 6 | loss: 0.0159317
	speed: 0.0280s/iter; left time: 369.9454s
	iters: 5000, epoch: 6 | loss: 0.0195288
	speed: 0.0279s/iter; left time: 365.1980s
	iters: 5100, epoch: 6 | loss: 0.0199686
	speed: 0.0281s/iter; left time: 365.0340s
	iters: 5200, epoch: 6 | loss: 0.0134501
	speed: 0.0281s/iter; left time: 362.0658s
	iters: 5300, epoch: 6 | loss: 0.0135757
	speed: 0.0279s/iter; left time: 357.7309s
	iters: 5400, epoch: 6 | loss: 0.0150668
	speed: 0.0280s/iter; left time: 355.5527s
	iters: 5500, epoch: 6 | loss: 0.0125553
	speed: 0.0280s/iter; left time: 352.2898s
	iters: 5600, epoch: 6 | loss: 0.0143815
	speed: 0.0278s/iter; left time: 348.1024s
	iters: 5700, epoch: 6 | loss: 0.0098441
	speed: 0.0279s/iter; left time: 345.8392s
	iters: 5800, epoch: 6 | loss: 0.0144964
	speed: 0.0280s/iter; left time: 344.4236s
	iters: 5900, epoch: 6 | loss: 0.0081023
	speed: 0.0279s/iter; left time: 340.0688s
	iters: 6000, epoch: 6 | loss: 0.0157699
	speed: 0.0280s/iter; left time: 338.7189s
Epoch: 6 cost time: 168.95629835128784
Epoch: 6, Steps: 6034 | Train Loss: 0.0142457 Vali Loss: 0.6443986 Test Loss: 0.4909174
EarlyStopping counter: 3 out of 3
Early stopping
>>>>>>>testing : informerstack_custom_ftMS_sl336_ll168_pl168_dm256_nh8_el3_dl1_df1024_atprob_fc5_ebtimeF_dtTrue_mxTrue_exp_116_0<<<<<<<<<<<<<<<<<<<<<<<<<<<<<<<<<
test 13769
test shape: (1721, 8, 168, 1) (1721, 8, 168, 1)
test shape: (13768, 168, 1) (13768, 168, 1)
mse:0.5330520272254944, mae:0.6322073936462402, r2:-2.125208854675293


Parsed metrics from Informer output (normalized scale):
  MSE:  0.5331
  MAE:  0.6322
  RMSE: 0.7301
  R2:   -2.1252

Metrics after inverse transformation (original scale):
  MSE:  69.2831
  MAE:  7.2076
  RMSE: 8.3236
  R2:   -2.1252
Warning: Failed to record experiment: 'gbk' codec can't encode character '\u2713' in position 0: illegal multibyte sequence
  Training time: 1220.13s
  RMSE: 8.3236
  MAE:  7.2076
  R2:   -2.1252

Saving results...
  Model: Native Informer (saved in external/Informer2020/checkpoints/)
  Predictions: Not saved (native Informer handles this internally)
  Metrics: E:\ANUS_learning\MSI5001-power-transformer-oil-temperature-prediction\models\experiments\exp_116_metrics.json
  Plot: Skipped (native Informer handles visualization internally)

======================================================================
Experiment complete: exp_116
======================================================================

======================================================================
Completed: 2025-11-07 16:31:08
Return code: 0
======================================================================
