======================================================================
Experiment Log
Started: 2025-11-07 15:55:48
Command: C:\ProgramData\anaconda3\python.exe -m scripts.train_configurable --tx-id 2 --model Informer-Long --split-method chronological --feature-mode full --lookback-multiplier 8.0 --horizon 168 --experiment-name exp_115 --data-suffix _no_outlier
======================================================================

======================================================================
Experiment: exp_115
======================================================================
Transformer:     TX2
Model:           Informer-Long
Split method:    chronological
Feature mode:    full
Data suffix:     _no_outlier

Loading data...
  Total samples: 69680
  Features: 17 columns

Window config: WindowConfig(horizon=168, lookback=1344, gap=0)
Creating sliding windows for Informer-Long (keeping sequence structure)...
  Created 68168 windows (shape: (68168, 1344, 17))
Splitting windows (chronological, 20% test)...
  Train: 54534 windows
  Test:  13634 windows

Training Informer-Long...

Calling native Informer from: E:\ANUS_learning\MSI5001-power-transformer-oil-temperature-prediction\external\Informer2020
Command: C:\ProgramData\anaconda3\python.exe E:\ANUS_learning\MSI5001-power-transformer-oil-temperature-prediction\external\Informer2020\main_informer.py --model informerstack --data custom --root_path ./data/ --data_path TX2.csv --features MS --target OT --freq h --seq_len 336 --label_len 168 --pred_len 168 --enc_in 6 --dec_in 1 --c_out 1 --d_model 256 --n_heads 8 --e_layers 3 --d_layers 1 --d_ff 1024 --factor 5 --dropout 0.05 --attn prob --embed timeF --activation gelu --batch_size 8 --train_epochs 8 --patience 3 --learning_rate 0.0001 --des exp_115 --itr 1
Args in experiment:
Namespace(model='informerstack', data='custom', root_path='./data/', data_path='TX1.csv', features='MS', target='OT', freq='h', checkpoints='./checkpoints/', seq_len=336, label_len=168, pred_len=168, enc_in=6, dec_in=1, c_out=1, d_model=256, n_heads=8, e_layers=3, d_layers=1, s_layers=[3, 2, 1], d_ff=1024, factor=5, padding=0, distil=True, dropout=0.05, attn='prob', embed='timeF', activation='gelu', output_attention=False, do_predict=False, mix=True, cols=None, num_workers=0, itr=1, train_epochs=8, batch_size=8, patience=3, learning_rate=0.0001, des='exp_115', loss='mse', lradj='type1', use_amp=False, inverse=False, use_gpu=True, gpu=0, use_multi_gpu=False, devices='0,1,2,3', detail_freq='h')
Use GPU: cuda:0
>>>>>>>start training : informerstack_custom_ftMS_sl336_ll168_pl168_dm256_nh8_el3_dl1_df1024_atprob_fc5_ebtimeF_dtTrue_mxTrue_exp_115_0>>>>>>>>>>>>>>>>>>>>>>>>>>
train 48273
val 6801
test 13769
	iters: 100, epoch: 1 | loss: 0.2074037
	speed: 0.0426s/iter; left time: 2049.7758s
	iters: 200, epoch: 1 | loss: 0.1222876
	speed: 0.0310s/iter; left time: 1487.9998s
	iters: 300, epoch: 1 | loss: 0.3561355
	speed: 0.0314s/iter; left time: 1505.6686s
	iters: 400, epoch: 1 | loss: 0.0883733
	speed: 0.0328s/iter; left time: 1571.1906s
	iters: 500, epoch: 1 | loss: 0.1346758
	speed: 0.0323s/iter; left time: 1544.5276s
	iters: 600, epoch: 1 | loss: 0.1777954
	speed: 0.0316s/iter; left time: 1508.2817s
	iters: 700, epoch: 1 | loss: 0.1243449
	speed: 0.0313s/iter; left time: 1488.7733s
	iters: 800, epoch: 1 | loss: 0.1521549
	speed: 0.0317s/iter; left time: 1503.7830s
	iters: 900, epoch: 1 | loss: 0.1758887
	speed: 0.0305s/iter; left time: 1443.6983s
	iters: 1000, epoch: 1 | loss: 0.1249751
	speed: 0.0321s/iter; left time: 1516.3024s
	iters: 1100, epoch: 1 | loss: 0.0670410
	speed: 0.0324s/iter; left time: 1527.0051s
	iters: 1200, epoch: 1 | loss: 0.1968417
	speed: 0.0319s/iter; left time: 1501.0420s
	iters: 1300, epoch: 1 | loss: 0.1172878
	speed: 0.0314s/iter; left time: 1477.2657s
	iters: 1400, epoch: 1 | loss: 0.0841382
	speed: 0.0313s/iter; left time: 1466.2514s
	iters: 1500, epoch: 1 | loss: 0.1099945
	speed: 0.0318s/iter; left time: 1486.6087s
	iters: 1600, epoch: 1 | loss: 0.1209860
	speed: 0.0311s/iter; left time: 1452.6052s
	iters: 1700, epoch: 1 | loss: 0.1827465
	speed: 0.0322s/iter; left time: 1499.3789s
	iters: 1800, epoch: 1 | loss: 0.1097108
	speed: 0.0315s/iter; left time: 1463.6789s
	iters: 1900, epoch: 1 | loss: 0.0771284
	speed: 0.0319s/iter; left time: 1479.6498s
	iters: 2000, epoch: 1 | loss: 0.1324575
	speed: 0.0314s/iter; left time: 1451.1957s
	iters: 2100, epoch: 1 | loss: 0.0911113
	speed: 0.0306s/iter; left time: 1412.6847s
	iters: 2200, epoch: 1 | loss: 0.1223735
	speed: 0.0314s/iter; left time: 1446.8171s
	iters: 2300, epoch: 1 | loss: 0.0652512
	speed: 0.0318s/iter; left time: 1464.1195s
	iters: 2400, epoch: 1 | loss: 0.1798025
	speed: 0.0306s/iter; left time: 1405.3463s
	iters: 2500, epoch: 1 | loss: 0.0623644
	speed: 0.0320s/iter; left time: 1464.2587s
	iters: 2600, epoch: 1 | loss: 0.1081263
	speed: 0.0320s/iter; left time: 1462.5118s
	iters: 2700, epoch: 1 | loss: 0.0808669
	speed: 0.0314s/iter; left time: 1428.7156s
	iters: 2800, epoch: 1 | loss: 0.0901828
	speed: 0.0319s/iter; left time: 1451.6538s
	iters: 2900, epoch: 1 | loss: 0.0730026
	speed: 0.0318s/iter; left time: 1442.0913s
	iters: 3000, epoch: 1 | loss: 0.1227151
	speed: 0.0314s/iter; left time: 1420.2999s
	iters: 3100, epoch: 1 | loss: 0.1000436
	speed: 0.0320s/iter; left time: 1446.0909s
	iters: 3200, epoch: 1 | loss: 0.0395274
	speed: 0.0325s/iter; left time: 1464.7124s
	iters: 3300, epoch: 1 | loss: 0.0602331
	speed: 0.0314s/iter; left time: 1410.0095s
	iters: 3400, epoch: 1 | loss: 0.0982079
	speed: 0.0311s/iter; left time: 1395.1496s
	iters: 3500, epoch: 1 | loss: 0.0707218
	speed: 0.0319s/iter; left time: 1426.5681s
	iters: 3600, epoch: 1 | loss: 0.1026436
	speed: 0.0315s/iter; left time: 1406.0059s
	iters: 3700, epoch: 1 | loss: 0.1126810
	speed: 0.0313s/iter; left time: 1396.4100s
	iters: 3800, epoch: 1 | loss: 0.0953532
	speed: 0.0318s/iter; left time: 1412.4972s
	iters: 3900, epoch: 1 | loss: 0.0522613
	speed: 0.0312s/iter; left time: 1385.5537s
	iters: 4000, epoch: 1 | loss: 0.0677887
	speed: 0.0309s/iter; left time: 1368.8198s
	iters: 4100, epoch: 1 | loss: 0.1070425
	speed: 0.0320s/iter; left time: 1411.8139s
	iters: 4200, epoch: 1 | loss: 0.0764587
	speed: 0.0321s/iter; left time: 1415.8212s
	iters: 4300, epoch: 1 | loss: 0.0724637
	speed: 0.0319s/iter; left time: 1401.6962s
	iters: 4400, epoch: 1 | loss: 0.0807587
	speed: 0.0315s/iter; left time: 1382.7359s
	iters: 4500, epoch: 1 | loss: 0.0835239
	speed: 0.0313s/iter; left time: 1371.6453s
	iters: 4600, epoch: 1 | loss: 0.0661294
	speed: 0.0308s/iter; left time: 1345.2704s
	iters: 4700, epoch: 1 | loss: 0.0810546
	speed: 0.0312s/iter; left time: 1358.1697s
	iters: 4800, epoch: 1 | loss: 0.0491171
	speed: 0.0331s/iter; left time: 1439.2079s
	iters: 4900, epoch: 1 | loss: 0.0504855
	speed: 0.0320s/iter; left time: 1386.0906s
	iters: 5000, epoch: 1 | loss: 0.0800361
	speed: 0.0319s/iter; left time: 1382.4920s
	iters: 5100, epoch: 1 | loss: 0.0508435
	speed: 0.0317s/iter; left time: 1369.1220s
	iters: 5200, epoch: 1 | loss: 0.0387642
	speed: 0.0311s/iter; left time: 1339.9866s
	iters: 5300, epoch: 1 | loss: 0.0465501
	speed: 0.0315s/iter; left time: 1354.7846s
	iters: 5400, epoch: 1 | loss: 0.0471106
	speed: 0.0324s/iter; left time: 1388.8044s
	iters: 5500, epoch: 1 | loss: 0.0804563
	speed: 0.0328s/iter; left time: 1405.0394s
	iters: 5600, epoch: 1 | loss: 0.0807508
	speed: 0.0321s/iter; left time: 1370.7649s
	iters: 5700, epoch: 1 | loss: 0.0450850
	speed: 0.0323s/iter; left time: 1374.0215s
	iters: 5800, epoch: 1 | loss: 0.1077719
	speed: 0.0307s/iter; left time: 1304.7682s
	iters: 5900, epoch: 1 | loss: 0.0828087
	speed: 0.0312s/iter; left time: 1322.9911s
	iters: 6000, epoch: 1 | loss: 0.0535533
	speed: 0.0324s/iter; left time: 1369.5605s
Epoch: 1 cost time: 191.4189853668213
Epoch: 1, Steps: 6034 | Train Loss: 0.1073439 Vali Loss: 0.5426677 Test Loss: 0.4427870
Validation loss decreased (inf --> 0.542668).  Saving model ...
Updating learning rate to 0.0001
	iters: 100, epoch: 2 | loss: 0.0637076
	speed: 0.3770s/iter; left time: 15885.0270s
	iters: 200, epoch: 2 | loss: 0.0651589
	speed: 0.0312s/iter; left time: 1310.9637s
	iters: 300, epoch: 2 | loss: 0.0758375
	speed: 0.0315s/iter; left time: 1322.5181s
	iters: 400, epoch: 2 | loss: 0.0534819
	speed: 0.0317s/iter; left time: 1324.8682s
	iters: 500, epoch: 2 | loss: 0.0394497
	speed: 0.0322s/iter; left time: 1343.0214s
	iters: 600, epoch: 2 | loss: 0.0449801
	speed: 0.0312s/iter; left time: 1300.8687s
	iters: 700, epoch: 2 | loss: 0.0503323
	speed: 0.0318s/iter; left time: 1322.1119s
	iters: 800, epoch: 2 | loss: 0.0424446
	speed: 0.0320s/iter; left time: 1326.2063s
	iters: 900, epoch: 2 | loss: 0.0334364
	speed: 0.0310s/iter; left time: 1280.0521s
	iters: 1000, epoch: 2 | loss: 0.0330990
	speed: 0.0311s/iter; left time: 1283.6615s
	iters: 1100, epoch: 2 | loss: 0.0343832
	speed: 0.0310s/iter; left time: 1275.3432s
	iters: 1200, epoch: 2 | loss: 0.0455123
	speed: 0.0323s/iter; left time: 1325.5167s
	iters: 1300, epoch: 2 | loss: 0.0401983
	speed: 0.0322s/iter; left time: 1316.8736s
	iters: 1400, epoch: 2 | loss: 0.0521233
	speed: 0.0321s/iter; left time: 1312.0255s
	iters: 1500, epoch: 2 | loss: 0.0373935
	speed: 0.0319s/iter; left time: 1300.4368s
	iters: 1600, epoch: 2 | loss: 0.0435555
	speed: 0.0312s/iter; left time: 1268.1398s
	iters: 1700, epoch: 2 | loss: 0.0379346
	speed: 0.0318s/iter; left time: 1287.4284s
	iters: 1800, epoch: 2 | loss: 0.0653866
	speed: 0.0321s/iter; left time: 1298.6826s
	iters: 1900, epoch: 2 | loss: 0.0525172
	speed: 0.0323s/iter; left time: 1304.6478s
	iters: 2000, epoch: 2 | loss: 0.0371900
	speed: 0.0329s/iter; left time: 1324.4221s
	iters: 2100, epoch: 2 | loss: 0.0675876
	speed: 0.0312s/iter; left time: 1251.2197s
	iters: 2200, epoch: 2 | loss: 0.0529711
	speed: 0.0309s/iter; left time: 1236.1987s
	iters: 2300, epoch: 2 | loss: 0.0423601
	speed: 0.0316s/iter; left time: 1262.8406s
	iters: 2400, epoch: 2 | loss: 0.0315192
	speed: 0.0312s/iter; left time: 1244.4348s
	iters: 2500, epoch: 2 | loss: 0.0571771
	speed: 0.0326s/iter; left time: 1295.6644s
	iters: 2600, epoch: 2 | loss: 0.0391467
	speed: 0.0320s/iter; left time: 1267.1716s
	iters: 2700, epoch: 2 | loss: 0.0477137
	speed: 0.0314s/iter; left time: 1240.6345s
	iters: 2800, epoch: 2 | loss: 0.0594340
	speed: 0.0313s/iter; left time: 1234.5161s
	iters: 2900, epoch: 2 | loss: 0.0450820
	speed: 0.0318s/iter; left time: 1251.8252s
	iters: 3000, epoch: 2 | loss: 0.0276609
	speed: 0.0314s/iter; left time: 1230.3603s
	iters: 3100, epoch: 2 | loss: 0.0321751
	speed: 0.0317s/iter; left time: 1239.0542s
	iters: 3200, epoch: 2 | loss: 0.0372446
	speed: 0.0322s/iter; left time: 1257.1634s
	iters: 3300, epoch: 2 | loss: 0.0358680
	speed: 0.0312s/iter; left time: 1212.9538s
	iters: 3400, epoch: 2 | loss: 0.0403766
	speed: 0.0318s/iter; left time: 1234.4224s
	iters: 3500, epoch: 2 | loss: 0.0259477
	speed: 0.0320s/iter; left time: 1239.4434s
	iters: 3600, epoch: 2 | loss: 0.0355408
	speed: 0.0322s/iter; left time: 1246.0870s
	iters: 3700, epoch: 2 | loss: 0.0393736
	speed: 0.0317s/iter; left time: 1222.8714s
	iters: 3800, epoch: 2 | loss: 0.0306554
	speed: 0.0325s/iter; left time: 1249.8501s
	iters: 3900, epoch: 2 | loss: 0.0321778
	speed: 0.0314s/iter; left time: 1204.7974s
	iters: 4000, epoch: 2 | loss: 0.0579038
	speed: 0.0309s/iter; left time: 1183.0847s
	iters: 4100, epoch: 2 | loss: 0.0439340
	speed: 0.0317s/iter; left time: 1208.7978s
	iters: 4200, epoch: 2 | loss: 0.0823235
	speed: 0.0319s/iter; left time: 1213.6863s
	iters: 4300, epoch: 2 | loss: 0.0439982
	speed: 0.0314s/iter; left time: 1189.3976s
	iters: 4400, epoch: 2 | loss: 0.0284740
	speed: 0.0315s/iter; left time: 1192.9239s
	iters: 4500, epoch: 2 | loss: 0.0506957
	speed: 0.0323s/iter; left time: 1217.9271s
	iters: 4600, epoch: 2 | loss: 0.0372740
	speed: 0.0314s/iter; left time: 1181.7886s
	iters: 4700, epoch: 2 | loss: 0.0478713
	speed: 0.0315s/iter; left time: 1181.8505s
	iters: 4800, epoch: 2 | loss: 0.0257926
	speed: 0.0318s/iter; left time: 1191.6797s
	iters: 4900, epoch: 2 | loss: 0.0329574
	speed: 0.0319s/iter; left time: 1191.1570s
	iters: 5000, epoch: 2 | loss: 0.0388664
	speed: 0.0313s/iter; left time: 1165.6570s
	iters: 5100, epoch: 2 | loss: 0.0311338
	speed: 0.0312s/iter; left time: 1157.8599s
	iters: 5200, epoch: 2 | loss: 0.0328881
	speed: 0.0311s/iter; left time: 1151.2082s
	iters: 5300, epoch: 2 | loss: 0.0389128
	speed: 0.0318s/iter; left time: 1176.2261s
	iters: 5400, epoch: 2 | loss: 0.0268515
	speed: 0.0316s/iter; left time: 1165.8478s
	iters: 5500, epoch: 2 | loss: 0.0276485
	speed: 0.0310s/iter; left time: 1137.4265s
	iters: 5600, epoch: 2 | loss: 0.0493593
	speed: 0.0319s/iter; left time: 1167.7961s
	iters: 5700, epoch: 2 | loss: 0.0383007
	speed: 0.0321s/iter; left time: 1171.1494s
	iters: 5800, epoch: 2 | loss: 0.0265923
	speed: 0.0327s/iter; left time: 1191.0729s
	iters: 5900, epoch: 2 | loss: 0.0426957
	speed: 0.0308s/iter; left time: 1117.4776s
	iters: 6000, epoch: 2 | loss: 0.0400950
	speed: 0.0314s/iter; left time: 1137.0099s
Epoch: 2 cost time: 191.17341780662537
Epoch: 2, Steps: 6034 | Train Loss: 0.0435166 Vali Loss: 0.6698936 Test Loss: 0.5188425
EarlyStopping counter: 1 out of 3
Updating learning rate to 5e-05
	iters: 100, epoch: 3 | loss: 0.0308949
	speed: 0.3763s/iter; left time: 13586.0467s
	iters: 200, epoch: 3 | loss: 0.0215103
	speed: 0.0314s/iter; left time: 1128.8133s
	iters: 300, epoch: 3 | loss: 0.0322160
	speed: 0.0312s/iter; left time: 1121.9410s
	iters: 400, epoch: 3 | loss: 0.0322285
	speed: 0.0314s/iter; left time: 1125.4687s
	iters: 500, epoch: 3 | loss: 0.0323182
	speed: 0.0318s/iter; left time: 1134.9967s
	iters: 600, epoch: 3 | loss: 0.0320772
	speed: 0.0318s/iter; left time: 1131.0967s
	iters: 700, epoch: 3 | loss: 0.0293012
	speed: 0.0312s/iter; left time: 1109.5074s
	iters: 800, epoch: 3 | loss: 0.0317748
	speed: 0.0318s/iter; left time: 1126.5021s
	iters: 900, epoch: 3 | loss: 0.0258221
	speed: 0.0309s/iter; left time: 1092.3077s
	iters: 1000, epoch: 3 | loss: 0.0231315
	speed: 0.0318s/iter; left time: 1120.7949s
	iters: 1100, epoch: 3 | loss: 0.0271561
	speed: 0.0322s/iter; left time: 1130.6463s
	iters: 1200, epoch: 3 | loss: 0.0160747
	speed: 0.0318s/iter; left time: 1111.5372s
	iters: 1300, epoch: 3 | loss: 0.0366045
	speed: 0.0316s/iter; left time: 1102.9265s
	iters: 1400, epoch: 3 | loss: 0.0264057
	speed: 0.0319s/iter; left time: 1109.2286s
	iters: 1500, epoch: 3 | loss: 0.0252315
	speed: 0.0313s/iter; left time: 1087.4058s
	iters: 1600, epoch: 3 | loss: 0.0237803
	speed: 0.0315s/iter; left time: 1090.8249s
	iters: 1700, epoch: 3 | loss: 0.0231267
	speed: 0.0316s/iter; left time: 1090.8167s
	iters: 1800, epoch: 3 | loss: 0.0261593
	speed: 0.0311s/iter; left time: 1069.1068s
	iters: 1900, epoch: 3 | loss: 0.0233159
	speed: 0.0316s/iter; left time: 1084.2397s
	iters: 2000, epoch: 3 | loss: 0.0237571
	speed: 0.0318s/iter; left time: 1086.8378s
	iters: 2100, epoch: 3 | loss: 0.0264939
	speed: 0.0318s/iter; left time: 1083.6833s
	iters: 2200, epoch: 3 | loss: 0.0242589
	speed: 0.0315s/iter; left time: 1071.7027s
	iters: 2300, epoch: 3 | loss: 0.0214340
	speed: 0.0323s/iter; left time: 1096.6333s
	iters: 2400, epoch: 3 | loss: 0.0294995
	speed: 0.0316s/iter; left time: 1066.6433s
	iters: 2500, epoch: 3 | loss: 0.0247650
	speed: 0.0318s/iter; left time: 1070.6379s
	iters: 2600, epoch: 3 | loss: 0.0184302
	speed: 0.0311s/iter; left time: 1046.0911s
	iters: 2700, epoch: 3 | loss: 0.0188742
	speed: 0.0324s/iter; left time: 1085.0258s
	iters: 2800, epoch: 3 | loss: 0.0195083
	speed: 0.0317s/iter; left time: 1059.6993s
	iters: 2900, epoch: 3 | loss: 0.0178344
	speed: 0.0321s/iter; left time: 1070.7001s
	iters: 3000, epoch: 3 | loss: 0.0190074
	speed: 0.0318s/iter; left time: 1054.2646s
	iters: 3100, epoch: 3 | loss: 0.0218913
	speed: 0.0319s/iter; left time: 1057.0751s
	iters: 3200, epoch: 3 | loss: 0.0200786
	speed: 0.0314s/iter; left time: 1035.9222s
	iters: 3300, epoch: 3 | loss: 0.0279367
	speed: 0.0322s/iter; left time: 1058.8342s
	iters: 3400, epoch: 3 | loss: 0.0207443
	speed: 0.0323s/iter; left time: 1058.2289s
	iters: 3500, epoch: 3 | loss: 0.0262974
	speed: 0.0317s/iter; left time: 1037.2975s
	iters: 3600, epoch: 3 | loss: 0.0274713
	speed: 0.0319s/iter; left time: 1040.5579s
	iters: 3700, epoch: 3 | loss: 0.0251995
	speed: 0.0309s/iter; left time: 1004.9864s
	iters: 3800, epoch: 3 | loss: 0.0203318
	speed: 0.0310s/iter; left time: 1005.5328s
	iters: 3900, epoch: 3 | loss: 0.0281048
	speed: 0.0325s/iter; left time: 1051.4826s
	iters: 4000, epoch: 3 | loss: 0.0236125
	speed: 0.0315s/iter; left time: 1013.6468s
	iters: 4100, epoch: 3 | loss: 0.0258326
	speed: 0.0317s/iter; left time: 1016.1411s
	iters: 4200, epoch: 3 | loss: 0.0167610
	speed: 0.0321s/iter; left time: 1027.4029s
	iters: 4300, epoch: 3 | loss: 0.0126613
	speed: 0.0313s/iter; left time: 998.4584s
	iters: 4400, epoch: 3 | loss: 0.0245342
	speed: 0.0311s/iter; left time: 988.7342s
	iters: 4500, epoch: 3 | loss: 0.0277923
	speed: 0.0318s/iter; left time: 1006.7582s
	iters: 4600, epoch: 3 | loss: 0.0279281
	speed: 0.0327s/iter; left time: 1034.4615s
	iters: 4700, epoch: 3 | loss: 0.0247902
	speed: 0.0322s/iter; left time: 1014.5331s
	iters: 4800, epoch: 3 | loss: 0.0216093
	speed: 0.0324s/iter; left time: 1017.8373s
	iters: 4900, epoch: 3 | loss: 0.0256787
	speed: 0.0315s/iter; left time: 985.1939s
	iters: 5000, epoch: 3 | loss: 0.0205601
	speed: 0.0310s/iter; left time: 966.2074s
	iters: 5100, epoch: 3 | loss: 0.0176462
	speed: 0.0317s/iter; left time: 987.0860s
	iters: 5200, epoch: 3 | loss: 0.0310926
	speed: 0.0322s/iter; left time: 997.9271s
	iters: 5300, epoch: 3 | loss: 0.0243476
	speed: 0.0322s/iter; left time: 996.0780s
	iters: 5400, epoch: 3 | loss: 0.0198908
	speed: 0.0307s/iter; left time: 945.8521s
	iters: 5500, epoch: 3 | loss: 0.0250793
	speed: 0.0304s/iter; left time: 934.5739s
	iters: 5600, epoch: 3 | loss: 0.0226111
	speed: 0.0286s/iter; left time: 875.7566s
	iters: 5700, epoch: 3 | loss: 0.0286615
	speed: 0.0278s/iter; left time: 847.9855s
	iters: 5800, epoch: 3 | loss: 0.0155313
	speed: 0.0276s/iter; left time: 839.4540s
	iters: 5900, epoch: 3 | loss: 0.0273193
	speed: 0.0279s/iter; left time: 844.7144s
	iters: 6000, epoch: 3 | loss: 0.0264316
	speed: 0.0276s/iter; left time: 833.7182s
Epoch: 3 cost time: 189.1584014892578
Epoch: 3, Steps: 6034 | Train Loss: 0.0243740 Vali Loss: 0.7091486 Test Loss: 0.5525153
EarlyStopping counter: 2 out of 3
Updating learning rate to 2.5e-05
	iters: 100, epoch: 4 | loss: 0.0185464
	speed: 0.3421s/iter; left time: 10287.3931s
	iters: 200, epoch: 4 | loss: 0.0244103
	speed: 0.0279s/iter; left time: 836.2907s
	iters: 300, epoch: 4 | loss: 0.0166727
	speed: 0.0279s/iter; left time: 831.9092s
	iters: 400, epoch: 4 | loss: 0.0249029
	speed: 0.0276s/iter; left time: 822.6010s
	iters: 500, epoch: 4 | loss: 0.0142669
	speed: 0.0278s/iter; left time: 824.8710s
	iters: 600, epoch: 4 | loss: 0.0128835
	speed: 0.0280s/iter; left time: 827.8934s
	iters: 700, epoch: 4 | loss: 0.0144844
	speed: 0.0278s/iter; left time: 820.2430s
	iters: 800, epoch: 4 | loss: 0.0108823
	speed: 0.0278s/iter; left time: 815.7816s
	iters: 900, epoch: 4 | loss: 0.0256951
	speed: 0.0278s/iter; left time: 813.0102s
	iters: 1000, epoch: 4 | loss: 0.0146206
	speed: 0.0279s/iter; left time: 813.7851s
	iters: 1100, epoch: 4 | loss: 0.0209659
	speed: 0.0277s/iter; left time: 806.0539s
	iters: 1200, epoch: 4 | loss: 0.0142722
	speed: 0.0277s/iter; left time: 802.2903s
	iters: 1300, epoch: 4 | loss: 0.0158095
	speed: 0.0279s/iter; left time: 804.0580s
	iters: 1400, epoch: 4 | loss: 0.0196146
	speed: 0.0278s/iter; left time: 800.6171s
	iters: 1500, epoch: 4 | loss: 0.0156608
	speed: 0.0278s/iter; left time: 797.5488s
	iters: 1600, epoch: 4 | loss: 0.0173563
	speed: 0.0279s/iter; left time: 796.1644s
	iters: 1700, epoch: 4 | loss: 0.0142484
	speed: 0.0279s/iter; left time: 795.2197s
	iters: 1800, epoch: 4 | loss: 0.0200955
	speed: 0.0278s/iter; left time: 787.5229s
	iters: 1900, epoch: 4 | loss: 0.0141306
	speed: 0.0278s/iter; left time: 785.8268s
	iters: 2000, epoch: 4 | loss: 0.0200857
	speed: 0.0278s/iter; left time: 783.8388s
	iters: 2100, epoch: 4 | loss: 0.0183773
	speed: 0.0280s/iter; left time: 785.2288s
	iters: 2200, epoch: 4 | loss: 0.0210540
	speed: 0.0278s/iter; left time: 776.5012s
	iters: 2300, epoch: 4 | loss: 0.0150273
	speed: 0.0278s/iter; left time: 775.4021s
	iters: 2400, epoch: 4 | loss: 0.0156791
	speed: 0.0279s/iter; left time: 774.6458s
	iters: 2500, epoch: 4 | loss: 0.0241865
	speed: 0.0277s/iter; left time: 765.8495s
	iters: 2600, epoch: 4 | loss: 0.0265989
	speed: 0.0276s/iter; left time: 760.9007s
	iters: 2700, epoch: 4 | loss: 0.0142396
	speed: 0.0277s/iter; left time: 762.1745s
	iters: 2800, epoch: 4 | loss: 0.0278596
	speed: 0.0278s/iter; left time: 759.7161s
	iters: 2900, epoch: 4 | loss: 0.0224778
	speed: 0.0278s/iter; left time: 758.8545s
	iters: 3000, epoch: 4 | loss: 0.0252954
	speed: 0.0279s/iter; left time: 758.4104s
	iters: 3100, epoch: 4 | loss: 0.0142664
	speed: 0.0277s/iter; left time: 749.0676s
	iters: 3200, epoch: 4 | loss: 0.0170984
	speed: 0.0278s/iter; left time: 751.1246s
	iters: 3300, epoch: 4 | loss: 0.0133572
	speed: 0.0277s/iter; left time: 745.3866s
	iters: 3400, epoch: 4 | loss: 0.0244438
	speed: 0.0278s/iter; left time: 744.7853s
	iters: 3500, epoch: 4 | loss: 0.0174385
	speed: 0.0278s/iter; left time: 740.3737s
	iters: 3600, epoch: 4 | loss: 0.0245558
	speed: 0.0278s/iter; left time: 737.9896s
	iters: 3700, epoch: 4 | loss: 0.0215872
	speed: 0.0278s/iter; left time: 736.0749s
	iters: 3800, epoch: 4 | loss: 0.0165852
	speed: 0.0278s/iter; left time: 732.6862s
	iters: 3900, epoch: 4 | loss: 0.0174363
	speed: 0.0280s/iter; left time: 735.4945s
	iters: 4000, epoch: 4 | loss: 0.0197491
	speed: 0.0277s/iter; left time: 726.0086s
	iters: 4100, epoch: 4 | loss: 0.0225028
	speed: 0.0278s/iter; left time: 725.2334s
	iters: 4200, epoch: 4 | loss: 0.0201081
	speed: 0.0280s/iter; left time: 726.1241s
	iters: 4300, epoch: 4 | loss: 0.0245804
	speed: 0.0277s/iter; left time: 716.0866s
	iters: 4400, epoch: 4 | loss: 0.0193667
	speed: 0.0278s/iter; left time: 716.2228s
	iters: 4500, epoch: 4 | loss: 0.0170935
	speed: 0.0278s/iter; left time: 713.7074s
	iters: 4600, epoch: 4 | loss: 0.0234665
	speed: 0.0278s/iter; left time: 710.4095s
	iters: 4700, epoch: 4 | loss: 0.0207904
	speed: 0.0278s/iter; left time: 707.8528s
	iters: 4800, epoch: 4 | loss: 0.0160815
	speed: 0.0279s/iter; left time: 707.2255s
	iters: 4900, epoch: 4 | loss: 0.0185763
	speed: 0.0277s/iter; left time: 700.2829s
	iters: 5000, epoch: 4 | loss: 0.0123907
	speed: 0.0279s/iter; left time: 702.7330s
	iters: 5100, epoch: 4 | loss: 0.0120787
	speed: 0.0276s/iter; left time: 691.9482s
	iters: 5200, epoch: 4 | loss: 0.0236787
	speed: 0.0278s/iter; left time: 693.4432s
	iters: 5300, epoch: 4 | loss: 0.0191766
	speed: 0.0280s/iter; left time: 695.8946s
	iters: 5400, epoch: 4 | loss: 0.0154221
	speed: 0.0278s/iter; left time: 689.7302s
	iters: 5500, epoch: 4 | loss: 0.0183083
	speed: 0.0277s/iter; left time: 683.6230s
	iters: 5600, epoch: 4 | loss: 0.0159559
	speed: 0.0278s/iter; left time: 683.9601s
	iters: 5700, epoch: 4 | loss: 0.0180853
	speed: 0.0279s/iter; left time: 683.7429s
	iters: 5800, epoch: 4 | loss: 0.0211311
	speed: 0.0278s/iter; left time: 676.3795s
	iters: 5900, epoch: 4 | loss: 0.0169662
	speed: 0.0278s/iter; left time: 675.3564s
	iters: 6000, epoch: 4 | loss: 0.0186582
	speed: 0.0277s/iter; left time: 668.9273s
Epoch: 4 cost time: 167.7956953048706
Epoch: 4, Steps: 6034 | Train Loss: 0.0181773 Vali Loss: 0.7509066 Test Loss: 0.5898874
EarlyStopping counter: 3 out of 3
Early stopping
>>>>>>>testing : informerstack_custom_ftMS_sl336_ll168_pl168_dm256_nh8_el3_dl1_df1024_atprob_fc5_ebtimeF_dtTrue_mxTrue_exp_115_0<<<<<<<<<<<<<<<<<<<<<<<<<<<<<<<<<
test 13769
test shape: (1721, 8, 168, 1) (1721, 8, 168, 1)
test shape: (13768, 168, 1) (13768, 168, 1)
mse:0.44300591945648193, mae:0.5576188564300537, r2:-1.5972812175750732


Parsed metrics from Informer output (normalized scale):
  MSE:  0.4430
  MAE:  0.5576
  RMSE: 0.6656
  R2:   -1.5973

Metrics after inverse transformation (original scale):
  MSE:  57.5794
  MAE:  6.3572
  RMSE: 7.5881
  R2:   -1.5973
Warning: Failed to record experiment: 'gbk' codec can't encode character '\u2713' in position 0: illegal multibyte sequence
  Training time: 890.64s
  RMSE: 7.5881
  MAE:  6.3572
  R2:   -1.5973

Saving results...
  Model: Native Informer (saved in external/Informer2020/checkpoints/)
  Predictions: Not saved (native Informer handles this internally)
  Metrics: E:\ANUS_learning\MSI5001-power-transformer-oil-temperature-prediction\models\experiments\exp_115_metrics.json
  Plot: Skipped (native Informer handles visualization internally)

======================================================================
Experiment complete: exp_115
======================================================================

======================================================================
Completed: 2025-11-07 16:10:43
Return code: 0
======================================================================
