======================================================================
Experiment Log
Started: 2025-11-07 15:09:46
Command: C:\ProgramData\anaconda3\python.exe -m scripts.train_configurable --tx-id 1 --model Informer-Long --split-method chronological --feature-mode full --lookback-multiplier 8.0 --horizon 168 --experiment-name exp_112 --data-suffix _no_outlier
======================================================================

======================================================================
Experiment: exp_112
======================================================================
Transformer:     TX1
Model:           Informer-Long
Split method:    chronological
Feature mode:    full
Data suffix:     _no_outlier

Loading data...
  Total samples: 69680
  Added TX1 dynamic features
  Features: 21 columns

Window config: WindowConfig(horizon=168, lookback=1344, gap=0)
Creating sliding windows for Informer-Long (keeping sequence structure)...
  Created 68168 windows (shape: (68168, 1344, 21))
Splitting windows (chronological, 20% test)...
  Train: 54534 windows
  Test:  13634 windows

Training Informer-Long...

Calling native Informer from: E:\ANUS_learning\MSI5001-power-transformer-oil-temperature-prediction\external\Informer2020
Command: C:\ProgramData\anaconda3\python.exe E:\ANUS_learning\MSI5001-power-transformer-oil-temperature-prediction\external\Informer2020\main_informer.py --model informerstack --data custom --root_path ./data/ --data_path TX1.csv --features MS --target OT --freq h --seq_len 336 --label_len 168 --pred_len 168 --enc_in 6 --dec_in 1 --c_out 1 --d_model 256 --n_heads 8 --e_layers 3 --d_layers 1 --d_ff 1024 --factor 5 --dropout 0.05 --attn prob --embed timeF --activation gelu --batch_size 8 --train_epochs 8 --patience 3 --learning_rate 0.0001 --des exp_112 --itr 1
Args in experiment:
Namespace(model='informerstack', data='custom', root_path='./data/', data_path='TX1.csv', features='MS', target='OT', freq='h', checkpoints='./checkpoints/', seq_len=336, label_len=168, pred_len=168, enc_in=6, dec_in=1, c_out=1, d_model=256, n_heads=8, e_layers=3, d_layers=1, s_layers=[3, 2, 1], d_ff=1024, factor=5, padding=0, distil=True, dropout=0.05, attn='prob', embed='timeF', activation='gelu', output_attention=False, do_predict=False, mix=True, cols=None, num_workers=0, itr=1, train_epochs=8, batch_size=8, patience=3, learning_rate=0.0001, des='exp_112', loss='mse', lradj='type1', use_amp=False, inverse=False, use_gpu=True, gpu=0, use_multi_gpu=False, devices='0,1,2,3', detail_freq='h')
Use GPU: cuda:0
>>>>>>>start training : informerstack_custom_ftMS_sl336_ll168_pl168_dm256_nh8_el3_dl1_df1024_atprob_fc5_ebtimeF_dtTrue_mxTrue_exp_112_0>>>>>>>>>>>>>>>>>>>>>>>>>>
train 48273
val 6801
test 13769
	iters: 100, epoch: 1 | loss: 0.8511735
	speed: 0.0384s/iter; left time: 1852.2326s
	iters: 200, epoch: 1 | loss: 0.1985037
	speed: 0.0263s/iter; left time: 1263.0111s
	iters: 300, epoch: 1 | loss: 0.0988412
	speed: 0.0276s/iter; left time: 1321.7677s
	iters: 400, epoch: 1 | loss: 0.1359451
	speed: 0.0298s/iter; left time: 1424.7240s
	iters: 500, epoch: 1 | loss: 0.3412322
	speed: 0.0308s/iter; left time: 1470.1584s
	iters: 600, epoch: 1 | loss: 0.1481360
	speed: 0.0283s/iter; left time: 1349.0131s
	iters: 700, epoch: 1 | loss: 0.1037004
	speed: 0.0281s/iter; left time: 1334.9022s
	iters: 800, epoch: 1 | loss: 0.1491393
	speed: 0.0277s/iter; left time: 1313.3643s
	iters: 900, epoch: 1 | loss: 0.1096252
	speed: 0.0275s/iter; left time: 1302.1079s
	iters: 1000, epoch: 1 | loss: 0.1097160
	speed: 0.0277s/iter; left time: 1309.3126s
	iters: 1100, epoch: 1 | loss: 0.2204463
	speed: 0.0298s/iter; left time: 1405.5470s
	iters: 1200, epoch: 1 | loss: 0.0805539
	speed: 0.0298s/iter; left time: 1404.9314s
	iters: 1300, epoch: 1 | loss: 0.1275144
	speed: 0.0292s/iter; left time: 1372.7652s
	iters: 1400, epoch: 1 | loss: 0.1310182
	speed: 0.0285s/iter; left time: 1336.4177s
	iters: 1500, epoch: 1 | loss: 0.1517336
	speed: 0.0267s/iter; left time: 1246.5609s
	iters: 1600, epoch: 1 | loss: 0.0709929
	speed: 0.0278s/iter; left time: 1299.0906s
	iters: 1700, epoch: 1 | loss: 0.0875684
	speed: 0.0271s/iter; left time: 1261.7390s
	iters: 1800, epoch: 1 | loss: 0.1143747
	speed: 0.0268s/iter; left time: 1245.5240s
	iters: 1900, epoch: 1 | loss: 0.1049459
	speed: 0.0272s/iter; left time: 1260.8135s
	iters: 2000, epoch: 1 | loss: 0.1539655
	speed: 0.0273s/iter; left time: 1261.6125s
	iters: 2100, epoch: 1 | loss: 0.3221003
	speed: 0.0282s/iter; left time: 1303.6293s
	iters: 2200, epoch: 1 | loss: 0.2070011
	speed: 0.0266s/iter; left time: 1223.4341s
	iters: 2300, epoch: 1 | loss: 0.0526740
	speed: 0.0266s/iter; left time: 1224.9894s
	iters: 2400, epoch: 1 | loss: 0.1212254
	speed: 0.0258s/iter; left time: 1183.0176s
	iters: 2500, epoch: 1 | loss: 0.0792374
	speed: 0.0266s/iter; left time: 1219.3961s
	iters: 2600, epoch: 1 | loss: 0.0496916
	speed: 0.0269s/iter; left time: 1226.7207s
	iters: 2700, epoch: 1 | loss: 0.1175792
	speed: 0.0279s/iter; left time: 1272.2271s
	iters: 2800, epoch: 1 | loss: 0.1025905
	speed: 0.0286s/iter; left time: 1301.8373s
	iters: 2900, epoch: 1 | loss: 0.1344015
	speed: 0.0279s/iter; left time: 1265.8794s
	iters: 3000, epoch: 1 | loss: 0.1067162
	speed: 0.0277s/iter; left time: 1253.5349s
	iters: 3100, epoch: 1 | loss: 0.1402430
	speed: 0.0255s/iter; left time: 1153.0353s
	iters: 3200, epoch: 1 | loss: 0.0711661
	speed: 0.0269s/iter; left time: 1211.8140s
	iters: 3300, epoch: 1 | loss: 0.0662624
	speed: 0.0272s/iter; left time: 1223.4554s
	iters: 3400, epoch: 1 | loss: 0.0902027
	speed: 0.0275s/iter; left time: 1232.8427s
	iters: 3500, epoch: 1 | loss: 0.0697953
	speed: 0.0265s/iter; left time: 1186.2759s
	iters: 3600, epoch: 1 | loss: 0.0577488
	speed: 0.0274s/iter; left time: 1223.9702s
	iters: 3700, epoch: 1 | loss: 0.0776843
	speed: 0.0259s/iter; left time: 1155.6256s
	iters: 3800, epoch: 1 | loss: 0.0558289
	speed: 0.0260s/iter; left time: 1155.7247s
	iters: 3900, epoch: 1 | loss: 0.0785193
	speed: 0.0262s/iter; left time: 1161.6744s
	iters: 4000, epoch: 1 | loss: 0.0836237
	speed: 0.0268s/iter; left time: 1186.2916s
	iters: 4100, epoch: 1 | loss: 0.0658225
	speed: 0.0259s/iter; left time: 1143.6131s
	iters: 4200, epoch: 1 | loss: 0.0680787
	speed: 0.0266s/iter; left time: 1172.7288s
	iters: 4300, epoch: 1 | loss: 0.0864096
	speed: 0.0255s/iter; left time: 1121.4612s
	iters: 4400, epoch: 1 | loss: 0.0588943
	speed: 0.0264s/iter; left time: 1159.1329s
	iters: 4500, epoch: 1 | loss: 0.0623866
	speed: 0.0256s/iter; left time: 1121.7872s
	iters: 4600, epoch: 1 | loss: 0.0379872
	speed: 0.0260s/iter; left time: 1133.4294s
	iters: 4700, epoch: 1 | loss: 0.0882650
	speed: 0.0270s/iter; left time: 1176.5394s
	iters: 4800, epoch: 1 | loss: 0.0615410
	speed: 0.0267s/iter; left time: 1159.5501s
	iters: 4900, epoch: 1 | loss: 0.0870396
	speed: 0.0260s/iter; left time: 1126.2821s
	iters: 5000, epoch: 1 | loss: 0.0564613
	speed: 0.0265s/iter; left time: 1148.7334s
	iters: 5100, epoch: 1 | loss: 0.0557041
	speed: 0.0257s/iter; left time: 1110.6593s
	iters: 5200, epoch: 1 | loss: 0.0563080
	speed: 0.0256s/iter; left time: 1104.6609s
	iters: 5300, epoch: 1 | loss: 0.0604209
	speed: 0.0254s/iter; left time: 1089.9138s
	iters: 5400, epoch: 1 | loss: 0.0497740
	speed: 0.0261s/iter; left time: 1119.7507s
	iters: 5500, epoch: 1 | loss: 0.0755560
	speed: 0.0266s/iter; left time: 1138.7567s
	iters: 5600, epoch: 1 | loss: 0.0323582
	speed: 0.0266s/iter; left time: 1136.4241s
	iters: 5700, epoch: 1 | loss: 0.0387436
	speed: 0.0262s/iter; left time: 1114.1276s
	iters: 5800, epoch: 1 | loss: 0.0429929
	speed: 0.0254s/iter; left time: 1080.0563s
	iters: 5900, epoch: 1 | loss: 0.0607929
	speed: 0.0259s/iter; left time: 1096.2342s
	iters: 6000, epoch: 1 | loss: 0.0432097
	speed: 0.0259s/iter; left time: 1092.7923s
Epoch: 1 cost time: 163.43167185783386
Epoch: 1, Steps: 6034 | Train Loss: 0.1080345 Vali Loss: 0.5572954 Test Loss: 0.5594186
Validation loss decreased (inf --> 0.557295).  Saving model ...
Updating learning rate to 0.0001
	iters: 100, epoch: 2 | loss: 0.0664528
	speed: 0.3195s/iter; left time: 13465.2763s
	iters: 200, epoch: 2 | loss: 0.0327920
	speed: 0.0274s/iter; left time: 1152.1311s
	iters: 300, epoch: 2 | loss: 0.0572134
	speed: 0.0269s/iter; left time: 1127.6739s
	iters: 400, epoch: 2 | loss: 0.0635894
	speed: 0.0263s/iter; left time: 1102.3219s
	iters: 500, epoch: 2 | loss: 0.0301713
	speed: 0.0260s/iter; left time: 1083.6584s
	iters: 600, epoch: 2 | loss: 0.0458150
	speed: 0.0256s/iter; left time: 1065.3713s
	iters: 700, epoch: 2 | loss: 0.0548221
	speed: 0.0270s/iter; left time: 1121.1322s
	iters: 800, epoch: 2 | loss: 0.0597591
	speed: 0.0265s/iter; left time: 1096.5177s
	iters: 900, epoch: 2 | loss: 0.0421729
	speed: 0.0266s/iter; left time: 1099.6552s
	iters: 1000, epoch: 2 | loss: 0.0321698
	speed: 0.0263s/iter; left time: 1085.0528s
	iters: 1100, epoch: 2 | loss: 0.0428167
	speed: 0.0269s/iter; left time: 1105.2945s
	iters: 1200, epoch: 2 | loss: 0.0405099
	speed: 0.0286s/iter; left time: 1174.8594s
	iters: 1300, epoch: 2 | loss: 0.0440004
	speed: 0.0281s/iter; left time: 1152.2317s
	iters: 1400, epoch: 2 | loss: 0.0574928
	speed: 0.0301s/iter; left time: 1230.6358s
	iters: 1500, epoch: 2 | loss: 0.0518539
	speed: 0.0253s/iter; left time: 1030.2409s
	iters: 1600, epoch: 2 | loss: 0.0344069
	speed: 0.0256s/iter; left time: 1040.9880s
	iters: 1700, epoch: 2 | loss: 0.0420745
	speed: 0.0253s/iter; left time: 1025.4292s
	iters: 1800, epoch: 2 | loss: 0.0595138
	speed: 0.0255s/iter; left time: 1030.1933s
	iters: 1900, epoch: 2 | loss: 0.0487824
	speed: 0.0262s/iter; left time: 1054.8750s
	iters: 2000, epoch: 2 | loss: 0.0321201
	speed: 0.0255s/iter; left time: 1025.5589s
	iters: 2100, epoch: 2 | loss: 0.0534743
	speed: 0.0251s/iter; left time: 1009.4607s
	iters: 2200, epoch: 2 | loss: 0.0363109
	speed: 0.0250s/iter; left time: 999.9683s
	iters: 2300, epoch: 2 | loss: 0.0406371
	speed: 0.0255s/iter; left time: 1020.3318s
	iters: 2400, epoch: 2 | loss: 0.0278448
	speed: 0.0262s/iter; left time: 1043.5832s
	iters: 2500, epoch: 2 | loss: 0.0617262
	speed: 0.0251s/iter; left time: 997.0087s
	iters: 2600, epoch: 2 | loss: 0.0369484
	speed: 0.0254s/iter; left time: 1006.7454s
	iters: 2700, epoch: 2 | loss: 0.0353650
	speed: 0.0257s/iter; left time: 1016.4171s
	iters: 2800, epoch: 2 | loss: 0.0376880
	speed: 0.0253s/iter; left time: 998.9787s
	iters: 2900, epoch: 2 | loss: 0.0575767
	speed: 0.0248s/iter; left time: 974.5192s
	iters: 3000, epoch: 2 | loss: 0.0440090
	speed: 0.0260s/iter; left time: 1021.6813s
	iters: 3100, epoch: 2 | loss: 0.0350659
	speed: 0.0257s/iter; left time: 1006.3553s
	iters: 3200, epoch: 2 | loss: 0.0510880
	speed: 0.0256s/iter; left time: 998.2597s
	iters: 3300, epoch: 2 | loss: 0.0408336
	speed: 0.0265s/iter; left time: 1029.9519s
	iters: 3400, epoch: 2 | loss: 0.0313732
	speed: 0.0258s/iter; left time: 1001.0958s
	iters: 3500, epoch: 2 | loss: 0.0378131
	speed: 0.0256s/iter; left time: 991.4009s
	iters: 3600, epoch: 2 | loss: 0.0357708
	speed: 0.0258s/iter; left time: 996.9581s
	iters: 3700, epoch: 2 | loss: 0.0308286
	speed: 0.0249s/iter; left time: 960.8296s
	iters: 3800, epoch: 2 | loss: 0.0274549
	speed: 0.0255s/iter; left time: 981.8571s
	iters: 3900, epoch: 2 | loss: 0.0402796
	speed: 0.0257s/iter; left time: 984.9431s
	iters: 4000, epoch: 2 | loss: 0.0344454
	speed: 0.0258s/iter; left time: 987.5389s
	iters: 4100, epoch: 2 | loss: 0.0291886
	speed: 0.0253s/iter; left time: 964.9598s
	iters: 4200, epoch: 2 | loss: 0.0234512
	speed: 0.0258s/iter; left time: 980.8354s
	iters: 4300, epoch: 2 | loss: 0.0348405
	speed: 0.0254s/iter; left time: 964.8034s
	iters: 4400, epoch: 2 | loss: 0.0279347
	speed: 0.0249s/iter; left time: 941.7227s
	iters: 4500, epoch: 2 | loss: 0.0276701
	speed: 0.0257s/iter; left time: 968.0382s
	iters: 4600, epoch: 2 | loss: 0.0467929
	speed: 0.0257s/iter; left time: 967.3829s
	iters: 4700, epoch: 2 | loss: 0.0530149
	speed: 0.0258s/iter; left time: 967.8158s
	iters: 4800, epoch: 2 | loss: 0.0425975
	speed: 0.0262s/iter; left time: 979.9650s
	iters: 4900, epoch: 2 | loss: 0.0316437
	speed: 0.0248s/iter; left time: 926.8248s
	iters: 5000, epoch: 2 | loss: 0.0274724
	speed: 0.0245s/iter; left time: 913.6337s
	iters: 5100, epoch: 2 | loss: 0.0327521
	speed: 0.0247s/iter; left time: 917.4109s
	iters: 5200, epoch: 2 | loss: 0.0277317
	speed: 0.0251s/iter; left time: 929.6808s
	iters: 5300, epoch: 2 | loss: 0.0350226
	speed: 0.0255s/iter; left time: 940.9466s
	iters: 5400, epoch: 2 | loss: 0.0300545
	speed: 0.0272s/iter; left time: 1001.9043s
	iters: 5500, epoch: 2 | loss: 0.0467218
	speed: 0.0262s/iter; left time: 964.3134s
	iters: 5600, epoch: 2 | loss: 0.0259286
	speed: 0.0259s/iter; left time: 949.1602s
	iters: 5700, epoch: 2 | loss: 0.0484301
	speed: 0.0243s/iter; left time: 889.4834s
	iters: 5800, epoch: 2 | loss: 0.0321387
	speed: 0.0249s/iter; left time: 907.4674s
	iters: 5900, epoch: 2 | loss: 0.0380088
	speed: 0.0247s/iter; left time: 898.8470s
	iters: 6000, epoch: 2 | loss: 0.0255773
	speed: 0.0258s/iter; left time: 933.3342s
Epoch: 2 cost time: 155.9902641773224
Epoch: 2, Steps: 6034 | Train Loss: 0.0424466 Vali Loss: 0.7159569 Test Loss: 0.6276983
EarlyStopping counter: 1 out of 3
Updating learning rate to 5e-05
	iters: 100, epoch: 3 | loss: 0.0267274
	speed: 0.3092s/iter; left time: 11164.2326s
	iters: 200, epoch: 3 | loss: 0.0322129
	speed: 0.0253s/iter; left time: 912.6819s
	iters: 300, epoch: 3 | loss: 0.0222168
	speed: 0.0256s/iter; left time: 920.4098s
	iters: 400, epoch: 3 | loss: 0.0224668
	speed: 0.0247s/iter; left time: 883.8617s
	iters: 500, epoch: 3 | loss: 0.0272185
	speed: 0.0249s/iter; left time: 889.5293s
	iters: 600, epoch: 3 | loss: 0.0347915
	speed: 0.0252s/iter; left time: 895.4866s
	iters: 700, epoch: 3 | loss: 0.0209180
	speed: 0.0264s/iter; left time: 938.2488s
	iters: 800, epoch: 3 | loss: 0.0303243
	speed: 0.0258s/iter; left time: 914.9200s
	iters: 900, epoch: 3 | loss: 0.0229648
	speed: 0.0258s/iter; left time: 910.2218s
	iters: 1000, epoch: 3 | loss: 0.0260970
	speed: 0.0247s/iter; left time: 870.8856s
	iters: 1100, epoch: 3 | loss: 0.0272379
	speed: 0.0250s/iter; left time: 877.4487s
	iters: 1200, epoch: 3 | loss: 0.0278949
	speed: 0.0252s/iter; left time: 881.0069s
	iters: 1300, epoch: 3 | loss: 0.0248454
	speed: 0.0252s/iter; left time: 879.1906s
	iters: 1400, epoch: 3 | loss: 0.0187253
	speed: 0.0250s/iter; left time: 870.9312s
	iters: 1500, epoch: 3 | loss: 0.0190299
	speed: 0.0261s/iter; left time: 906.4176s
	iters: 1600, epoch: 3 | loss: 0.0227704
	speed: 0.0252s/iter; left time: 871.6895s
	iters: 1700, epoch: 3 | loss: 0.0344534
	speed: 0.0253s/iter; left time: 871.8295s
	iters: 1800, epoch: 3 | loss: 0.0217183
	speed: 0.0256s/iter; left time: 881.4191s
	iters: 1900, epoch: 3 | loss: 0.0285455
	speed: 0.0253s/iter; left time: 868.1826s
	iters: 2000, epoch: 3 | loss: 0.0245120
	speed: 0.0251s/iter; left time: 860.1448s
	iters: 2100, epoch: 3 | loss: 0.0241265
	speed: 0.0260s/iter; left time: 885.1549s
	iters: 2200, epoch: 3 | loss: 0.0215739
	speed: 0.0254s/iter; left time: 864.7280s
	iters: 2300, epoch: 3 | loss: 0.0248648
	speed: 0.0258s/iter; left time: 874.0605s
	iters: 2400, epoch: 3 | loss: 0.0212712
	speed: 0.0260s/iter; left time: 878.3269s
	iters: 2500, epoch: 3 | loss: 0.0303004
	speed: 0.0260s/iter; left time: 876.7338s
	iters: 2600, epoch: 3 | loss: 0.0187819
	speed: 0.0254s/iter; left time: 853.3729s
	iters: 2700, epoch: 3 | loss: 0.0399012
	speed: 0.0253s/iter; left time: 847.8529s
	iters: 2800, epoch: 3 | loss: 0.0210228
	speed: 0.0254s/iter; left time: 848.7193s
	iters: 2900, epoch: 3 | loss: 0.0245273
	speed: 0.0252s/iter; left time: 838.8456s
	iters: 3000, epoch: 3 | loss: 0.0230558
	speed: 0.0258s/iter; left time: 857.7849s
	iters: 3100, epoch: 3 | loss: 0.0224902
	speed: 0.0256s/iter; left time: 847.6218s
	iters: 3200, epoch: 3 | loss: 0.0306214
	speed: 0.0256s/iter; left time: 843.5611s
	iters: 3300, epoch: 3 | loss: 0.0229899
	speed: 0.0256s/iter; left time: 843.4863s
	iters: 3400, epoch: 3 | loss: 0.0343412
	speed: 0.0250s/iter; left time: 819.9582s
	iters: 3500, epoch: 3 | loss: 0.0295608
	speed: 0.0253s/iter; left time: 828.5873s
	iters: 3600, epoch: 3 | loss: 0.0230938
	speed: 0.0254s/iter; left time: 828.3857s
	iters: 3700, epoch: 3 | loss: 0.0278857
	speed: 0.0291s/iter; left time: 944.3493s
	iters: 3800, epoch: 3 | loss: 0.0169104
	speed: 0.0296s/iter; left time: 958.4931s
	iters: 3900, epoch: 3 | loss: 0.0274073
	speed: 0.0296s/iter; left time: 955.6376s
	iters: 4000, epoch: 3 | loss: 0.0187808
	speed: 0.0298s/iter; left time: 958.3945s
	iters: 4100, epoch: 3 | loss: 0.0248099
	speed: 0.0299s/iter; left time: 960.5048s
	iters: 4200, epoch: 3 | loss: 0.0195941
	speed: 0.0293s/iter; left time: 938.8935s
	iters: 4300, epoch: 3 | loss: 0.0196579
	speed: 0.0290s/iter; left time: 926.0107s
	iters: 4400, epoch: 3 | loss: 0.0226982
	speed: 0.0291s/iter; left time: 925.7438s
	iters: 4500, epoch: 3 | loss: 0.0243428
	speed: 0.0291s/iter; left time: 922.5848s
	iters: 4600, epoch: 3 | loss: 0.0216637
	speed: 0.0299s/iter; left time: 944.6225s
	iters: 4700, epoch: 3 | loss: 0.0319583
	speed: 0.0293s/iter; left time: 923.7510s
	iters: 4800, epoch: 3 | loss: 0.0211317
	speed: 0.0295s/iter; left time: 925.4619s
	iters: 4900, epoch: 3 | loss: 0.0148271
	speed: 0.0291s/iter; left time: 911.8374s
	iters: 5000, epoch: 3 | loss: 0.0199243
	speed: 0.0284s/iter; left time: 887.6705s
	iters: 5100, epoch: 3 | loss: 0.0351095
	speed: 0.0298s/iter; left time: 928.4632s
	iters: 5200, epoch: 3 | loss: 0.0260990
	speed: 0.0294s/iter; left time: 911.1314s
	iters: 5300, epoch: 3 | loss: 0.0191144
	speed: 0.0300s/iter; left time: 927.9086s
	iters: 5400, epoch: 3 | loss: 0.0125592
	speed: 0.0297s/iter; left time: 914.0344s
	iters: 5500, epoch: 3 | loss: 0.0224367
	speed: 0.0284s/iter; left time: 872.2518s
	iters: 5600, epoch: 3 | loss: 0.0166141
	speed: 0.0290s/iter; left time: 888.1763s
	iters: 5700, epoch: 3 | loss: 0.0200996
	speed: 0.0296s/iter; left time: 901.4695s
	iters: 5800, epoch: 3 | loss: 0.0179846
	speed: 0.0295s/iter; left time: 897.6367s
	iters: 5900, epoch: 3 | loss: 0.0150476
	speed: 0.0301s/iter; left time: 913.5933s
	iters: 6000, epoch: 3 | loss: 0.0189882
	speed: 0.0301s/iter; left time: 909.6846s
Epoch: 3 cost time: 163.28718256950378
Epoch: 3, Steps: 6034 | Train Loss: 0.0234871 Vali Loss: 0.6024806 Test Loss: 0.5329745
EarlyStopping counter: 2 out of 3
Updating learning rate to 2.5e-05
	iters: 100, epoch: 4 | loss: 0.0189331
	speed: 0.3566s/iter; left time: 10723.2942s
	iters: 200, epoch: 4 | loss: 0.0219231
	speed: 0.0296s/iter; left time: 886.8078s
	iters: 300, epoch: 4 | loss: 0.0138858
	speed: 0.0294s/iter; left time: 878.2346s
	iters: 400, epoch: 4 | loss: 0.0219797
	speed: 0.0302s/iter; left time: 898.0615s
	iters: 500, epoch: 4 | loss: 0.0149382
	speed: 0.0287s/iter; left time: 850.1344s
	iters: 600, epoch: 4 | loss: 0.0215458
	speed: 0.0299s/iter; left time: 884.7557s
	iters: 700, epoch: 4 | loss: 0.0210971
	speed: 0.0290s/iter; left time: 855.9265s
	iters: 800, epoch: 4 | loss: 0.0213818
	speed: 0.0291s/iter; left time: 855.4058s
	iters: 900, epoch: 4 | loss: 0.0149917
	speed: 0.0290s/iter; left time: 848.9575s
	iters: 1000, epoch: 4 | loss: 0.0126342
	speed: 0.0291s/iter; left time: 848.0160s
	iters: 1100, epoch: 4 | loss: 0.0151713
	speed: 0.0296s/iter; left time: 859.0751s
	iters: 1200, epoch: 4 | loss: 0.0229437
	speed: 0.0292s/iter; left time: 845.4370s
	iters: 1300, epoch: 4 | loss: 0.0156644
	speed: 0.0299s/iter; left time: 863.4215s
	iters: 1400, epoch: 4 | loss: 0.0141211
	speed: 0.0293s/iter; left time: 843.8755s
	iters: 1500, epoch: 4 | loss: 0.0229711
	speed: 0.0292s/iter; left time: 835.7665s
	iters: 1600, epoch: 4 | loss: 0.0171671
	speed: 0.0295s/iter; left time: 843.1461s
	iters: 1700, epoch: 4 | loss: 0.0242464
	speed: 0.0292s/iter; left time: 832.6363s
	iters: 1800, epoch: 4 | loss: 0.0222079
	speed: 0.0295s/iter; left time: 837.6328s
	iters: 1900, epoch: 4 | loss: 0.0167114
	speed: 0.0297s/iter; left time: 839.8592s
	iters: 2000, epoch: 4 | loss: 0.0126672
	speed: 0.0302s/iter; left time: 851.7412s
	iters: 2100, epoch: 4 | loss: 0.0244697
	speed: 0.0295s/iter; left time: 827.1864s
	iters: 2200, epoch: 4 | loss: 0.0200761
	speed: 0.0287s/iter; left time: 803.8747s
	iters: 2300, epoch: 4 | loss: 0.0127878
	speed: 0.0292s/iter; left time: 814.5197s
	iters: 2400, epoch: 4 | loss: 0.0205392
	speed: 0.0292s/iter; left time: 811.7942s
	iters: 2500, epoch: 4 | loss: 0.0142947
	speed: 0.0287s/iter; left time: 795.2474s
	iters: 2600, epoch: 4 | loss: 0.0149424
	speed: 0.0305s/iter; left time: 841.6857s
	iters: 2700, epoch: 4 | loss: 0.0132852
	speed: 0.0297s/iter; left time: 815.3438s
	iters: 2800, epoch: 4 | loss: 0.0122393
	speed: 0.0288s/iter; left time: 786.9903s
	iters: 2900, epoch: 4 | loss: 0.0149782
	speed: 0.0281s/iter; left time: 765.5176s
	iters: 3000, epoch: 4 | loss: 0.0174465
	speed: 0.0289s/iter; left time: 784.6732s
	iters: 3100, epoch: 4 | loss: 0.0126241
	speed: 0.0299s/iter; left time: 810.1535s
	iters: 3200, epoch: 4 | loss: 0.0152257
	speed: 0.0302s/iter; left time: 814.3829s
	iters: 3300, epoch: 4 | loss: 0.0146620
	speed: 0.0301s/iter; left time: 807.4900s
	iters: 3400, epoch: 4 | loss: 0.0291954
	speed: 0.0290s/iter; left time: 775.7772s
	iters: 3500, epoch: 4 | loss: 0.0104862
	speed: 0.0285s/iter; left time: 760.5803s
	iters: 3600, epoch: 4 | loss: 0.0175817
	speed: 0.0291s/iter; left time: 772.1509s
	iters: 3700, epoch: 4 | loss: 0.0153069
	speed: 0.0294s/iter; left time: 779.0874s
	iters: 3800, epoch: 4 | loss: 0.0137796
	speed: 0.0303s/iter; left time: 798.8626s
	iters: 3900, epoch: 4 | loss: 0.0151490
	speed: 0.0302s/iter; left time: 792.5684s
	iters: 4000, epoch: 4 | loss: 0.0163038
	speed: 0.0301s/iter; left time: 787.4039s
	iters: 4100, epoch: 4 | loss: 0.0296616
	speed: 0.0290s/iter; left time: 755.4419s
	iters: 4200, epoch: 4 | loss: 0.0151941
	speed: 0.0280s/iter; left time: 726.8007s
	iters: 4300, epoch: 4 | loss: 0.0125269
	speed: 0.0287s/iter; left time: 742.3323s
	iters: 4400, epoch: 4 | loss: 0.0170235
	speed: 0.0299s/iter; left time: 771.1845s
	iters: 4500, epoch: 4 | loss: 0.0158289
	speed: 0.0302s/iter; left time: 775.9793s
	iters: 4600, epoch: 4 | loss: 0.0168809
	speed: 0.0300s/iter; left time: 768.0600s
	iters: 4700, epoch: 4 | loss: 0.0183634
	speed: 0.0289s/iter; left time: 737.2353s
	iters: 4800, epoch: 4 | loss: 0.0162425
	speed: 0.0285s/iter; left time: 722.0390s
	iters: 4900, epoch: 4 | loss: 0.0156919
	speed: 0.0287s/iter; left time: 726.0538s
	iters: 5000, epoch: 4 | loss: 0.0165277
	speed: 0.0292s/iter; left time: 736.1312s
	iters: 5100, epoch: 4 | loss: 0.0124557
	speed: 0.0305s/iter; left time: 765.5037s
	iters: 5200, epoch: 4 | loss: 0.0258433
	speed: 0.0301s/iter; left time: 750.9015s
	iters: 5300, epoch: 4 | loss: 0.0125000
	speed: 0.0300s/iter; left time: 746.4662s
	iters: 5400, epoch: 4 | loss: 0.0145419
	speed: 0.0286s/iter; left time: 707.9443s
	iters: 5500, epoch: 4 | loss: 0.0168135
	speed: 0.0281s/iter; left time: 694.4028s
	iters: 5600, epoch: 4 | loss: 0.0187391
	speed: 0.0288s/iter; left time: 707.0520s
	iters: 5700, epoch: 4 | loss: 0.0147682
	speed: 0.0308s/iter; left time: 752.7242s
	iters: 5800, epoch: 4 | loss: 0.0210170
	speed: 0.0300s/iter; left time: 731.8052s
	iters: 5900, epoch: 4 | loss: 0.0180161
	speed: 0.0297s/iter; left time: 719.9146s
	iters: 6000, epoch: 4 | loss: 0.0147421
	speed: 0.0290s/iter; left time: 700.9197s
Epoch: 4 cost time: 177.26643681526184
Epoch: 4, Steps: 6034 | Train Loss: 0.0175132 Vali Loss: 0.6106820 Test Loss: 0.5079935
EarlyStopping counter: 3 out of 3
Early stopping
>>>>>>>testing : informerstack_custom_ftMS_sl336_ll168_pl168_dm256_nh8_el3_dl1_df1024_atprob_fc5_ebtimeF_dtTrue_mxTrue_exp_112_0<<<<<<<<<<<<<<<<<<<<<<<<<<<<<<<<<
test 13769
test shape: (1721, 8, 168, 1) (1721, 8, 168, 1)
test shape: (13768, 168, 1) (13768, 168, 1)
mse:0.5593677163124084, mae:0.6559357047080994, r2:-2.279494285583496


Parsed metrics from Informer output (normalized scale):
  MSE:  0.5594
  MAE:  0.6559
  RMSE: 0.7479
  R2:   -2.2795

Metrics after inverse transformation (original scale):
  MSE:  38.9617
  MAE:  5.4743
  RMSE: 6.2419
  R2:   -2.2795
Warning: Failed to record experiment: 'gbk' codec can't encode character '\u2713' in position 0: illegal multibyte sequence
  Training time: 803.74s
  RMSE: 6.2419
  MAE:  5.4743
  R2:   -2.2795

Saving results...
  Model: Native Informer (saved in external/Informer2020/checkpoints/)
  Predictions: Not saved (native Informer handles this internally)
  Metrics: E:\ANUS_learning\MSI5001-power-transformer-oil-temperature-prediction\models\experiments\exp_112_metrics.json
  Plot: Skipped (native Informer handles visualization internally)

======================================================================
Experiment complete: exp_112
======================================================================

======================================================================
Completed: 2025-11-07 15:23:15
Return code: 0
======================================================================
