======================================================================
Experiment Log
Started: 2025-11-08 01:42:18
Command: C:\ProgramData\anaconda3\python.exe -m scripts.train_configurable --tx-id 2 --model Informer-Long --split-method chronological --feature-mode full --lookback-multiplier 4.0 --horizon 168 --experiment-name exp_134 --data-suffix _no_outlier --train-epochs 100 --learning-rate 5e-05 --patience 15
======================================================================

======================================================================
Experiment: exp_134
======================================================================
Transformer:     TX2
Model:           Informer-Long
Split method:    chronological
Feature mode:    full
Data suffix:     _no_outlier

Loading data...
  Total samples: 69680
  Features: 17 columns

Window config: WindowConfig(horizon=168, lookback=672, gap=0)
Creating sliding windows for Informer-Long (keeping sequence structure)...
  Created 68840 windows (shape: (68840, 672, 17))
Splitting windows (chronological, 20% test)...
  Train: 55072 windows
  Test:  13768 windows

Training Informer-Long...

Calling native Informer from: E:\ANUS_learning\MSI5001-power-transformer-oil-temperature-prediction\external\Informer2020
Command: C:\ProgramData\anaconda3\python.exe E:\ANUS_learning\MSI5001-power-transformer-oil-temperature-prediction\external\Informer2020\main_informer.py --model informerstack --data custom --root_path ./data/ --data_path TX2.csv --features MS --target OT --freq h --seq_len 336 --label_len 168 --pred_len 168 --enc_in 6 --dec_in 1 --c_out 1 --d_model 256 --n_heads 8 --e_layers 3 --d_layers 1 --d_ff 1024 --factor 5 --dropout 0.05 --attn prob --embed timeF --activation gelu --batch_size 8 --train_epochs 100 --patience 15 --learning_rate 5e-05 --des exp_134 --itr 1

Error: Training timeout after 1 hour
  Training time: 3600.00s
  Warning: Metrics could not be parsed from Informer output

Saving results...
  Model: Native Informer (saved in external/Informer2020/checkpoints/)
  Predictions: Not saved (native Informer handles this internally)
  Metrics: E:\ANUS_learning\MSI5001-power-transformer-oil-temperature-prediction\models\experiments\exp_134_metrics.json
  Plot: Skipped (native Informer handles visualization internally)

======================================================================
Experiment complete: exp_134
======================================================================

======================================================================
Completed: 2025-11-08 02:42:22
Return code: 0
======================================================================
