======================================================================
Experiment Log
Started: 2025-11-07 17:40:43
Command: C:\ProgramData\anaconda3\python.exe -m scripts.train_configurable --tx-id 1 --model Informer-Long --split-method chronological --feature-mode full --lookback-multiplier 4.0 --horizon 168 --experiment-name exp_120 --data-suffix _no_outlier --seq-len 1344 --label-len 672
======================================================================

======================================================================
Experiment: exp_120
======================================================================
Transformer:     TX1
Model:           Informer-Long
Split method:    chronological
Feature mode:    full
Data suffix:     _no_outlier

Loading data...
  Total samples: 69680
  Added TX1 dynamic features
  Features: 21 columns

Window config: WindowConfig(horizon=168, lookback=672, gap=0)
Creating sliding windows for Informer-Long (keeping sequence structure)...
  Created 68840 windows (shape: (68840, 672, 21))
Splitting windows (chronological, 20% test)...
  Train: 55072 windows
  Test:  13768 windows

Training Informer-Long...

Calling native Informer from: E:\ANUS_learning\MSI5001-power-transformer-oil-temperature-prediction\external\Informer2020
Command: C:\ProgramData\anaconda3\python.exe E:\ANUS_learning\MSI5001-power-transformer-oil-temperature-prediction\external\Informer2020\main_informer.py --model informerstack --data custom --root_path ./data/ --data_path TX1.csv --features MS --target OT --freq h --seq_len 1344 --label_len 672 --pred_len 168 --enc_in 6 --dec_in 1 --c_out 1 --d_model 256 --n_heads 8 --e_layers 3 --d_layers 1 --d_ff 1024 --factor 5 --dropout 0.05 --attn prob --embed timeF --activation gelu --batch_size 8 --train_epochs 8 --patience 3 --learning_rate 0.0001 --des exp_120 --itr 1
Args in experiment:
Namespace(model='informerstack', data='custom', root_path='./data/', data_path='TX1.csv', features='MS', target='OT', freq='h', checkpoints='./checkpoints/', seq_len=1344, label_len=672, pred_len=168, enc_in=6, dec_in=1, c_out=1, d_model=256, n_heads=8, e_layers=3, d_layers=1, s_layers=[3, 2, 1], d_ff=1024, factor=5, padding=0, distil=True, dropout=0.05, attn='prob', embed='timeF', activation='gelu', output_attention=False, do_predict=False, mix=True, cols=None, num_workers=0, itr=1, train_epochs=8, batch_size=8, patience=3, learning_rate=0.0001, des='exp_120', loss='mse', lradj='type1', use_amp=False, inverse=False, use_gpu=True, gpu=0, use_multi_gpu=False, devices='0,1,2,3', detail_freq='h')
Use GPU: cuda:0
>>>>>>>start training : informerstack_custom_ftMS_sl1344_ll672_pl168_dm256_nh8_el3_dl1_df1024_atprob_fc5_ebtimeF_dtTrue_mxTrue_exp_120_0>>>>>>>>>>>>>>>>>>>>>>>>>>
train 47265
val 6801
test 13769
	iters: 100, epoch: 1 | loss: 0.1834351
	speed: 0.0574s/iter; left time: 2708.7356s
	iters: 200, epoch: 1 | loss: 0.1656133
	speed: 0.0466s/iter; left time: 2194.6664s
	iters: 300, epoch: 1 | loss: 0.3135255
	speed: 0.0466s/iter; left time: 2189.9838s
	iters: 400, epoch: 1 | loss: 0.2026515
	speed: 0.0466s/iter; left time: 2181.7120s
	iters: 500, epoch: 1 | loss: 0.1060712
	speed: 0.0466s/iter; left time: 2179.5607s
	iters: 600, epoch: 1 | loss: 0.2230849
	speed: 0.0467s/iter; left time: 2180.5906s
	iters: 700, epoch: 1 | loss: 0.0984993
	speed: 0.0465s/iter; left time: 2166.9891s
	iters: 800, epoch: 1 | loss: 0.1296060
	speed: 0.0466s/iter; left time: 2165.8183s
	iters: 900, epoch: 1 | loss: 0.1143356
	speed: 0.0467s/iter; left time: 2164.3034s
	iters: 1000, epoch: 1 | loss: 0.2688777
	speed: 0.0465s/iter; left time: 2151.5184s
	iters: 1100, epoch: 1 | loss: 0.1383829
	speed: 0.0465s/iter; left time: 2147.6475s
	iters: 1200, epoch: 1 | loss: 0.0795598
	speed: 0.0466s/iter; left time: 2147.2486s
	iters: 1300, epoch: 1 | loss: 0.0647677
	speed: 0.0466s/iter; left time: 2141.0283s
	iters: 1400, epoch: 1 | loss: 0.0855083
	speed: 0.0466s/iter; left time: 2136.6390s
	iters: 1500, epoch: 1 | loss: 0.1677708
	speed: 0.0467s/iter; left time: 2138.2575s
	iters: 1600, epoch: 1 | loss: 0.0793370
	speed: 0.0465s/iter; left time: 2124.6575s
	iters: 1700, epoch: 1 | loss: 0.1564396
	speed: 0.0466s/iter; left time: 2123.8344s
	iters: 1800, epoch: 1 | loss: 0.1111988
	speed: 0.0466s/iter; left time: 2116.5809s
	iters: 1900, epoch: 1 | loss: 0.1051321
	speed: 0.0468s/iter; left time: 2122.9096s
	iters: 2000, epoch: 1 | loss: 0.1238263
	speed: 0.0466s/iter; left time: 2107.6031s
	iters: 2100, epoch: 1 | loss: 0.1097265
	speed: 0.0468s/iter; left time: 2114.0310s
	iters: 2200, epoch: 1 | loss: 0.1265863
	speed: 0.0467s/iter; left time: 2103.8396s
	iters: 2300, epoch: 1 | loss: 0.0593142
	speed: 0.0466s/iter; left time: 2095.3507s
	iters: 2400, epoch: 1 | loss: 0.1397398
	speed: 0.0466s/iter; left time: 2089.5295s
	iters: 2500, epoch: 1 | loss: 0.0828451
	speed: 0.0470s/iter; left time: 2102.5629s
	iters: 2600, epoch: 1 | loss: 0.1015945
	speed: 0.0466s/iter; left time: 2080.1698s
	iters: 2700, epoch: 1 | loss: 0.0560812
	speed: 0.0467s/iter; left time: 2079.4257s
	iters: 2800, epoch: 1 | loss: 0.0769346
	speed: 0.0467s/iter; left time: 2075.3206s
	iters: 2900, epoch: 1 | loss: 0.0662663
	speed: 0.0466s/iter; left time: 2065.5678s
	iters: 3000, epoch: 1 | loss: 0.0681021
	speed: 0.0467s/iter; left time: 2066.9597s
	iters: 3100, epoch: 1 | loss: 0.0373716
	speed: 0.0466s/iter; left time: 2059.2263s
	iters: 3200, epoch: 1 | loss: 0.0633196
	speed: 0.0467s/iter; left time: 2055.8670s
	iters: 3300, epoch: 1 | loss: 0.1054041
	speed: 0.0465s/iter; left time: 2045.3487s
	iters: 3400, epoch: 1 | loss: 0.0636290
	speed: 0.0469s/iter; left time: 2058.4946s
	iters: 3500, epoch: 1 | loss: 0.1048207
	speed: 0.0466s/iter; left time: 2040.0902s
	iters: 3600, epoch: 1 | loss: 0.0897031
	speed: 0.0468s/iter; left time: 2041.9845s
	iters: 3700, epoch: 1 | loss: 0.0939490
	speed: 0.0466s/iter; left time: 2031.4523s
	iters: 3800, epoch: 1 | loss: 0.0674666
	speed: 0.0469s/iter; left time: 2037.6825s
	iters: 3900, epoch: 1 | loss: 0.0764373
	speed: 0.0468s/iter; left time: 2029.1507s
	iters: 4000, epoch: 1 | loss: 0.0630668
	speed: 0.0466s/iter; left time: 2015.8895s
	iters: 4100, epoch: 1 | loss: 0.0657046
	speed: 0.0468s/iter; left time: 2022.1699s
	iters: 4200, epoch: 1 | loss: 0.0515628
	speed: 0.0468s/iter; left time: 2016.3522s
	iters: 4300, epoch: 1 | loss: 0.0845538
	speed: 0.0467s/iter; left time: 2006.3693s
	iters: 4400, epoch: 1 | loss: 0.0554354
	speed: 0.0467s/iter; left time: 2002.1644s
	iters: 4500, epoch: 1 | loss: 0.0606997
	speed: 0.0468s/iter; left time: 2000.6351s
	iters: 4600, epoch: 1 | loss: 0.0561053
	speed: 0.0466s/iter; left time: 1989.2353s
	iters: 4700, epoch: 1 | loss: 0.0629303
	speed: 0.0469s/iter; left time: 1996.0606s
	iters: 4800, epoch: 1 | loss: 0.0908412
	speed: 0.0468s/iter; left time: 1988.1581s
	iters: 4900, epoch: 1 | loss: 0.0795689
	speed: 0.0466s/iter; left time: 1974.9127s
	iters: 5000, epoch: 1 | loss: 0.0949518
	speed: 0.0468s/iter; left time: 1978.0020s
	iters: 5100, epoch: 1 | loss: 0.0497701
	speed: 0.0468s/iter; left time: 1971.9239s
	iters: 5200, epoch: 1 | loss: 0.0526868
	speed: 0.0467s/iter; left time: 1965.1065s
	iters: 5300, epoch: 1 | loss: 0.1045106
	speed: 0.0466s/iter; left time: 1955.3423s
	iters: 5400, epoch: 1 | loss: 0.0560495
	speed: 0.0469s/iter; left time: 1963.3566s
	iters: 5500, epoch: 1 | loss: 0.0650374
	speed: 0.0469s/iter; left time: 1958.4400s
	iters: 5600, epoch: 1 | loss: 0.0516328
	speed: 0.0467s/iter; left time: 1947.0661s
	iters: 5700, epoch: 1 | loss: 0.0475168
	speed: 0.0469s/iter; left time: 1948.2821s
	iters: 5800, epoch: 1 | loss: 0.0510259
	speed: 0.0467s/iter; left time: 1935.3873s
	iters: 5900, epoch: 1 | loss: 0.0514286
	speed: 0.0465s/iter; left time: 1924.3193s
Epoch: 1 cost time: 276.19988465309143
Epoch: 1, Steps: 5908 | Train Loss: 0.0979692 Vali Loss: 0.7437803 Test Loss: 0.4877047
Validation loss decreased (inf --> 0.743780).  Saving model ...
Updating learning rate to 0.0001
	iters: 100, epoch: 2 | loss: 0.0544400
	speed: 0.5548s/iter; left time: 22889.2763s
	iters: 200, epoch: 2 | loss: 0.0449829
	speed: 0.0487s/iter; left time: 2003.1933s
	iters: 300, epoch: 2 | loss: 0.0587518
	speed: 0.0469s/iter; left time: 1925.8280s
	iters: 400, epoch: 2 | loss: 0.0630815
	speed: 0.0468s/iter; left time: 1916.0307s
	iters: 500, epoch: 2 | loss: 0.0427057
	speed: 0.0467s/iter; left time: 1907.0730s
	iters: 600, epoch: 2 | loss: 0.0546928
	speed: 0.0469s/iter; left time: 1912.5830s
	iters: 700, epoch: 2 | loss: 0.0563462
	speed: 0.0467s/iter; left time: 1896.7339s
	iters: 800, epoch: 2 | loss: 0.0481598
	speed: 0.0467s/iter; left time: 1895.9854s
	iters: 900, epoch: 2 | loss: 0.0803314
	speed: 0.0468s/iter; left time: 1893.5995s
	iters: 1000, epoch: 2 | loss: 0.0440029
	speed: 0.0468s/iter; left time: 1890.3342s
	iters: 1100, epoch: 2 | loss: 0.0428404
	speed: 0.0467s/iter; left time: 1879.1740s
	iters: 1200, epoch: 2 | loss: 0.0386379
	speed: 0.0468s/iter; left time: 1877.4401s
	iters: 1300, epoch: 2 | loss: 0.0616282
	speed: 0.0468s/iter; left time: 1874.6047s
	iters: 1400, epoch: 2 | loss: 0.0454776
	speed: 0.0467s/iter; left time: 1867.1793s
	iters: 1500, epoch: 2 | loss: 0.0447726
	speed: 0.0467s/iter; left time: 1862.2788s
	iters: 1600, epoch: 2 | loss: 0.0582933
	speed: 0.0468s/iter; left time: 1861.5089s
	iters: 1700, epoch: 2 | loss: 0.0448347
	speed: 0.0468s/iter; left time: 1854.0587s
	iters: 1800, epoch: 2 | loss: 0.0420116
	speed: 0.0467s/iter; left time: 1845.8767s
	iters: 1900, epoch: 2 | loss: 0.0509932
	speed: 0.0469s/iter; left time: 1848.7310s
	iters: 2000, epoch: 2 | loss: 0.0454612
	speed: 0.0467s/iter; left time: 1836.1055s
	iters: 2100, epoch: 2 | loss: 0.0363500
	speed: 0.0469s/iter; left time: 1839.6356s
	iters: 2200, epoch: 2 | loss: 0.0426372
	speed: 0.0467s/iter; left time: 1828.8345s
	iters: 2300, epoch: 2 | loss: 0.0510454
	speed: 0.0468s/iter; left time: 1827.6820s
	iters: 2400, epoch: 2 | loss: 0.0605987
	speed: 0.0466s/iter; left time: 1814.4648s
	iters: 2500, epoch: 2 | loss: 0.0341890
	speed: 0.0469s/iter; left time: 1821.0069s
	iters: 2600, epoch: 2 | loss: 0.0495645
	speed: 0.0466s/iter; left time: 1806.7917s
	iters: 2700, epoch: 2 | loss: 0.0452586
	speed: 0.0467s/iter; left time: 1804.6817s
	iters: 2800, epoch: 2 | loss: 0.0455116
	speed: 0.0466s/iter; left time: 1796.2799s
	iters: 2900, epoch: 2 | loss: 0.0369876
	speed: 0.0469s/iter; left time: 1801.9867s
	iters: 3000, epoch: 2 | loss: 0.0364596
	speed: 0.0466s/iter; left time: 1788.0744s
	iters: 3100, epoch: 2 | loss: 0.0455640
	speed: 0.0467s/iter; left time: 1784.8018s
	iters: 3200, epoch: 2 | loss: 0.0368165
	speed: 0.0467s/iter; left time: 1782.8407s
	iters: 3300, epoch: 2 | loss: 0.0347517
	speed: 0.0466s/iter; left time: 1774.4736s
	iters: 3400, epoch: 2 | loss: 0.0327663
	speed: 0.0467s/iter; left time: 1773.7819s
	iters: 3500, epoch: 2 | loss: 0.0285657
	speed: 0.0471s/iter; left time: 1782.5088s
	iters: 3600, epoch: 2 | loss: 0.0457823
	speed: 0.0467s/iter; left time: 1764.0557s
	iters: 3700, epoch: 2 | loss: 0.0416755
	speed: 0.0467s/iter; left time: 1757.7329s
	iters: 3800, epoch: 2 | loss: 0.0462562
	speed: 0.0469s/iter; left time: 1761.5554s
	iters: 3900, epoch: 2 | loss: 0.0481014
	speed: 0.0465s/iter; left time: 1743.4962s
	iters: 4000, epoch: 2 | loss: 0.0558222
	speed: 0.0469s/iter; left time: 1750.7198s
	iters: 4100, epoch: 2 | loss: 0.0491624
	speed: 0.0467s/iter; left time: 1740.4352s
	iters: 4200, epoch: 2 | loss: 0.0335279
	speed: 0.0468s/iter; left time: 1738.3881s
	iters: 4300, epoch: 2 | loss: 0.0508363
	speed: 0.0466s/iter; left time: 1728.0578s
	iters: 4400, epoch: 2 | loss: 0.0422277
	speed: 0.0467s/iter; left time: 1724.7809s
	iters: 4500, epoch: 2 | loss: 0.0530245
	speed: 0.0468s/iter; left time: 1724.5610s
	iters: 4600, epoch: 2 | loss: 0.0354415
	speed: 0.0467s/iter; left time: 1715.4413s
	iters: 4700, epoch: 2 | loss: 0.0273031
	speed: 0.0467s/iter; left time: 1710.4437s
	iters: 4800, epoch: 2 | loss: 0.0378012
	speed: 0.0467s/iter; left time: 1707.3056s
	iters: 4900, epoch: 2 | loss: 0.0410973
	speed: 0.0467s/iter; left time: 1701.3313s
	iters: 5000, epoch: 2 | loss: 0.0385130
	speed: 0.0465s/iter; left time: 1691.4669s
	iters: 5100, epoch: 2 | loss: 0.0388300
	speed: 0.0470s/iter; left time: 1703.3692s
	iters: 5200, epoch: 2 | loss: 0.0377099
	speed: 0.0467s/iter; left time: 1687.6107s
	iters: 5300, epoch: 2 | loss: 0.0315447
	speed: 0.0471s/iter; left time: 1698.3472s
	iters: 5400, epoch: 2 | loss: 0.0462263
	speed: 0.0468s/iter; left time: 1681.7207s
	iters: 5500, epoch: 2 | loss: 0.0455748
	speed: 0.0469s/iter; left time: 1683.3983s
	iters: 5600, epoch: 2 | loss: 0.0299243
	speed: 0.0466s/iter; left time: 1666.7112s
	iters: 5700, epoch: 2 | loss: 0.0378627
	speed: 0.0467s/iter; left time: 1666.1612s
	iters: 5800, epoch: 2 | loss: 0.0367188
	speed: 0.0468s/iter; left time: 1665.2757s
	iters: 5900, epoch: 2 | loss: 0.0325973
	speed: 0.0467s/iter; left time: 1654.5515s
Epoch: 2 cost time: 276.4099225997925
Epoch: 2, Steps: 5908 | Train Loss: 0.0455462 Vali Loss: 0.8650568 Test Loss: 0.5856139
EarlyStopping counter: 1 out of 3
Updating learning rate to 5e-05
	iters: 100, epoch: 3 | loss: 0.0324656
	speed: 0.5531s/iter; left time: 19550.1278s
	iters: 200, epoch: 3 | loss: 0.0314488
	speed: 0.0465s/iter; left time: 1640.7221s
	iters: 300, epoch: 3 | loss: 0.0245564
	speed: 0.0468s/iter; left time: 1644.8919s
	iters: 400, epoch: 3 | loss: 0.0308693
	speed: 0.0468s/iter; left time: 1640.1377s
	iters: 500, epoch: 3 | loss: 0.0252692
	speed: 0.0470s/iter; left time: 1644.0260s
	iters: 600, epoch: 3 | loss: 0.0236939
	speed: 0.0465s/iter; left time: 1621.9047s
	iters: 700, epoch: 3 | loss: 0.0329352
	speed: 0.0469s/iter; left time: 1629.4846s
	iters: 800, epoch: 3 | loss: 0.0226914
	speed: 0.0466s/iter; left time: 1615.2785s
	iters: 900, epoch: 3 | loss: 0.0250356
	speed: 0.0469s/iter; left time: 1620.2455s
	iters: 1000, epoch: 3 | loss: 0.0273934
	speed: 0.0468s/iter; left time: 1613.8487s
	iters: 1100, epoch: 3 | loss: 0.0407533
	speed: 0.0467s/iter; left time: 1603.9032s
	iters: 1200, epoch: 3 | loss: 0.0245898
	speed: 0.0466s/iter; left time: 1596.6265s
	iters: 1300, epoch: 3 | loss: 0.0355294
	speed: 0.0468s/iter; left time: 1599.2869s
	iters: 1400, epoch: 3 | loss: 0.0272874
	speed: 0.0468s/iter; left time: 1592.6945s
	iters: 1500, epoch: 3 | loss: 0.0245817
	speed: 0.0466s/iter; left time: 1582.8733s
	iters: 1600, epoch: 3 | loss: 0.0208726
	speed: 0.0468s/iter; left time: 1582.8081s
	iters: 1700, epoch: 3 | loss: 0.0265751
	speed: 0.0470s/iter; left time: 1587.8335s
	iters: 1800, epoch: 3 | loss: 0.0245979
	speed: 0.0468s/iter; left time: 1574.3731s
	iters: 1900, epoch: 3 | loss: 0.0265187
	speed: 0.0466s/iter; left time: 1563.5024s
	iters: 2000, epoch: 3 | loss: 0.0292798
	speed: 0.0470s/iter; left time: 1570.8431s
	iters: 2100, epoch: 3 | loss: 0.0216647
	speed: 0.0466s/iter; left time: 1555.5736s
	iters: 2200, epoch: 3 | loss: 0.0386309
	speed: 0.0466s/iter; left time: 1549.3152s
	iters: 2300, epoch: 3 | loss: 0.0225182
	speed: 0.0469s/iter; left time: 1554.5802s
	iters: 2400, epoch: 3 | loss: 0.0188546
	speed: 0.0469s/iter; left time: 1550.6545s
	iters: 2500, epoch: 3 | loss: 0.0277263
	speed: 0.0467s/iter; left time: 1539.0485s
	iters: 2600, epoch: 3 | loss: 0.0366660
	speed: 0.0468s/iter; left time: 1538.2409s
	iters: 2700, epoch: 3 | loss: 0.0249679
	speed: 0.0467s/iter; left time: 1530.6030s
	iters: 2800, epoch: 3 | loss: 0.0284460
	speed: 0.0466s/iter; left time: 1522.1354s
	iters: 2900, epoch: 3 | loss: 0.0196618
	speed: 0.0469s/iter; left time: 1525.1127s
	iters: 3000, epoch: 3 | loss: 0.0211443
	speed: 0.0467s/iter; left time: 1513.7949s
	iters: 3100, epoch: 3 | loss: 0.0310783
	speed: 0.0467s/iter; left time: 1510.3071s
	iters: 3200, epoch: 3 | loss: 0.0269250
	speed: 0.0465s/iter; left time: 1498.4481s
	iters: 3300, epoch: 3 | loss: 0.0263678
	speed: 0.0469s/iter; left time: 1507.3045s
	iters: 3400, epoch: 3 | loss: 0.0183419
	speed: 0.0467s/iter; left time: 1496.1561s
	iters: 3500, epoch: 3 | loss: 0.0229204
	speed: 0.0467s/iter; left time: 1493.1186s
	iters: 3600, epoch: 3 | loss: 0.0521154
	speed: 0.0469s/iter; left time: 1494.9918s
	iters: 3700, epoch: 3 | loss: 0.0219420
	speed: 0.0470s/iter; left time: 1493.6641s
	iters: 3800, epoch: 3 | loss: 0.0283952
	speed: 0.0468s/iter; left time: 1480.6231s
	iters: 3900, epoch: 3 | loss: 0.0264007
	speed: 0.0468s/iter; left time: 1477.6250s
	iters: 4000, epoch: 3 | loss: 0.0271812
	speed: 0.0469s/iter; left time: 1473.6499s
	iters: 4100, epoch: 3 | loss: 0.0306870
	speed: 0.0466s/iter; left time: 1460.7175s
	iters: 4200, epoch: 3 | loss: 0.0251021
	speed: 0.0470s/iter; left time: 1467.6460s
	iters: 4300, epoch: 3 | loss: 0.0256256
	speed: 0.0469s/iter; left time: 1460.9755s
	iters: 4400, epoch: 3 | loss: 0.0205961
	speed: 0.0469s/iter; left time: 1457.4871s
	iters: 4500, epoch: 3 | loss: 0.0181641
	speed: 0.0468s/iter; left time: 1447.5551s
	iters: 4600, epoch: 3 | loss: 0.0251017
	speed: 0.0469s/iter; left time: 1447.1984s
	iters: 4700, epoch: 3 | loss: 0.0230055
	speed: 0.0467s/iter; left time: 1435.8243s
	iters: 4800, epoch: 3 | loss: 0.0206201
	speed: 0.0469s/iter; left time: 1437.9108s
	iters: 4900, epoch: 3 | loss: 0.0163865
	speed: 0.0469s/iter; left time: 1431.8983s
	iters: 5000, epoch: 3 | loss: 0.0259867
	speed: 0.0468s/iter; left time: 1424.0144s
	iters: 5100, epoch: 3 | loss: 0.0203117
	speed: 0.0467s/iter; left time: 1418.1600s
	iters: 5200, epoch: 3 | loss: 0.0233329
	speed: 0.0469s/iter; left time: 1420.1357s
	iters: 5300, epoch: 3 | loss: 0.0160297
	speed: 0.0467s/iter; left time: 1409.2173s
	iters: 5400, epoch: 3 | loss: 0.0166312
	speed: 0.0466s/iter; left time: 1401.0078s
	iters: 5500, epoch: 3 | loss: 0.0242828
	speed: 0.0469s/iter; left time: 1404.5547s
	iters: 5600, epoch: 3 | loss: 0.0258954
	speed: 0.0466s/iter; left time: 1390.8429s
	iters: 5700, epoch: 3 | loss: 0.0234884
	speed: 0.0469s/iter; left time: 1395.8013s
	iters: 5800, epoch: 3 | loss: 0.0203501
	speed: 0.0467s/iter; left time: 1384.8870s
	iters: 5900, epoch: 3 | loss: 0.0317371
	speed: 0.0467s/iter; left time: 1380.5789s
Epoch: 3 cost time: 276.3982152938843
Epoch: 3, Steps: 5908 | Train Loss: 0.0252522 Vali Loss: 0.9334307 Test Loss: 0.6226746
EarlyStopping counter: 2 out of 3
Updating learning rate to 2.5e-05
	iters: 100, epoch: 4 | loss: 0.0144335
	speed: 0.5533s/iter; left time: 16289.7280s
	iters: 200, epoch: 4 | loss: 0.0224054
	speed: 0.0467s/iter; left time: 1371.6821s
	iters: 300, epoch: 4 | loss: 0.0269162
	speed: 0.0466s/iter; left time: 1362.5716s
	iters: 400, epoch: 4 | loss: 0.0248668
	speed: 0.0468s/iter; left time: 1364.6878s
	iters: 500, epoch: 4 | loss: 0.0238071
	speed: 0.0467s/iter; left time: 1355.5010s
	iters: 600, epoch: 4 | loss: 0.0201260
	speed: 0.0468s/iter; left time: 1355.0383s
	iters: 700, epoch: 4 | loss: 0.0147422
	speed: 0.0467s/iter; left time: 1348.1829s
	iters: 800, epoch: 4 | loss: 0.0189941
	speed: 0.0467s/iter; left time: 1342.2944s
	iters: 900, epoch: 4 | loss: 0.0218044
	speed: 0.0467s/iter; left time: 1337.8475s
	iters: 1000, epoch: 4 | loss: 0.0139744
	speed: 0.0466s/iter; left time: 1329.1289s
	iters: 1100, epoch: 4 | loss: 0.0178067
	speed: 0.0470s/iter; left time: 1337.1145s
	iters: 1200, epoch: 4 | loss: 0.0212813
	speed: 0.0465s/iter; left time: 1318.4757s
	iters: 1300, epoch: 4 | loss: 0.0251794
	speed: 0.0467s/iter; left time: 1318.9676s
	iters: 1400, epoch: 4 | loss: 0.0134106
	speed: 0.0469s/iter; left time: 1318.6289s
	iters: 1500, epoch: 4 | loss: 0.0182079
	speed: 0.0468s/iter; left time: 1312.2564s
	iters: 1600, epoch: 4 | loss: 0.0167202
	speed: 0.0467s/iter; left time: 1304.3189s
	iters: 1700, epoch: 4 | loss: 0.0163774
	speed: 0.0470s/iter; left time: 1307.4248s
	iters: 1800, epoch: 4 | loss: 0.0127203
	speed: 0.0467s/iter; left time: 1295.5806s
	iters: 1900, epoch: 4 | loss: 0.0148290
	speed: 0.0474s/iter; left time: 1309.6399s
	iters: 2000, epoch: 4 | loss: 0.0166908
	speed: 0.0468s/iter; left time: 1290.2711s
	iters: 2100, epoch: 4 | loss: 0.0161527
	speed: 0.0468s/iter; left time: 1285.1685s
	iters: 2200, epoch: 4 | loss: 0.0179604
	speed: 0.0467s/iter; left time: 1277.4541s
	iters: 2300, epoch: 4 | loss: 0.0247211
	speed: 0.0466s/iter; left time: 1269.8130s
	iters: 2400, epoch: 4 | loss: 0.0178867
	speed: 0.0471s/iter; left time: 1277.7931s
	iters: 2500, epoch: 4 | loss: 0.0161440
	speed: 0.0466s/iter; left time: 1260.3236s
	iters: 2600, epoch: 4 | loss: 0.0211725
	speed: 0.0469s/iter; left time: 1263.9185s
	iters: 2700, epoch: 4 | loss: 0.0175556
	speed: 0.0468s/iter; left time: 1255.2850s
	iters: 2800, epoch: 4 | loss: 0.0140452
	speed: 0.0467s/iter; left time: 1249.0390s
	iters: 2900, epoch: 4 | loss: 0.0209733
	speed: 0.0467s/iter; left time: 1245.0137s
	iters: 3000, epoch: 4 | loss: 0.0204561
	speed: 0.0469s/iter; left time: 1244.8432s
	iters: 3100, epoch: 4 | loss: 0.0170301
	speed: 0.0468s/iter; left time: 1236.3784s
	iters: 3200, epoch: 4 | loss: 0.0206044
	speed: 0.0466s/iter; left time: 1228.7264s
	iters: 3300, epoch: 4 | loss: 0.0162258
	speed: 0.0468s/iter; left time: 1227.3401s
	iters: 3400, epoch: 4 | loss: 0.0160153
	speed: 0.0466s/iter; left time: 1218.0872s
	iters: 3500, epoch: 4 | loss: 0.0286084
	speed: 0.0467s/iter; left time: 1217.3169s
	iters: 3600, epoch: 4 | loss: 0.0139073
	speed: 0.0466s/iter; left time: 1208.5546s
	iters: 3700, epoch: 4 | loss: 0.0189836
	speed: 0.0470s/iter; left time: 1213.4906s
	iters: 3800, epoch: 4 | loss: 0.0170764
	speed: 0.0466s/iter; left time: 1198.3635s
	iters: 3900, epoch: 4 | loss: 0.0140614
	speed: 0.0465s/iter; left time: 1193.0938s
	iters: 4000, epoch: 4 | loss: 0.0223122
	speed: 0.0467s/iter; left time: 1192.4158s
	iters: 4100, epoch: 4 | loss: 0.0259510
	speed: 0.0468s/iter; left time: 1191.4950s
	iters: 4200, epoch: 4 | loss: 0.0168199
	speed: 0.0466s/iter; left time: 1179.7888s
	iters: 4300, epoch: 4 | loss: 0.0196823
	speed: 0.0469s/iter; left time: 1182.9448s
	iters: 4400, epoch: 4 | loss: 0.0174726
	speed: 0.0467s/iter; left time: 1173.8252s
	iters: 4500, epoch: 4 | loss: 0.0131424
	speed: 0.0467s/iter; left time: 1169.0041s
	iters: 4600, epoch: 4 | loss: 0.0106023
	speed: 0.0468s/iter; left time: 1167.7694s
	iters: 4700, epoch: 4 | loss: 0.0209282
	speed: 0.0466s/iter; left time: 1157.3435s
	iters: 4800, epoch: 4 | loss: 0.0144299
	speed: 0.0466s/iter; left time: 1153.8108s
	iters: 4900, epoch: 4 | loss: 0.0164797
	speed: 0.0467s/iter; left time: 1151.3643s
	iters: 5000, epoch: 4 | loss: 0.0191594
	speed: 0.0468s/iter; left time: 1147.8899s
	iters: 5100, epoch: 4 | loss: 0.0179795
	speed: 0.0465s/iter; left time: 1137.5876s
	iters: 5200, epoch: 4 | loss: 0.0144009
	speed: 0.0468s/iter; left time: 1138.9765s
	iters: 5300, epoch: 4 | loss: 0.0197995
	speed: 0.0468s/iter; left time: 1133.5700s
	iters: 5400, epoch: 4 | loss: 0.0114616
	speed: 0.0468s/iter; left time: 1128.6690s
	iters: 5500, epoch: 4 | loss: 0.0248285
	speed: 0.0467s/iter; left time: 1121.6117s
	iters: 5600, epoch: 4 | loss: 0.0183938
	speed: 0.0468s/iter; left time: 1120.3581s
	iters: 5700, epoch: 4 | loss: 0.0173592
	speed: 0.0467s/iter; left time: 1112.3452s
	iters: 5800, epoch: 4 | loss: 0.0147404
	speed: 0.0468s/iter; left time: 1111.2980s
	iters: 5900, epoch: 4 | loss: 0.0121824
	speed: 0.0468s/iter; left time: 1107.2655s
Epoch: 4 cost time: 276.1960184574127
Epoch: 4, Steps: 5908 | Train Loss: 0.0185866 Vali Loss: 0.8597945 Test Loss: 0.6335328
EarlyStopping counter: 3 out of 3
Early stopping
>>>>>>>testing : informerstack_custom_ftMS_sl1344_ll672_pl168_dm256_nh8_el3_dl1_df1024_atprob_fc5_ebtimeF_dtTrue_mxTrue_exp_120_0<<<<<<<<<<<<<<<<<<<<<<<<<<<<<<<<<
test 13769
test shape: (1721, 8, 168, 1) (1721, 8, 168, 1)
test shape: (13768, 168, 1) (13768, 168, 1)
mse:0.48816701769828796, mae:0.5412110090255737, r2:-1.8620543479919434


Parsed metrics from Informer output (normalized scale):
  MSE:  0.4882
  MAE:  0.5412
  RMSE: 0.6987
  R2:   -1.8621

Metrics after inverse transformation (original scale):
  MSE:  34.0024
  MAE:  4.5169
  RMSE: 5.8312
  R2:   -1.8621
Warning: Failed to record experiment: 'gbk' codec can't encode character '\u2713' in position 0: illegal multibyte sequence
  Training time: 1342.95s
  RMSE: 5.8312
  MAE:  4.5169
  R2:   -1.8621

Saving results...
  Model: Native Informer (saved in external/Informer2020/checkpoints/)
  Predictions: Not saved (native Informer handles this internally)
  Metrics: E:\ANUS_learning\MSI5001-power-transformer-oil-temperature-prediction\models\experiments\exp_120_metrics.json
  Plot: Skipped (native Informer handles visualization internally)

======================================================================
Experiment complete: exp_120
======================================================================

======================================================================
Completed: 2025-11-07 18:03:11
Return code: 0
======================================================================
