======================================================================
Experiment Log
Started: 2025-11-07 20:19:17
Command: C:\ProgramData\anaconda3\python.exe -m scripts.train_configurable --tx-id 2 --model Informer-Long --split-method chronological --feature-mode full --lookback-multiplier 4.0 --horizon 168 --experiment-name exp_127 --data-suffix _no_outlier --e-layers 3 --d-layers 2
======================================================================

======================================================================
Experiment: exp_127
======================================================================
Transformer:     TX2
Model:           Informer-Long
Split method:    chronological
Feature mode:    full
Data suffix:     _no_outlier

Loading data...
  Total samples: 69680
  Features: 17 columns

Window config: WindowConfig(horizon=168, lookback=672, gap=0)
Creating sliding windows for Informer-Long (keeping sequence structure)...
  Created 68840 windows (shape: (68840, 672, 17))
Splitting windows (chronological, 20% test)...
  Train: 55072 windows
  Test:  13768 windows

Training Informer-Long...

Calling native Informer from: E:\ANUS_learning\MSI5001-power-transformer-oil-temperature-prediction\external\Informer2020
Command: C:\ProgramData\anaconda3\python.exe E:\ANUS_learning\MSI5001-power-transformer-oil-temperature-prediction\external\Informer2020\main_informer.py --model informerstack --data custom --root_path ./data/ --data_path TX2.csv --features MS --target OT --freq h --seq_len 336 --label_len 168 --pred_len 168 --enc_in 6 --dec_in 1 --c_out 1 --d_model 256 --n_heads 8 --e_layers 3 --d_layers 2 --d_ff 1024 --factor 5 --dropout 0.05 --attn prob --embed timeF --activation gelu --batch_size 8 --train_epochs 8 --patience 3 --learning_rate 0.0001 --des exp_127 --itr 1
Args in experiment:
Namespace(model='informerstack', data='custom', root_path='./data/', data_path='TX1.csv', features='MS', target='OT', freq='h', checkpoints='./checkpoints/', seq_len=336, label_len=168, pred_len=168, enc_in=6, dec_in=1, c_out=1, d_model=256, n_heads=8, e_layers=3, d_layers=2, s_layers=[3, 2, 1], d_ff=1024, factor=5, padding=0, distil=True, dropout=0.05, attn='prob', embed='timeF', activation='gelu', output_attention=False, do_predict=False, mix=True, cols=None, num_workers=0, itr=1, train_epochs=8, batch_size=8, patience=3, learning_rate=0.0001, des='exp_127', loss='mse', lradj='type1', use_amp=False, inverse=False, use_gpu=True, gpu=0, use_multi_gpu=False, devices='0,1,2,3', detail_freq='h')
Use GPU: cuda:0
>>>>>>>start training : informerstack_custom_ftMS_sl336_ll168_pl168_dm256_nh8_el3_dl2_df1024_atprob_fc5_ebtimeF_dtTrue_mxTrue_exp_127_0>>>>>>>>>>>>>>>>>>>>>>>>>>
train 48273
val 6801
test 13769
	iters: 100, epoch: 1 | loss: 0.2290717
	speed: 0.0427s/iter; left time: 2055.4040s
	iters: 200, epoch: 1 | loss: 0.3136708
	speed: 0.0323s/iter; left time: 1551.9204s
	iters: 300, epoch: 1 | loss: 0.2360367
	speed: 0.0323s/iter; left time: 1551.9208s
	iters: 400, epoch: 1 | loss: 0.2082137
	speed: 0.0323s/iter; left time: 1545.4649s
	iters: 500, epoch: 1 | loss: 0.0678811
	speed: 0.0326s/iter; left time: 1555.0910s
	iters: 600, epoch: 1 | loss: 0.2686167
	speed: 0.0325s/iter; left time: 1547.5646s
	iters: 700, epoch: 1 | loss: 0.1044747
	speed: 0.0322s/iter; left time: 1531.6166s
	iters: 800, epoch: 1 | loss: 0.1867746
	speed: 0.0323s/iter; left time: 1534.8010s
	iters: 900, epoch: 1 | loss: 0.0765423
	speed: 0.0322s/iter; left time: 1527.4260s
	iters: 1000, epoch: 1 | loss: 0.1977880
	speed: 0.0321s/iter; left time: 1515.9871s
	iters: 1100, epoch: 1 | loss: 0.1979831
	speed: 0.0322s/iter; left time: 1517.5081s
	iters: 1200, epoch: 1 | loss: 0.1306447
	speed: 0.0325s/iter; left time: 1527.5738s
	iters: 1300, epoch: 1 | loss: 0.1306899
	speed: 0.0322s/iter; left time: 1513.4341s
	iters: 1400, epoch: 1 | loss: 0.1042870
	speed: 0.0320s/iter; left time: 1499.9548s
	iters: 1500, epoch: 1 | loss: 0.0938523
	speed: 0.0323s/iter; left time: 1510.9265s
	iters: 1600, epoch: 1 | loss: 0.1573953
	speed: 0.0322s/iter; left time: 1504.7406s
	iters: 1700, epoch: 1 | loss: 0.0900948
	speed: 0.0323s/iter; left time: 1505.9309s
	iters: 1800, epoch: 1 | loss: 0.1173601
	speed: 0.0320s/iter; left time: 1485.9540s
	iters: 1900, epoch: 1 | loss: 0.1158537
	speed: 0.0320s/iter; left time: 1486.0123s
	iters: 2000, epoch: 1 | loss: 0.1023253
	speed: 0.0321s/iter; left time: 1487.6440s
	iters: 2100, epoch: 1 | loss: 0.1104014
	speed: 0.0321s/iter; left time: 1484.2671s
	iters: 2200, epoch: 1 | loss: 0.0770836
	speed: 0.0326s/iter; left time: 1499.9599s
	iters: 2300, epoch: 1 | loss: 0.0659890
	speed: 0.0322s/iter; left time: 1478.9251s
	iters: 2400, epoch: 1 | loss: 0.1231679
	speed: 0.0321s/iter; left time: 1472.8827s
	iters: 2500, epoch: 1 | loss: 0.0755182
	speed: 0.0322s/iter; left time: 1475.4287s
	iters: 2600, epoch: 1 | loss: 0.1183406
	speed: 0.0320s/iter; left time: 1462.6300s
	iters: 2700, epoch: 1 | loss: 0.1090096
	speed: 0.0324s/iter; left time: 1478.7113s
	iters: 2800, epoch: 1 | loss: 0.2055095
	speed: 0.0321s/iter; left time: 1461.7169s
	iters: 2900, epoch: 1 | loss: 0.0948185
	speed: 0.0321s/iter; left time: 1455.1396s
	iters: 3000, epoch: 1 | loss: 0.0756902
	speed: 0.0322s/iter; left time: 1459.1179s
	iters: 3100, epoch: 1 | loss: 0.0651853
	speed: 0.0327s/iter; left time: 1477.3927s
	iters: 3200, epoch: 1 | loss: 0.0575383
	speed: 0.0321s/iter; left time: 1445.7662s
	iters: 3300, epoch: 1 | loss: 0.1317889
	speed: 0.0320s/iter; left time: 1441.3793s
	iters: 3400, epoch: 1 | loss: 0.0884676
	speed: 0.0322s/iter; left time: 1446.2088s
	iters: 3500, epoch: 1 | loss: 0.0743581
	speed: 0.0322s/iter; left time: 1443.6545s
	iters: 3600, epoch: 1 | loss: 0.0997977
	speed: 0.0324s/iter; left time: 1447.3678s
	iters: 3700, epoch: 1 | loss: 0.1149855
	speed: 0.0322s/iter; left time: 1434.9600s
	iters: 3800, epoch: 1 | loss: 0.1162345
	speed: 0.0324s/iter; left time: 1440.6048s
	iters: 3900, epoch: 1 | loss: 0.1116162
	speed: 0.0324s/iter; left time: 1436.0944s
	iters: 4000, epoch: 1 | loss: 0.0655022
	speed: 0.0323s/iter; left time: 1430.9215s
	iters: 4100, epoch: 1 | loss: 0.1390893
	speed: 0.0327s/iter; left time: 1442.3460s
	iters: 4200, epoch: 1 | loss: 0.0700887
	speed: 0.0323s/iter; left time: 1422.3517s
	iters: 4300, epoch: 1 | loss: 0.0567355
	speed: 0.0321s/iter; left time: 1411.6623s
	iters: 4400, epoch: 1 | loss: 0.0823626
	speed: 0.0322s/iter; left time: 1412.7588s
	iters: 4500, epoch: 1 | loss: 0.0458970
	speed: 0.0325s/iter; left time: 1422.5337s
	iters: 4600, epoch: 1 | loss: 0.0570106
	speed: 0.0323s/iter; left time: 1412.7865s
	iters: 4700, epoch: 1 | loss: 0.0698220
	speed: 0.0321s/iter; left time: 1397.0307s
	iters: 4800, epoch: 1 | loss: 0.0440199
	speed: 0.0321s/iter; left time: 1393.6667s
	iters: 4900, epoch: 1 | loss: 0.0763381
	speed: 0.0324s/iter; left time: 1403.5076s
	iters: 5000, epoch: 1 | loss: 0.0660729
	speed: 0.0322s/iter; left time: 1393.9066s
	iters: 5100, epoch: 1 | loss: 0.0455492
	speed: 0.0321s/iter; left time: 1386.5977s
	iters: 5200, epoch: 1 | loss: 0.0692705
	speed: 0.0323s/iter; left time: 1389.3099s
	iters: 5300, epoch: 1 | loss: 0.0477701
	speed: 0.0323s/iter; left time: 1387.7223s
	iters: 5400, epoch: 1 | loss: 0.0565065
	speed: 0.0322s/iter; left time: 1381.1219s
	iters: 5500, epoch: 1 | loss: 0.0355002
	speed: 0.0325s/iter; left time: 1389.9051s
	iters: 5600, epoch: 1 | loss: 0.0685913
	speed: 0.0323s/iter; left time: 1377.1528s
	iters: 5700, epoch: 1 | loss: 0.0494480
	speed: 0.0322s/iter; left time: 1369.3317s
	iters: 5800, epoch: 1 | loss: 0.0599559
	speed: 0.0324s/iter; left time: 1375.9008s
	iters: 5900, epoch: 1 | loss: 0.0567187
	speed: 0.0327s/iter; left time: 1386.6300s
	iters: 6000, epoch: 1 | loss: 0.0448006
	speed: 0.0324s/iter; left time: 1367.7760s
Epoch: 1 cost time: 195.04503679275513
Epoch: 1, Steps: 6034 | Train Loss: 0.1084136 Vali Loss: 0.8442036 Test Loss: 0.6235068
Validation loss decreased (inf --> 0.844204).  Saving model ...
Updating learning rate to 0.0001
	iters: 100, epoch: 2 | loss: 0.0804086
	speed: 0.4007s/iter; left time: 16885.4282s
	iters: 200, epoch: 2 | loss: 0.0412848
	speed: 0.0324s/iter; left time: 1362.4794s
	iters: 300, epoch: 2 | loss: 0.0591770
	speed: 0.0324s/iter; left time: 1358.0214s
	iters: 400, epoch: 2 | loss: 0.0354484
	speed: 0.0323s/iter; left time: 1350.5144s
	iters: 500, epoch: 2 | loss: 0.0465722
	speed: 0.0323s/iter; left time: 1349.6759s
	iters: 600, epoch: 2 | loss: 0.0576499
	speed: 0.0325s/iter; left time: 1351.9047s
	iters: 700, epoch: 2 | loss: 0.0559866
	speed: 0.0322s/iter; left time: 1338.9471s
	iters: 800, epoch: 2 | loss: 0.0528146
	speed: 0.0322s/iter; left time: 1333.4680s
	iters: 900, epoch: 2 | loss: 0.0446743
	speed: 0.0322s/iter; left time: 1330.4287s
	iters: 1000, epoch: 2 | loss: 0.0388711
	speed: 0.0324s/iter; left time: 1335.6625s
	iters: 1100, epoch: 2 | loss: 0.0594910
	speed: 0.0322s/iter; left time: 1325.1840s
	iters: 1200, epoch: 2 | loss: 0.0433104
	speed: 0.0324s/iter; left time: 1330.2452s
	iters: 1300, epoch: 2 | loss: 0.0268315
	speed: 0.0324s/iter; left time: 1328.1913s
	iters: 1400, epoch: 2 | loss: 0.0521770
	speed: 0.0324s/iter; left time: 1324.1730s
	iters: 1500, epoch: 2 | loss: 0.0485353
	speed: 0.0324s/iter; left time: 1320.4871s
	iters: 1600, epoch: 2 | loss: 0.0549327
	speed: 0.0327s/iter; left time: 1326.9609s
	iters: 1700, epoch: 2 | loss: 0.0545456
	speed: 0.0323s/iter; left time: 1307.5288s
	iters: 1800, epoch: 2 | loss: 0.0577056
	speed: 0.0323s/iter; left time: 1306.6824s
	iters: 1900, epoch: 2 | loss: 0.0470224
	speed: 0.0320s/iter; left time: 1292.6573s
	iters: 2000, epoch: 2 | loss: 0.0419332
	speed: 0.0325s/iter; left time: 1307.9411s
	iters: 2100, epoch: 2 | loss: 0.0432665
	speed: 0.0323s/iter; left time: 1295.6108s
	iters: 2200, epoch: 2 | loss: 0.0602133
	speed: 0.0323s/iter; left time: 1292.0328s
	iters: 2300, epoch: 2 | loss: 0.0358319
	speed: 0.0321s/iter; left time: 1282.6931s
	iters: 2400, epoch: 2 | loss: 0.0458487
	speed: 0.0325s/iter; left time: 1294.0072s
	iters: 2500, epoch: 2 | loss: 0.0359357
	speed: 0.0328s/iter; left time: 1302.5787s
	iters: 2600, epoch: 2 | loss: 0.0374437
	speed: 0.0322s/iter; left time: 1276.5856s
	iters: 2700, epoch: 2 | loss: 0.0257513
	speed: 0.0324s/iter; left time: 1282.4284s
	iters: 2800, epoch: 2 | loss: 0.0435105
	speed: 0.0321s/iter; left time: 1266.9938s
	iters: 2900, epoch: 2 | loss: 0.0317132
	speed: 0.0322s/iter; left time: 1264.9930s
	iters: 3000, epoch: 2 | loss: 0.0293249
	speed: 0.0327s/iter; left time: 1284.6471s
	iters: 3100, epoch: 2 | loss: 0.0299191
	speed: 0.0321s/iter; left time: 1257.0439s
	iters: 3200, epoch: 2 | loss: 0.0305184
	speed: 0.0322s/iter; left time: 1258.7079s
	iters: 3300, epoch: 2 | loss: 0.0408791
	speed: 0.0326s/iter; left time: 1270.0974s
	iters: 3400, epoch: 2 | loss: 0.0347831
	speed: 0.0325s/iter; left time: 1263.1216s
	iters: 3500, epoch: 2 | loss: 0.0429636
	speed: 0.0323s/iter; left time: 1252.6672s
	iters: 3600, epoch: 2 | loss: 0.0367094
	speed: 0.0322s/iter; left time: 1243.2157s
	iters: 3700, epoch: 2 | loss: 0.0432605
	speed: 0.0322s/iter; left time: 1241.2829s
	iters: 3800, epoch: 2 | loss: 0.0350799
	speed: 0.0322s/iter; left time: 1238.4582s
	iters: 3900, epoch: 2 | loss: 0.0555707
	speed: 0.0324s/iter; left time: 1242.5476s
	iters: 4000, epoch: 2 | loss: 0.0385396
	speed: 0.0321s/iter; left time: 1226.7182s
	iters: 4100, epoch: 2 | loss: 0.0299256
	speed: 0.0324s/iter; left time: 1237.0651s
	iters: 4200, epoch: 2 | loss: 0.0436793
	speed: 0.0323s/iter; left time: 1228.9636s
	iters: 4300, epoch: 2 | loss: 0.0307431
	speed: 0.0324s/iter; left time: 1229.2272s
	iters: 4400, epoch: 2 | loss: 0.0591432
	speed: 0.0324s/iter; left time: 1225.7466s
	iters: 4500, epoch: 2 | loss: 0.0279543
	speed: 0.0323s/iter; left time: 1217.4513s
	iters: 4600, epoch: 2 | loss: 0.0242034
	speed: 0.0322s/iter; left time: 1213.0769s
	iters: 4700, epoch: 2 | loss: 0.0428875
	speed: 0.0321s/iter; left time: 1206.8786s
	iters: 4800, epoch: 2 | loss: 0.0348476
	speed: 0.0324s/iter; left time: 1213.9380s
	iters: 4900, epoch: 2 | loss: 0.0248984
	speed: 0.0324s/iter; left time: 1207.9315s
	iters: 5000, epoch: 2 | loss: 0.0203685
	speed: 0.0323s/iter; left time: 1201.1440s
	iters: 5100, epoch: 2 | loss: 0.0387684
	speed: 0.0323s/iter; left time: 1200.2478s
	iters: 5200, epoch: 2 | loss: 0.0372465
	speed: 0.0324s/iter; left time: 1198.3522s
	iters: 5300, epoch: 2 | loss: 0.0234083
	speed: 0.0324s/iter; left time: 1197.1835s
	iters: 5400, epoch: 2 | loss: 0.0317647
	speed: 0.0322s/iter; left time: 1187.1880s
	iters: 5500, epoch: 2 | loss: 0.0304207
	speed: 0.0322s/iter; left time: 1183.6557s
	iters: 5600, epoch: 2 | loss: 0.0265662
	speed: 0.0323s/iter; left time: 1182.7521s
	iters: 5700, epoch: 2 | loss: 0.0297795
	speed: 0.0326s/iter; left time: 1190.4193s
	iters: 5800, epoch: 2 | loss: 0.0405658
	speed: 0.0325s/iter; left time: 1183.8613s
	iters: 5900, epoch: 2 | loss: 0.0194543
	speed: 0.0323s/iter; left time: 1172.9585s
	iters: 6000, epoch: 2 | loss: 0.0315780
	speed: 0.0323s/iter; left time: 1169.9070s
Epoch: 2 cost time: 195.1036674976349
Epoch: 2, Steps: 6034 | Train Loss: 0.0399045 Vali Loss: 0.7093111 Test Loss: 0.5610926
Validation loss decreased (0.844204 --> 0.709311).  Saving model ...
Updating learning rate to 5e-05
	iters: 100, epoch: 3 | loss: 0.0337978
	speed: 0.4009s/iter; left time: 14475.4219s
	iters: 200, epoch: 3 | loss: 0.0222728
	speed: 0.0323s/iter; left time: 1162.3640s
	iters: 300, epoch: 3 | loss: 0.0324638
	speed: 0.0323s/iter; left time: 1160.4665s
	iters: 400, epoch: 3 | loss: 0.0216760
	speed: 0.0322s/iter; left time: 1152.9267s
	iters: 500, epoch: 3 | loss: 0.0297347
	speed: 0.0326s/iter; left time: 1164.9881s
	iters: 600, epoch: 3 | loss: 0.0198299
	speed: 0.0322s/iter; left time: 1146.1781s
	iters: 700, epoch: 3 | loss: 0.0298201
	speed: 0.0322s/iter; left time: 1141.9507s
	iters: 800, epoch: 3 | loss: 0.0336121
	speed: 0.0323s/iter; left time: 1142.7545s
	iters: 900, epoch: 3 | loss: 0.0185410
	speed: 0.0326s/iter; left time: 1151.3629s
	iters: 1000, epoch: 3 | loss: 0.0295072
	speed: 0.0322s/iter; left time: 1134.1175s
	iters: 1100, epoch: 3 | loss: 0.0203786
	speed: 0.0322s/iter; left time: 1128.6938s
	iters: 1200, epoch: 3 | loss: 0.0157165
	speed: 0.0325s/iter; left time: 1136.5927s
	iters: 1300, epoch: 3 | loss: 0.0253939
	speed: 0.0322s/iter; left time: 1124.1462s
	iters: 1400, epoch: 3 | loss: 0.0162683
	speed: 0.0324s/iter; left time: 1128.9624s
	iters: 1500, epoch: 3 | loss: 0.0216252
	speed: 0.0323s/iter; left time: 1122.4244s
	iters: 1600, epoch: 3 | loss: 0.0192617
	speed: 0.0320s/iter; left time: 1108.8010s
	iters: 1700, epoch: 3 | loss: 0.0210497
	speed: 0.0324s/iter; left time: 1119.0303s
	iters: 1800, epoch: 3 | loss: 0.0191394
	speed: 0.0325s/iter; left time: 1116.7235s
	iters: 1900, epoch: 3 | loss: 0.0281400
	speed: 0.0323s/iter; left time: 1107.9153s
	iters: 2000, epoch: 3 | loss: 0.0322691
	speed: 0.0321s/iter; left time: 1097.2086s
	iters: 2100, epoch: 3 | loss: 0.0234087
	speed: 0.0322s/iter; left time: 1099.5419s
	iters: 2200, epoch: 3 | loss: 0.0357378
	speed: 0.0322s/iter; left time: 1095.9630s
	iters: 2300, epoch: 3 | loss: 0.0234865
	speed: 0.0325s/iter; left time: 1101.2382s
	iters: 2400, epoch: 3 | loss: 0.0207860
	speed: 0.0322s/iter; left time: 1089.7426s
	iters: 2500, epoch: 3 | loss: 0.0189664
	speed: 0.0321s/iter; left time: 1080.8500s
	iters: 2600, epoch: 3 | loss: 0.0295359
	speed: 0.0323s/iter; left time: 1086.6420s
	iters: 2700, epoch: 3 | loss: 0.0121302
	speed: 0.0324s/iter; left time: 1085.2457s
	iters: 2800, epoch: 3 | loss: 0.0243683
	speed: 0.0323s/iter; left time: 1079.0735s
	iters: 2900, epoch: 3 | loss: 0.0223681
	speed: 0.0325s/iter; left time: 1082.1021s
	iters: 3000, epoch: 3 | loss: 0.0327899
	speed: 0.0323s/iter; left time: 1073.9106s
	iters: 3100, epoch: 3 | loss: 0.0340941
	speed: 0.0320s/iter; left time: 1060.7651s
	iters: 3200, epoch: 3 | loss: 0.0172267
	speed: 0.0325s/iter; left time: 1071.0697s
	iters: 3300, epoch: 3 | loss: 0.0204248
	speed: 0.0322s/iter; left time: 1060.4226s
	iters: 3400, epoch: 3 | loss: 0.0200545
	speed: 0.0324s/iter; left time: 1062.1099s
	iters: 3500, epoch: 3 | loss: 0.0203231
	speed: 0.0322s/iter; left time: 1053.6370s
	iters: 3600, epoch: 3 | loss: 0.0239836
	speed: 0.0324s/iter; left time: 1055.9670s
	iters: 3700, epoch: 3 | loss: 0.0167203
	speed: 0.0327s/iter; left time: 1061.3329s
	iters: 3800, epoch: 3 | loss: 0.0186600
	speed: 0.0322s/iter; left time: 1045.0240s
	iters: 3900, epoch: 3 | loss: 0.0243948
	speed: 0.0324s/iter; left time: 1045.6208s
	iters: 4000, epoch: 3 | loss: 0.0167020
	speed: 0.0325s/iter; left time: 1046.3415s
	iters: 4100, epoch: 3 | loss: 0.0138800
	speed: 0.0321s/iter; left time: 1031.2974s
	iters: 4200, epoch: 3 | loss: 0.0256910
	speed: 0.0325s/iter; left time: 1041.7220s
	iters: 4300, epoch: 3 | loss: 0.0227134
	speed: 0.0323s/iter; left time: 1030.2477s
	iters: 4400, epoch: 3 | loss: 0.0267029
	speed: 0.0323s/iter; left time: 1025.7805s
	iters: 4500, epoch: 3 | loss: 0.0158613
	speed: 0.0323s/iter; left time: 1023.7985s
	iters: 4600, epoch: 3 | loss: 0.0213261
	speed: 0.0325s/iter; left time: 1028.5320s
	iters: 4700, epoch: 3 | loss: 0.0193904
	speed: 0.0323s/iter; left time: 1018.3808s
	iters: 4800, epoch: 3 | loss: 0.0169118
	speed: 0.0322s/iter; left time: 1010.2919s
	iters: 4900, epoch: 3 | loss: 0.0199066
	speed: 0.0323s/iter; left time: 1012.0963s
	iters: 5000, epoch: 3 | loss: 0.0154602
	speed: 0.0322s/iter; left time: 1003.5278s
	iters: 5100, epoch: 3 | loss: 0.0174578
	speed: 0.0324s/iter; left time: 1008.3051s
	iters: 5200, epoch: 3 | loss: 0.0234673
	speed: 0.0322s/iter; left time: 998.9272s
	iters: 5300, epoch: 3 | loss: 0.0178186
	speed: 0.0322s/iter; left time: 995.5511s
	iters: 5400, epoch: 3 | loss: 0.0168564
	speed: 0.0322s/iter; left time: 990.4272s
	iters: 5500, epoch: 3 | loss: 0.0159741
	speed: 0.0324s/iter; left time: 993.9071s
	iters: 5600, epoch: 3 | loss: 0.0214346
	speed: 0.0325s/iter; left time: 995.5661s
	iters: 5700, epoch: 3 | loss: 0.0146511
	speed: 0.0323s/iter; left time: 984.7553s
	iters: 5800, epoch: 3 | loss: 0.0207212
	speed: 0.0321s/iter; left time: 975.9580s
	iters: 5900, epoch: 3 | loss: 0.0192276
	speed: 0.0322s/iter; left time: 976.7812s
	iters: 6000, epoch: 3 | loss: 0.0214488
	speed: 0.0323s/iter; left time: 974.8431s
Epoch: 3 cost time: 194.9506824016571
Epoch: 3, Steps: 6034 | Train Loss: 0.0216029 Vali Loss: 0.7118786 Test Loss: 0.5289741
EarlyStopping counter: 1 out of 3
Updating learning rate to 2.5e-05
	iters: 100, epoch: 4 | loss: 0.0138989
	speed: 0.3986s/iter; left time: 11986.7620s
	iters: 200, epoch: 4 | loss: 0.0158007
	speed: 0.0346s/iter; left time: 1037.7596s
	iters: 300, epoch: 4 | loss: 0.0201310
	speed: 0.0332s/iter; left time: 992.1892s
	iters: 400, epoch: 4 | loss: 0.0180316
	speed: 0.0321s/iter; left time: 955.1444s
	iters: 500, epoch: 4 | loss: 0.0152375
	speed: 0.0323s/iter; left time: 957.2673s
	iters: 600, epoch: 4 | loss: 0.0197457
	speed: 0.0323s/iter; left time: 954.4322s
	iters: 700, epoch: 4 | loss: 0.0140828
	speed: 0.0321s/iter; left time: 947.2870s
	iters: 800, epoch: 4 | loss: 0.0178211
	speed: 0.0324s/iter; left time: 951.0060s
	iters: 900, epoch: 4 | loss: 0.0183238
	speed: 0.0322s/iter; left time: 941.8542s
	iters: 1000, epoch: 4 | loss: 0.0104482
	speed: 0.0322s/iter; left time: 940.7387s
	iters: 1100, epoch: 4 | loss: 0.0120414
	speed: 0.0323s/iter; left time: 938.3741s
	iters: 1200, epoch: 4 | loss: 0.0202639
	speed: 0.0326s/iter; left time: 944.0173s
	iters: 1300, epoch: 4 | loss: 0.0207270
	speed: 0.0323s/iter; left time: 931.6068s
	iters: 1400, epoch: 4 | loss: 0.0147104
	speed: 0.0321s/iter; left time: 923.8544s
	iters: 1500, epoch: 4 | loss: 0.0152198
	speed: 0.0322s/iter; left time: 923.6667s
	iters: 1600, epoch: 4 | loss: 0.0151421
	speed: 0.0321s/iter; left time: 917.9670s
	iters: 1700, epoch: 4 | loss: 0.0106561
	speed: 0.0325s/iter; left time: 924.5616s
	iters: 1800, epoch: 4 | loss: 0.0145841
	speed: 0.0325s/iter; left time: 921.0283s
	iters: 1900, epoch: 4 | loss: 0.0149020
	speed: 0.0321s/iter; left time: 907.1875s
	iters: 2000, epoch: 4 | loss: 0.0101652
	speed: 0.0322s/iter; left time: 906.5930s
	iters: 2100, epoch: 4 | loss: 0.0170911
	speed: 0.0326s/iter; left time: 915.0550s
	iters: 2200, epoch: 4 | loss: 0.0145419
	speed: 0.0323s/iter; left time: 903.0553s
	iters: 2300, epoch: 4 | loss: 0.0142730
	speed: 0.0322s/iter; left time: 898.7303s
	iters: 2400, epoch: 4 | loss: 0.0166070
	speed: 0.0322s/iter; left time: 894.8545s
	iters: 2500, epoch: 4 | loss: 0.0160057
	speed: 0.0322s/iter; left time: 890.9702s
	iters: 2600, epoch: 4 | loss: 0.0142726
	speed: 0.0322s/iter; left time: 887.4847s
	iters: 2700, epoch: 4 | loss: 0.0139396
	speed: 0.0323s/iter; left time: 888.4860s
	iters: 2800, epoch: 4 | loss: 0.0176655
	speed: 0.0321s/iter; left time: 879.4823s
	iters: 2900, epoch: 4 | loss: 0.0176824
	speed: 0.0321s/iter; left time: 874.2199s
	iters: 3000, epoch: 4 | loss: 0.0249827
	speed: 0.0323s/iter; left time: 877.0336s
	iters: 3100, epoch: 4 | loss: 0.0122942
	speed: 0.0324s/iter; left time: 878.2689s
	iters: 3200, epoch: 4 | loss: 0.0123686
	speed: 0.0321s/iter; left time: 866.7092s
	iters: 3300, epoch: 4 | loss: 0.0163845
	speed: 0.0323s/iter; left time: 866.7978s
	iters: 3400, epoch: 4 | loss: 0.0165356
	speed: 0.0322s/iter; left time: 862.1729s
	iters: 3500, epoch: 4 | loss: 0.0136175
	speed: 0.0324s/iter; left time: 864.8690s
	iters: 3600, epoch: 4 | loss: 0.0223970
	speed: 0.0323s/iter; left time: 856.9516s
	iters: 3700, epoch: 4 | loss: 0.0115081
	speed: 0.0322s/iter; left time: 853.5074s
	iters: 3800, epoch: 4 | loss: 0.0120256
	speed: 0.0321s/iter; left time: 845.8345s
	iters: 3900, epoch: 4 | loss: 0.0182173
	speed: 0.0323s/iter; left time: 849.4674s
	iters: 4000, epoch: 4 | loss: 0.0203510
	speed: 0.0326s/iter; left time: 852.1048s
	iters: 4100, epoch: 4 | loss: 0.0153734
	speed: 0.0323s/iter; left time: 842.2663s
	iters: 4200, epoch: 4 | loss: 0.0179116
	speed: 0.0322s/iter; left time: 835.5037s
	iters: 4300, epoch: 4 | loss: 0.0130699
	speed: 0.0325s/iter; left time: 840.0289s
	iters: 4400, epoch: 4 | loss: 0.0116326
	speed: 0.0322s/iter; left time: 828.9752s
	iters: 4500, epoch: 4 | loss: 0.0169319
	speed: 0.0325s/iter; left time: 834.2149s
	iters: 4600, epoch: 4 | loss: 0.0179655
	speed: 0.0325s/iter; left time: 830.9778s
	iters: 4700, epoch: 4 | loss: 0.0160341
	speed: 0.0322s/iter; left time: 820.4926s
	iters: 4800, epoch: 4 | loss: 0.0155648
	speed: 0.0322s/iter; left time: 816.0172s
	iters: 4900, epoch: 4 | loss: 0.0118220
	speed: 0.0327s/iter; left time: 825.1399s
	iters: 5000, epoch: 4 | loss: 0.0163117
	speed: 0.0322s/iter; left time: 811.6415s
	iters: 5100, epoch: 4 | loss: 0.0178139
	speed: 0.0321s/iter; left time: 805.0658s
	iters: 5200, epoch: 4 | loss: 0.0157916
	speed: 0.0322s/iter; left time: 804.4281s
	iters: 5300, epoch: 4 | loss: 0.0162707
	speed: 0.0323s/iter; left time: 804.5076s
	iters: 5400, epoch: 4 | loss: 0.0196119
	speed: 0.0323s/iter; left time: 800.5067s
	iters: 5500, epoch: 4 | loss: 0.0141397
	speed: 0.0324s/iter; left time: 799.6837s
	iters: 5600, epoch: 4 | loss: 0.0120801
	speed: 0.0323s/iter; left time: 794.0753s
	iters: 5700, epoch: 4 | loss: 0.0118805
	speed: 0.0321s/iter; left time: 785.7177s
	iters: 5800, epoch: 4 | loss: 0.0161799
	speed: 0.0323s/iter; left time: 785.9876s
	iters: 5900, epoch: 4 | loss: 0.0114874
	speed: 0.0327s/iter; left time: 793.1789s
	iters: 6000, epoch: 4 | loss: 0.0167793
	speed: 0.0322s/iter; left time: 778.3271s
Epoch: 4 cost time: 195.1271276473999
Epoch: 4, Steps: 6034 | Train Loss: 0.0160106 Vali Loss: 0.6861748 Test Loss: 0.5216922
Validation loss decreased (0.709311 --> 0.686175).  Saving model ...
Updating learning rate to 1.25e-05
	iters: 100, epoch: 5 | loss: 0.0165119
	speed: 0.4012s/iter; left time: 9644.5450s
	iters: 200, epoch: 5 | loss: 0.0115422
	speed: 0.0322s/iter; left time: 770.9555s
	iters: 300, epoch: 5 | loss: 0.0169375
	speed: 0.0323s/iter; left time: 770.2110s
	iters: 400, epoch: 5 | loss: 0.0167816
	speed: 0.0322s/iter; left time: 764.4880s
	iters: 500, epoch: 5 | loss: 0.0150550
	speed: 0.0321s/iter; left time: 759.8185s
	iters: 600, epoch: 5 | loss: 0.0173503
	speed: 0.0326s/iter; left time: 766.2368s
	iters: 700, epoch: 5 | loss: 0.0135567
	speed: 0.0322s/iter; left time: 755.8129s
	iters: 800, epoch: 5 | loss: 0.0183682
	speed: 0.0321s/iter; left time: 748.9901s
	iters: 900, epoch: 5 | loss: 0.0102023
	speed: 0.0326s/iter; left time: 757.7178s
	iters: 1000, epoch: 5 | loss: 0.0108448
	speed: 0.0323s/iter; left time: 747.9585s
	iters: 1100, epoch: 5 | loss: 0.0165104
	speed: 0.0323s/iter; left time: 743.6194s
	iters: 1200, epoch: 5 | loss: 0.0167821
	speed: 0.0324s/iter; left time: 742.3698s
	iters: 1300, epoch: 5 | loss: 0.0095406
	speed: 0.0323s/iter; left time: 736.5960s
	iters: 1400, epoch: 5 | loss: 0.0105757
	speed: 0.0322s/iter; left time: 731.1634s
	iters: 1500, epoch: 5 | loss: 0.0150395
	speed: 0.0325s/iter; left time: 736.3919s
	iters: 1600, epoch: 5 | loss: 0.0141624
	speed: 0.0323s/iter; left time: 728.7075s
	iters: 1700, epoch: 5 | loss: 0.0142793
	speed: 0.0322s/iter; left time: 721.8586s
	iters: 1800, epoch: 5 | loss: 0.0164938
	speed: 0.0323s/iter; left time: 720.5082s
	iters: 1900, epoch: 5 | loss: 0.0139204
	speed: 0.0324s/iter; left time: 719.4682s
	iters: 2000, epoch: 5 | loss: 0.0175154
	speed: 0.0323s/iter; left time: 715.0347s
	iters: 2100, epoch: 5 | loss: 0.0194404
	speed: 0.0322s/iter; left time: 709.5377s
	iters: 2200, epoch: 5 | loss: 0.0097519
	speed: 0.0324s/iter; left time: 710.2144s
	iters: 2300, epoch: 5 | loss: 0.0173900
	speed: 0.0322s/iter; left time: 703.8153s
	iters: 2400, epoch: 5 | loss: 0.0174995
	speed: 0.0326s/iter; left time: 708.0361s
	iters: 2500, epoch: 5 | loss: 0.0146124
	speed: 0.0323s/iter; left time: 698.6204s
	iters: 2600, epoch: 5 | loss: 0.0123024
	speed: 0.0320s/iter; left time: 689.5195s
	iters: 2700, epoch: 5 | loss: 0.0123450
	speed: 0.0321s/iter; left time: 688.9811s
	iters: 2800, epoch: 5 | loss: 0.0168911
	speed: 0.0325s/iter; left time: 693.9473s
	iters: 2900, epoch: 5 | loss: 0.0148202
	speed: 0.0326s/iter; left time: 691.4899s
	iters: 3000, epoch: 5 | loss: 0.0141339
	speed: 0.0322s/iter; left time: 679.7321s
	iters: 3100, epoch: 5 | loss: 0.0114689
	speed: 0.0325s/iter; left time: 683.8206s
	iters: 3200, epoch: 5 | loss: 0.0162975
	speed: 0.0321s/iter; left time: 672.5332s
	iters: 3300, epoch: 5 | loss: 0.0115984
	speed: 0.0322s/iter; left time: 670.3499s
	iters: 3400, epoch: 5 | loss: 0.0143705
	speed: 0.0327s/iter; left time: 678.3027s
	iters: 3500, epoch: 5 | loss: 0.0147499
	speed: 0.0322s/iter; left time: 664.1978s
	iters: 3600, epoch: 5 | loss: 0.0153525
	speed: 0.0322s/iter; left time: 661.4135s
	iters: 3700, epoch: 5 | loss: 0.0124583
	speed: 0.0323s/iter; left time: 659.7617s
	iters: 3800, epoch: 5 | loss: 0.0188481
	speed: 0.0325s/iter; left time: 661.0598s
	iters: 3900, epoch: 5 | loss: 0.0160254
	speed: 0.0324s/iter; left time: 655.0614s
	iters: 4000, epoch: 5 | loss: 0.0116020
	speed: 0.0323s/iter; left time: 649.4776s
	iters: 4100, epoch: 5 | loss: 0.0134513
	speed: 0.0324s/iter; left time: 649.5360s
	iters: 4200, epoch: 5 | loss: 0.0152551
	speed: 0.0322s/iter; left time: 642.7851s
	iters: 4300, epoch: 5 | loss: 0.0129698
	speed: 0.0325s/iter; left time: 644.5119s
	iters: 4400, epoch: 5 | loss: 0.0166640
	speed: 0.0324s/iter; left time: 639.1209s
	iters: 4500, epoch: 5 | loss: 0.0166177
	speed: 0.0322s/iter; left time: 632.0381s
	iters: 4600, epoch: 5 | loss: 0.0095621
	speed: 0.0325s/iter; left time: 635.2312s
	iters: 4700, epoch: 5 | loss: 0.0122610
	speed: 0.0325s/iter; left time: 631.9209s
	iters: 4800, epoch: 5 | loss: 0.0096401
	speed: 0.0324s/iter; left time: 626.2135s
	iters: 4900, epoch: 5 | loss: 0.0126458
	speed: 0.0322s/iter; left time: 619.0122s
	iters: 5000, epoch: 5 | loss: 0.0095367
	speed: 0.0324s/iter; left time: 620.9161s
	iters: 5100, epoch: 5 | loss: 0.0085587
	speed: 0.0322s/iter; left time: 613.6835s
	iters: 5200, epoch: 5 | loss: 0.0115754
	speed: 0.0324s/iter; left time: 613.9612s
	iters: 5300, epoch: 5 | loss: 0.0114076
	speed: 0.0325s/iter; left time: 611.2789s
	iters: 5400, epoch: 5 | loss: 0.0163944
	speed: 0.0321s/iter; left time: 601.6086s
	iters: 5500, epoch: 5 | loss: 0.0146003
	speed: 0.0325s/iter; left time: 604.8604s
	iters: 5600, epoch: 5 | loss: 0.0111969
	speed: 0.0324s/iter; left time: 600.7016s
	iters: 5700, epoch: 5 | loss: 0.0159026
	speed: 0.0325s/iter; left time: 599.1460s
	iters: 5800, epoch: 5 | loss: 0.0117045
	speed: 0.0323s/iter; left time: 592.1208s
	iters: 5900, epoch: 5 | loss: 0.0109977
	speed: 0.0326s/iter; left time: 593.7267s
	iters: 6000, epoch: 5 | loss: 0.0153237
	speed: 0.0323s/iter; left time: 585.0366s
Epoch: 5 cost time: 195.09792709350586
Epoch: 5, Steps: 6034 | Train Loss: 0.0137462 Vali Loss: 0.6661986 Test Loss: 0.5068114
Validation loss decreased (0.686175 --> 0.666199).  Saving model ...
Updating learning rate to 6.25e-06
	iters: 100, epoch: 6 | loss: 0.0156645
	speed: 0.3997s/iter; left time: 7195.7269s
	iters: 200, epoch: 6 | loss: 0.0190639
	speed: 0.0322s/iter; left time: 576.0093s
	iters: 300, epoch: 6 | loss: 0.0101348
	speed: 0.0323s/iter; left time: 574.3526s
	iters: 400, epoch: 6 | loss: 0.0116166
	speed: 0.0325s/iter; left time: 575.7051s
	iters: 500, epoch: 6 | loss: 0.0144030
	speed: 0.0323s/iter; left time: 567.7672s
	iters: 600, epoch: 6 | loss: 0.0136193
	speed: 0.0322s/iter; left time: 563.6597s
	iters: 700, epoch: 6 | loss: 0.0131834
	speed: 0.0325s/iter; left time: 565.8630s
	iters: 800, epoch: 6 | loss: 0.0121549
	speed: 0.0322s/iter; left time: 557.7983s
	iters: 900, epoch: 6 | loss: 0.0214699
	speed: 0.0326s/iter; left time: 560.3565s
	iters: 1000, epoch: 6 | loss: 0.0079823
	speed: 0.0327s/iter; left time: 558.7641s
	iters: 1100, epoch: 6 | loss: 0.0076846
	speed: 0.0321s/iter; left time: 545.0189s
	iters: 1200, epoch: 6 | loss: 0.0129480
	speed: 0.0322s/iter; left time: 544.2483s
	iters: 1300, epoch: 6 | loss: 0.0146309
	speed: 0.0325s/iter; left time: 546.7034s
	iters: 1400, epoch: 6 | loss: 0.0134154
	speed: 0.0321s/iter; left time: 536.3017s
	iters: 1500, epoch: 6 | loss: 0.0096155
	speed: 0.0321s/iter; left time: 532.3660s
	iters: 1600, epoch: 6 | loss: 0.0134163
	speed: 0.0324s/iter; left time: 534.7189s
	iters: 1700, epoch: 6 | loss: 0.0107921
	speed: 0.0322s/iter; left time: 527.8410s
	iters: 1800, epoch: 6 | loss: 0.0094065
	speed: 0.0324s/iter; left time: 528.4044s
	iters: 1900, epoch: 6 | loss: 0.0151687
	speed: 0.0324s/iter; left time: 524.7008s
	iters: 2000, epoch: 6 | loss: 0.0106114
	speed: 0.0322s/iter; left time: 518.0006s
	iters: 2100, epoch: 6 | loss: 0.0092539
	speed: 0.0320s/iter; left time: 511.6283s
	iters: 2200, epoch: 6 | loss: 0.0167150
	speed: 0.0323s/iter; left time: 513.6997s
	iters: 2300, epoch: 6 | loss: 0.0152054
	speed: 0.0324s/iter; left time: 511.3545s
	iters: 2400, epoch: 6 | loss: 0.0083233
	speed: 0.0321s/iter; left time: 503.4512s
	iters: 2500, epoch: 6 | loss: 0.0124167
	speed: 0.0323s/iter; left time: 503.5962s
	iters: 2600, epoch: 6 | loss: 0.0088158
	speed: 0.0322s/iter; left time: 499.9566s
	iters: 2700, epoch: 6 | loss: 0.0136700
	speed: 0.0324s/iter; left time: 498.9038s
	iters: 2800, epoch: 6 | loss: 0.0133724
	speed: 0.0322s/iter; left time: 492.1426s
	iters: 2900, epoch: 6 | loss: 0.0125156
	speed: 0.0321s/iter; left time: 487.4300s
	iters: 3000, epoch: 6 | loss: 0.0073689
	speed: 0.0321s/iter; left time: 485.0461s
	iters: 3100, epoch: 6 | loss: 0.0096356
	speed: 0.0321s/iter; left time: 481.5148s
	iters: 3200, epoch: 6 | loss: 0.0116264
	speed: 0.0326s/iter; left time: 485.3124s
	iters: 3300, epoch: 6 | loss: 0.0138658
	speed: 0.0322s/iter; left time: 476.2432s
	iters: 3400, epoch: 6 | loss: 0.0139566
	speed: 0.0321s/iter; left time: 472.0013s
	iters: 3500, epoch: 6 | loss: 0.0100937
	speed: 0.0323s/iter; left time: 471.0234s
	iters: 3600, epoch: 6 | loss: 0.0150888
	speed: 0.0321s/iter; left time: 464.8394s
	iters: 3700, epoch: 6 | loss: 0.0141817
	speed: 0.0324s/iter; left time: 467.1881s
	iters: 3800, epoch: 6 | loss: 0.0203014
	speed: 0.0323s/iter; left time: 462.4379s
	iters: 3900, epoch: 6 | loss: 0.0109603
	speed: 0.0322s/iter; left time: 457.8014s
	iters: 4000, epoch: 6 | loss: 0.0154673
	speed: 0.0321s/iter; left time: 452.8175s
	iters: 4100, epoch: 6 | loss: 0.0177737
	speed: 0.0326s/iter; left time: 457.1209s
	iters: 4200, epoch: 6 | loss: 0.0129461
	speed: 0.0321s/iter; left time: 446.9350s
	iters: 4300, epoch: 6 | loss: 0.0109497
	speed: 0.0321s/iter; left time: 443.4620s
	iters: 4400, epoch: 6 | loss: 0.0154214
	speed: 0.0324s/iter; left time: 443.8059s
	iters: 4500, epoch: 6 | loss: 0.0091713
	speed: 0.0322s/iter; left time: 438.0831s
	iters: 4600, epoch: 6 | loss: 0.0093395
	speed: 0.0324s/iter; left time: 437.1610s
	iters: 4700, epoch: 6 | loss: 0.0077124
	speed: 0.0325s/iter; left time: 434.9570s
	iters: 4800, epoch: 6 | loss: 0.0129668
	speed: 0.0321s/iter; left time: 426.7159s
	iters: 4900, epoch: 6 | loss: 0.0161808
	speed: 0.0321s/iter; left time: 424.0923s
	iters: 5000, epoch: 6 | loss: 0.0115062
	speed: 0.0322s/iter; left time: 422.3244s
	iters: 5100, epoch: 6 | loss: 0.0119862
	speed: 0.0327s/iter; left time: 425.3793s
	iters: 5200, epoch: 6 | loss: 0.0102381
	speed: 0.0322s/iter; left time: 415.5817s
	iters: 5300, epoch: 6 | loss: 0.0112429
	speed: 0.0323s/iter; left time: 413.2808s
	iters: 5400, epoch: 6 | loss: 0.0159030
	speed: 0.0325s/iter; left time: 412.2715s
	iters: 5500, epoch: 6 | loss: 0.0085054
	speed: 0.0324s/iter; left time: 407.9820s
	iters: 5600, epoch: 6 | loss: 0.0088404
	speed: 0.0322s/iter; left time: 402.6555s
	iters: 5700, epoch: 6 | loss: 0.0149006
	speed: 0.0324s/iter; left time: 401.3915s
	iters: 5800, epoch: 6 | loss: 0.0111603
	speed: 0.0322s/iter; left time: 396.3127s
	iters: 5900, epoch: 6 | loss: 0.0114547
	speed: 0.0323s/iter; left time: 394.0613s
	iters: 6000, epoch: 6 | loss: 0.0125735
	speed: 0.0330s/iter; left time: 399.0208s
Epoch: 6 cost time: 194.83249735832214
Epoch: 6, Steps: 6034 | Train Loss: 0.0127699 Vali Loss: 0.6833061 Test Loss: 0.5177858
EarlyStopping counter: 1 out of 3
Updating learning rate to 3.125e-06
	iters: 100, epoch: 7 | loss: 0.0176388
	speed: 0.3995s/iter; left time: 4781.8300s
	iters: 200, epoch: 7 | loss: 0.0150521
	speed: 0.0323s/iter; left time: 383.5263s
	iters: 300, epoch: 7 | loss: 0.0121151
	speed: 0.0322s/iter; left time: 379.1329s
	iters: 400, epoch: 7 | loss: 0.0104034
	speed: 0.0324s/iter; left time: 378.1388s
	iters: 500, epoch: 7 | loss: 0.0119193
	speed: 0.0322s/iter; left time: 372.5451s
	iters: 600, epoch: 7 | loss: 0.0123659
	speed: 0.0322s/iter; left time: 369.5577s
	iters: 700, epoch: 7 | loss: 0.0177414
	speed: 0.0326s/iter; left time: 370.0844s
	iters: 800, epoch: 7 | loss: 0.0109962
	speed: 0.0322s/iter; left time: 363.2185s
	iters: 900, epoch: 7 | loss: 0.0131988
	speed: 0.0321s/iter; left time: 358.4329s
	iters: 1000, epoch: 7 | loss: 0.0127246
	speed: 0.0323s/iter; left time: 357.2798s
	iters: 1100, epoch: 7 | loss: 0.0111628
	speed: 0.0324s/iter; left time: 355.0725s
	iters: 1200, epoch: 7 | loss: 0.0126976
	speed: 0.0324s/iter; left time: 351.9550s
	iters: 1300, epoch: 7 | loss: 0.0133443
	speed: 0.0322s/iter; left time: 346.8271s
	iters: 1400, epoch: 7 | loss: 0.0094065
	speed: 0.0322s/iter; left time: 343.8798s
	iters: 1500, epoch: 7 | loss: 0.0159378
	speed: 0.0321s/iter; left time: 339.5840s
	iters: 1600, epoch: 7 | loss: 0.0128961
	speed: 0.0323s/iter; left time: 338.3841s
	iters: 1700, epoch: 7 | loss: 0.0094496
	speed: 0.0329s/iter; left time: 340.6765s
	iters: 1800, epoch: 7 | loss: 0.0099351
	speed: 0.0321s/iter; left time: 329.8615s
	iters: 1900, epoch: 7 | loss: 0.0171047
	speed: 0.0322s/iter; left time: 327.3199s
	iters: 2000, epoch: 7 | loss: 0.0107281
	speed: 0.0324s/iter; left time: 326.5385s
	iters: 2100, epoch: 7 | loss: 0.0147479
	speed: 0.0323s/iter; left time: 321.8797s
	iters: 2200, epoch: 7 | loss: 0.0117475
	speed: 0.0323s/iter; left time: 318.4892s
	iters: 2300, epoch: 7 | loss: 0.0129917
	speed: 0.0324s/iter; left time: 316.8244s
	iters: 2400, epoch: 7 | loss: 0.0135924
	speed: 0.0321s/iter; left time: 310.6298s
	iters: 2500, epoch: 7 | loss: 0.0123410
	speed: 0.0321s/iter; left time: 307.2593s
	iters: 2600, epoch: 7 | loss: 0.0099624
	speed: 0.0328s/iter; left time: 310.4262s
	iters: 2700, epoch: 7 | loss: 0.0150215
	speed: 0.0321s/iter; left time: 300.3495s
	iters: 2800, epoch: 7 | loss: 0.0198703
	speed: 0.0322s/iter; left time: 298.5310s
	iters: 2900, epoch: 7 | loss: 0.0132945
	speed: 0.0325s/iter; left time: 297.9476s
	iters: 3000, epoch: 7 | loss: 0.0129479
	speed: 0.0324s/iter; left time: 293.6714s
	iters: 3100, epoch: 7 | loss: 0.0063353
	speed: 0.0321s/iter; left time: 288.0398s
	iters: 3200, epoch: 7 | loss: 0.0182249
	speed: 0.0322s/iter; left time: 285.8081s
	iters: 3300, epoch: 7 | loss: 0.0089779
	speed: 0.0321s/iter; left time: 281.8870s
	iters: 3400, epoch: 7 | loss: 0.0115565
	speed: 0.0321s/iter; left time: 278.5795s
	iters: 3500, epoch: 7 | loss: 0.0143149
	speed: 0.0324s/iter; left time: 277.4671s
	iters: 3600, epoch: 7 | loss: 0.0089182
	speed: 0.0322s/iter; left time: 272.9673s
	iters: 3700, epoch: 7 | loss: 0.0145942
	speed: 0.0321s/iter; left time: 268.8682s
	iters: 3800, epoch: 7 | loss: 0.0150254
	speed: 0.0323s/iter; left time: 266.8482s
	iters: 3900, epoch: 7 | loss: 0.0084664
	speed: 0.0328s/iter; left time: 267.5923s
	iters: 4000, epoch: 7 | loss: 0.0123520
	speed: 0.0323s/iter; left time: 260.5018s
	iters: 4100, epoch: 7 | loss: 0.0112821
	speed: 0.0322s/iter; left time: 256.8313s
	iters: 4200, epoch: 7 | loss: 0.0092834
	speed: 0.0322s/iter; left time: 253.3820s
	iters: 4300, epoch: 7 | loss: 0.0139972
	speed: 0.0322s/iter; left time: 250.4298s
	iters: 4400, epoch: 7 | loss: 0.0130769
	speed: 0.0325s/iter; left time: 249.1188s
	iters: 4500, epoch: 7 | loss: 0.0155415
	speed: 0.0324s/iter; left time: 245.0199s
	iters: 4600, epoch: 7 | loss: 0.0129789
	speed: 0.0322s/iter; left time: 240.1314s
	iters: 4700, epoch: 7 | loss: 0.0141867
	speed: 0.0323s/iter; left time: 237.6853s
	iters: 4800, epoch: 7 | loss: 0.0113441
	speed: 0.0326s/iter; left time: 236.7100s
	iters: 4900, epoch: 7 | loss: 0.0108510
	speed: 0.0326s/iter; left time: 233.4117s
	iters: 5000, epoch: 7 | loss: 0.0093217
	speed: 0.0323s/iter; left time: 228.0763s
	iters: 5100, epoch: 7 | loss: 0.0121158
	speed: 0.0323s/iter; left time: 225.1168s
	iters: 5200, epoch: 7 | loss: 0.0086596
	speed: 0.0324s/iter; left time: 222.3348s
	iters: 5300, epoch: 7 | loss: 0.0079014
	speed: 0.0323s/iter; left time: 218.4185s
	iters: 5400, epoch: 7 | loss: 0.0084002
	speed: 0.0324s/iter; left time: 216.1167s
	iters: 5500, epoch: 7 | loss: 0.0132654
	speed: 0.0323s/iter; left time: 212.2052s
	iters: 5600, epoch: 7 | loss: 0.0139096
	speed: 0.0323s/iter; left time: 208.9955s
	iters: 5700, epoch: 7 | loss: 0.0128979
	speed: 0.0323s/iter; left time: 205.7738s
	iters: 5800, epoch: 7 | loss: 0.0088568
	speed: 0.0325s/iter; left time: 203.6548s
	iters: 5900, epoch: 7 | loss: 0.0139827
	speed: 0.0324s/iter; left time: 200.1323s
	iters: 6000, epoch: 7 | loss: 0.0109785
	speed: 0.0324s/iter; left time: 196.3439s
Epoch: 7 cost time: 194.99915194511414
Epoch: 7, Steps: 6034 | Train Loss: 0.0122823 Vali Loss: 0.6825399 Test Loss: 0.5236042
EarlyStopping counter: 2 out of 3
Updating learning rate to 1.5625e-06
	iters: 100, epoch: 8 | loss: 0.0119129
	speed: 0.4006s/iter; left time: 2377.7799s
	iters: 200, epoch: 8 | loss: 0.0159592
	speed: 0.0325s/iter; left time: 189.6935s
	iters: 300, epoch: 8 | loss: 0.0176224
	speed: 0.0323s/iter; left time: 185.0806s
	iters: 400, epoch: 8 | loss: 0.0086423
	speed: 0.0345s/iter; left time: 194.4987s
	iters: 500, epoch: 8 | loss: 0.0116939
	speed: 0.0336s/iter; left time: 185.9961s
	iters: 600, epoch: 8 | loss: 0.0212272
	speed: 0.0324s/iter; left time: 176.1210s
	iters: 700, epoch: 8 | loss: 0.0100098
	speed: 0.0324s/iter; left time: 172.9746s
	iters: 800, epoch: 8 | loss: 0.0192875
	speed: 0.0325s/iter; left time: 169.9484s
	iters: 900, epoch: 8 | loss: 0.0131537
	speed: 0.0323s/iter; left time: 165.8071s
	iters: 1000, epoch: 8 | loss: 0.0107407
	speed: 0.0326s/iter; left time: 163.9226s
	iters: 1100, epoch: 8 | loss: 0.0095721
	speed: 0.0326s/iter; left time: 160.7295s
	iters: 1200, epoch: 8 | loss: 0.0112308
	speed: 0.0322s/iter; left time: 155.5830s
	iters: 1300, epoch: 8 | loss: 0.0134189
	speed: 0.0324s/iter; left time: 153.3852s
	iters: 1400, epoch: 8 | loss: 0.0127063
	speed: 0.0328s/iter; left time: 152.1557s
	iters: 1500, epoch: 8 | loss: 0.0169460
	speed: 0.0323s/iter; left time: 146.3247s
	iters: 1600, epoch: 8 | loss: 0.0107551
	speed: 0.0323s/iter; left time: 143.1273s
	iters: 1700, epoch: 8 | loss: 0.0171944
	speed: 0.0327s/iter; left time: 141.7833s
	iters: 1800, epoch: 8 | loss: 0.0150931
	speed: 0.0323s/iter; left time: 136.6023s
	iters: 1900, epoch: 8 | loss: 0.0108571
	speed: 0.0324s/iter; left time: 134.0195s
	iters: 2000, epoch: 8 | loss: 0.0114739
	speed: 0.0326s/iter; left time: 131.5161s
	iters: 2100, epoch: 8 | loss: 0.0109693
	speed: 0.0324s/iter; left time: 127.4131s
	iters: 2200, epoch: 8 | loss: 0.0184097
	speed: 0.0321s/iter; left time: 123.1008s
	iters: 2300, epoch: 8 | loss: 0.0098008
	speed: 0.0325s/iter; left time: 121.3086s
	iters: 2400, epoch: 8 | loss: 0.0108863
	speed: 0.0327s/iter; left time: 118.8014s
	iters: 2500, epoch: 8 | loss: 0.0176533
	speed: 0.0323s/iter; left time: 114.0991s
	iters: 2600, epoch: 8 | loss: 0.0146020
	speed: 0.0323s/iter; left time: 111.0955s
	iters: 2700, epoch: 8 | loss: 0.0122979
	speed: 0.0324s/iter; left time: 107.9666s
	iters: 2800, epoch: 8 | loss: 0.0126763
	speed: 0.0325s/iter; left time: 105.0899s
	iters: 2900, epoch: 8 | loss: 0.0161179
	speed: 0.0325s/iter; left time: 101.8928s
	iters: 3000, epoch: 8 | loss: 0.0070876
	speed: 0.0323s/iter; left time: 97.8921s
	iters: 3100, epoch: 8 | loss: 0.0109675
	speed: 0.0322s/iter; left time: 94.4652s
	iters: 3200, epoch: 8 | loss: 0.0083079
	speed: 0.0323s/iter; left time: 91.5445s
	iters: 3300, epoch: 8 | loss: 0.0116071
	speed: 0.0326s/iter; left time: 89.1817s
	iters: 3400, epoch: 8 | loss: 0.0187802
	speed: 0.0324s/iter; left time: 85.2679s
	iters: 3500, epoch: 8 | loss: 0.0090338
	speed: 0.0323s/iter; left time: 81.9197s
	iters: 3600, epoch: 8 | loss: 0.0091132
	speed: 0.0325s/iter; left time: 79.0844s
	iters: 3700, epoch: 8 | loss: 0.0113421
	speed: 0.0323s/iter; left time: 75.4914s
	iters: 3800, epoch: 8 | loss: 0.0132617
	speed: 0.0326s/iter; left time: 72.7694s
	iters: 3900, epoch: 8 | loss: 0.0147194
	speed: 0.0326s/iter; left time: 69.5826s
	iters: 4000, epoch: 8 | loss: 0.0126274
	speed: 0.0323s/iter; left time: 65.7090s
	iters: 4100, epoch: 8 | loss: 0.0094496
	speed: 0.0323s/iter; left time: 62.4062s
	iters: 4200, epoch: 8 | loss: 0.0111044
	speed: 0.0326s/iter; left time: 59.8325s
	iters: 4300, epoch: 8 | loss: 0.0083905
	speed: 0.0328s/iter; left time: 56.8752s
	iters: 4400, epoch: 8 | loss: 0.0113996
	speed: 0.0323s/iter; left time: 52.8037s
	iters: 4500, epoch: 8 | loss: 0.0124848
	speed: 0.0324s/iter; left time: 49.6688s
	iters: 4600, epoch: 8 | loss: 0.0115477
	speed: 0.0325s/iter; left time: 46.6371s
	iters: 4700, epoch: 8 | loss: 0.0138709
	speed: 0.0325s/iter; left time: 43.3973s
	iters: 4800, epoch: 8 | loss: 0.0155411
	speed: 0.0327s/iter; left time: 40.3430s
	iters: 4900, epoch: 8 | loss: 0.0166974
	speed: 0.0324s/iter; left time: 36.7445s
	iters: 5000, epoch: 8 | loss: 0.0108799
	speed: 0.0322s/iter; left time: 33.3471s
	iters: 5100, epoch: 8 | loss: 0.0125950
	speed: 0.0325s/iter; left time: 30.4112s
	iters: 5200, epoch: 8 | loss: 0.0108076
	speed: 0.0325s/iter; left time: 27.1462s
	iters: 5300, epoch: 8 | loss: 0.0095517
	speed: 0.0323s/iter; left time: 23.7342s
	iters: 5400, epoch: 8 | loss: 0.0118637
	speed: 0.0324s/iter; left time: 20.5667s
	iters: 5500, epoch: 8 | loss: 0.0123587
	speed: 0.0324s/iter; left time: 17.3132s
	iters: 5600, epoch: 8 | loss: 0.0093904
	speed: 0.0325s/iter; left time: 14.1338s
	iters: 5700, epoch: 8 | loss: 0.0115817
	speed: 0.0323s/iter; left time: 10.8318s
	iters: 5800, epoch: 8 | loss: 0.0089122
	speed: 0.0324s/iter; left time: 7.6255s
	iters: 5900, epoch: 8 | loss: 0.0129023
	speed: 0.0322s/iter; left time: 4.3522s
	iters: 6000, epoch: 8 | loss: 0.0201684
	speed: 0.0324s/iter; left time: 1.1334s
Epoch: 8 cost time: 195.96852684020996
Epoch: 8, Steps: 6034 | Train Loss: 0.0120378 Vali Loss: 0.6832926 Test Loss: 0.5146622
EarlyStopping counter: 3 out of 3
Early stopping
>>>>>>>testing : informerstack_custom_ftMS_sl336_ll168_pl168_dm256_nh8_el3_dl2_df1024_atprob_fc5_ebtimeF_dtTrue_mxTrue_exp_127_0<<<<<<<<<<<<<<<<<<<<<<<<<<<<<<<<<
test 13769
test shape: (1721, 8, 168, 1) (1721, 8, 168, 1)
test shape: (13768, 168, 1) (13768, 168, 1)
mse:0.50571608543396, mae:0.6101729273796082, r2:-1.9649419784545898


Parsed metrics from Informer output (normalized scale):
  MSE:  0.5057
  MAE:  0.6102
  RMSE: 0.7111
  R2:   -1.9649

Metrics after inverse transformation (original scale):
  MSE:  65.7301
  MAE:  6.9564
  RMSE: 8.1074
  R2:   -1.9649
Warning: Failed to record experiment: 'gbk' codec can't encode character '\u2713' in position 0: illegal multibyte sequence
  Training time: 1873.61s
  RMSE: 8.1074
  MAE:  6.9564
  R2:   -1.9649

Saving results...
  Model: Native Informer (saved in external/Informer2020/checkpoints/)
  Predictions: Not saved (native Informer handles this internally)
  Metrics: E:\ANUS_learning\MSI5001-power-transformer-oil-temperature-prediction\models\experiments\exp_127_metrics.json
  Plot: Skipped (native Informer handles visualization internally)

======================================================================
Experiment complete: exp_127
======================================================================

======================================================================
Completed: 2025-11-07 20:50:34
Return code: 0
======================================================================
