======================================================================
Experiment Log
Started: 2025-11-07 20:50:34
Command: C:\ProgramData\anaconda3\python.exe -m scripts.train_configurable --tx-id 2 --model Informer-Long --split-method chronological --feature-mode full --lookback-multiplier 4.0 --horizon 168 --experiment-name exp_128 --data-suffix _no_outlier --e-layers 4 --d-layers 2
======================================================================

======================================================================
Experiment: exp_128
======================================================================
Transformer:     TX2
Model:           Informer-Long
Split method:    chronological
Feature mode:    full
Data suffix:     _no_outlier

Loading data...
  Total samples: 69680
  Features: 17 columns

Window config: WindowConfig(horizon=168, lookback=672, gap=0)
Creating sliding windows for Informer-Long (keeping sequence structure)...
  Created 68840 windows (shape: (68840, 672, 17))
Splitting windows (chronological, 20% test)...
  Train: 55072 windows
  Test:  13768 windows

Training Informer-Long...

Calling native Informer from: E:\ANUS_learning\MSI5001-power-transformer-oil-temperature-prediction\external\Informer2020
Command: C:\ProgramData\anaconda3\python.exe E:\ANUS_learning\MSI5001-power-transformer-oil-temperature-prediction\external\Informer2020\main_informer.py --model informerstack --data custom --root_path ./data/ --data_path TX2.csv --features MS --target OT --freq h --seq_len 336 --label_len 168 --pred_len 168 --enc_in 6 --dec_in 1 --c_out 1 --d_model 256 --n_heads 8 --e_layers 4 --d_layers 2 --d_ff 1024 --factor 5 --dropout 0.05 --attn prob --embed timeF --activation gelu --batch_size 8 --train_epochs 8 --patience 3 --learning_rate 0.0001 --des exp_128 --itr 1
Args in experiment:
Namespace(model='informerstack', data='custom', root_path='./data/', data_path='TX1.csv', features='MS', target='OT', freq='h', checkpoints='./checkpoints/', seq_len=336, label_len=168, pred_len=168, enc_in=6, dec_in=1, c_out=1, d_model=256, n_heads=8, e_layers=4, d_layers=2, s_layers=[3, 2, 1], d_ff=1024, factor=5, padding=0, distil=True, dropout=0.05, attn='prob', embed='timeF', activation='gelu', output_attention=False, do_predict=False, mix=True, cols=None, num_workers=0, itr=1, train_epochs=8, batch_size=8, patience=3, learning_rate=0.0001, des='exp_128', loss='mse', lradj='type1', use_amp=False, inverse=False, use_gpu=True, gpu=0, use_multi_gpu=False, devices='0,1,2,3', detail_freq='h')
Use GPU: cuda:0
>>>>>>>start training : informerstack_custom_ftMS_sl336_ll168_pl168_dm256_nh8_el4_dl2_df1024_atprob_fc5_ebtimeF_dtTrue_mxTrue_exp_128_0>>>>>>>>>>>>>>>>>>>>>>>>>>
train 48273
val 6801
test 13769
	iters: 100, epoch: 1 | loss: 0.1633072
	speed: 0.0432s/iter; left time: 2082.3944s
	iters: 200, epoch: 1 | loss: 0.1572640
	speed: 0.0324s/iter; left time: 1558.3899s
	iters: 300, epoch: 1 | loss: 0.1433190
	speed: 0.0322s/iter; left time: 1544.5714s
	iters: 400, epoch: 1 | loss: 0.1566141
	speed: 0.0323s/iter; left time: 1547.0056s
	iters: 500, epoch: 1 | loss: 0.2712783
	speed: 0.0324s/iter; left time: 1546.1746s
	iters: 600, epoch: 1 | loss: 0.2436039
	speed: 0.0323s/iter; left time: 1538.0592s
	iters: 700, epoch: 1 | loss: 0.2455769
	speed: 0.0323s/iter; left time: 1535.5905s
	iters: 800, epoch: 1 | loss: 0.1427214
	speed: 0.0324s/iter; left time: 1537.0434s
	iters: 900, epoch: 1 | loss: 0.3491587
	speed: 0.0320s/iter; left time: 1516.2475s
	iters: 1000, epoch: 1 | loss: 0.1882677
	speed: 0.0321s/iter; left time: 1518.0282s
	iters: 1100, epoch: 1 | loss: 0.1159383
	speed: 0.0324s/iter; left time: 1527.0209s
	iters: 1200, epoch: 1 | loss: 0.1422037
	speed: 0.0325s/iter; left time: 1528.1605s
	iters: 1300, epoch: 1 | loss: 0.2814939
	speed: 0.0320s/iter; left time: 1504.1349s
	iters: 1400, epoch: 1 | loss: 0.1463848
	speed: 0.0321s/iter; left time: 1505.4167s
	iters: 1500, epoch: 1 | loss: 0.0695347
	speed: 0.0323s/iter; left time: 1511.2862s
	iters: 1600, epoch: 1 | loss: 0.1336042
	speed: 0.0322s/iter; left time: 1503.2389s
	iters: 1700, epoch: 1 | loss: 0.1884724
	speed: 0.0327s/iter; left time: 1523.7045s
	iters: 1800, epoch: 1 | loss: 0.0724879
	speed: 0.0323s/iter; left time: 1499.8396s
	iters: 1900, epoch: 1 | loss: 0.1735861
	speed: 0.0321s/iter; left time: 1487.0854s
	iters: 2000, epoch: 1 | loss: 0.1295475
	speed: 0.0324s/iter; left time: 1497.0134s
	iters: 2100, epoch: 1 | loss: 0.1288281
	speed: 0.0325s/iter; left time: 1498.5435s
	iters: 2200, epoch: 1 | loss: 0.0668399
	speed: 0.0322s/iter; left time: 1482.0988s
	iters: 2300, epoch: 1 | loss: 0.1794361
	speed: 0.0321s/iter; left time: 1477.7649s
	iters: 2400, epoch: 1 | loss: 0.1257886
	speed: 0.0322s/iter; left time: 1475.9160s
	iters: 2500, epoch: 1 | loss: 0.0812104
	speed: 0.0321s/iter; left time: 1468.6060s
	iters: 2600, epoch: 1 | loss: 0.0776588
	speed: 0.0323s/iter; left time: 1475.3005s
	iters: 2700, epoch: 1 | loss: 0.0705404
	speed: 0.0321s/iter; left time: 1464.0732s
	iters: 2800, epoch: 1 | loss: 0.0594175
	speed: 0.0321s/iter; left time: 1461.3282s
	iters: 2900, epoch: 1 | loss: 0.1062010
	speed: 0.0321s/iter; left time: 1454.8257s
	iters: 3000, epoch: 1 | loss: 0.0787444
	speed: 0.0323s/iter; left time: 1463.4960s
	iters: 3100, epoch: 1 | loss: 0.0684164
	speed: 0.0323s/iter; left time: 1460.5130s
	iters: 3200, epoch: 1 | loss: 0.0599636
	speed: 0.0321s/iter; left time: 1448.8860s
	iters: 3300, epoch: 1 | loss: 0.0464866
	speed: 0.0324s/iter; left time: 1456.9071s
	iters: 3400, epoch: 1 | loss: 0.1670585
	speed: 0.0322s/iter; left time: 1443.5253s
	iters: 3500, epoch: 1 | loss: 0.0471005
	speed: 0.0323s/iter; left time: 1445.9602s
	iters: 3600, epoch: 1 | loss: 0.0646215
	speed: 0.0322s/iter; left time: 1439.4773s
	iters: 3700, epoch: 1 | loss: 0.0578141
	speed: 0.0320s/iter; left time: 1427.8512s
	iters: 3800, epoch: 1 | loss: 0.0840212
	speed: 0.0321s/iter; left time: 1427.5552s
	iters: 3900, epoch: 1 | loss: 0.0739033
	speed: 0.0325s/iter; left time: 1441.2923s
	iters: 4000, epoch: 1 | loss: 0.0712652
	speed: 0.0323s/iter; left time: 1430.0209s
	iters: 4100, epoch: 1 | loss: 0.0974973
	speed: 0.0323s/iter; left time: 1427.2231s
	iters: 4200, epoch: 1 | loss: 0.0551889
	speed: 0.0321s/iter; left time: 1416.0558s
	iters: 4300, epoch: 1 | loss: 0.1023448
	speed: 0.0325s/iter; left time: 1428.9184s
	iters: 4400, epoch: 1 | loss: 0.0618984
	speed: 0.0324s/iter; left time: 1419.9555s
	iters: 4500, epoch: 1 | loss: 0.0707270
	speed: 0.0326s/iter; left time: 1427.5487s
	iters: 4600, epoch: 1 | loss: 0.0812446
	speed: 0.0323s/iter; left time: 1409.5071s
	iters: 4700, epoch: 1 | loss: 0.0611025
	speed: 0.0324s/iter; left time: 1412.0580s
	iters: 4800, epoch: 1 | loss: 0.0528381
	speed: 0.0321s/iter; left time: 1397.4046s
	iters: 4900, epoch: 1 | loss: 0.0554868
	speed: 0.0326s/iter; left time: 1412.8977s
	iters: 5000, epoch: 1 | loss: 0.0649064
	speed: 0.0322s/iter; left time: 1395.4712s
	iters: 5100, epoch: 1 | loss: 0.0399210
	speed: 0.0322s/iter; left time: 1391.2181s
	iters: 5200, epoch: 1 | loss: 0.0466599
	speed: 0.0325s/iter; left time: 1398.1083s
	iters: 5300, epoch: 1 | loss: 0.0629232
	speed: 0.0322s/iter; left time: 1382.3477s
	iters: 5400, epoch: 1 | loss: 0.0575657
	speed: 0.0325s/iter; left time: 1391.9206s
	iters: 5500, epoch: 1 | loss: 0.0568832
	speed: 0.0323s/iter; left time: 1380.1029s
	iters: 5600, epoch: 1 | loss: 0.0573272
	speed: 0.0323s/iter; left time: 1379.9971s
	iters: 5700, epoch: 1 | loss: 0.0912482
	speed: 0.0322s/iter; left time: 1372.1458s
	iters: 5800, epoch: 1 | loss: 0.0731621
	speed: 0.0323s/iter; left time: 1372.3548s
	iters: 5900, epoch: 1 | loss: 0.0503638
	speed: 0.0326s/iter; left time: 1381.6284s
	iters: 6000, epoch: 1 | loss: 0.0444427
	speed: 0.0323s/iter; left time: 1365.6331s
Epoch: 1 cost time: 195.1602942943573
Epoch: 1, Steps: 6034 | Train Loss: 0.1071583 Vali Loss: 0.6960257 Test Loss: 0.5889655
Validation loss decreased (inf --> 0.696026).  Saving model ...
Updating learning rate to 0.0001
	iters: 100, epoch: 2 | loss: 0.0521406
	speed: 0.4003s/iter; left time: 16867.6412s
	iters: 200, epoch: 2 | loss: 0.0542390
	speed: 0.0324s/iter; left time: 1363.6890s
	iters: 300, epoch: 2 | loss: 0.0562952
	speed: 0.0326s/iter; left time: 1368.4568s
	iters: 400, epoch: 2 | loss: 0.0549264
	speed: 0.0323s/iter; left time: 1351.5328s
	iters: 500, epoch: 2 | loss: 0.0536191
	speed: 0.0323s/iter; left time: 1346.7006s
	iters: 600, epoch: 2 | loss: 0.0728881
	speed: 0.0327s/iter; left time: 1361.6554s
	iters: 700, epoch: 2 | loss: 0.0347267
	speed: 0.0323s/iter; left time: 1340.6453s
	iters: 800, epoch: 2 | loss: 0.0553184
	speed: 0.0324s/iter; left time: 1343.1742s
	iters: 900, epoch: 2 | loss: 0.0644022
	speed: 0.0325s/iter; left time: 1341.4856s
	iters: 1000, epoch: 2 | loss: 0.0372058
	speed: 0.0325s/iter; left time: 1338.3529s
	iters: 1100, epoch: 2 | loss: 0.0518240
	speed: 0.0324s/iter; left time: 1334.5952s
	iters: 1200, epoch: 2 | loss: 0.0462934
	speed: 0.0323s/iter; left time: 1327.5060s
	iters: 1300, epoch: 2 | loss: 0.0551904
	speed: 0.0323s/iter; left time: 1321.2675s
	iters: 1400, epoch: 2 | loss: 0.0289292
	speed: 0.0323s/iter; left time: 1320.0299s
	iters: 1500, epoch: 2 | loss: 0.0408848
	speed: 0.0327s/iter; left time: 1330.6835s
	iters: 1600, epoch: 2 | loss: 0.0584673
	speed: 0.0323s/iter; left time: 1314.0666s
	iters: 1700, epoch: 2 | loss: 0.0470889
	speed: 0.0321s/iter; left time: 1300.5361s
	iters: 1800, epoch: 2 | loss: 0.0338614
	speed: 0.0325s/iter; left time: 1315.2256s
	iters: 1900, epoch: 2 | loss: 0.0409368
	speed: 0.0324s/iter; left time: 1307.9680s
	iters: 2000, epoch: 2 | loss: 0.0473926
	speed: 0.0323s/iter; left time: 1301.6056s
	iters: 2100, epoch: 2 | loss: 0.0389947
	speed: 0.0326s/iter; left time: 1306.8018s
	iters: 2200, epoch: 2 | loss: 0.0370243
	speed: 0.0323s/iter; left time: 1291.4250s
	iters: 2300, epoch: 2 | loss: 0.0234449
	speed: 0.0324s/iter; left time: 1292.8260s
	iters: 2400, epoch: 2 | loss: 0.0314135
	speed: 0.0327s/iter; left time: 1301.3494s
	iters: 2500, epoch: 2 | loss: 0.0479951
	speed: 0.0324s/iter; left time: 1285.8172s
	iters: 2600, epoch: 2 | loss: 0.0401493
	speed: 0.0323s/iter; left time: 1281.2931s
	iters: 2700, epoch: 2 | loss: 0.0280563
	speed: 0.0325s/iter; left time: 1283.1911s
	iters: 2800, epoch: 2 | loss: 0.0449337
	speed: 0.0325s/iter; left time: 1282.2297s
	iters: 2900, epoch: 2 | loss: 0.0268047
	speed: 0.0323s/iter; left time: 1271.4225s
	iters: 3000, epoch: 2 | loss: 0.0396780
	speed: 0.0323s/iter; left time: 1267.5396s
	iters: 3100, epoch: 2 | loss: 0.0285978
	speed: 0.0324s/iter; left time: 1269.0187s
	iters: 3200, epoch: 2 | loss: 0.0400919
	speed: 0.0322s/iter; left time: 1258.8414s
	iters: 3300, epoch: 2 | loss: 0.0428153
	speed: 0.0324s/iter; left time: 1261.2411s
	iters: 3400, epoch: 2 | loss: 0.0368441
	speed: 0.0325s/iter; left time: 1260.6834s
	iters: 3500, epoch: 2 | loss: 0.0398567
	speed: 0.0323s/iter; left time: 1251.3889s
	iters: 3600, epoch: 2 | loss: 0.0338323
	speed: 0.0323s/iter; left time: 1249.1907s
	iters: 3700, epoch: 2 | loss: 0.0240684
	speed: 0.0325s/iter; left time: 1251.0031s
	iters: 3800, epoch: 2 | loss: 0.0367112
	speed: 0.0325s/iter; left time: 1247.4672s
	iters: 3900, epoch: 2 | loss: 0.0301928
	speed: 0.0323s/iter; left time: 1237.4152s
	iters: 4000, epoch: 2 | loss: 0.0275551
	speed: 0.0322s/iter; left time: 1231.6576s
	iters: 4100, epoch: 2 | loss: 0.0354358
	speed: 0.0322s/iter; left time: 1227.6689s
	iters: 4200, epoch: 2 | loss: 0.0296357
	speed: 0.0323s/iter; left time: 1229.5847s
	iters: 4300, epoch: 2 | loss: 0.0368746
	speed: 0.0325s/iter; left time: 1232.3870s
	iters: 4400, epoch: 2 | loss: 0.0310642
	speed: 0.0321s/iter; left time: 1216.1951s
	iters: 4500, epoch: 2 | loss: 0.0351462
	speed: 0.0322s/iter; left time: 1216.6422s
	iters: 4600, epoch: 2 | loss: 0.0437532
	speed: 0.0325s/iter; left time: 1224.8694s
	iters: 4700, epoch: 2 | loss: 0.0238361
	speed: 0.0323s/iter; left time: 1213.7766s
	iters: 4800, epoch: 2 | loss: 0.0328237
	speed: 0.0324s/iter; left time: 1212.8776s
	iters: 4900, epoch: 2 | loss: 0.0264379
	speed: 0.0324s/iter; left time: 1207.9299s
	iters: 5000, epoch: 2 | loss: 0.0343196
	speed: 0.0322s/iter; left time: 1200.4689s
	iters: 5100, epoch: 2 | loss: 0.0308691
	speed: 0.0323s/iter; left time: 1199.1659s
	iters: 5200, epoch: 2 | loss: 0.0399365
	speed: 0.0327s/iter; left time: 1210.4317s
	iters: 5300, epoch: 2 | loss: 0.0302277
	speed: 0.0324s/iter; left time: 1197.8700s
	iters: 5400, epoch: 2 | loss: 0.0279932
	speed: 0.0323s/iter; left time: 1188.5918s
	iters: 5500, epoch: 2 | loss: 0.0402516
	speed: 0.0323s/iter; left time: 1186.9412s
	iters: 5600, epoch: 2 | loss: 0.0326255
	speed: 0.0322s/iter; left time: 1180.7614s
	iters: 5700, epoch: 2 | loss: 0.0328320
	speed: 0.0325s/iter; left time: 1186.3655s
	iters: 5800, epoch: 2 | loss: 0.0262410
	speed: 0.0324s/iter; left time: 1181.3824s
	iters: 5900, epoch: 2 | loss: 0.0283643
	speed: 0.0326s/iter; left time: 1185.8846s
	iters: 6000, epoch: 2 | loss: 0.0249868
	speed: 0.0323s/iter; left time: 1171.1872s
Epoch: 2 cost time: 195.4283721446991
Epoch: 2, Steps: 6034 | Train Loss: 0.0397087 Vali Loss: 0.6500181 Test Loss: 0.5066209
Validation loss decreased (0.696026 --> 0.650018).  Saving model ...
Updating learning rate to 5e-05
	iters: 100, epoch: 3 | loss: 0.0221334
	speed: 0.4000s/iter; left time: 14442.8497s
	iters: 200, epoch: 3 | loss: 0.0131172
	speed: 0.0325s/iter; left time: 1171.1068s
	iters: 300, epoch: 3 | loss: 0.0216668
	speed: 0.0324s/iter; left time: 1163.6013s
	iters: 400, epoch: 3 | loss: 0.0289470
	speed: 0.0325s/iter; left time: 1165.2789s
	iters: 500, epoch: 3 | loss: 0.0227664
	speed: 0.0323s/iter; left time: 1152.7447s
	iters: 600, epoch: 3 | loss: 0.0170359
	speed: 0.0324s/iter; left time: 1153.3169s
	iters: 700, epoch: 3 | loss: 0.0201978
	speed: 0.0323s/iter; left time: 1147.6017s
	iters: 800, epoch: 3 | loss: 0.0257471
	speed: 0.0323s/iter; left time: 1144.3516s
	iters: 900, epoch: 3 | loss: 0.0217705
	speed: 0.0326s/iter; left time: 1149.5679s
	iters: 1000, epoch: 3 | loss: 0.0229368
	speed: 0.0324s/iter; left time: 1139.0505s
	iters: 1100, epoch: 3 | loss: 0.0257543
	speed: 0.0324s/iter; left time: 1138.4599s
	iters: 1200, epoch: 3 | loss: 0.0234900
	speed: 0.0325s/iter; left time: 1137.1149s
	iters: 1300, epoch: 3 | loss: 0.0232162
	speed: 0.0326s/iter; left time: 1139.3484s
	iters: 1400, epoch: 3 | loss: 0.0222327
	speed: 0.0322s/iter; left time: 1121.7093s
	iters: 1500, epoch: 3 | loss: 0.0332899
	speed: 0.0324s/iter; left time: 1125.6914s
	iters: 1600, epoch: 3 | loss: 0.0161759
	speed: 0.0324s/iter; left time: 1121.7431s
	iters: 1700, epoch: 3 | loss: 0.0179379
	speed: 0.0323s/iter; left time: 1115.9124s
	iters: 1800, epoch: 3 | loss: 0.0247751
	speed: 0.0326s/iter; left time: 1121.9005s
	iters: 1900, epoch: 3 | loss: 0.0257892
	speed: 0.0324s/iter; left time: 1109.8559s
	iters: 2000, epoch: 3 | loss: 0.0298077
	speed: 0.0323s/iter; left time: 1103.6003s
	iters: 2100, epoch: 3 | loss: 0.0203307
	speed: 0.0326s/iter; left time: 1111.2261s
	iters: 2200, epoch: 3 | loss: 0.0212752
	speed: 0.0327s/iter; left time: 1113.2104s
	iters: 2300, epoch: 3 | loss: 0.0131734
	speed: 0.0325s/iter; left time: 1102.1446s
	iters: 2400, epoch: 3 | loss: 0.0192972
	speed: 0.0325s/iter; left time: 1099.3345s
	iters: 2500, epoch: 3 | loss: 0.0237984
	speed: 0.0325s/iter; left time: 1094.6507s
	iters: 2600, epoch: 3 | loss: 0.0217544
	speed: 0.0323s/iter; left time: 1086.6042s
	iters: 2700, epoch: 3 | loss: 0.0219232
	speed: 0.0328s/iter; left time: 1100.5926s
	iters: 2800, epoch: 3 | loss: 0.0205790
	speed: 0.0325s/iter; left time: 1087.1349s
	iters: 2900, epoch: 3 | loss: 0.0152914
	speed: 0.0325s/iter; left time: 1082.8943s
	iters: 3000, epoch: 3 | loss: 0.0186454
	speed: 0.0324s/iter; left time: 1076.4365s
	iters: 3100, epoch: 3 | loss: 0.0165876
	speed: 0.0325s/iter; left time: 1075.7277s
	iters: 3200, epoch: 3 | loss: 0.0250059
	speed: 0.0326s/iter; left time: 1077.0203s
	iters: 3300, epoch: 3 | loss: 0.0120618
	speed: 0.0324s/iter; left time: 1064.7593s
	iters: 3400, epoch: 3 | loss: 0.0223864
	speed: 0.0323s/iter; left time: 1058.1496s
	iters: 3500, epoch: 3 | loss: 0.0183843
	speed: 0.0324s/iter; left time: 1058.9707s
	iters: 3600, epoch: 3 | loss: 0.0320122
	speed: 0.0324s/iter; left time: 1057.9827s
	iters: 3700, epoch: 3 | loss: 0.0177245
	speed: 0.0325s/iter; left time: 1056.1033s
	iters: 3800, epoch: 3 | loss: 0.0204007
	speed: 0.0325s/iter; left time: 1051.5583s
	iters: 3900, epoch: 3 | loss: 0.0319570
	speed: 0.0324s/iter; left time: 1045.6299s
	iters: 4000, epoch: 3 | loss: 0.0190303
	speed: 0.0326s/iter; left time: 1050.3964s
	iters: 4100, epoch: 3 | loss: 0.0153653
	speed: 0.0327s/iter; left time: 1050.7257s
	iters: 4200, epoch: 3 | loss: 0.0212224
	speed: 0.0324s/iter; left time: 1035.5584s
	iters: 4300, epoch: 3 | loss: 0.0164616
	speed: 0.0324s/iter; left time: 1034.2582s
	iters: 4400, epoch: 3 | loss: 0.0163616
	speed: 0.0324s/iter; left time: 1029.0623s
	iters: 4500, epoch: 3 | loss: 0.0174733
	speed: 0.0323s/iter; left time: 1025.2196s
	iters: 4600, epoch: 3 | loss: 0.0188783
	speed: 0.0327s/iter; left time: 1034.7957s
	iters: 4700, epoch: 3 | loss: 0.0230605
	speed: 0.0324s/iter; left time: 1020.1277s
	iters: 4800, epoch: 3 | loss: 0.0181890
	speed: 0.0324s/iter; left time: 1017.6294s
	iters: 4900, epoch: 3 | loss: 0.0219115
	speed: 0.0329s/iter; left time: 1029.0056s
	iters: 5000, epoch: 3 | loss: 0.0219779
	speed: 0.0325s/iter; left time: 1015.2371s
	iters: 5100, epoch: 3 | loss: 0.0224007
	speed: 0.0324s/iter; left time: 1009.3359s
	iters: 5200, epoch: 3 | loss: 0.0165622
	speed: 0.0324s/iter; left time: 1005.7930s
	iters: 5300, epoch: 3 | loss: 0.0229871
	speed: 0.0323s/iter; left time: 999.1889s
	iters: 5400, epoch: 3 | loss: 0.0206070
	speed: 0.0324s/iter; left time: 998.6412s
	iters: 5500, epoch: 3 | loss: 0.0136142
	speed: 0.0327s/iter; left time: 1002.8113s
	iters: 5600, epoch: 3 | loss: 0.0154757
	speed: 0.0323s/iter; left time: 990.0492s
	iters: 5700, epoch: 3 | loss: 0.0141951
	speed: 0.0322s/iter; left time: 982.4728s
	iters: 5800, epoch: 3 | loss: 0.0178892
	speed: 0.0323s/iter; left time: 982.0445s
	iters: 5900, epoch: 3 | loss: 0.0202717
	speed: 0.0328s/iter; left time: 992.5201s
	iters: 6000, epoch: 3 | loss: 0.0159187
	speed: 0.0324s/iter; left time: 979.1221s
Epoch: 3 cost time: 195.86907291412354
Epoch: 3, Steps: 6034 | Train Loss: 0.0211262 Vali Loss: 0.5978847 Test Loss: 0.4848877
Validation loss decreased (0.650018 --> 0.597885).  Saving model ...
Updating learning rate to 2.5e-05
	iters: 100, epoch: 4 | loss: 0.0172374
	speed: 0.4000s/iter; left time: 12028.6626s
	iters: 200, epoch: 4 | loss: 0.0122217
	speed: 0.0327s/iter; left time: 979.8142s
	iters: 300, epoch: 4 | loss: 0.0115979
	speed: 0.0323s/iter; left time: 966.1784s
	iters: 400, epoch: 4 | loss: 0.0146206
	speed: 0.0324s/iter; left time: 964.1469s
	iters: 500, epoch: 4 | loss: 0.0181868
	speed: 0.0322s/iter; left time: 955.5674s
	iters: 600, epoch: 4 | loss: 0.0238600
	speed: 0.0324s/iter; left time: 958.6039s
	iters: 700, epoch: 4 | loss: 0.0142988
	speed: 0.0327s/iter; left time: 962.4586s
	iters: 800, epoch: 4 | loss: 0.0165907
	speed: 0.0323s/iter; left time: 948.2543s
	iters: 900, epoch: 4 | loss: 0.0104857
	speed: 0.0327s/iter; left time: 957.3294s
	iters: 1000, epoch: 4 | loss: 0.0131464
	speed: 0.0324s/iter; left time: 943.7417s
	iters: 1100, epoch: 4 | loss: 0.0196103
	speed: 0.0325s/iter; left time: 945.2901s
	iters: 1200, epoch: 4 | loss: 0.0156779
	speed: 0.0324s/iter; left time: 937.3479s
	iters: 1300, epoch: 4 | loss: 0.0145947
	speed: 0.0324s/iter; left time: 935.1081s
	iters: 1400, epoch: 4 | loss: 0.0124338
	speed: 0.0324s/iter; left time: 932.4481s
	iters: 1500, epoch: 4 | loss: 0.0159160
	speed: 0.0325s/iter; left time: 930.7865s
	iters: 1600, epoch: 4 | loss: 0.0117882
	speed: 0.0326s/iter; left time: 931.9077s
	iters: 1700, epoch: 4 | loss: 0.0189887
	speed: 0.0325s/iter; left time: 925.0785s
	iters: 1800, epoch: 4 | loss: 0.0161985
	speed: 0.0324s/iter; left time: 919.2011s
	iters: 1900, epoch: 4 | loss: 0.0199964
	speed: 0.0322s/iter; left time: 909.8679s
	iters: 2000, epoch: 4 | loss: 0.0235954
	speed: 0.0324s/iter; left time: 913.1849s
	iters: 2100, epoch: 4 | loss: 0.0195791
	speed: 0.0324s/iter; left time: 908.8295s
	iters: 2200, epoch: 4 | loss: 0.0110439
	speed: 0.0323s/iter; left time: 903.7739s
	iters: 2300, epoch: 4 | loss: 0.0127638
	speed: 0.0324s/iter; left time: 903.3988s
	iters: 2400, epoch: 4 | loss: 0.0150220
	speed: 0.0325s/iter; left time: 902.3939s
	iters: 2500, epoch: 4 | loss: 0.0175830
	speed: 0.0327s/iter; left time: 904.1238s
	iters: 2600, epoch: 4 | loss: 0.0122826
	speed: 0.0327s/iter; left time: 901.7457s
	iters: 2700, epoch: 4 | loss: 0.0155744
	speed: 0.0325s/iter; left time: 893.3747s
	iters: 2800, epoch: 4 | loss: 0.0143872
	speed: 0.0323s/iter; left time: 885.0823s
	iters: 2900, epoch: 4 | loss: 0.0139377
	speed: 0.0322s/iter; left time: 877.2625s
	iters: 3000, epoch: 4 | loss: 0.0115697
	speed: 0.0325s/iter; left time: 884.2205s
	iters: 3100, epoch: 4 | loss: 0.0157440
	speed: 0.0323s/iter; left time: 874.9660s
	iters: 3200, epoch: 4 | loss: 0.0168832
	speed: 0.0324s/iter; left time: 874.7632s
	iters: 3300, epoch: 4 | loss: 0.0126855
	speed: 0.0325s/iter; left time: 872.2479s
	iters: 3400, epoch: 4 | loss: 0.0179910
	speed: 0.0326s/iter; left time: 873.8086s
	iters: 3500, epoch: 4 | loss: 0.0150972
	speed: 0.0322s/iter; left time: 859.3131s
	iters: 3600, epoch: 4 | loss: 0.0152345
	speed: 0.0323s/iter; left time: 857.5840s
	iters: 3700, epoch: 4 | loss: 0.0134023
	speed: 0.0325s/iter; left time: 859.8777s
	iters: 3800, epoch: 4 | loss: 0.0141355
	speed: 0.0323s/iter; left time: 852.8203s
	iters: 3900, epoch: 4 | loss: 0.0117337
	speed: 0.0324s/iter; left time: 852.1009s
	iters: 4000, epoch: 4 | loss: 0.0178784
	speed: 0.0323s/iter; left time: 844.2172s
	iters: 4100, epoch: 4 | loss: 0.0171047
	speed: 0.0321s/iter; left time: 837.0215s
	iters: 4200, epoch: 4 | loss: 0.0153985
	speed: 0.0323s/iter; left time: 838.2535s
	iters: 4300, epoch: 4 | loss: 0.0196389
	speed: 0.0326s/iter; left time: 844.5121s
	iters: 4400, epoch: 4 | loss: 0.0120368
	speed: 0.0326s/iter; left time: 840.4469s
	iters: 4500, epoch: 4 | loss: 0.0135760
	speed: 0.0323s/iter; left time: 828.6723s
	iters: 4600, epoch: 4 | loss: 0.0152243
	speed: 0.0325s/iter; left time: 830.7827s
	iters: 4700, epoch: 4 | loss: 0.0160893
	speed: 0.0323s/iter; left time: 822.0546s
	iters: 4800, epoch: 4 | loss: 0.0153407
	speed: 0.0326s/iter; left time: 825.8829s
	iters: 4900, epoch: 4 | loss: 0.0156448
	speed: 0.0324s/iter; left time: 819.1705s
	iters: 5000, epoch: 4 | loss: 0.0190102
	speed: 0.0323s/iter; left time: 813.8858s
	iters: 5100, epoch: 4 | loss: 0.0178735
	speed: 0.0322s/iter; left time: 808.1212s
	iters: 5200, epoch: 4 | loss: 0.0220685
	speed: 0.0323s/iter; left time: 806.9592s
	iters: 5300, epoch: 4 | loss: 0.0201627
	speed: 0.0324s/iter; left time: 805.2743s
	iters: 5400, epoch: 4 | loss: 0.0096230
	speed: 0.0322s/iter; left time: 797.9876s
	iters: 5500, epoch: 4 | loss: 0.0132674
	speed: 0.0324s/iter; left time: 800.3349s
	iters: 5600, epoch: 4 | loss: 0.0186260
	speed: 0.0323s/iter; left time: 794.5959s
	iters: 5700, epoch: 4 | loss: 0.0137333
	speed: 0.0321s/iter; left time: 784.6706s
	iters: 5800, epoch: 4 | loss: 0.0212792
	speed: 0.0326s/iter; left time: 794.5755s
	iters: 5900, epoch: 4 | loss: 0.0119177
	speed: 0.0322s/iter; left time: 781.3257s
	iters: 6000, epoch: 4 | loss: 0.0104827
	speed: 0.0323s/iter; left time: 780.3646s
Epoch: 4 cost time: 195.53251242637634
Epoch: 4, Steps: 6034 | Train Loss: 0.0156626 Vali Loss: 0.6509743 Test Loss: 0.5352795
EarlyStopping counter: 1 out of 3
Updating learning rate to 1.25e-05
	iters: 100, epoch: 5 | loss: 0.0143638
	speed: 0.4004s/iter; left time: 9623.3999s
	iters: 200, epoch: 5 | loss: 0.0116651
	speed: 0.0322s/iter; left time: 771.3103s
	iters: 300, epoch: 5 | loss: 0.0118641
	speed: 0.0323s/iter; left time: 769.9270s
	iters: 400, epoch: 5 | loss: 0.0151285
	speed: 0.0323s/iter; left time: 767.4811s
	iters: 500, epoch: 5 | loss: 0.0086506
	speed: 0.0325s/iter; left time: 767.2909s
	iters: 600, epoch: 5 | loss: 0.0081854
	speed: 0.0325s/iter; left time: 764.4288s
	iters: 700, epoch: 5 | loss: 0.0152746
	speed: 0.0323s/iter; left time: 757.5842s
	iters: 800, epoch: 5 | loss: 0.0126199
	speed: 0.0322s/iter; left time: 752.6074s
	iters: 900, epoch: 5 | loss: 0.0297841
	speed: 0.0325s/iter; left time: 756.3257s
	iters: 1000, epoch: 5 | loss: 0.0130825
	speed: 0.0326s/iter; left time: 754.6054s
	iters: 1100, epoch: 5 | loss: 0.0159194
	speed: 0.0322s/iter; left time: 742.0810s
	iters: 1200, epoch: 5 | loss: 0.0090560
	speed: 0.0326s/iter; left time: 747.6495s
	iters: 1300, epoch: 5 | loss: 0.0192453
	speed: 0.0323s/iter; left time: 738.1610s
	iters: 1400, epoch: 5 | loss: 0.0086391
	speed: 0.0327s/iter; left time: 744.6040s
	iters: 1500, epoch: 5 | loss: 0.0119878
	speed: 0.0324s/iter; left time: 733.2792s
	iters: 1600, epoch: 5 | loss: 0.0167327
	speed: 0.0325s/iter; left time: 731.9611s
	iters: 1700, epoch: 5 | loss: 0.0177237
	speed: 0.0323s/iter; left time: 724.0716s
	iters: 1800, epoch: 5 | loss: 0.0125257
	speed: 0.0324s/iter; left time: 724.1319s
	iters: 1900, epoch: 5 | loss: 0.0147823
	speed: 0.0326s/iter; left time: 725.6796s
	iters: 2000, epoch: 5 | loss: 0.0094045
	speed: 0.0322s/iter; left time: 713.6514s
	iters: 2100, epoch: 5 | loss: 0.0102361
	speed: 0.0322s/iter; left time: 709.4146s
	iters: 2200, epoch: 5 | loss: 0.0170215
	speed: 0.0322s/iter; left time: 706.5417s
	iters: 2300, epoch: 5 | loss: 0.0152577
	speed: 0.0323s/iter; left time: 706.2167s
	iters: 2400, epoch: 5 | loss: 0.0099812
	speed: 0.0324s/iter; left time: 703.5155s
	iters: 2500, epoch: 5 | loss: 0.0201240
	speed: 0.0323s/iter; left time: 699.0628s
	iters: 2600, epoch: 5 | loss: 0.0106971
	speed: 0.0323s/iter; left time: 695.3256s
	iters: 2700, epoch: 5 | loss: 0.0135204
	speed: 0.0323s/iter; left time: 692.7317s
	iters: 2800, epoch: 5 | loss: 0.0119246
	speed: 0.0325s/iter; left time: 694.4954s
	iters: 2900, epoch: 5 | loss: 0.0105142
	speed: 0.0323s/iter; left time: 685.6597s
	iters: 3000, epoch: 5 | loss: 0.0139528
	speed: 0.0325s/iter; left time: 686.0299s
	iters: 3100, epoch: 5 | loss: 0.0177784
	speed: 0.0323s/iter; left time: 679.3651s
	iters: 3200, epoch: 5 | loss: 0.0149381
	speed: 0.0323s/iter; left time: 676.6421s
	iters: 3300, epoch: 5 | loss: 0.0115765
	speed: 0.0324s/iter; left time: 675.7191s
	iters: 3400, epoch: 5 | loss: 0.0104187
	speed: 0.0324s/iter; left time: 671.8428s
	iters: 3500, epoch: 5 | loss: 0.0171202
	speed: 0.0323s/iter; left time: 666.9494s
	iters: 3600, epoch: 5 | loss: 0.0157503
	speed: 0.0325s/iter; left time: 668.1043s
	iters: 3700, epoch: 5 | loss: 0.0143891
	speed: 0.0328s/iter; left time: 670.0322s
	iters: 3800, epoch: 5 | loss: 0.0148747
	speed: 0.0322s/iter; left time: 654.9838s
	iters: 3900, epoch: 5 | loss: 0.0177629
	speed: 0.0324s/iter; left time: 656.0621s
	iters: 4000, epoch: 5 | loss: 0.0102286
	speed: 0.0324s/iter; left time: 652.6160s
	iters: 4100, epoch: 5 | loss: 0.0095597
	speed: 0.0323s/iter; left time: 647.1509s
	iters: 4200, epoch: 5 | loss: 0.0151893
	speed: 0.0324s/iter; left time: 646.4662s
	iters: 4300, epoch: 5 | loss: 0.0128990
	speed: 0.0323s/iter; left time: 640.9553s
	iters: 4400, epoch: 5 | loss: 0.0118328
	speed: 0.0323s/iter; left time: 637.5032s
	iters: 4500, epoch: 5 | loss: 0.0124403
	speed: 0.0323s/iter; left time: 633.6803s
	iters: 4600, epoch: 5 | loss: 0.0117269
	speed: 0.0327s/iter; left time: 638.4349s
	iters: 4700, epoch: 5 | loss: 0.0206988
	speed: 0.0324s/iter; left time: 629.2731s
	iters: 4800, epoch: 5 | loss: 0.0081467
	speed: 0.0323s/iter; left time: 624.0261s
	iters: 4900, epoch: 5 | loss: 0.0127679
	speed: 0.0324s/iter; left time: 622.5112s
	iters: 5000, epoch: 5 | loss: 0.0104041
	speed: 0.0322s/iter; left time: 616.8453s
	iters: 5100, epoch: 5 | loss: 0.0154901
	speed: 0.0325s/iter; left time: 619.4451s
	iters: 5200, epoch: 5 | loss: 0.0162707
	speed: 0.0323s/iter; left time: 612.1040s
	iters: 5300, epoch: 5 | loss: 0.0113307
	speed: 0.0323s/iter; left time: 608.6021s
	iters: 5400, epoch: 5 | loss: 0.0173066
	speed: 0.0324s/iter; left time: 606.5565s
	iters: 5500, epoch: 5 | loss: 0.0111462
	speed: 0.0323s/iter; left time: 602.6095s
	iters: 5600, epoch: 5 | loss: 0.0082391
	speed: 0.0326s/iter; left time: 603.5455s
	iters: 5700, epoch: 5 | loss: 0.0131573
	speed: 0.0322s/iter; left time: 593.4851s
	iters: 5800, epoch: 5 | loss: 0.0145568
	speed: 0.0323s/iter; left time: 591.4113s
	iters: 5900, epoch: 5 | loss: 0.0153990
	speed: 0.0322s/iter; left time: 587.7554s
	iters: 6000, epoch: 5 | loss: 0.0099894
	speed: 0.0324s/iter; left time: 587.2440s
Epoch: 5 cost time: 195.36424469947815
Epoch: 5, Steps: 6034 | Train Loss: 0.0134401 Vali Loss: 0.6301093 Test Loss: 0.4876632
EarlyStopping counter: 2 out of 3
Updating learning rate to 6.25e-06
	iters: 100, epoch: 6 | loss: 0.0118324
	speed: 0.3996s/iter; left time: 7193.6738s
	iters: 200, epoch: 6 | loss: 0.0135069
	speed: 0.0323s/iter; left time: 578.9412s
	iters: 300, epoch: 6 | loss: 0.0089522
	speed: 0.0326s/iter; left time: 579.8510s
	iters: 400, epoch: 6 | loss: 0.0162308
	speed: 0.0322s/iter; left time: 570.5635s
	iters: 500, epoch: 6 | loss: 0.0120837
	speed: 0.0324s/iter; left time: 570.7352s
	iters: 600, epoch: 6 | loss: 0.0083170
	speed: 0.0326s/iter; left time: 569.9020s
	iters: 700, epoch: 6 | loss: 0.0176580
	speed: 0.0322s/iter; left time: 560.0432s
	iters: 800, epoch: 6 | loss: 0.0094194
	speed: 0.0325s/iter; left time: 562.6918s
	iters: 900, epoch: 6 | loss: 0.0156635
	speed: 0.0324s/iter; left time: 556.6612s
	iters: 1000, epoch: 6 | loss: 0.0088446
	speed: 0.0322s/iter; left time: 550.4191s
	iters: 1100, epoch: 6 | loss: 0.0151947
	speed: 0.0325s/iter; left time: 553.1086s
	iters: 1200, epoch: 6 | loss: 0.0100328
	speed: 0.0327s/iter; left time: 552.2110s
	iters: 1300, epoch: 6 | loss: 0.0109442
	speed: 0.0322s/iter; left time: 540.9188s
	iters: 1400, epoch: 6 | loss: 0.0116208
	speed: 0.0324s/iter; left time: 540.9868s
	iters: 1500, epoch: 6 | loss: 0.0170702
	speed: 0.0322s/iter; left time: 535.4439s
	iters: 1600, epoch: 6 | loss: 0.0113814
	speed: 0.0325s/iter; left time: 536.4395s
	iters: 1700, epoch: 6 | loss: 0.0118822
	speed: 0.0326s/iter; left time: 535.2703s
	iters: 1800, epoch: 6 | loss: 0.0113304
	speed: 0.0323s/iter; left time: 527.0253s
	iters: 1900, epoch: 6 | loss: 0.0149651
	speed: 0.0324s/iter; left time: 525.3445s
	iters: 2000, epoch: 6 | loss: 0.0127359
	speed: 0.0325s/iter; left time: 523.4636s
	iters: 2100, epoch: 6 | loss: 0.0163429
	speed: 0.0327s/iter; left time: 522.7550s
	iters: 2200, epoch: 6 | loss: 0.0111177
	speed: 0.0324s/iter; left time: 515.3810s
	iters: 2300, epoch: 6 | loss: 0.0104996
	speed: 0.0324s/iter; left time: 512.2735s
	iters: 2400, epoch: 6 | loss: 0.0107704
	speed: 0.0323s/iter; left time: 506.8357s
	iters: 2500, epoch: 6 | loss: 0.0151038
	speed: 0.0324s/iter; left time: 505.4521s
	iters: 2600, epoch: 6 | loss: 0.0177823
	speed: 0.0327s/iter; left time: 506.2167s
	iters: 2700, epoch: 6 | loss: 0.0099668
	speed: 0.0324s/iter; left time: 498.4572s
	iters: 2800, epoch: 6 | loss: 0.0116977
	speed: 0.0325s/iter; left time: 497.0543s
	iters: 2900, epoch: 6 | loss: 0.0143538
	speed: 0.0325s/iter; left time: 493.9515s
	iters: 3000, epoch: 6 | loss: 0.0120566
	speed: 0.0323s/iter; left time: 487.3577s
	iters: 3100, epoch: 6 | loss: 0.0092842
	speed: 0.0328s/iter; left time: 491.4376s
	iters: 3200, epoch: 6 | loss: 0.0158750
	speed: 0.0324s/iter; left time: 482.4461s
	iters: 3300, epoch: 6 | loss: 0.0119515
	speed: 0.0323s/iter; left time: 478.2723s
	iters: 3400, epoch: 6 | loss: 0.0137872
	speed: 0.0325s/iter; left time: 477.5533s
	iters: 3500, epoch: 6 | loss: 0.0134090
	speed: 0.0328s/iter; left time: 478.3800s
	iters: 3600, epoch: 6 | loss: 0.0135371
	speed: 0.0323s/iter; left time: 468.8194s
	iters: 3700, epoch: 6 | loss: 0.0092632
	speed: 0.0323s/iter; left time: 465.5449s
	iters: 3800, epoch: 6 | loss: 0.0105930
	speed: 0.0325s/iter; left time: 464.6702s
	iters: 3900, epoch: 6 | loss: 0.0136094
	speed: 0.0324s/iter; left time: 460.1030s
	iters: 4000, epoch: 6 | loss: 0.0173361
	speed: 0.0326s/iter; left time: 459.0674s
	iters: 4100, epoch: 6 | loss: 0.0140048
	speed: 0.0323s/iter; left time: 452.7771s
	iters: 4200, epoch: 6 | loss: 0.0074071
	speed: 0.0325s/iter; left time: 451.9955s
	iters: 4300, epoch: 6 | loss: 0.0088994
	speed: 0.0325s/iter; left time: 448.8844s
	iters: 4400, epoch: 6 | loss: 0.0106184
	speed: 0.0324s/iter; left time: 443.6030s
	iters: 4500, epoch: 6 | loss: 0.0110117
	speed: 0.0325s/iter; left time: 441.5963s
	iters: 4600, epoch: 6 | loss: 0.0182732
	speed: 0.0322s/iter; left time: 435.3783s
	iters: 4700, epoch: 6 | loss: 0.0117778
	speed: 0.0325s/iter; left time: 434.9334s
	iters: 4800, epoch: 6 | loss: 0.0099995
	speed: 0.0325s/iter; left time: 432.3008s
	iters: 4900, epoch: 6 | loss: 0.0114924
	speed: 0.0328s/iter; left time: 433.5764s
	iters: 5000, epoch: 6 | loss: 0.0163079
	speed: 0.0325s/iter; left time: 425.4332s
	iters: 5100, epoch: 6 | loss: 0.0089415
	speed: 0.0324s/iter; left time: 421.5665s
	iters: 5200, epoch: 6 | loss: 0.0092190
	speed: 0.0324s/iter; left time: 417.6450s
	iters: 5300, epoch: 6 | loss: 0.0144543
	speed: 0.0325s/iter; left time: 415.8598s
	iters: 5400, epoch: 6 | loss: 0.0110842
	speed: 0.0326s/iter; left time: 414.5934s
	iters: 5500, epoch: 6 | loss: 0.0195710
	speed: 0.0323s/iter; left time: 406.6039s
	iters: 5600, epoch: 6 | loss: 0.0165013
	speed: 0.0326s/iter; left time: 407.0929s
	iters: 5700, epoch: 6 | loss: 0.0115912
	speed: 0.0326s/iter; left time: 404.5771s
	iters: 5800, epoch: 6 | loss: 0.0099807
	speed: 0.0326s/iter; left time: 401.1738s
	iters: 5900, epoch: 6 | loss: 0.0101113
	speed: 0.0323s/iter; left time: 394.4245s
	iters: 6000, epoch: 6 | loss: 0.0181274
	speed: 0.0324s/iter; left time: 392.5173s
Epoch: 6 cost time: 195.77173805236816
Epoch: 6, Steps: 6034 | Train Loss: 0.0124495 Vali Loss: 0.6444754 Test Loss: 0.5108679
EarlyStopping counter: 3 out of 3
Early stopping
>>>>>>>testing : informerstack_custom_ftMS_sl336_ll168_pl168_dm256_nh8_el4_dl2_df1024_atprob_fc5_ebtimeF_dtTrue_mxTrue_exp_128_0<<<<<<<<<<<<<<<<<<<<<<<<<<<<<<<<<
test 13769
test shape: (1721, 8, 168, 1) (1721, 8, 168, 1)
test shape: (13768, 168, 1) (13768, 168, 1)
mse:0.48492926359176636, mae:0.5923731327056885, r2:-1.8430719375610352


Parsed metrics from Informer output (normalized scale):
  MSE:  0.4849
  MAE:  0.5924
  RMSE: 0.6964
  R2:   -1.8431

Metrics after inverse transformation (original scale):
  MSE:  63.0283
  MAE:  6.7534
  RMSE: 7.9390
  R2:   -1.8431
Warning: Failed to record experiment: 'gbk' codec can't encode character '\u2713' in position 0: illegal multibyte sequence
  Training time: 1414.10s
  RMSE: 7.9390
  MAE:  6.7534
  R2:   -1.8431

Saving results...
  Model: Native Informer (saved in external/Informer2020/checkpoints/)
  Predictions: Not saved (native Informer handles this internally)
  Metrics: E:\ANUS_learning\MSI5001-power-transformer-oil-temperature-prediction\models\experiments\exp_128_metrics.json
  Plot: Skipped (native Informer handles visualization internally)

======================================================================
Experiment complete: exp_128
======================================================================

======================================================================
Completed: 2025-11-07 21:14:13
Return code: 0
======================================================================
