======================================================================
Experiment Log
Started: 2025-11-07 02:24:24
Command: C:\ProgramData\anaconda3\python.exe -m scripts.train_configurable --tx-id 2 --model Informer-Long --split-method chronological --feature-mode full --lookback-multiplier 4.0 --horizon 168 --experiment-name exp_135 --data-suffix _no_outlier
======================================================================

======================================================================
Experiment: exp_135
======================================================================
Transformer:     TX2
Model:           Informer-Long
Split method:    chronological
Feature mode:    full
Data suffix:     _no_outlier

Loading data...
  Total samples: 69680
  Features: 17 columns

Window config: WindowConfig(horizon=168, lookback=672, gap=0)
Creating sliding windows for Informer-Long (keeping sequence structure)...
  Created 68840 windows (shape: (68840, 672, 17))
Splitting windows (chronological, 20% test)...
  Train: 55072 windows
  Test:  13768 windows

Training Informer-Long...

Calling native Informer from: E:\ANUS_learning\MSI5001-power-transformer-oil-temperature-prediction\external\Informer2020
Command: C:\ProgramData\anaconda3\python.exe E:\ANUS_learning\MSI5001-power-transformer-oil-temperature-prediction\external\Informer2020\main_informer.py --model informerstack --data custom --root_path ./data/ --data_path TX2.csv --features MS --target OT --freq h --seq_len 336 --label_len 168 --pred_len 168 --enc_in 6 --dec_in 1 --c_out 1 --d_model 256 --n_heads 8 --e_layers 3 --d_layers 1 --d_ff 1024 --factor 5 --dropout 0.05 --attn prob --embed timeF --activation gelu --batch_size 8 --train_epochs 8 --patience 3 --learning_rate 0.0001 --des exp_135 --itr 1
Args in experiment:
Namespace(model='informerstack', data='custom', root_path='./data/', data_path='TX1.csv', features='MS', target='OT', freq='h', checkpoints='./checkpoints/', seq_len=336, label_len=168, pred_len=168, enc_in=6, dec_in=1, c_out=1, d_model=256, n_heads=8, e_layers=3, d_layers=1, s_layers=[3, 2, 1], d_ff=1024, factor=5, padding=0, distil=True, dropout=0.05, attn='prob', embed='timeF', activation='gelu', output_attention=False, do_predict=False, mix=True, cols=None, num_workers=0, itr=1, train_epochs=8, batch_size=8, patience=3, learning_rate=0.0001, des='exp_135', loss='mse', lradj='type1', use_amp=False, inverse=False, use_gpu=True, gpu=0, use_multi_gpu=False, devices='0,1,2,3', detail_freq='h')
Use GPU: cuda:0
>>>>>>>start training : informerstack_custom_ftMS_sl336_ll168_pl168_dm256_nh8_el3_dl1_df1024_atprob_fc5_ebtimeF_dtTrue_mxTrue_exp_135_0>>>>>>>>>>>>>>>>>>>>>>>>>>
train 48273
val 6801
test 13769
	iters: 100, epoch: 1 | loss: 0.2396170
	speed: 0.0401s/iter; left time: 1932.0311s
	iters: 200, epoch: 1 | loss: 0.1647091
	speed: 0.0291s/iter; left time: 1396.6072s
	iters: 300, epoch: 1 | loss: 0.1825894
	speed: 0.0286s/iter; left time: 1372.7421s
	iters: 400, epoch: 1 | loss: 0.1891750
	speed: 0.0292s/iter; left time: 1399.8177s
	iters: 500, epoch: 1 | loss: 0.0924965
	speed: 0.0298s/iter; left time: 1424.6362s
	iters: 600, epoch: 1 | loss: 0.1855611
	speed: 0.0292s/iter; left time: 1392.0037s
	iters: 700, epoch: 1 | loss: 0.1030460
	speed: 0.0294s/iter; left time: 1396.6682s
	iters: 800, epoch: 1 | loss: 0.1663506
	speed: 0.0289s/iter; left time: 1373.9541s
	iters: 900, epoch: 1 | loss: 0.1001520
	speed: 0.0288s/iter; left time: 1365.7073s
	iters: 1000, epoch: 1 | loss: 0.2000835
	speed: 0.0292s/iter; left time: 1382.5815s
	iters: 1100, epoch: 1 | loss: 0.1388068
	speed: 0.0302s/iter; left time: 1424.2548s
	iters: 1200, epoch: 1 | loss: 0.0890075
	speed: 0.0288s/iter; left time: 1357.2396s
	iters: 1300, epoch: 1 | loss: 0.1361126
	speed: 0.0283s/iter; left time: 1331.3568s
	iters: 1400, epoch: 1 | loss: 0.0764279
	speed: 0.0285s/iter; left time: 1335.7018s
	iters: 1500, epoch: 1 | loss: 0.1280650
	speed: 0.0282s/iter; left time: 1320.8278s
	iters: 1600, epoch: 1 | loss: 0.1663370
	speed: 0.0290s/iter; left time: 1352.0505s
	iters: 1700, epoch: 1 | loss: 0.1149184
	speed: 0.0302s/iter; left time: 1407.3697s
	iters: 1800, epoch: 1 | loss: 0.1321753
	speed: 0.0287s/iter; left time: 1333.8144s
	iters: 1900, epoch: 1 | loss: 0.0848387
	speed: 0.0285s/iter; left time: 1322.5124s
	iters: 2000, epoch: 1 | loss: 0.1346596
	speed: 0.0285s/iter; left time: 1317.8591s
	iters: 2100, epoch: 1 | loss: 0.1166431
	speed: 0.0291s/iter; left time: 1343.9264s
	iters: 2200, epoch: 1 | loss: 0.0776450
	speed: 0.0289s/iter; left time: 1331.5140s
	iters: 2300, epoch: 1 | loss: 0.0707547
	speed: 0.0289s/iter; left time: 1329.4381s
	iters: 2400, epoch: 1 | loss: 0.1292905
	speed: 0.0300s/iter; left time: 1374.2653s
	iters: 2500, epoch: 1 | loss: 0.1240362
	speed: 0.0290s/iter; left time: 1327.2238s
	iters: 2600, epoch: 1 | loss: 0.1362854
	speed: 0.0289s/iter; left time: 1318.9190s
	iters: 2700, epoch: 1 | loss: 0.0867459
	speed: 0.0304s/iter; left time: 1386.3913s
	iters: 2800, epoch: 1 | loss: 0.0703587
	speed: 0.0283s/iter; left time: 1288.5893s
	iters: 2900, epoch: 1 | loss: 0.0962222
	speed: 0.0288s/iter; left time: 1305.2822s
	iters: 3000, epoch: 1 | loss: 0.0685441
	speed: 0.0295s/iter; left time: 1334.1647s
	iters: 3100, epoch: 1 | loss: 0.0669652
	speed: 0.0285s/iter; left time: 1286.5178s
	iters: 3200, epoch: 1 | loss: 0.1532413
	speed: 0.0289s/iter; left time: 1302.4667s
	iters: 3300, epoch: 1 | loss: 0.0466268
	speed: 0.0294s/iter; left time: 1322.5726s
	iters: 3400, epoch: 1 | loss: 0.0609973
	speed: 0.0297s/iter; left time: 1332.3312s
	iters: 3500, epoch: 1 | loss: 0.0965046
	speed: 0.0284s/iter; left time: 1273.5366s
	iters: 3600, epoch: 1 | loss: 0.0742774
	speed: 0.0291s/iter; left time: 1298.6808s
	iters: 3700, epoch: 1 | loss: 0.0446002
	speed: 0.0292s/iter; left time: 1300.9023s
	iters: 3800, epoch: 1 | loss: 0.0707301
	speed: 0.0282s/iter; left time: 1255.2196s
	iters: 3900, epoch: 1 | loss: 0.0835872
	speed: 0.0299s/iter; left time: 1325.6413s
	iters: 4000, epoch: 1 | loss: 0.0652142
	speed: 0.0295s/iter; left time: 1305.3082s
	iters: 4100, epoch: 1 | loss: 0.0593925
	speed: 0.0293s/iter; left time: 1294.2347s
	iters: 4200, epoch: 1 | loss: 0.0787673
	speed: 0.0292s/iter; left time: 1286.7874s
	iters: 4300, epoch: 1 | loss: 0.0938295
	speed: 0.0291s/iter; left time: 1278.8835s
	iters: 4400, epoch: 1 | loss: 0.0511507
	speed: 0.0278s/iter; left time: 1218.8714s
	iters: 4500, epoch: 1 | loss: 0.0644066
	speed: 0.0286s/iter; left time: 1250.1941s
	iters: 4600, epoch: 1 | loss: 0.0694352
	speed: 0.0297s/iter; left time: 1297.1368s
	iters: 4700, epoch: 1 | loss: 0.0612198
	speed: 0.0300s/iter; left time: 1308.7466s
	iters: 4800, epoch: 1 | loss: 0.0850462
	speed: 0.0288s/iter; left time: 1252.5215s
	iters: 4900, epoch: 1 | loss: 0.0460154
	speed: 0.0293s/iter; left time: 1270.1222s
	iters: 5000, epoch: 1 | loss: 0.0449428
	speed: 0.0279s/iter; left time: 1207.1126s
	iters: 5100, epoch: 1 | loss: 0.0602618
	speed: 0.0278s/iter; left time: 1198.7087s
	iters: 5200, epoch: 1 | loss: 0.0591582
	speed: 0.0295s/iter; left time: 1271.6866s
	iters: 5300, epoch: 1 | loss: 0.0540330
	speed: 0.0301s/iter; left time: 1291.7703s
	iters: 5400, epoch: 1 | loss: 0.0375694
	speed: 0.0289s/iter; left time: 1241.0186s
	iters: 5500, epoch: 1 | loss: 0.0389431
	speed: 0.0293s/iter; left time: 1251.8273s
	iters: 5600, epoch: 1 | loss: 0.0521118
	speed: 0.0291s/iter; left time: 1241.0166s
	iters: 5700, epoch: 1 | loss: 0.0493141
	speed: 0.0282s/iter; left time: 1198.5543s
	iters: 5800, epoch: 1 | loss: 0.0483536
	speed: 0.0290s/iter; left time: 1230.2325s
	iters: 5900, epoch: 1 | loss: 0.0603731
	speed: 0.0298s/iter; left time: 1264.2900s
	iters: 6000, epoch: 1 | loss: 0.0771818
	speed: 0.0295s/iter; left time: 1248.6017s
Epoch: 1 cost time: 175.81085205078125
Epoch: 1, Steps: 6034 | Train Loss: 0.1057426 Vali Loss: 0.7642932 Test Loss: 0.5731364
Validation loss decreased (inf --> 0.764293).  Saving model ...
Updating learning rate to 0.0001
	iters: 100, epoch: 2 | loss: 0.0856163
	speed: 0.3451s/iter; left time: 14543.3032s
	iters: 200, epoch: 2 | loss: 0.0515188
	speed: 0.0290s/iter; left time: 1218.8529s
	iters: 300, epoch: 2 | loss: 0.0690569
	speed: 0.0290s/iter; left time: 1216.7063s
	iters: 400, epoch: 2 | loss: 0.0476153
	speed: 0.0291s/iter; left time: 1217.6045s
	iters: 500, epoch: 2 | loss: 0.0419361
	speed: 0.0293s/iter; left time: 1222.0302s
	iters: 600, epoch: 2 | loss: 0.0357076
	speed: 0.0296s/iter; left time: 1234.4986s
	iters: 700, epoch: 2 | loss: 0.0718767
	speed: 0.0296s/iter; left time: 1230.4400s
	iters: 800, epoch: 2 | loss: 0.0416939
	speed: 0.0292s/iter; left time: 1209.2547s
	iters: 900, epoch: 2 | loss: 0.0457940
	speed: 0.0289s/iter; left time: 1194.2088s
	iters: 1000, epoch: 2 | loss: 0.0472819
	speed: 0.0288s/iter; left time: 1188.4720s
	iters: 1100, epoch: 2 | loss: 0.0318959
	speed: 0.0290s/iter; left time: 1192.8848s
	iters: 1200, epoch: 2 | loss: 0.0734014
	speed: 0.0294s/iter; left time: 1205.2206s
	iters: 1300, epoch: 2 | loss: 0.0379784
	speed: 0.0292s/iter; left time: 1197.3132s
	iters: 1400, epoch: 2 | loss: 0.0445717
	speed: 0.0286s/iter; left time: 1166.7744s
	iters: 1500, epoch: 2 | loss: 0.0502969
	speed: 0.0284s/iter; left time: 1156.6338s
	iters: 1600, epoch: 2 | loss: 0.0373704
	speed: 0.0292s/iter; left time: 1188.1736s
	iters: 1700, epoch: 2 | loss: 0.0545268
	speed: 0.0294s/iter; left time: 1193.7181s
	iters: 1800, epoch: 2 | loss: 0.0641814
	speed: 0.0290s/iter; left time: 1171.2410s
	iters: 1900, epoch: 2 | loss: 0.0365976
	speed: 0.0286s/iter; left time: 1153.8070s
	iters: 2000, epoch: 2 | loss: 0.0548523
	speed: 0.0295s/iter; left time: 1185.3945s
	iters: 2100, epoch: 2 | loss: 0.0665637
	speed: 0.0300s/iter; left time: 1204.7475s
	iters: 2200, epoch: 2 | loss: 0.0342809
	speed: 0.0287s/iter; left time: 1148.9344s
	iters: 2300, epoch: 2 | loss: 0.0463193
	speed: 0.0294s/iter; left time: 1172.7404s
	iters: 2400, epoch: 2 | loss: 0.0367625
	speed: 0.0286s/iter; left time: 1140.2342s
	iters: 2500, epoch: 2 | loss: 0.0441561
	speed: 0.0290s/iter; left time: 1153.6250s
	iters: 2600, epoch: 2 | loss: 0.0311040
	speed: 0.0299s/iter; left time: 1185.0538s
	iters: 2700, epoch: 2 | loss: 0.0388641
	speed: 0.0290s/iter; left time: 1146.6572s
	iters: 2800, epoch: 2 | loss: 0.0411347
	speed: 0.0293s/iter; left time: 1153.7475s
	iters: 2900, epoch: 2 | loss: 0.0610005
	speed: 0.0286s/iter; left time: 1127.0095s
	iters: 3000, epoch: 2 | loss: 0.0352145
	speed: 0.0292s/iter; left time: 1147.5042s
	iters: 3100, epoch: 2 | loss: 0.0455696
	speed: 0.0284s/iter; left time: 1111.3091s
	iters: 3200, epoch: 2 | loss: 0.0523684
	speed: 0.0286s/iter; left time: 1115.0895s
	iters: 3300, epoch: 2 | loss: 0.0417789
	speed: 0.0300s/iter; left time: 1167.3781s
	iters: 3400, epoch: 2 | loss: 0.0507109
	speed: 0.0293s/iter; left time: 1139.7964s
	iters: 3500, epoch: 2 | loss: 0.0451088
	speed: 0.0287s/iter; left time: 1110.5576s
	iters: 3600, epoch: 2 | loss: 0.0367143
	speed: 0.0296s/iter; left time: 1144.1430s
	iters: 3700, epoch: 2 | loss: 0.0285386
	speed: 0.0289s/iter; left time: 1114.8077s
	iters: 3800, epoch: 2 | loss: 0.0360444
	speed: 0.0284s/iter; left time: 1092.5410s
	iters: 3900, epoch: 2 | loss: 0.0302902
	speed: 0.0292s/iter; left time: 1120.4409s
	iters: 4000, epoch: 2 | loss: 0.0339749
	speed: 0.0292s/iter; left time: 1118.1749s
	iters: 4100, epoch: 2 | loss: 0.0326918
	speed: 0.0294s/iter; left time: 1119.4250s
	iters: 4200, epoch: 2 | loss: 0.0372512
	speed: 0.0294s/iter; left time: 1118.8515s
	iters: 4300, epoch: 2 | loss: 0.0417490
	speed: 0.0288s/iter; left time: 1093.6475s
	iters: 4400, epoch: 2 | loss: 0.0337176
	speed: 0.0285s/iter; left time: 1077.6161s
	iters: 4500, epoch: 2 | loss: 0.0295471
	speed: 0.0287s/iter; left time: 1084.4460s
	iters: 4600, epoch: 2 | loss: 0.0320492
	speed: 0.0292s/iter; left time: 1097.6771s
	iters: 4700, epoch: 2 | loss: 0.0226636
	speed: 0.0302s/iter; left time: 1133.7680s
	iters: 4800, epoch: 2 | loss: 0.0285484
	speed: 0.0296s/iter; left time: 1108.5937s
	iters: 4900, epoch: 2 | loss: 0.0525899
	speed: 0.0292s/iter; left time: 1092.0762s
	iters: 5000, epoch: 2 | loss: 0.0282492
	speed: 0.0283s/iter; left time: 1052.9085s
	iters: 5100, epoch: 2 | loss: 0.0334962
	speed: 0.0286s/iter; left time: 1062.3814s
	iters: 5200, epoch: 2 | loss: 0.0372936
	speed: 0.0284s/iter; left time: 1050.8541s
	iters: 5300, epoch: 2 | loss: 0.0325556
	speed: 0.0290s/iter; left time: 1071.2730s
	iters: 5400, epoch: 2 | loss: 0.0209837
	speed: 0.0304s/iter; left time: 1119.6384s
	iters: 5500, epoch: 2 | loss: 0.0400516
	speed: 0.0301s/iter; left time: 1106.9799s
	iters: 5600, epoch: 2 | loss: 0.0339785
	speed: 0.0285s/iter; left time: 1043.1498s
	iters: 5700, epoch: 2 | loss: 0.0276132
	speed: 0.0279s/iter; left time: 1018.7369s
	iters: 5800, epoch: 2 | loss: 0.0374035
	speed: 0.0284s/iter; left time: 1035.5033s
	iters: 5900, epoch: 2 | loss: 0.0366280
	speed: 0.0299s/iter; left time: 1084.8995s
	iters: 6000, epoch: 2 | loss: 0.0285938
	speed: 0.0302s/iter; left time: 1093.9291s
Epoch: 2 cost time: 175.7676031589508
Epoch: 2, Steps: 6034 | Train Loss: 0.0414160 Vali Loss: 0.7232168 Test Loss: 0.5619355
Validation loss decreased (0.764293 --> 0.723217).  Saving model ...
Updating learning rate to 5e-05
	iters: 100, epoch: 3 | loss: 0.0427379
	speed: 0.3504s/iter; left time: 12652.1437s
	iters: 200, epoch: 3 | loss: 0.0236140
	speed: 0.0289s/iter; left time: 1040.2248s
	iters: 300, epoch: 3 | loss: 0.0284275
	speed: 0.0288s/iter; left time: 1032.5938s
	iters: 400, epoch: 3 | loss: 0.0243347
	speed: 0.0298s/iter; left time: 1067.6081s
	iters: 500, epoch: 3 | loss: 0.0243456
	speed: 0.0289s/iter; left time: 1033.3213s
	iters: 600, epoch: 3 | loss: 0.0250226
	speed: 0.0290s/iter; left time: 1032.4037s
	iters: 700, epoch: 3 | loss: 0.0228354
	speed: 0.0290s/iter; left time: 1029.0935s
	iters: 800, epoch: 3 | loss: 0.0233823
	speed: 0.0291s/iter; left time: 1028.6392s
	iters: 900, epoch: 3 | loss: 0.0292652
	speed: 0.0287s/iter; left time: 1011.4936s
	iters: 1000, epoch: 3 | loss: 0.0200766
	speed: 0.0284s/iter; left time: 1000.7934s
	iters: 1100, epoch: 3 | loss: 0.0218591
	speed: 0.0290s/iter; left time: 1019.3055s
	iters: 1200, epoch: 3 | loss: 0.0208506
	speed: 0.0287s/iter; left time: 1003.9683s
	iters: 1300, epoch: 3 | loss: 0.0200271
	speed: 0.0285s/iter; left time: 993.4857s
	iters: 1400, epoch: 3 | loss: 0.0231069
	speed: 0.0301s/iter; left time: 1047.0143s
	iters: 1500, epoch: 3 | loss: 0.0147474
	speed: 0.0301s/iter; left time: 1043.3088s
	iters: 1600, epoch: 3 | loss: 0.0235233
	speed: 0.0290s/iter; left time: 1003.8727s
	iters: 1700, epoch: 3 | loss: 0.0236664
	speed: 0.0291s/iter; left time: 1005.7448s
	iters: 1800, epoch: 3 | loss: 0.0296562
	speed: 0.0290s/iter; left time: 998.5920s
	iters: 1900, epoch: 3 | loss: 0.0189736
	speed: 0.0295s/iter; left time: 1013.7027s
	iters: 2000, epoch: 3 | loss: 0.0175299
	speed: 0.0288s/iter; left time: 984.3338s
	iters: 2100, epoch: 3 | loss: 0.0194375
	speed: 0.0288s/iter; left time: 982.3303s
	iters: 2200, epoch: 3 | loss: 0.0477301
	speed: 0.0294s/iter; left time: 1000.9936s
	iters: 2300, epoch: 3 | loss: 0.0366435
	speed: 0.0286s/iter; left time: 970.7642s
	iters: 2400, epoch: 3 | loss: 0.0313996
	speed: 0.0293s/iter; left time: 990.5341s
	iters: 2500, epoch: 3 | loss: 0.0174549
	speed: 0.0281s/iter; left time: 947.9999s
	iters: 2600, epoch: 3 | loss: 0.0169100
	speed: 0.0293s/iter; left time: 983.8953s
	iters: 2700, epoch: 3 | loss: 0.0429203
	speed: 0.0292s/iter; left time: 979.0777s
	iters: 2800, epoch: 3 | loss: 0.0232743
	speed: 0.0287s/iter; left time: 959.9099s
	iters: 2900, epoch: 3 | loss: 0.0179992
	speed: 0.0300s/iter; left time: 1000.4004s
	iters: 3000, epoch: 3 | loss: 0.0189490
	speed: 0.0291s/iter; left time: 966.4618s
	iters: 3100, epoch: 3 | loss: 0.0244030
	speed: 0.0284s/iter; left time: 940.8999s
	iters: 3200, epoch: 3 | loss: 0.0214882
	speed: 0.0282s/iter; left time: 932.1756s
	iters: 3300, epoch: 3 | loss: 0.0191317
	speed: 0.0287s/iter; left time: 944.4951s
	iters: 3400, epoch: 3 | loss: 0.0274736
	speed: 0.0302s/iter; left time: 991.7995s
	iters: 3500, epoch: 3 | loss: 0.0258465
	speed: 0.0301s/iter; left time: 983.2882s
	iters: 3600, epoch: 3 | loss: 0.0203808
	speed: 0.0284s/iter; left time: 924.5964s
	iters: 3700, epoch: 3 | loss: 0.0266942
	speed: 0.0290s/iter; left time: 944.1520s
	iters: 3800, epoch: 3 | loss: 0.0243702
	speed: 0.0282s/iter; left time: 914.5126s
	iters: 3900, epoch: 3 | loss: 0.0184674
	speed: 0.0286s/iter; left time: 923.0691s
	iters: 4000, epoch: 3 | loss: 0.0151546
	speed: 0.0298s/iter; left time: 958.9660s
	iters: 4100, epoch: 3 | loss: 0.0166477
	speed: 0.0296s/iter; left time: 950.6202s
	iters: 4200, epoch: 3 | loss: 0.0323603
	speed: 0.0298s/iter; left time: 954.2025s
	iters: 4300, epoch: 3 | loss: 0.0178468
	speed: 0.0281s/iter; left time: 896.1088s
	iters: 4400, epoch: 3 | loss: 0.0180430
	speed: 0.0279s/iter; left time: 888.4805s
	iters: 4500, epoch: 3 | loss: 0.0175985
	speed: 0.0289s/iter; left time: 915.5193s
	iters: 4600, epoch: 3 | loss: 0.0204903
	speed: 0.0289s/iter; left time: 914.4032s
	iters: 4700, epoch: 3 | loss: 0.0236429
	speed: 0.0300s/iter; left time: 946.2660s
	iters: 4800, epoch: 3 | loss: 0.0225646
	speed: 0.0291s/iter; left time: 913.8940s
	iters: 4900, epoch: 3 | loss: 0.0267221
	speed: 0.0292s/iter; left time: 913.1583s
	iters: 5000, epoch: 3 | loss: 0.0159643
	speed: 0.0291s/iter; left time: 909.4825s
	iters: 5100, epoch: 3 | loss: 0.0249605
	speed: 0.0278s/iter; left time: 865.8833s
	iters: 5200, epoch: 3 | loss: 0.0225157
	speed: 0.0282s/iter; left time: 874.9256s
	iters: 5300, epoch: 3 | loss: 0.0188330
	speed: 0.0293s/iter; left time: 904.5628s
	iters: 5400, epoch: 3 | loss: 0.0268444
	speed: 0.0295s/iter; left time: 910.1203s
	iters: 5500, epoch: 3 | loss: 0.0267452
	speed: 0.0295s/iter; left time: 907.3179s
	iters: 5600, epoch: 3 | loss: 0.0255279
	speed: 0.0291s/iter; left time: 890.9064s
	iters: 5700, epoch: 3 | loss: 0.0134722
	speed: 0.0280s/iter; left time: 854.8780s
	iters: 5800, epoch: 3 | loss: 0.0186989
	speed: 0.0273s/iter; left time: 829.8121s
	iters: 5900, epoch: 3 | loss: 0.0174344
	speed: 0.0292s/iter; left time: 884.1319s
	iters: 6000, epoch: 3 | loss: 0.0169433
	speed: 0.0304s/iter; left time: 918.4303s
Epoch: 3 cost time: 175.10868310928345
Epoch: 3, Steps: 6034 | Train Loss: 0.0233033 Vali Loss: 0.6603026 Test Loss: 0.5271794
Validation loss decreased (0.723217 --> 0.660303).  Saving model ...
Updating learning rate to 2.5e-05
	iters: 100, epoch: 4 | loss: 0.0217756
	speed: 0.3453s/iter; left time: 10382.4607s
	iters: 200, epoch: 4 | loss: 0.0148705
	speed: 0.0294s/iter; left time: 880.4979s
	iters: 300, epoch: 4 | loss: 0.0165107
	speed: 0.0290s/iter; left time: 866.4354s
	iters: 400, epoch: 4 | loss: 0.0165833
	speed: 0.0291s/iter; left time: 865.0372s
	iters: 500, epoch: 4 | loss: 0.0153277
	speed: 0.0293s/iter; left time: 868.6143s
	iters: 600, epoch: 4 | loss: 0.0154875
	speed: 0.0290s/iter; left time: 858.7287s
	iters: 700, epoch: 4 | loss: 0.0140245
	speed: 0.0287s/iter; left time: 846.4266s
	iters: 800, epoch: 4 | loss: 0.0150286
	speed: 0.0296s/iter; left time: 869.0574s
	iters: 900, epoch: 4 | loss: 0.0181547
	speed: 0.0292s/iter; left time: 854.6431s
	iters: 1000, epoch: 4 | loss: 0.0199608
	speed: 0.0298s/iter; left time: 869.7084s
	iters: 1100, epoch: 4 | loss: 0.0152372
	speed: 0.0286s/iter; left time: 830.0606s
	iters: 1200, epoch: 4 | loss: 0.0138099
	speed: 0.0283s/iter; left time: 819.5948s
	iters: 1300, epoch: 4 | loss: 0.0179380
	speed: 0.0291s/iter; left time: 838.7299s
	iters: 1400, epoch: 4 | loss: 0.0236083
	speed: 0.0293s/iter; left time: 843.7653s
	iters: 1500, epoch: 4 | loss: 0.0233955
	speed: 0.0293s/iter; left time: 840.7741s
	iters: 1600, epoch: 4 | loss: 0.0259693
	speed: 0.0292s/iter; left time: 834.1717s
	iters: 1700, epoch: 4 | loss: 0.0131548
	speed: 0.0287s/iter; left time: 816.6555s
	iters: 1800, epoch: 4 | loss: 0.0223584
	speed: 0.0289s/iter; left time: 821.2721s
	iters: 1900, epoch: 4 | loss: 0.0167476
	speed: 0.0280s/iter; left time: 791.5360s
	iters: 2000, epoch: 4 | loss: 0.0177722
	speed: 0.0297s/iter; left time: 836.4888s
	iters: 2100, epoch: 4 | loss: 0.0180842
	speed: 0.0303s/iter; left time: 849.3739s
	iters: 2200, epoch: 4 | loss: 0.0173502
	speed: 0.0290s/iter; left time: 812.2344s
	iters: 2300, epoch: 4 | loss: 0.0177533
	speed: 0.0293s/iter; left time: 816.3078s
	iters: 2400, epoch: 4 | loss: 0.0249380
	speed: 0.0282s/iter; left time: 783.3035s
	iters: 2500, epoch: 4 | loss: 0.0217141
	speed: 0.0285s/iter; left time: 789.3004s
	iters: 2600, epoch: 4 | loss: 0.0305347
	speed: 0.0295s/iter; left time: 812.2079s
	iters: 2700, epoch: 4 | loss: 0.0181993
	speed: 0.0297s/iter; left time: 815.9958s
	iters: 2800, epoch: 4 | loss: 0.0196846
	speed: 0.0293s/iter; left time: 802.5719s
	iters: 2900, epoch: 4 | loss: 0.0218015
	speed: 0.0294s/iter; left time: 801.9027s
	iters: 3000, epoch: 4 | loss: 0.0128259
	speed: 0.0291s/iter; left time: 790.1725s
	iters: 3100, epoch: 4 | loss: 0.0149795
	speed: 0.0293s/iter; left time: 793.1438s
	iters: 3200, epoch: 4 | loss: 0.0205297
	speed: 0.0282s/iter; left time: 759.6241s
	iters: 3300, epoch: 4 | loss: 0.0175758
	speed: 0.0290s/iter; left time: 780.4307s
	iters: 3400, epoch: 4 | loss: 0.0182121
	speed: 0.0298s/iter; left time: 797.7511s
	iters: 3500, epoch: 4 | loss: 0.0228606
	speed: 0.0295s/iter; left time: 785.9930s
	iters: 3600, epoch: 4 | loss: 0.0196799
	speed: 0.0292s/iter; left time: 776.1420s
	iters: 3700, epoch: 4 | loss: 0.0247749
	speed: 0.0288s/iter; left time: 762.5331s
	iters: 3800, epoch: 4 | loss: 0.0157596
	speed: 0.0284s/iter; left time: 748.7838s
	iters: 3900, epoch: 4 | loss: 0.0136809
	speed: 0.0284s/iter; left time: 745.5744s
	iters: 4000, epoch: 4 | loss: 0.0162012
	speed: 0.0286s/iter; left time: 747.8436s
	iters: 4100, epoch: 4 | loss: 0.0220208
	speed: 0.0302s/iter; left time: 786.7483s
	iters: 4200, epoch: 4 | loss: 0.0179455
	speed: 0.0305s/iter; left time: 791.3842s
	iters: 4300, epoch: 4 | loss: 0.0195779
	speed: 0.0292s/iter; left time: 754.5133s
	iters: 4400, epoch: 4 | loss: 0.0173571
	speed: 0.0282s/iter; left time: 726.6639s
	iters: 4500, epoch: 4 | loss: 0.0152341
	speed: 0.0283s/iter; left time: 727.1100s
	iters: 4600, epoch: 4 | loss: 0.0183815
	speed: 0.0292s/iter; left time: 746.7659s
	iters: 4700, epoch: 4 | loss: 0.0117835
	speed: 0.0290s/iter; left time: 738.7647s
	iters: 4800, epoch: 4 | loss: 0.0152055
	speed: 0.0304s/iter; left time: 771.5755s
	iters: 4900, epoch: 4 | loss: 0.0131724
	speed: 0.0294s/iter; left time: 741.7834s
	iters: 5000, epoch: 4 | loss: 0.0148008
	speed: 0.0288s/iter; left time: 724.0754s
	iters: 5100, epoch: 4 | loss: 0.0103931
	speed: 0.0288s/iter; left time: 721.2047s
	iters: 5200, epoch: 4 | loss: 0.0193102
	speed: 0.0290s/iter; left time: 724.6963s
	iters: 5300, epoch: 4 | loss: 0.0142004
	speed: 0.0291s/iter; left time: 724.1607s
	iters: 5400, epoch: 4 | loss: 0.0113146
	speed: 0.0302s/iter; left time: 747.8386s
	iters: 5500, epoch: 4 | loss: 0.0185731
	speed: 0.0293s/iter; left time: 723.7917s
	iters: 5600, epoch: 4 | loss: 0.0183805
	speed: 0.0296s/iter; left time: 727.3501s
	iters: 5700, epoch: 4 | loss: 0.0199078
	speed: 0.0292s/iter; left time: 715.4452s
	iters: 5800, epoch: 4 | loss: 0.0219462
	speed: 0.0286s/iter; left time: 698.2102s
	iters: 5900, epoch: 4 | loss: 0.0200933
	speed: 0.0283s/iter; left time: 686.4769s
	iters: 6000, epoch: 4 | loss: 0.0160393
	speed: 0.0287s/iter; left time: 694.0592s
Epoch: 4 cost time: 175.698233127594
Epoch: 4, Steps: 6034 | Train Loss: 0.0175737 Vali Loss: 0.6819258 Test Loss: 0.5060647
EarlyStopping counter: 1 out of 3
Updating learning rate to 1.25e-05
	iters: 100, epoch: 5 | loss: 0.0150009
	speed: 0.3450s/iter; left time: 8293.6706s
	iters: 200, epoch: 5 | loss: 0.0181889
	speed: 0.0289s/iter; left time: 692.6768s
	iters: 300, epoch: 5 | loss: 0.0087335
	speed: 0.0289s/iter; left time: 688.9196s
	iters: 400, epoch: 5 | loss: 0.0174218
	speed: 0.0286s/iter; left time: 678.5191s
	iters: 500, epoch: 5 | loss: 0.0145548
	speed: 0.0287s/iter; left time: 677.5408s
	iters: 600, epoch: 5 | loss: 0.0133273
	speed: 0.0288s/iter; left time: 677.2714s
	iters: 700, epoch: 5 | loss: 0.0120683
	speed: 0.0298s/iter; left time: 698.3632s
	iters: 800, epoch: 5 | loss: 0.0122205
	speed: 0.0294s/iter; left time: 685.3361s
	iters: 900, epoch: 5 | loss: 0.0131178
	speed: 0.0287s/iter; left time: 667.6303s
	iters: 1000, epoch: 5 | loss: 0.0156224
	speed: 0.0297s/iter; left time: 688.3063s
	iters: 1100, epoch: 5 | loss: 0.0172490
	speed: 0.0290s/iter; left time: 667.3695s
	iters: 1200, epoch: 5 | loss: 0.0216066
	speed: 0.0294s/iter; left time: 674.9274s
	iters: 1300, epoch: 5 | loss: 0.0196069
	speed: 0.0284s/iter; left time: 647.8362s
	iters: 1400, epoch: 5 | loss: 0.0166190
	speed: 0.0295s/iter; left time: 669.8274s
	iters: 1500, epoch: 5 | loss: 0.0153290
	speed: 0.0288s/iter; left time: 651.6661s
	iters: 1600, epoch: 5 | loss: 0.0151948
	speed: 0.0294s/iter; left time: 662.7295s
	iters: 1700, epoch: 5 | loss: 0.0170924
	speed: 0.0295s/iter; left time: 663.0109s
	iters: 1800, epoch: 5 | loss: 0.0104441
	speed: 0.0283s/iter; left time: 633.2189s
	iters: 1900, epoch: 5 | loss: 0.0097109
	speed: 0.0287s/iter; left time: 637.6947s
	iters: 2000, epoch: 5 | loss: 0.0213875
	speed: 0.0292s/iter; left time: 646.7417s
	iters: 2100, epoch: 5 | loss: 0.0157625
	speed: 0.0296s/iter; left time: 651.7784s
	iters: 2200, epoch: 5 | loss: 0.0109384
	speed: 0.0294s/iter; left time: 644.8147s
	iters: 2300, epoch: 5 | loss: 0.0145805
	speed: 0.0296s/iter; left time: 646.7683s
	iters: 2400, epoch: 5 | loss: 0.0116013
	speed: 0.0292s/iter; left time: 634.8595s
	iters: 2500, epoch: 5 | loss: 0.0210991
	speed: 0.0283s/iter; left time: 612.1828s
	iters: 2600, epoch: 5 | loss: 0.0147376
	speed: 0.0291s/iter; left time: 626.9977s
	iters: 2700, epoch: 5 | loss: 0.0095316
	speed: 0.0296s/iter; left time: 633.5313s
	iters: 2800, epoch: 5 | loss: 0.0138692
	speed: 0.0299s/iter; left time: 638.8176s
	iters: 2900, epoch: 5 | loss: 0.0135241
	speed: 0.0291s/iter; left time: 618.2506s
	iters: 3000, epoch: 5 | loss: 0.0141666
	speed: 0.0292s/iter; left time: 617.3867s
	iters: 3100, epoch: 5 | loss: 0.0138025
	speed: 0.0290s/iter; left time: 610.1318s
	iters: 3200, epoch: 5 | loss: 0.0195948
	speed: 0.0285s/iter; left time: 596.0980s
	iters: 3300, epoch: 5 | loss: 0.0199132
	speed: 0.0290s/iter; left time: 603.3639s
	iters: 3400, epoch: 5 | loss: 0.0156222
	speed: 0.0294s/iter; left time: 610.1543s
	iters: 3500, epoch: 5 | loss: 0.0170536
	speed: 0.0294s/iter; left time: 607.6229s
	iters: 3600, epoch: 5 | loss: 0.0133787
	speed: 0.0300s/iter; left time: 615.7502s
	iters: 3700, epoch: 5 | loss: 0.0154558
	speed: 0.0301s/iter; left time: 614.3731s
	iters: 3800, epoch: 5 | loss: 0.0137292
	speed: 0.0284s/iter; left time: 578.3470s
	iters: 3900, epoch: 5 | loss: 0.0153278
	speed: 0.0287s/iter; left time: 581.5384s
	iters: 4000, epoch: 5 | loss: 0.0151187
	speed: 0.0285s/iter; left time: 573.5138s
	iters: 4100, epoch: 5 | loss: 0.0095209
	speed: 0.0298s/iter; left time: 597.4419s
	iters: 4200, epoch: 5 | loss: 0.0110252
	speed: 0.0295s/iter; left time: 588.2935s
	iters: 4300, epoch: 5 | loss: 0.0164155
	speed: 0.0297s/iter; left time: 588.6037s
	iters: 4400, epoch: 5 | loss: 0.0144605
	speed: 0.0289s/iter; left time: 571.0264s
	iters: 4500, epoch: 5 | loss: 0.0119458
	speed: 0.0291s/iter; left time: 571.1320s
	iters: 4600, epoch: 5 | loss: 0.0109018
	speed: 0.0283s/iter; left time: 552.1801s
	iters: 4700, epoch: 5 | loss: 0.0109591
	speed: 0.0292s/iter; left time: 566.9171s
	iters: 4800, epoch: 5 | loss: 0.0079240
	speed: 0.0299s/iter; left time: 578.2556s
	iters: 4900, epoch: 5 | loss: 0.0184419
	speed: 0.0286s/iter; left time: 549.2829s
	iters: 5000, epoch: 5 | loss: 0.0143729
	speed: 0.0296s/iter; left time: 566.7746s
	iters: 5100, epoch: 5 | loss: 0.0136925
	speed: 0.0287s/iter; left time: 545.7491s
	iters: 5200, epoch: 5 | loss: 0.0172422
	speed: 0.0286s/iter; left time: 542.5079s
	iters: 5300, epoch: 5 | loss: 0.0219929
	speed: 0.0291s/iter; left time: 548.3189s
	iters: 5400, epoch: 5 | loss: 0.0150856
	speed: 0.0290s/iter; left time: 543.7428s
	iters: 5500, epoch: 5 | loss: 0.0147767
	speed: 0.0301s/iter; left time: 560.3831s
	iters: 5600, epoch: 5 | loss: 0.0128802
	speed: 0.0293s/iter; left time: 543.2250s
	iters: 5700, epoch: 5 | loss: 0.0135821
	speed: 0.0289s/iter; left time: 532.5031s
	iters: 5800, epoch: 5 | loss: 0.0105034
	speed: 0.0291s/iter; left time: 533.8734s
	iters: 5900, epoch: 5 | loss: 0.0111669
	speed: 0.0282s/iter; left time: 513.4900s
	iters: 6000, epoch: 5 | loss: 0.0150968
	speed: 0.0282s/iter; left time: 510.9361s
Epoch: 5 cost time: 175.74096584320068
Epoch: 5, Steps: 6034 | Train Loss: 0.0152703 Vali Loss: 0.6560067 Test Loss: 0.5073156
Validation loss decreased (0.660303 --> 0.656007).  Saving model ...
Updating learning rate to 6.25e-06
	iters: 100, epoch: 6 | loss: 0.0151206
	speed: 0.3462s/iter; left time: 6233.2548s
	iters: 200, epoch: 6 | loss: 0.0131625
	speed: 0.0295s/iter; left time: 527.7577s
	iters: 300, epoch: 6 | loss: 0.0146229
	speed: 0.0303s/iter; left time: 538.5492s
	iters: 400, epoch: 6 | loss: 0.0133085
	speed: 0.0287s/iter; left time: 507.2926s
	iters: 500, epoch: 6 | loss: 0.0144409
	speed: 0.0291s/iter; left time: 512.0100s
	iters: 600, epoch: 6 | loss: 0.0117576
	speed: 0.0291s/iter; left time: 508.6888s
	iters: 700, epoch: 6 | loss: 0.0133388
	speed: 0.0291s/iter; left time: 506.9504s
	iters: 800, epoch: 6 | loss: 0.0121373
	speed: 0.0292s/iter; left time: 505.9038s
	iters: 900, epoch: 6 | loss: 0.0158603
	speed: 0.0299s/iter; left time: 513.8005s
	iters: 1000, epoch: 6 | loss: 0.0144579
	speed: 0.0296s/iter; left time: 506.0093s
	iters: 1100, epoch: 6 | loss: 0.0104434
	speed: 0.0287s/iter; left time: 488.1573s
	iters: 1200, epoch: 6 | loss: 0.0158191
	speed: 0.0285s/iter; left time: 482.4062s
	iters: 1300, epoch: 6 | loss: 0.0126302
	speed: 0.0292s/iter; left time: 490.1713s
	iters: 1400, epoch: 6 | loss: 0.0120055
	speed: 0.0288s/iter; left time: 481.0021s
	iters: 1500, epoch: 6 | loss: 0.0135525
	speed: 0.0293s/iter; left time: 485.8142s
	iters: 1600, epoch: 6 | loss: 0.0204423
	speed: 0.0294s/iter; left time: 485.6357s
	iters: 1700, epoch: 6 | loss: 0.0076546
	speed: 0.0294s/iter; left time: 481.5613s
	iters: 1800, epoch: 6 | loss: 0.0153444
	speed: 0.0289s/iter; left time: 471.6270s
	iters: 1900, epoch: 6 | loss: 0.0101365
	speed: 0.0284s/iter; left time: 460.1300s
	iters: 2000, epoch: 6 | loss: 0.0148723
	speed: 0.0279s/iter; left time: 449.8831s
	iters: 2100, epoch: 6 | loss: 0.0143158
	speed: 0.0291s/iter; left time: 465.2367s
	iters: 2200, epoch: 6 | loss: 0.0129646
	speed: 0.0302s/iter; left time: 479.5595s
	iters: 2300, epoch: 6 | loss: 0.0156041
	speed: 0.0295s/iter; left time: 465.7947s
	iters: 2400, epoch: 6 | loss: 0.0123498
	speed: 0.0284s/iter; left time: 446.5434s
	iters: 2500, epoch: 6 | loss: 0.0131208
	speed: 0.0288s/iter; left time: 449.8954s
	iters: 2600, epoch: 6 | loss: 0.0081769
	speed: 0.0281s/iter; left time: 435.2328s
	iters: 2700, epoch: 6 | loss: 0.0091255
	speed: 0.0283s/iter; left time: 435.6145s
	iters: 2800, epoch: 6 | loss: 0.0177737
	speed: 0.0300s/iter; left time: 458.3333s
	iters: 2900, epoch: 6 | loss: 0.0129123
	speed: 0.0296s/iter; left time: 449.6541s
	iters: 3000, epoch: 6 | loss: 0.0141907
	speed: 0.0296s/iter; left time: 446.9288s
	iters: 3100, epoch: 6 | loss: 0.0096978
	speed: 0.0292s/iter; left time: 437.9860s
	iters: 3200, epoch: 6 | loss: 0.0122576
	speed: 0.0312s/iter; left time: 464.3820s
	iters: 3300, epoch: 6 | loss: 0.0172909
	speed: 0.0301s/iter; left time: 445.8333s
	iters: 3400, epoch: 6 | loss: 0.0165071
	speed: 0.0286s/iter; left time: 420.5679s
	iters: 3500, epoch: 6 | loss: 0.0090607
	speed: 0.0297s/iter; left time: 432.9941s
	iters: 3600, epoch: 6 | loss: 0.0112968
	speed: 0.0293s/iter; left time: 424.4292s
	iters: 3700, epoch: 6 | loss: 0.0135875
	speed: 0.0298s/iter; left time: 429.4177s
	iters: 3800, epoch: 6 | loss: 0.0187581
	speed: 0.0292s/iter; left time: 417.6631s
	iters: 3900, epoch: 6 | loss: 0.0134829
	speed: 0.0292s/iter; left time: 414.4077s
	iters: 4000, epoch: 6 | loss: 0.0099319
	speed: 0.0284s/iter; left time: 399.9724s
	iters: 4100, epoch: 6 | loss: 0.0147028
	speed: 0.0291s/iter; left time: 407.4409s
	iters: 4200, epoch: 6 | loss: 0.0128734
	speed: 0.0306s/iter; left time: 425.4013s
	iters: 4300, epoch: 6 | loss: 0.0157924
	speed: 0.0294s/iter; left time: 405.5719s
	iters: 4400, epoch: 6 | loss: 0.0114315
	speed: 0.0296s/iter; left time: 405.6585s
	iters: 4500, epoch: 6 | loss: 0.0132056
	speed: 0.0284s/iter; left time: 386.7725s
	iters: 4600, epoch: 6 | loss: 0.0168665
	speed: 0.0283s/iter; left time: 382.0447s
	iters: 4700, epoch: 6 | loss: 0.0144494
	speed: 0.0291s/iter; left time: 390.6472s
	iters: 4800, epoch: 6 | loss: 0.0157791
	speed: 0.0295s/iter; left time: 393.0695s
	iters: 4900, epoch: 6 | loss: 0.0151320
	speed: 0.0297s/iter; left time: 391.7443s
	iters: 5000, epoch: 6 | loss: 0.0117363
	speed: 0.0290s/iter; left time: 379.4566s
	iters: 5100, epoch: 6 | loss: 0.0144653
	speed: 0.0291s/iter; left time: 378.2066s
	iters: 5200, epoch: 6 | loss: 0.0188107
	speed: 0.0280s/iter; left time: 361.2309s
	iters: 5300, epoch: 6 | loss: 0.0125833
	speed: 0.0289s/iter; left time: 369.5499s
	iters: 5400, epoch: 6 | loss: 0.0130619
	speed: 0.0294s/iter; left time: 373.6780s
	iters: 5500, epoch: 6 | loss: 0.0106605
	speed: 0.0294s/iter; left time: 370.8893s
	iters: 5600, epoch: 6 | loss: 0.0108647
	speed: 0.0286s/iter; left time: 357.7316s
	iters: 5700, epoch: 6 | loss: 0.0151173
	speed: 0.0292s/iter; left time: 362.1707s
	iters: 5800, epoch: 6 | loss: 0.0196934
	speed: 0.0285s/iter; left time: 350.3677s
	iters: 5900, epoch: 6 | loss: 0.0177841
	speed: 0.0291s/iter; left time: 354.8792s
	iters: 6000, epoch: 6 | loss: 0.0104457
	speed: 0.0288s/iter; left time: 348.4553s
Epoch: 6 cost time: 175.95896291732788
Epoch: 6, Steps: 6034 | Train Loss: 0.0142678 Vali Loss: 0.6756602 Test Loss: 0.5282249
EarlyStopping counter: 1 out of 3
Updating learning rate to 3.125e-06
	iters: 100, epoch: 7 | loss: 0.0123049
	speed: 0.3432s/iter; left time: 4107.4133s
	iters: 200, epoch: 7 | loss: 0.0122526
	speed: 0.0292s/iter; left time: 347.0869s
	iters: 300, epoch: 7 | loss: 0.0112106
	speed: 0.0294s/iter; left time: 345.4654s
	iters: 400, epoch: 7 | loss: 0.0119879
	speed: 0.0292s/iter; left time: 340.6822s
	iters: 500, epoch: 7 | loss: 0.0122594
	speed: 0.0298s/iter; left time: 344.7606s
	iters: 600, epoch: 7 | loss: 0.0241844
	speed: 0.0289s/iter; left time: 331.3843s
	iters: 700, epoch: 7 | loss: 0.0109821
	speed: 0.0276s/iter; left time: 314.1569s
	iters: 800, epoch: 7 | loss: 0.0159214
	speed: 0.0292s/iter; left time: 329.3393s
	iters: 900, epoch: 7 | loss: 0.0113384
	speed: 0.0299s/iter; left time: 333.9642s
	iters: 1000, epoch: 7 | loss: 0.0106418
	speed: 0.0291s/iter; left time: 322.6411s
	iters: 1100, epoch: 7 | loss: 0.0118561
	speed: 0.0298s/iter; left time: 327.3827s
	iters: 1200, epoch: 7 | loss: 0.0155369
	speed: 0.0289s/iter; left time: 314.5570s
	iters: 1300, epoch: 7 | loss: 0.0112996
	speed: 0.0291s/iter; left time: 313.4096s
	iters: 1400, epoch: 7 | loss: 0.0146101
	speed: 0.0289s/iter; left time: 307.9232s
	iters: 1500, epoch: 7 | loss: 0.0115118
	speed: 0.0295s/iter; left time: 311.5172s
	iters: 1600, epoch: 7 | loss: 0.0149858
	speed: 0.0296s/iter; left time: 309.8455s
	iters: 1700, epoch: 7 | loss: 0.0100373
	speed: 0.0292s/iter; left time: 302.6432s
	iters: 1800, epoch: 7 | loss: 0.0167090
	speed: 0.0296s/iter; left time: 303.6433s
	iters: 1900, epoch: 7 | loss: 0.0200403
	speed: 0.0294s/iter; left time: 299.3465s
	iters: 2000, epoch: 7 | loss: 0.0122686
	speed: 0.0282s/iter; left time: 283.5140s
	iters: 2100, epoch: 7 | loss: 0.0125362
	speed: 0.0292s/iter; left time: 291.2423s
	iters: 2200, epoch: 7 | loss: 0.0155948
	speed: 0.0294s/iter; left time: 289.8144s
	iters: 2300, epoch: 7 | loss: 0.0122136
	speed: 0.0289s/iter; left time: 282.6252s
	iters: 2400, epoch: 7 | loss: 0.0114705
	speed: 0.0297s/iter; left time: 287.3562s
	iters: 2500, epoch: 7 | loss: 0.0086030
	speed: 0.0296s/iter; left time: 283.6893s
	iters: 2600, epoch: 7 | loss: 0.0101541
	speed: 0.0277s/iter; left time: 262.3593s
	iters: 2700, epoch: 7 | loss: 0.0170791
	speed: 0.0282s/iter; left time: 264.0795s
	iters: 2800, epoch: 7 | loss: 0.0146402
	speed: 0.0291s/iter; left time: 269.6779s
	iters: 2900, epoch: 7 | loss: 0.0120239
	speed: 0.0300s/iter; left time: 274.8180s
	iters: 3000, epoch: 7 | loss: 0.0230402
	speed: 0.0298s/iter; left time: 270.6549s
	iters: 3100, epoch: 7 | loss: 0.0177356
	speed: 0.0297s/iter; left time: 266.3812s
	iters: 3200, epoch: 7 | loss: 0.0118255
	speed: 0.0277s/iter; left time: 246.0060s
	iters: 3300, epoch: 7 | loss: 0.0204077
	speed: 0.0283s/iter; left time: 248.3153s
	iters: 3400, epoch: 7 | loss: 0.0131241
	speed: 0.0281s/iter; left time: 243.2567s
	iters: 3500, epoch: 7 | loss: 0.0113096
	speed: 0.0293s/iter; left time: 250.7062s
	iters: 3600, epoch: 7 | loss: 0.0097535
	speed: 0.0290s/iter; left time: 245.4158s
	iters: 3700, epoch: 7 | loss: 0.0086171
	speed: 0.0291s/iter; left time: 243.4485s
	iters: 3800, epoch: 7 | loss: 0.0209078
	speed: 0.0294s/iter; left time: 243.1060s
	iters: 3900, epoch: 7 | loss: 0.0142409
	speed: 0.0287s/iter; left time: 234.8265s
	iters: 4000, epoch: 7 | loss: 0.0140407
	speed: 0.0284s/iter; left time: 229.1130s
	iters: 4100, epoch: 7 | loss: 0.0131085
	speed: 0.0293s/iter; left time: 233.6630s
	iters: 4200, epoch: 7 | loss: 0.0134742
	speed: 0.0287s/iter; left time: 225.7475s
	iters: 4300, epoch: 7 | loss: 0.0118592
	speed: 0.0294s/iter; left time: 228.4459s
	iters: 4400, epoch: 7 | loss: 0.0138317
	speed: 0.0301s/iter; left time: 230.4763s
	iters: 4500, epoch: 7 | loss: 0.0135845
	speed: 0.0292s/iter; left time: 221.2364s
	iters: 4600, epoch: 7 | loss: 0.0088250
	speed: 0.0285s/iter; left time: 212.4976s
	iters: 4700, epoch: 7 | loss: 0.0131574
	speed: 0.0290s/iter; left time: 213.5512s
	iters: 4800, epoch: 7 | loss: 0.0130180
	speed: 0.0285s/iter; left time: 207.1204s
	iters: 4900, epoch: 7 | loss: 0.0198643
	speed: 0.0293s/iter; left time: 210.2618s
	iters: 5000, epoch: 7 | loss: 0.0130991
	speed: 0.0300s/iter; left time: 212.2953s
	iters: 5100, epoch: 7 | loss: 0.0136140
	speed: 0.0291s/iter; left time: 202.8776s
	iters: 5200, epoch: 7 | loss: 0.0156977
	speed: 0.0286s/iter; left time: 196.5714s
	iters: 5300, epoch: 7 | loss: 0.0108627
	speed: 0.0279s/iter; left time: 189.0507s
	iters: 5400, epoch: 7 | loss: 0.0100197
	speed: 0.0289s/iter; left time: 192.7321s
	iters: 5500, epoch: 7 | loss: 0.0118751
	speed: 0.0302s/iter; left time: 198.6937s
	iters: 5600, epoch: 7 | loss: 0.0134787
	speed: 0.0292s/iter; left time: 188.7104s
	iters: 5700, epoch: 7 | loss: 0.0134562
	speed: 0.0298s/iter; left time: 189.6523s
	iters: 5800, epoch: 7 | loss: 0.0139287
	speed: 0.0293s/iter; left time: 183.4092s
	iters: 5900, epoch: 7 | loss: 0.0113422
	speed: 0.0279s/iter; left time: 171.8659s
	iters: 6000, epoch: 7 | loss: 0.0114328
	speed: 0.0295s/iter; left time: 179.0358s
Epoch: 7 cost time: 175.42748260498047
Epoch: 7, Steps: 6034 | Train Loss: 0.0137577 Vali Loss: 0.6903742 Test Loss: 0.5487855
EarlyStopping counter: 2 out of 3
Updating learning rate to 1.5625e-06
	iters: 100, epoch: 8 | loss: 0.0121045
	speed: 0.3455s/iter; left time: 2050.4117s
	iters: 200, epoch: 8 | loss: 0.0104186
	speed: 0.0294s/iter; left time: 171.7917s
	iters: 300, epoch: 8 | loss: 0.0108405
	speed: 0.0295s/iter; left time: 168.9559s
	iters: 400, epoch: 8 | loss: 0.0124619
	speed: 0.0290s/iter; left time: 163.6208s
	iters: 500, epoch: 8 | loss: 0.0101413
	speed: 0.0292s/iter; left time: 161.3766s
	iters: 600, epoch: 8 | loss: 0.0176741
	speed: 0.0292s/iter; left time: 158.5569s
	iters: 700, epoch: 8 | loss: 0.0152531
	speed: 0.0280s/iter; left time: 149.1653s
	iters: 800, epoch: 8 | loss: 0.0154476
	speed: 0.0287s/iter; left time: 150.2994s
	iters: 900, epoch: 8 | loss: 0.0152815
	speed: 0.0293s/iter; left time: 150.7019s
	iters: 1000, epoch: 8 | loss: 0.0149683
	speed: 0.0303s/iter; left time: 152.6131s
	iters: 1100, epoch: 8 | loss: 0.0163046
	speed: 0.0295s/iter; left time: 145.6401s
	iters: 1200, epoch: 8 | loss: 0.0114159
	speed: 0.0299s/iter; left time: 144.6198s
	iters: 1300, epoch: 8 | loss: 0.0173453
	speed: 0.0286s/iter; left time: 135.4374s
	iters: 1400, epoch: 8 | loss: 0.0132862
	speed: 0.0291s/iter; left time: 134.6822s
	iters: 1500, epoch: 8 | loss: 0.0138522
	speed: 0.0284s/iter; left time: 128.9357s
	iters: 1600, epoch: 8 | loss: 0.0112542
	speed: 0.0290s/iter; left time: 128.6664s
	iters: 1700, epoch: 8 | loss: 0.0149325
	speed: 0.0295s/iter; left time: 127.8019s
	iters: 1800, epoch: 8 | loss: 0.0120176
	speed: 0.0298s/iter; left time: 126.2323s
	iters: 1900, epoch: 8 | loss: 0.0101298
	speed: 0.0289s/iter; left time: 119.6405s
	iters: 2000, epoch: 8 | loss: 0.0129631
	speed: 0.0287s/iter; left time: 115.8577s
	iters: 2100, epoch: 8 | loss: 0.0101401
	speed: 0.0291s/iter; left time: 114.3982s
	iters: 2200, epoch: 8 | loss: 0.0126531
	speed: 0.0286s/iter; left time: 109.6602s
	iters: 2300, epoch: 8 | loss: 0.0097958
	speed: 0.0296s/iter; left time: 110.5497s
	iters: 2400, epoch: 8 | loss: 0.0104741
	speed: 0.0292s/iter; left time: 106.2420s
	iters: 2500, epoch: 8 | loss: 0.0097863
	speed: 0.0297s/iter; left time: 104.8656s
	iters: 2600, epoch: 8 | loss: 0.0127239
	speed: 0.0286s/iter; left time: 98.4110s
	iters: 2700, epoch: 8 | loss: 0.0084408
	speed: 0.0278s/iter; left time: 92.8253s
	iters: 2800, epoch: 8 | loss: 0.0113375
	speed: 0.0281s/iter; left time: 90.9522s
	iters: 2900, epoch: 8 | loss: 0.0168190
	speed: 0.0299s/iter; left time: 93.8658s
	iters: 3000, epoch: 8 | loss: 0.0118369
	speed: 0.0297s/iter; left time: 90.2747s
	iters: 3100, epoch: 8 | loss: 0.0140766
	speed: 0.0307s/iter; left time: 90.2221s
	iters: 3200, epoch: 8 | loss: 0.0134247
	speed: 0.0289s/iter; left time: 81.9734s
	iters: 3300, epoch: 8 | loss: 0.0158088
	speed: 0.0283s/iter; left time: 77.5366s
	iters: 3400, epoch: 8 | loss: 0.0103599
	speed: 0.0279s/iter; left time: 73.4342s
	iters: 3500, epoch: 8 | loss: 0.0165690
	speed: 0.0294s/iter; left time: 74.4763s
	iters: 3600, epoch: 8 | loss: 0.0129357
	speed: 0.0300s/iter; left time: 73.0425s
	iters: 3700, epoch: 8 | loss: 0.0109017
	speed: 0.0294s/iter; left time: 68.6952s
	iters: 3800, epoch: 8 | loss: 0.0141640
	speed: 0.0296s/iter; left time: 66.2063s
	iters: 3900, epoch: 8 | loss: 0.0100359
	speed: 0.0284s/iter; left time: 60.6749s
	iters: 4000, epoch: 8 | loss: 0.0133573
	speed: 0.0280s/iter; left time: 56.8797s
	iters: 4100, epoch: 8 | loss: 0.0119993
	speed: 0.0287s/iter; left time: 55.6140s
	iters: 4200, epoch: 8 | loss: 0.0134060
	speed: 0.0291s/iter; left time: 53.4797s
	iters: 4300, epoch: 8 | loss: 0.0113450
	speed: 0.0293s/iter; left time: 50.8471s
	iters: 4400, epoch: 8 | loss: 0.0103845
	speed: 0.0287s/iter; left time: 46.8601s
	iters: 4500, epoch: 8 | loss: 0.0148240
	speed: 0.0297s/iter; left time: 45.5994s
	iters: 4600, epoch: 8 | loss: 0.0090582
	speed: 0.0287s/iter; left time: 41.1468s
	iters: 4700, epoch: 8 | loss: 0.0121697
	speed: 0.0290s/iter; left time: 38.7760s
	iters: 4800, epoch: 8 | loss: 0.0110837
	speed: 0.0291s/iter; left time: 35.8881s
	iters: 4900, epoch: 8 | loss: 0.0092353
	speed: 0.0290s/iter; left time: 32.9113s
	iters: 5000, epoch: 8 | loss: 0.0132857
	speed: 0.0295s/iter; left time: 30.5019s
	iters: 5100, epoch: 8 | loss: 0.0135395
	speed: 0.0291s/iter; left time: 27.2288s
	iters: 5200, epoch: 8 | loss: 0.0149521
	speed: 0.0310s/iter; left time: 25.8805s
	iters: 5300, epoch: 8 | loss: 0.0168150
	speed: 0.0282s/iter; left time: 20.7134s
	iters: 5400, epoch: 8 | loss: 0.0153373
	speed: 0.0287s/iter; left time: 18.2018s
	iters: 5500, epoch: 8 | loss: 0.0133187
	speed: 0.0286s/iter; left time: 15.2786s
	iters: 5600, epoch: 8 | loss: 0.0083468
	speed: 0.0295s/iter; left time: 12.8463s
	iters: 5700, epoch: 8 | loss: 0.0113687
	speed: 0.0294s/iter; left time: 9.8511s
	iters: 5800, epoch: 8 | loss: 0.0096998
	speed: 0.0291s/iter; left time: 6.8460s
	iters: 5900, epoch: 8 | loss: 0.0142755
	speed: 0.0296s/iter; left time: 4.0004s
	iters: 6000, epoch: 8 | loss: 0.0147155
	speed: 0.0287s/iter; left time: 1.0062s
Epoch: 8 cost time: 175.67978811264038
Epoch: 8, Steps: 6034 | Train Loss: 0.0135288 Vali Loss: 0.6852120 Test Loss: 0.5485668
EarlyStopping counter: 3 out of 3
Early stopping
>>>>>>>testing : informerstack_custom_ftMS_sl336_ll168_pl168_dm256_nh8_el3_dl1_df1024_atprob_fc5_ebtimeF_dtTrue_mxTrue_exp_135_0<<<<<<<<<<<<<<<<<<<<<<<<<<<<<<<<<
test 13769
test shape: (1721, 8, 168, 1) (1721, 8, 168, 1)
test shape: (13768, 168, 1) (13768, 168, 1)
mse:0.5070871114730835, mae:0.6157495379447937, r2:-1.972980260848999


Parsed metrics from Informer output (normalized scale):
  MSE:  0.5071
  MAE:  0.6157
  RMSE: 0.7121
  R2:   -1.9730

Metrics after inverse transformation (original scale):
  MSE:  65.9083
  MAE:  7.0199
  RMSE: 8.1184
  R2:   -1.9730
  Training time: 1673.61s
  RMSE: 8.1184
  MAE:  7.0199
  R2:   -1.9730

Saving results...
  Model: Native Informer (saved in external/Informer2020/checkpoints/)
  Predictions: Not saved (native Informer handles this internally)
  Metrics: E:\ANUS_learning\MSI5001-power-transformer-oil-temperature-prediction\models\experiments\exp_135_metrics.json
  Plot: Skipped (native Informer handles visualization internally)

======================================================================
Experiment complete: exp_135
======================================================================

======================================================================
Completed: 2025-11-07 02:52:21
Return code: 0
======================================================================
