======================================================================
Experiment Log
Started: 2025-11-07 18:49:04
Command: C:\ProgramData\anaconda3\python.exe -m scripts.train_configurable --tx-id 2 --model Informer-Long --split-method chronological --feature-mode full --lookback-multiplier 4.0 --horizon 168 --experiment-name exp_123 --data-suffix _no_outlier --seq-len 1344 --label-len 672
======================================================================

======================================================================
Experiment: exp_123
======================================================================
Transformer:     TX2
Model:           Informer-Long
Split method:    chronological
Feature mode:    full
Data suffix:     _no_outlier

Loading data...
  Total samples: 69680
  Features: 17 columns

Window config: WindowConfig(horizon=168, lookback=672, gap=0)
Creating sliding windows for Informer-Long (keeping sequence structure)...
  Created 68840 windows (shape: (68840, 672, 17))
Splitting windows (chronological, 20% test)...
  Train: 55072 windows
  Test:  13768 windows

Training Informer-Long...

Calling native Informer from: E:\ANUS_learning\MSI5001-power-transformer-oil-temperature-prediction\external\Informer2020
Command: C:\ProgramData\anaconda3\python.exe E:\ANUS_learning\MSI5001-power-transformer-oil-temperature-prediction\external\Informer2020\main_informer.py --model informerstack --data custom --root_path ./data/ --data_path TX2.csv --features MS --target OT --freq h --seq_len 1344 --label_len 672 --pred_len 168 --enc_in 6 --dec_in 1 --c_out 1 --d_model 256 --n_heads 8 --e_layers 3 --d_layers 1 --d_ff 1024 --factor 5 --dropout 0.05 --attn prob --embed timeF --activation gelu --batch_size 8 --train_epochs 8 --patience 3 --learning_rate 0.0001 --des exp_123 --itr 1
Args in experiment:
Namespace(model='informerstack', data='custom', root_path='./data/', data_path='TX1.csv', features='MS', target='OT', freq='h', checkpoints='./checkpoints/', seq_len=1344, label_len=672, pred_len=168, enc_in=6, dec_in=1, c_out=1, d_model=256, n_heads=8, e_layers=3, d_layers=1, s_layers=[3, 2, 1], d_ff=1024, factor=5, padding=0, distil=True, dropout=0.05, attn='prob', embed='timeF', activation='gelu', output_attention=False, do_predict=False, mix=True, cols=None, num_workers=0, itr=1, train_epochs=8, batch_size=8, patience=3, learning_rate=0.0001, des='exp_123', loss='mse', lradj='type1', use_amp=False, inverse=False, use_gpu=True, gpu=0, use_multi_gpu=False, devices='0,1,2,3', detail_freq='h')
Use GPU: cuda:0
>>>>>>>start training : informerstack_custom_ftMS_sl1344_ll672_pl168_dm256_nh8_el3_dl1_df1024_atprob_fc5_ebtimeF_dtTrue_mxTrue_exp_123_0>>>>>>>>>>>>>>>>>>>>>>>>>>
train 47265
val 6801
test 13769
	iters: 100, epoch: 1 | loss: 0.1078427
	speed: 0.0577s/iter; left time: 2722.4014s
	iters: 200, epoch: 1 | loss: 0.1298786
	speed: 0.0464s/iter; left time: 2186.1018s
	iters: 300, epoch: 1 | loss: 0.2077377
	speed: 0.0466s/iter; left time: 2189.4049s
	iters: 400, epoch: 1 | loss: 0.1156223
	speed: 0.0465s/iter; left time: 2178.2134s
	iters: 500, epoch: 1 | loss: 0.1535647
	speed: 0.0467s/iter; left time: 2184.8132s
	iters: 600, epoch: 1 | loss: 0.1369550
	speed: 0.0465s/iter; left time: 2172.1256s
	iters: 700, epoch: 1 | loss: 0.2018115
	speed: 0.0465s/iter; left time: 2165.9837s
	iters: 800, epoch: 1 | loss: 0.1359316
	speed: 0.0467s/iter; left time: 2168.5923s
	iters: 900, epoch: 1 | loss: 0.1831349
	speed: 0.0464s/iter; left time: 2152.5460s
	iters: 1000, epoch: 1 | loss: 0.1825135
	speed: 0.0467s/iter; left time: 2162.7514s
	iters: 1100, epoch: 1 | loss: 0.1055625
	speed: 0.0467s/iter; left time: 2156.2942s
	iters: 1200, epoch: 1 | loss: 0.2338308
	speed: 0.0466s/iter; left time: 2145.8280s
	iters: 1300, epoch: 1 | loss: 0.1048545
	speed: 0.0465s/iter; left time: 2137.3791s
	iters: 1400, epoch: 1 | loss: 0.1227068
	speed: 0.0468s/iter; left time: 2145.6567s
	iters: 1500, epoch: 1 | loss: 0.1317059
	speed: 0.0466s/iter; left time: 2134.1485s
	iters: 1600, epoch: 1 | loss: 0.0785497
	speed: 0.0467s/iter; left time: 2134.4165s
	iters: 1700, epoch: 1 | loss: 0.0780359
	speed: 0.0466s/iter; left time: 2125.0009s
	iters: 1800, epoch: 1 | loss: 0.1121790
	speed: 0.0466s/iter; left time: 2117.0650s
	iters: 1900, epoch: 1 | loss: 0.0537825
	speed: 0.0467s/iter; left time: 2117.1923s
	iters: 2000, epoch: 1 | loss: 0.1283828
	speed: 0.0466s/iter; left time: 2108.3924s
	iters: 2100, epoch: 1 | loss: 0.0755073
	speed: 0.0468s/iter; left time: 2111.5630s
	iters: 2200, epoch: 1 | loss: 0.0955144
	speed: 0.0467s/iter; left time: 2102.7518s
	iters: 2300, epoch: 1 | loss: 0.1449335
	speed: 0.0466s/iter; left time: 2094.5368s
	iters: 2400, epoch: 1 | loss: 0.0967146
	speed: 0.0466s/iter; left time: 2091.1830s
	iters: 2500, epoch: 1 | loss: 0.0829862
	speed: 0.0465s/iter; left time: 2083.5751s
	iters: 2600, epoch: 1 | loss: 0.1208223
	speed: 0.0465s/iter; left time: 2077.2283s
	iters: 2700, epoch: 1 | loss: 0.1021751
	speed: 0.0466s/iter; left time: 2078.0356s
	iters: 2800, epoch: 1 | loss: 0.0714972
	speed: 0.0465s/iter; left time: 2066.4725s
	iters: 2900, epoch: 1 | loss: 0.0939796
	speed: 0.0468s/iter; left time: 2078.4462s
	iters: 3000, epoch: 1 | loss: 0.0868966
	speed: 0.0467s/iter; left time: 2066.7817s
	iters: 3100, epoch: 1 | loss: 0.0728684
	speed: 0.0466s/iter; left time: 2058.7106s
	iters: 3200, epoch: 1 | loss: 0.1100760
	speed: 0.0466s/iter; left time: 2052.8043s
	iters: 3300, epoch: 1 | loss: 0.0689625
	speed: 0.0465s/iter; left time: 2045.2469s
	iters: 3400, epoch: 1 | loss: 0.1079644
	speed: 0.0467s/iter; left time: 2048.2573s
	iters: 3500, epoch: 1 | loss: 0.0668719
	speed: 0.0465s/iter; left time: 2035.4971s
	iters: 3600, epoch: 1 | loss: 0.0884554
	speed: 0.0467s/iter; left time: 2037.5667s
	iters: 3700, epoch: 1 | loss: 0.0696906
	speed: 0.0467s/iter; left time: 2034.1991s
	iters: 3800, epoch: 1 | loss: 0.0841182
	speed: 0.0467s/iter; left time: 2028.2580s
	iters: 3900, epoch: 1 | loss: 0.0681495
	speed: 0.0466s/iter; left time: 2020.5131s
	iters: 4000, epoch: 1 | loss: 0.0758152
	speed: 0.0466s/iter; left time: 2017.9900s
	iters: 4100, epoch: 1 | loss: 0.1005828
	speed: 0.0465s/iter; left time: 2006.4740s
	iters: 4200, epoch: 1 | loss: 0.0573144
	speed: 0.0466s/iter; left time: 2008.6283s
	iters: 4300, epoch: 1 | loss: 0.0669760
	speed: 0.0467s/iter; left time: 2007.6219s
	iters: 4400, epoch: 1 | loss: 0.0518800
	speed: 0.0465s/iter; left time: 1995.0172s
	iters: 4500, epoch: 1 | loss: 0.0604202
	speed: 0.0466s/iter; left time: 1992.6487s
	iters: 4600, epoch: 1 | loss: 0.0587835
	speed: 0.0467s/iter; left time: 1994.4413s
	iters: 4700, epoch: 1 | loss: 0.0424047
	speed: 0.0471s/iter; left time: 2002.8326s
	iters: 4800, epoch: 1 | loss: 0.0596736
	speed: 0.0466s/iter; left time: 1978.2833s
	iters: 4900, epoch: 1 | loss: 0.0457932
	speed: 0.0467s/iter; left time: 1978.2520s
	iters: 5000, epoch: 1 | loss: 0.0402775
	speed: 0.0467s/iter; left time: 1972.9505s
	iters: 5100, epoch: 1 | loss: 0.0548673
	speed: 0.0467s/iter; left time: 1967.0239s
	iters: 5200, epoch: 1 | loss: 0.0489315
	speed: 0.0465s/iter; left time: 1955.8529s
	iters: 5300, epoch: 1 | loss: 0.0471769
	speed: 0.0467s/iter; left time: 1961.4760s
	iters: 5400, epoch: 1 | loss: 0.0381484
	speed: 0.0466s/iter; left time: 1949.6759s
	iters: 5500, epoch: 1 | loss: 0.0443123
	speed: 0.0467s/iter; left time: 1949.7168s
	iters: 5600, epoch: 1 | loss: 0.0629792
	speed: 0.0467s/iter; left time: 1946.2986s
	iters: 5700, epoch: 1 | loss: 0.0400043
	speed: 0.0466s/iter; left time: 1937.5165s
	iters: 5800, epoch: 1 | loss: 0.1032659
	speed: 0.0467s/iter; left time: 1934.8685s
	iters: 5900, epoch: 1 | loss: 0.0517174
	speed: 0.0467s/iter; left time: 1930.6854s
Epoch: 1 cost time: 275.90084981918335
Epoch: 1, Steps: 5908 | Train Loss: 0.1003211 Vali Loss: 0.4267896 Test Loss: 0.3565184
Validation loss decreased (inf --> 0.426790).  Saving model ...
Updating learning rate to 0.0001
	iters: 100, epoch: 2 | loss: 0.0634050
	speed: 0.5532s/iter; left time: 22821.6479s
	iters: 200, epoch: 2 | loss: 0.0528112
	speed: 0.0468s/iter; left time: 1925.8980s
	iters: 300, epoch: 2 | loss: 0.0388764
	speed: 0.0467s/iter; left time: 1918.9950s
	iters: 400, epoch: 2 | loss: 0.0766012
	speed: 0.0466s/iter; left time: 1909.2535s
	iters: 500, epoch: 2 | loss: 0.0556645
	speed: 0.0468s/iter; left time: 1913.0038s
	iters: 600, epoch: 2 | loss: 0.0691688
	speed: 0.0468s/iter; left time: 1905.5164s
	iters: 700, epoch: 2 | loss: 0.0615202
	speed: 0.0467s/iter; left time: 1899.1655s
	iters: 800, epoch: 2 | loss: 0.0525212
	speed: 0.0467s/iter; left time: 1893.0807s
	iters: 900, epoch: 2 | loss: 0.0433574
	speed: 0.0468s/iter; left time: 1893.0687s
	iters: 1000, epoch: 2 | loss: 0.0493174
	speed: 0.0468s/iter; left time: 1888.9169s
	iters: 1100, epoch: 2 | loss: 0.0417818
	speed: 0.0466s/iter; left time: 1877.4607s
	iters: 1200, epoch: 2 | loss: 0.0458259
	speed: 0.0470s/iter; left time: 1887.6457s
	iters: 1300, epoch: 2 | loss: 0.0371319
	speed: 0.0466s/iter; left time: 1866.0271s
	iters: 1400, epoch: 2 | loss: 0.0493498
	speed: 0.0466s/iter; left time: 1863.5152s
	iters: 1500, epoch: 2 | loss: 0.0535001
	speed: 0.0469s/iter; left time: 1869.9269s
	iters: 1600, epoch: 2 | loss: 0.0354338
	speed: 0.0466s/iter; left time: 1853.2433s
	iters: 1700, epoch: 2 | loss: 0.0496166
	speed: 0.0466s/iter; left time: 1847.3206s
	iters: 1800, epoch: 2 | loss: 0.0560819
	speed: 0.0468s/iter; left time: 1852.9153s
	iters: 1900, epoch: 2 | loss: 0.0513759
	speed: 0.0467s/iter; left time: 1841.0132s
	iters: 2000, epoch: 2 | loss: 0.0622457
	speed: 0.0466s/iter; left time: 1833.6017s
	iters: 2100, epoch: 2 | loss: 0.0345062
	speed: 0.0468s/iter; left time: 1835.3024s
	iters: 2200, epoch: 2 | loss: 0.0368957
	speed: 0.0468s/iter; left time: 1833.8795s
	iters: 2300, epoch: 2 | loss: 0.0288874
	speed: 0.0468s/iter; left time: 1828.6685s
	iters: 2400, epoch: 2 | loss: 0.0486980
	speed: 0.0467s/iter; left time: 1820.1185s
	iters: 2500, epoch: 2 | loss: 0.0665191
	speed: 0.0469s/iter; left time: 1821.3152s
	iters: 2600, epoch: 2 | loss: 0.0328968
	speed: 0.0466s/iter; left time: 1805.7600s
	iters: 2700, epoch: 2 | loss: 0.0381859
	speed: 0.0468s/iter; left time: 1809.1077s
	iters: 2800, epoch: 2 | loss: 0.0310851
	speed: 0.0468s/iter; left time: 1805.2895s
	iters: 2900, epoch: 2 | loss: 0.0517798
	speed: 0.0467s/iter; left time: 1795.0915s
	iters: 3000, epoch: 2 | loss: 0.0364773
	speed: 0.0468s/iter; left time: 1795.6744s
	iters: 3100, epoch: 2 | loss: 0.0394481
	speed: 0.0468s/iter; left time: 1789.4260s
	iters: 3200, epoch: 2 | loss: 0.0388534
	speed: 0.0466s/iter; left time: 1778.0664s
	iters: 3300, epoch: 2 | loss: 0.0508626
	speed: 0.0467s/iter; left time: 1776.8079s
	iters: 3400, epoch: 2 | loss: 0.0387658
	speed: 0.0468s/iter; left time: 1777.6865s
	iters: 3500, epoch: 2 | loss: 0.0431669
	speed: 0.0467s/iter; left time: 1768.0961s
	iters: 3600, epoch: 2 | loss: 0.0331024
	speed: 0.0467s/iter; left time: 1764.7875s
	iters: 3700, epoch: 2 | loss: 0.0570868
	speed: 0.0467s/iter; left time: 1758.4280s
	iters: 3800, epoch: 2 | loss: 0.0358451
	speed: 0.0469s/iter; left time: 1761.5689s
	iters: 3900, epoch: 2 | loss: 0.0426258
	speed: 0.0466s/iter; left time: 1745.4452s
	iters: 4000, epoch: 2 | loss: 0.0393324
	speed: 0.0467s/iter; left time: 1742.9214s
	iters: 4100, epoch: 2 | loss: 0.0399125
	speed: 0.0467s/iter; left time: 1741.1683s
	iters: 4200, epoch: 2 | loss: 0.0458081
	speed: 0.0466s/iter; left time: 1732.4314s
	iters: 4300, epoch: 2 | loss: 0.0246646
	speed: 0.0468s/iter; left time: 1734.4680s
	iters: 4400, epoch: 2 | loss: 0.0332047
	speed: 0.0468s/iter; left time: 1728.5034s
	iters: 4500, epoch: 2 | loss: 0.0264448
	speed: 0.0467s/iter; left time: 1719.4775s
	iters: 4600, epoch: 2 | loss: 0.0302584
	speed: 0.0466s/iter; left time: 1712.2688s
	iters: 4700, epoch: 2 | loss: 0.0351952
	speed: 0.0468s/iter; left time: 1717.1093s
	iters: 4800, epoch: 2 | loss: 0.0274643
	speed: 0.0466s/iter; left time: 1704.7528s
	iters: 4900, epoch: 2 | loss: 0.0491829
	speed: 0.0466s/iter; left time: 1699.8101s
	iters: 5000, epoch: 2 | loss: 0.0348076
	speed: 0.0467s/iter; left time: 1698.3996s
	iters: 5100, epoch: 2 | loss: 0.0281833
	speed: 0.0468s/iter; left time: 1696.0980s
	iters: 5200, epoch: 2 | loss: 0.0333704
	speed: 0.0466s/iter; left time: 1685.7758s
	iters: 5300, epoch: 2 | loss: 0.0440793
	speed: 0.0467s/iter; left time: 1683.8469s
	iters: 5400, epoch: 2 | loss: 0.0692028
	speed: 0.0467s/iter; left time: 1680.9746s
	iters: 5500, epoch: 2 | loss: 0.0394633
	speed: 0.0466s/iter; left time: 1670.5850s
	iters: 5600, epoch: 2 | loss: 0.0432110
	speed: 0.0465s/iter; left time: 1662.2610s
	iters: 5700, epoch: 2 | loss: 0.0265290
	speed: 0.0468s/iter; left time: 1670.2673s
	iters: 5800, epoch: 2 | loss: 0.0371088
	speed: 0.0466s/iter; left time: 1656.8999s
	iters: 5900, epoch: 2 | loss: 0.0215421
	speed: 0.0466s/iter; left time: 1652.8095s
Epoch: 2 cost time: 276.03266310691833
Epoch: 2, Steps: 5908 | Train Loss: 0.0435309 Vali Loss: 0.6288828 Test Loss: 0.5917693
EarlyStopping counter: 1 out of 3
Updating learning rate to 5e-05
	iters: 100, epoch: 3 | loss: 0.0325873
	speed: 0.5514s/iter; left time: 19492.2146s
	iters: 200, epoch: 3 | loss: 0.0314093
	speed: 0.0464s/iter; left time: 1636.7957s
	iters: 300, epoch: 3 | loss: 0.0418137
	speed: 0.0467s/iter; left time: 1639.9312s
	iters: 400, epoch: 3 | loss: 0.0239235
	speed: 0.0465s/iter; left time: 1630.8354s
	iters: 500, epoch: 3 | loss: 0.0227164
	speed: 0.0465s/iter; left time: 1626.7032s
	iters: 600, epoch: 3 | loss: 0.0257921
	speed: 0.0467s/iter; left time: 1627.6056s
	iters: 700, epoch: 3 | loss: 0.0298035
	speed: 0.0467s/iter; left time: 1621.2998s
	iters: 800, epoch: 3 | loss: 0.0286979
	speed: 0.0464s/iter; left time: 1609.0222s
	iters: 900, epoch: 3 | loss: 0.0198878
	speed: 0.0466s/iter; left time: 1610.6647s
	iters: 1000, epoch: 3 | loss: 0.0333989
	speed: 0.0467s/iter; left time: 1607.2986s
	iters: 1100, epoch: 3 | loss: 0.0262792
	speed: 0.0466s/iter; left time: 1599.9427s
	iters: 1200, epoch: 3 | loss: 0.0246154
	speed: 0.0468s/iter; left time: 1602.1845s
	iters: 1300, epoch: 3 | loss: 0.0188794
	speed: 0.0470s/iter; left time: 1604.8855s
	iters: 1400, epoch: 3 | loss: 0.0232695
	speed: 0.0467s/iter; left time: 1589.4697s
	iters: 1500, epoch: 3 | loss: 0.0166556
	speed: 0.0466s/iter; left time: 1581.2035s
	iters: 1600, epoch: 3 | loss: 0.0214921
	speed: 0.0468s/iter; left time: 1584.9080s
	iters: 1700, epoch: 3 | loss: 0.0253742
	speed: 0.0464s/iter; left time: 1567.6066s
	iters: 1800, epoch: 3 | loss: 0.0178641
	speed: 0.0467s/iter; left time: 1571.2420s
	iters: 1900, epoch: 3 | loss: 0.0215445
	speed: 0.0467s/iter; left time: 1567.0284s
	iters: 2000, epoch: 3 | loss: 0.0256035
	speed: 0.0467s/iter; left time: 1561.5248s
	iters: 2100, epoch: 3 | loss: 0.0218892
	speed: 0.0466s/iter; left time: 1553.3777s
	iters: 2200, epoch: 3 | loss: 0.0271786
	speed: 0.0468s/iter; left time: 1554.9986s
	iters: 2300, epoch: 3 | loss: 0.0279762
	speed: 0.0466s/iter; left time: 1543.8749s
	iters: 2400, epoch: 3 | loss: 0.0271104
	speed: 0.0465s/iter; left time: 1537.5456s
	iters: 2500, epoch: 3 | loss: 0.0188708
	speed: 0.0466s/iter; left time: 1535.3590s
	iters: 2600, epoch: 3 | loss: 0.0238793
	speed: 0.0468s/iter; left time: 1536.0685s
	iters: 2700, epoch: 3 | loss: 0.0251861
	speed: 0.0465s/iter; left time: 1522.6399s
	iters: 2800, epoch: 3 | loss: 0.0145052
	speed: 0.0465s/iter; left time: 1517.6768s
	iters: 2900, epoch: 3 | loss: 0.0185757
	speed: 0.0471s/iter; left time: 1531.6896s
	iters: 3000, epoch: 3 | loss: 0.0280036
	speed: 0.0465s/iter; left time: 1509.7568s
	iters: 3100, epoch: 3 | loss: 0.0202169
	speed: 0.0467s/iter; left time: 1509.3082s
	iters: 3200, epoch: 3 | loss: 0.0161692
	speed: 0.0467s/iter; left time: 1506.0982s
	iters: 3300, epoch: 3 | loss: 0.0187582
	speed: 0.0467s/iter; left time: 1500.6679s
	iters: 3400, epoch: 3 | loss: 0.0241696
	speed: 0.0466s/iter; left time: 1493.2507s
	iters: 3500, epoch: 3 | loss: 0.0146134
	speed: 0.0468s/iter; left time: 1496.7070s
	iters: 3600, epoch: 3 | loss: 0.0152562
	speed: 0.0466s/iter; left time: 1483.0420s
	iters: 3700, epoch: 3 | loss: 0.0158622
	speed: 0.0466s/iter; left time: 1479.9994s
	iters: 3800, epoch: 3 | loss: 0.0191653
	speed: 0.0467s/iter; left time: 1479.5297s
	iters: 3900, epoch: 3 | loss: 0.0334262
	speed: 0.0467s/iter; left time: 1473.4273s
	iters: 4000, epoch: 3 | loss: 0.0191127
	speed: 0.0466s/iter; left time: 1466.8129s
	iters: 4100, epoch: 3 | loss: 0.0252171
	speed: 0.0465s/iter; left time: 1459.2402s
	iters: 4200, epoch: 3 | loss: 0.0216155
	speed: 0.0467s/iter; left time: 1460.0977s
	iters: 4300, epoch: 3 | loss: 0.0240494
	speed: 0.0466s/iter; left time: 1450.0689s
	iters: 4400, epoch: 3 | loss: 0.0254395
	speed: 0.0467s/iter; left time: 1448.6841s
	iters: 4500, epoch: 3 | loss: 0.0229081
	speed: 0.0469s/iter; left time: 1451.9376s
	iters: 4600, epoch: 3 | loss: 0.0155998
	speed: 0.0475s/iter; left time: 1464.4529s
	iters: 4700, epoch: 3 | loss: 0.0162850
	speed: 0.0466s/iter; left time: 1433.1179s
	iters: 4800, epoch: 3 | loss: 0.0162506
	speed: 0.0469s/iter; left time: 1436.6240s
	iters: 4900, epoch: 3 | loss: 0.0207687
	speed: 0.0465s/iter; left time: 1421.6363s
	iters: 5000, epoch: 3 | loss: 0.0145862
	speed: 0.0465s/iter; left time: 1416.1858s
	iters: 5100, epoch: 3 | loss: 0.0193173
	speed: 0.0469s/iter; left time: 1422.8063s
	iters: 5200, epoch: 3 | loss: 0.0202489
	speed: 0.0467s/iter; left time: 1412.0132s
	iters: 5300, epoch: 3 | loss: 0.0232124
	speed: 0.0466s/iter; left time: 1405.3195s
	iters: 5400, epoch: 3 | loss: 0.0246705
	speed: 0.0467s/iter; left time: 1402.0081s
	iters: 5500, epoch: 3 | loss: 0.0144626
	speed: 0.0468s/iter; left time: 1403.0100s
	iters: 5600, epoch: 3 | loss: 0.0196990
	speed: 0.0465s/iter; left time: 1388.3073s
	iters: 5700, epoch: 3 | loss: 0.0174004
	speed: 0.0467s/iter; left time: 1390.1343s
	iters: 5800, epoch: 3 | loss: 0.0255098
	speed: 0.0468s/iter; left time: 1387.6347s
	iters: 5900, epoch: 3 | loss: 0.0146977
	speed: 0.0468s/iter; left time: 1382.2838s
Epoch: 3 cost time: 275.76691198349
Epoch: 3, Steps: 5908 | Train Loss: 0.0229512 Vali Loss: 0.6301558 Test Loss: 0.5474598
EarlyStopping counter: 2 out of 3
Updating learning rate to 2.5e-05
	iters: 100, epoch: 4 | loss: 0.0161617
	speed: 0.5506s/iter; left time: 16208.9004s
	iters: 200, epoch: 4 | loss: 0.0218335
	speed: 0.0466s/iter; left time: 1366.4549s
	iters: 300, epoch: 4 | loss: 0.0173066
	speed: 0.0466s/iter; left time: 1361.8764s
	iters: 400, epoch: 4 | loss: 0.0200980
	speed: 0.0469s/iter; left time: 1367.2226s
	iters: 500, epoch: 4 | loss: 0.0155135
	speed: 0.0466s/iter; left time: 1351.8929s
	iters: 600, epoch: 4 | loss: 0.0226600
	speed: 0.0466s/iter; left time: 1349.9823s
	iters: 700, epoch: 4 | loss: 0.0238693
	speed: 0.0469s/iter; left time: 1351.4057s
	iters: 800, epoch: 4 | loss: 0.0124873
	speed: 0.0466s/iter; left time: 1337.9851s
	iters: 900, epoch: 4 | loss: 0.0162176
	speed: 0.0468s/iter; left time: 1341.4405s
	iters: 1000, epoch: 4 | loss: 0.0129066
	speed: 0.0466s/iter; left time: 1328.9164s
	iters: 1100, epoch: 4 | loss: 0.0185481
	speed: 0.0468s/iter; left time: 1331.3406s
	iters: 1200, epoch: 4 | loss: 0.0150036
	speed: 0.0467s/iter; left time: 1323.2293s
	iters: 1300, epoch: 4 | loss: 0.0145844
	speed: 0.0468s/iter; left time: 1320.6856s
	iters: 1400, epoch: 4 | loss: 0.0301427
	speed: 0.0467s/iter; left time: 1315.1829s
	iters: 1500, epoch: 4 | loss: 0.0179353
	speed: 0.0465s/iter; left time: 1305.2989s
	iters: 1600, epoch: 4 | loss: 0.0191771
	speed: 0.0466s/iter; left time: 1301.0430s
	iters: 1700, epoch: 4 | loss: 0.0184642
	speed: 0.0469s/iter; left time: 1304.8916s
	iters: 1800, epoch: 4 | loss: 0.0151959
	speed: 0.0465s/iter; left time: 1290.0311s
	iters: 1900, epoch: 4 | loss: 0.0117840
	speed: 0.0467s/iter; left time: 1290.5960s
	iters: 2000, epoch: 4 | loss: 0.0144429
	speed: 0.0467s/iter; left time: 1286.3796s
	iters: 2100, epoch: 4 | loss: 0.0176185
	speed: 0.0466s/iter; left time: 1278.0976s
	iters: 2200, epoch: 4 | loss: 0.0153811
	speed: 0.0468s/iter; left time: 1278.3334s
	iters: 2300, epoch: 4 | loss: 0.0139236
	speed: 0.0467s/iter; left time: 1272.6261s
	iters: 2400, epoch: 4 | loss: 0.0180814
	speed: 0.0468s/iter; left time: 1271.5413s
	iters: 2500, epoch: 4 | loss: 0.0143766
	speed: 0.0466s/iter; left time: 1260.6847s
	iters: 2600, epoch: 4 | loss: 0.0119809
	speed: 0.0467s/iter; left time: 1256.9275s
	iters: 2700, epoch: 4 | loss: 0.0122931
	speed: 0.0468s/iter; left time: 1255.4221s
	iters: 2800, epoch: 4 | loss: 0.0231261
	speed: 0.0466s/iter; left time: 1245.8687s
	iters: 2900, epoch: 4 | loss: 0.0125291
	speed: 0.0466s/iter; left time: 1241.1561s
	iters: 3000, epoch: 4 | loss: 0.0181474
	speed: 0.0469s/iter; left time: 1243.8778s
	iters: 3100, epoch: 4 | loss: 0.0174197
	speed: 0.0467s/iter; left time: 1234.0496s
	iters: 3200, epoch: 4 | loss: 0.0134645
	speed: 0.0466s/iter; left time: 1228.4128s
	iters: 3300, epoch: 4 | loss: 0.0134841
	speed: 0.0467s/iter; left time: 1224.5200s
	iters: 3400, epoch: 4 | loss: 0.0138532
	speed: 0.0465s/iter; left time: 1215.1666s
	iters: 3500, epoch: 4 | loss: 0.0142314
	speed: 0.0466s/iter; left time: 1212.6117s
	iters: 3600, epoch: 4 | loss: 0.0161975
	speed: 0.0467s/iter; left time: 1210.2804s
	iters: 3700, epoch: 4 | loss: 0.0121611
	speed: 0.0467s/iter; left time: 1207.2644s
	iters: 3800, epoch: 4 | loss: 0.0198868
	speed: 0.0465s/iter; left time: 1197.0462s
	iters: 3900, epoch: 4 | loss: 0.0161714
	speed: 0.0468s/iter; left time: 1200.5883s
	iters: 4000, epoch: 4 | loss: 0.0251680
	speed: 0.0465s/iter; left time: 1188.6324s
	iters: 4100, epoch: 4 | loss: 0.0147686
	speed: 0.0467s/iter; left time: 1187.4550s
	iters: 4200, epoch: 4 | loss: 0.0237162
	speed: 0.0465s/iter; left time: 1179.4064s
	iters: 4300, epoch: 4 | loss: 0.0215995
	speed: 0.0468s/iter; left time: 1182.4677s
	iters: 4400, epoch: 4 | loss: 0.0164046
	speed: 0.0467s/iter; left time: 1173.3807s
	iters: 4500, epoch: 4 | loss: 0.0157610
	speed: 0.0465s/iter; left time: 1163.8253s
	iters: 4600, epoch: 4 | loss: 0.0124510
	speed: 0.0468s/iter; left time: 1167.8428s
	iters: 4700, epoch: 4 | loss: 0.0218364
	speed: 0.0466s/iter; left time: 1156.4079s
	iters: 4800, epoch: 4 | loss: 0.0189492
	speed: 0.0467s/iter; left time: 1154.4451s
	iters: 4900, epoch: 4 | loss: 0.0191704
	speed: 0.0466s/iter; left time: 1148.2576s
	iters: 5000, epoch: 4 | loss: 0.0126616
	speed: 0.0468s/iter; left time: 1148.8919s
	iters: 5100, epoch: 4 | loss: 0.0142701
	speed: 0.0466s/iter; left time: 1138.6033s
	iters: 5200, epoch: 4 | loss: 0.0132370
	speed: 0.0471s/iter; left time: 1146.8701s
	iters: 5300, epoch: 4 | loss: 0.0146515
	speed: 0.0466s/iter; left time: 1129.4718s
	iters: 5400, epoch: 4 | loss: 0.0154293
	speed: 0.0466s/iter; left time: 1125.5745s
	iters: 5500, epoch: 4 | loss: 0.0170905
	speed: 0.0465s/iter; left time: 1118.8626s
	iters: 5600, epoch: 4 | loss: 0.0143549
	speed: 0.0468s/iter; left time: 1119.6691s
	iters: 5700, epoch: 4 | loss: 0.0163161
	speed: 0.0466s/iter; left time: 1111.8832s
	iters: 5800, epoch: 4 | loss: 0.0141204
	speed: 0.0465s/iter; left time: 1104.3117s
	iters: 5900, epoch: 4 | loss: 0.0152246
	speed: 0.0469s/iter; left time: 1109.9350s
Epoch: 4 cost time: 275.7657151222229
Epoch: 4, Steps: 5908 | Train Loss: 0.0171498 Vali Loss: 0.6474731 Test Loss: 0.5679955
EarlyStopping counter: 3 out of 3
Early stopping
>>>>>>>testing : informerstack_custom_ftMS_sl1344_ll672_pl168_dm256_nh8_el3_dl1_df1024_atprob_fc5_ebtimeF_dtTrue_mxTrue_exp_123_0<<<<<<<<<<<<<<<<<<<<<<<<<<<<<<<<<
test 13769
test shape: (1721, 8, 168, 1) (1721, 8, 168, 1)
test shape: (13768, 168, 1) (13768, 168, 1)
mse:0.35633158683776855, mae:0.4793926179409027, r2:-1.0891218185424805


Parsed metrics from Informer output (normalized scale):
  MSE:  0.3563
  MAE:  0.4794
  RMSE: 0.5969
  R2:   -1.0891

Metrics after inverse transformation (original scale):
  MSE:  46.3139
  MAE:  5.4654
  RMSE: 6.8054
  R2:   -1.0891
Warning: Failed to record experiment: 'gbk' codec can't encode character '\u2713' in position 0: illegal multibyte sequence
  Training time: 1340.30s
  RMSE: 6.8054
  MAE:  5.4654
  R2:   -1.0891

Saving results...
  Model: Native Informer (saved in external/Informer2020/checkpoints/)
  Predictions: Not saved (native Informer handles this internally)
  Metrics: E:\ANUS_learning\MSI5001-power-transformer-oil-temperature-prediction\models\experiments\exp_123_metrics.json
  Plot: Skipped (native Informer handles visualization internally)

======================================================================
Experiment complete: exp_123
======================================================================

======================================================================
Completed: 2025-11-07 19:11:29
Return code: 0
======================================================================
