======================================================================
Experiment Log
Started: 2025-11-07 15:41:23
Command: C:\ProgramData\anaconda3\python.exe -m scripts.train_configurable --tx-id 1 --model Informer-Long --split-method chronological --feature-mode full --lookback-multiplier 16.0 --horizon 168 --experiment-name exp_114 --data-suffix _no_outlier
======================================================================

======================================================================
Experiment: exp_114
======================================================================
Transformer:     TX1
Model:           Informer-Long
Split method:    chronological
Feature mode:    full
Data suffix:     _no_outlier

Loading data...
  Total samples: 69680
  Added TX1 dynamic features
  Features: 21 columns

Window config: WindowConfig(horizon=168, lookback=2688, gap=0)
Creating sliding windows for Informer-Long (keeping sequence structure)...
  Created 66824 windows (shape: (66824, 2688, 21))
Splitting windows (chronological, 20% test)...
  Train: 53459 windows
  Test:  13365 windows

Training Informer-Long...

Calling native Informer from: E:\ANUS_learning\MSI5001-power-transformer-oil-temperature-prediction\external\Informer2020
Command: C:\ProgramData\anaconda3\python.exe E:\ANUS_learning\MSI5001-power-transformer-oil-temperature-prediction\external\Informer2020\main_informer.py --model informerstack --data custom --root_path ./data/ --data_path TX1.csv --features MS --target OT --freq h --seq_len 336 --label_len 168 --pred_len 168 --enc_in 6 --dec_in 1 --c_out 1 --d_model 256 --n_heads 8 --e_layers 3 --d_layers 1 --d_ff 1024 --factor 5 --dropout 0.05 --attn prob --embed timeF --activation gelu --batch_size 8 --train_epochs 8 --patience 3 --learning_rate 0.0001 --des exp_114 --itr 1
Args in experiment:
Namespace(model='informerstack', data='custom', root_path='./data/', data_path='TX1.csv', features='MS', target='OT', freq='h', checkpoints='./checkpoints/', seq_len=336, label_len=168, pred_len=168, enc_in=6, dec_in=1, c_out=1, d_model=256, n_heads=8, e_layers=3, d_layers=1, s_layers=[3, 2, 1], d_ff=1024, factor=5, padding=0, distil=True, dropout=0.05, attn='prob', embed='timeF', activation='gelu', output_attention=False, do_predict=False, mix=True, cols=None, num_workers=0, itr=1, train_epochs=8, batch_size=8, patience=3, learning_rate=0.0001, des='exp_114', loss='mse', lradj='type1', use_amp=False, inverse=False, use_gpu=True, gpu=0, use_multi_gpu=False, devices='0,1,2,3', detail_freq='h')
Use GPU: cuda:0
>>>>>>>start training : informerstack_custom_ftMS_sl336_ll168_pl168_dm256_nh8_el3_dl1_df1024_atprob_fc5_ebtimeF_dtTrue_mxTrue_exp_114_0>>>>>>>>>>>>>>>>>>>>>>>>>>
train 48273
val 6801
test 13769
	iters: 100, epoch: 1 | loss: 0.2628758
	speed: 0.0435s/iter; left time: 2093.3953s
	iters: 200, epoch: 1 | loss: 0.4819936
	speed: 0.0300s/iter; left time: 1440.6608s
	iters: 300, epoch: 1 | loss: 0.2000323
	speed: 0.0291s/iter; left time: 1398.3625s
	iters: 400, epoch: 1 | loss: 0.1733385
	speed: 0.0301s/iter; left time: 1440.8688s
	iters: 500, epoch: 1 | loss: 0.1477351
	speed: 0.0294s/iter; left time: 1404.7602s
	iters: 600, epoch: 1 | loss: 0.1616377
	speed: 0.0303s/iter; left time: 1446.5575s
	iters: 700, epoch: 1 | loss: 0.1364312
	speed: 0.0300s/iter; left time: 1425.5572s
	iters: 800, epoch: 1 | loss: 0.2037895
	speed: 0.0306s/iter; left time: 1454.3231s
	iters: 900, epoch: 1 | loss: 0.1596560
	speed: 0.0299s/iter; left time: 1417.9087s
	iters: 1000, epoch: 1 | loss: 0.1152859
	speed: 0.0300s/iter; left time: 1419.1601s
	iters: 1100, epoch: 1 | loss: 0.1112583
	speed: 0.0303s/iter; left time: 1430.8595s
	iters: 1200, epoch: 1 | loss: 0.0698726
	speed: 0.0297s/iter; left time: 1397.3429s
	iters: 1300, epoch: 1 | loss: 0.1391867
	speed: 0.0294s/iter; left time: 1382.0425s
	iters: 1400, epoch: 1 | loss: 0.1383189
	speed: 0.0301s/iter; left time: 1410.2971s
	iters: 1500, epoch: 1 | loss: 0.1353525
	speed: 0.0300s/iter; left time: 1403.5789s
	iters: 1600, epoch: 1 | loss: 0.1147261
	speed: 0.0301s/iter; left time: 1402.8115s
	iters: 1700, epoch: 1 | loss: 0.1501502
	speed: 0.0303s/iter; left time: 1408.8413s
	iters: 1800, epoch: 1 | loss: 0.1679592
	speed: 0.0291s/iter; left time: 1353.6845s
	iters: 1900, epoch: 1 | loss: 0.0831987
	speed: 0.0297s/iter; left time: 1376.0891s
	iters: 2000, epoch: 1 | loss: 0.1136196
	speed: 0.0306s/iter; left time: 1417.1260s
	iters: 2100, epoch: 1 | loss: 0.1524288
	speed: 0.0298s/iter; left time: 1377.5946s
	iters: 2200, epoch: 1 | loss: 0.0933695
	speed: 0.0291s/iter; left time: 1340.2313s
	iters: 2300, epoch: 1 | loss: 0.0763091
	speed: 0.0298s/iter; left time: 1369.7323s
	iters: 2400, epoch: 1 | loss: 0.0920264
	speed: 0.0304s/iter; left time: 1394.1992s
	iters: 2500, epoch: 1 | loss: 0.1009272
	speed: 0.0297s/iter; left time: 1361.4661s
	iters: 2600, epoch: 1 | loss: 0.0873291
	speed: 0.0299s/iter; left time: 1363.5256s
	iters: 2700, epoch: 1 | loss: 0.1045005
	speed: 0.0305s/iter; left time: 1388.6343s
	iters: 2800, epoch: 1 | loss: 0.1079126
	speed: 0.0295s/iter; left time: 1340.1437s
	iters: 2900, epoch: 1 | loss: 0.0891219
	speed: 0.0294s/iter; left time: 1331.7580s
	iters: 3000, epoch: 1 | loss: 0.0771575
	speed: 0.0298s/iter; left time: 1350.6265s
	iters: 3100, epoch: 1 | loss: 0.0615362
	speed: 0.0298s/iter; left time: 1347.7376s
	iters: 3200, epoch: 1 | loss: 0.0859691
	speed: 0.0292s/iter; left time: 1315.4343s
	iters: 3300, epoch: 1 | loss: 0.1020038
	speed: 0.0299s/iter; left time: 1344.7582s
	iters: 3400, epoch: 1 | loss: 0.0561336
	speed: 0.0307s/iter; left time: 1378.0222s
	iters: 3500, epoch: 1 | loss: 0.0761295
	speed: 0.0286s/iter; left time: 1280.8557s
	iters: 3600, epoch: 1 | loss: 0.0905599
	speed: 0.0294s/iter; left time: 1311.5163s
	iters: 3700, epoch: 1 | loss: 0.0664760
	speed: 0.0302s/iter; left time: 1348.0755s
	iters: 3800, epoch: 1 | loss: 0.0469768
	speed: 0.0295s/iter; left time: 1312.8129s
	iters: 3900, epoch: 1 | loss: 0.0959056
	speed: 0.0302s/iter; left time: 1341.8091s
	iters: 4000, epoch: 1 | loss: 0.0581986
	speed: 0.0299s/iter; left time: 1325.4331s
	iters: 4100, epoch: 1 | loss: 0.0613590
	speed: 0.0297s/iter; left time: 1311.3926s
	iters: 4200, epoch: 1 | loss: 0.0720102
	speed: 0.0287s/iter; left time: 1263.1271s
	iters: 4300, epoch: 1 | loss: 0.0741690
	speed: 0.0300s/iter; left time: 1318.1898s
	iters: 4400, epoch: 1 | loss: 0.0544935
	speed: 0.0314s/iter; left time: 1376.4668s
	iters: 4500, epoch: 1 | loss: 0.0545928
	speed: 0.0293s/iter; left time: 1283.1975s
	iters: 4600, epoch: 1 | loss: 0.0612981
	speed: 0.0300s/iter; left time: 1308.8096s
	iters: 4700, epoch: 1 | loss: 0.0638264
	speed: 0.0297s/iter; left time: 1293.9556s
	iters: 4800, epoch: 1 | loss: 0.0595578
	speed: 0.0295s/iter; left time: 1282.3988s
	iters: 4900, epoch: 1 | loss: 0.0450792
	speed: 0.0291s/iter; left time: 1262.5982s
	iters: 5000, epoch: 1 | loss: 0.0512923
	speed: 0.0297s/iter; left time: 1284.6200s
	iters: 5100, epoch: 1 | loss: 0.1474216
	speed: 0.0296s/iter; left time: 1276.6310s
	iters: 5200, epoch: 1 | loss: 0.0521862
	speed: 0.0296s/iter; left time: 1274.2336s
	iters: 5300, epoch: 1 | loss: 0.0537604
	speed: 0.0293s/iter; left time: 1258.2153s
	iters: 5400, epoch: 1 | loss: 0.0557669
	speed: 0.0292s/iter; left time: 1253.3197s
	iters: 5500, epoch: 1 | loss: 0.0365827
	speed: 0.0295s/iter; left time: 1262.1009s
	iters: 5600, epoch: 1 | loss: 0.0398696
	speed: 0.0306s/iter; left time: 1307.8424s
	iters: 5700, epoch: 1 | loss: 0.0540251
	speed: 0.0310s/iter; left time: 1318.7751s
	iters: 5800, epoch: 1 | loss: 0.0599073
	speed: 0.0299s/iter; left time: 1268.8062s
	iters: 5900, epoch: 1 | loss: 0.0418477
	speed: 0.0299s/iter; left time: 1267.6298s
	iters: 6000, epoch: 1 | loss: 0.0447137
	speed: 0.0309s/iter; left time: 1306.7388s
Epoch: 1 cost time: 180.49731159210205
Epoch: 1, Steps: 6034 | Train Loss: 0.1048531 Vali Loss: 0.5660578 Test Loss: 0.4469958
Validation loss decreased (inf --> 0.566058).  Saving model ...
Updating learning rate to 0.0001
	iters: 100, epoch: 2 | loss: 0.0528794
	speed: 0.3640s/iter; left time: 15339.0537s
	iters: 200, epoch: 2 | loss: 0.0433193
	speed: 0.0304s/iter; left time: 1278.4176s
	iters: 300, epoch: 2 | loss: 0.0346456
	speed: 0.0304s/iter; left time: 1274.0342s
	iters: 400, epoch: 2 | loss: 0.0299564
	speed: 0.0308s/iter; left time: 1287.3049s
	iters: 500, epoch: 2 | loss: 0.0980422
	speed: 0.0300s/iter; left time: 1250.9421s
	iters: 600, epoch: 2 | loss: 0.0556597
	speed: 0.0292s/iter; left time: 1217.5360s
	iters: 700, epoch: 2 | loss: 0.0575847
	speed: 0.0295s/iter; left time: 1225.3279s
	iters: 800, epoch: 2 | loss: 0.0396650
	speed: 0.0306s/iter; left time: 1267.5817s
	iters: 900, epoch: 2 | loss: 0.0463882
	speed: 0.0293s/iter; left time: 1213.2642s
	iters: 1000, epoch: 2 | loss: 0.0313187
	speed: 0.0297s/iter; left time: 1223.3928s
	iters: 1100, epoch: 2 | loss: 0.0706632
	speed: 0.0305s/iter; left time: 1253.5497s
	iters: 1200, epoch: 2 | loss: 0.0328965
	speed: 0.0299s/iter; left time: 1229.0043s
	iters: 1300, epoch: 2 | loss: 0.0683140
	speed: 0.0317s/iter; left time: 1297.8269s
	iters: 1400, epoch: 2 | loss: 0.0287321
	speed: 0.0352s/iter; left time: 1439.3132s
	iters: 1500, epoch: 2 | loss: 0.0309312
	speed: 0.0326s/iter; left time: 1328.0880s
	iters: 1600, epoch: 2 | loss: 0.0362439
	speed: 0.0362s/iter; left time: 1470.8503s
	iters: 1700, epoch: 2 | loss: 0.0326399
	speed: 0.0333s/iter; left time: 1349.4372s
	iters: 1800, epoch: 2 | loss: 0.0334106
	speed: 0.0323s/iter; left time: 1307.7756s
	iters: 1900, epoch: 2 | loss: 0.0385817
	speed: 0.0304s/iter; left time: 1226.2556s
	iters: 2000, epoch: 2 | loss: 0.0609050
	speed: 0.0306s/iter; left time: 1229.8258s
	iters: 2100, epoch: 2 | loss: 0.0353913
	speed: 0.0310s/iter; left time: 1244.5546s
	iters: 2200, epoch: 2 | loss: 0.0512803
	speed: 0.0299s/iter; left time: 1196.6827s
	iters: 2300, epoch: 2 | loss: 0.0659677
	speed: 0.0291s/iter; left time: 1162.1148s
	iters: 2400, epoch: 2 | loss: 0.0285947
	speed: 0.0271s/iter; left time: 1077.7875s
	iters: 2500, epoch: 2 | loss: 0.0356958
	speed: 0.0287s/iter; left time: 1141.7397s
	iters: 2600, epoch: 2 | loss: 0.0474487
	speed: 0.0256s/iter; left time: 1014.4253s
	iters: 2700, epoch: 2 | loss: 0.0328264
	speed: 0.0259s/iter; left time: 1024.1193s
	iters: 2800, epoch: 2 | loss: 0.0334624
	speed: 0.0254s/iter; left time: 1000.9563s
	iters: 2900, epoch: 2 | loss: 0.0441807
	speed: 0.0256s/iter; left time: 1007.5037s
	iters: 3000, epoch: 2 | loss: 0.0279963
	speed: 0.0262s/iter; left time: 1027.1115s
	iters: 3100, epoch: 2 | loss: 0.0391390
	speed: 0.0256s/iter; left time: 1001.4583s
	iters: 3200, epoch: 2 | loss: 0.0236724
	speed: 0.0267s/iter; left time: 1040.6169s
	iters: 3300, epoch: 2 | loss: 0.0503793
	speed: 0.0248s/iter; left time: 966.3589s
	iters: 3400, epoch: 2 | loss: 0.0489156
	speed: 0.0254s/iter; left time: 985.5921s
	iters: 3500, epoch: 2 | loss: 0.0219369
	speed: 0.0248s/iter; left time: 959.4664s
	iters: 3600, epoch: 2 | loss: 0.0324629
	speed: 0.0253s/iter; left time: 975.7315s
	iters: 3700, epoch: 2 | loss: 0.0428556
	speed: 0.0255s/iter; left time: 981.2812s
	iters: 3800, epoch: 2 | loss: 0.0448688
	speed: 0.0273s/iter; left time: 1050.0494s
	iters: 3900, epoch: 2 | loss: 0.0310548
	speed: 0.0252s/iter; left time: 965.4692s
	iters: 4000, epoch: 2 | loss: 0.0445280
	speed: 0.0252s/iter; left time: 964.4264s
	iters: 4100, epoch: 2 | loss: 0.0399921
	speed: 0.0253s/iter; left time: 963.5794s
	iters: 4200, epoch: 2 | loss: 0.0460260
	speed: 0.0254s/iter; left time: 965.0267s
	iters: 4300, epoch: 2 | loss: 0.0336221
	speed: 0.0260s/iter; left time: 984.5273s
	iters: 4400, epoch: 2 | loss: 0.0298864
	speed: 0.0267s/iter; left time: 1008.7434s
	iters: 4500, epoch: 2 | loss: 0.0342366
	speed: 0.0260s/iter; left time: 982.6672s
	iters: 4600, epoch: 2 | loss: 0.0311179
	speed: 0.0257s/iter; left time: 965.6564s
	iters: 4700, epoch: 2 | loss: 0.0297780
	speed: 0.0254s/iter; left time: 952.8398s
	iters: 4800, epoch: 2 | loss: 0.0350279
	speed: 0.0254s/iter; left time: 951.7351s
	iters: 4900, epoch: 2 | loss: 0.0508007
	speed: 0.0251s/iter; left time: 938.1803s
	iters: 5000, epoch: 2 | loss: 0.0353453
	speed: 0.0263s/iter; left time: 980.4707s
	iters: 5100, epoch: 2 | loss: 0.0301181
	speed: 0.0260s/iter; left time: 965.4296s
	iters: 5200, epoch: 2 | loss: 0.0369507
	speed: 0.0263s/iter; left time: 974.6653s
	iters: 5300, epoch: 2 | loss: 0.0519953
	speed: 0.0257s/iter; left time: 948.0698s
	iters: 5400, epoch: 2 | loss: 0.0422222
	speed: 0.0248s/iter; left time: 912.1382s
	iters: 5500, epoch: 2 | loss: 0.0431296
	speed: 0.0260s/iter; left time: 953.9899s
	iters: 5600, epoch: 2 | loss: 0.0320692
	speed: 0.0254s/iter; left time: 929.5604s
	iters: 5700, epoch: 2 | loss: 0.0265633
	speed: 0.0257s/iter; left time: 939.6003s
	iters: 5800, epoch: 2 | loss: 0.0421889
	speed: 0.0262s/iter; left time: 955.5842s
	iters: 5900, epoch: 2 | loss: 0.0308497
	speed: 0.0268s/iter; left time: 974.8896s
	iters: 6000, epoch: 2 | loss: 0.0322749
	speed: 0.0259s/iter; left time: 937.0881s
Epoch: 2 cost time: 167.69562816619873
Epoch: 2, Steps: 6034 | Train Loss: 0.0414407 Vali Loss: 0.6857026 Test Loss: 0.5681051
EarlyStopping counter: 1 out of 3
Updating learning rate to 5e-05
	iters: 100, epoch: 3 | loss: 0.0267794
	speed: 0.3109s/iter; left time: 11226.7324s
	iters: 200, epoch: 3 | loss: 0.0269002
	speed: 0.0252s/iter; left time: 907.3105s
	iters: 300, epoch: 3 | loss: 0.0270366
	speed: 0.0263s/iter; left time: 945.7267s
	iters: 400, epoch: 3 | loss: 0.0367479
	speed: 0.0259s/iter; left time: 927.9284s
	iters: 500, epoch: 3 | loss: 0.0195598
	speed: 0.0270s/iter; left time: 965.0342s
	iters: 600, epoch: 3 | loss: 0.0330695
	speed: 0.0269s/iter; left time: 957.4230s
	iters: 700, epoch: 3 | loss: 0.0327030
	speed: 0.0259s/iter; left time: 919.3990s
	iters: 800, epoch: 3 | loss: 0.0236320
	speed: 0.0256s/iter; left time: 907.9960s
	iters: 900, epoch: 3 | loss: 0.0220367
	speed: 0.0251s/iter; left time: 884.4799s
	iters: 1000, epoch: 3 | loss: 0.0247833
	speed: 0.0250s/iter; left time: 881.6913s
	iters: 1100, epoch: 3 | loss: 0.0311646
	speed: 0.0257s/iter; left time: 900.9655s
	iters: 1200, epoch: 3 | loss: 0.0166929
	speed: 0.0254s/iter; left time: 890.3213s
	iters: 1300, epoch: 3 | loss: 0.0228921
	speed: 0.0262s/iter; left time: 916.0638s
	iters: 1400, epoch: 3 | loss: 0.0301389
	speed: 0.0255s/iter; left time: 888.8776s
	iters: 1500, epoch: 3 | loss: 0.0182467
	speed: 0.0253s/iter; left time: 876.6574s
	iters: 1600, epoch: 3 | loss: 0.0244588
	speed: 0.0252s/iter; left time: 872.7883s
	iters: 1700, epoch: 3 | loss: 0.0287540
	speed: 0.0260s/iter; left time: 896.3524s
	iters: 1800, epoch: 3 | loss: 0.0188520
	speed: 0.0250s/iter; left time: 859.2563s
	iters: 1900, epoch: 3 | loss: 0.0295100
	speed: 0.0260s/iter; left time: 891.7617s
	iters: 2000, epoch: 3 | loss: 0.0167522
	speed: 0.0258s/iter; left time: 884.0765s
	iters: 2100, epoch: 3 | loss: 0.0152276
	speed: 0.0255s/iter; left time: 871.3415s
	iters: 2200, epoch: 3 | loss: 0.0329271
	speed: 0.0253s/iter; left time: 860.4777s
	iters: 2300, epoch: 3 | loss: 0.0244285
	speed: 0.0250s/iter; left time: 849.0705s
	iters: 2400, epoch: 3 | loss: 0.0193022
	speed: 0.0259s/iter; left time: 874.3251s
	iters: 2500, epoch: 3 | loss: 0.0235379
	speed: 0.0264s/iter; left time: 890.0730s
	iters: 2600, epoch: 3 | loss: 0.0238441
	speed: 0.0256s/iter; left time: 860.4477s
	iters: 2700, epoch: 3 | loss: 0.0303140
	speed: 0.0263s/iter; left time: 881.2962s
	iters: 2800, epoch: 3 | loss: 0.0212659
	speed: 0.0253s/iter; left time: 845.9875s
	iters: 2900, epoch: 3 | loss: 0.0233588
	speed: 0.0259s/iter; left time: 862.3667s
	iters: 3000, epoch: 3 | loss: 0.0390966
	speed: 0.0257s/iter; left time: 852.5739s
	iters: 3100, epoch: 3 | loss: 0.0240501
	speed: 0.0259s/iter; left time: 856.3370s
	iters: 3200, epoch: 3 | loss: 0.0150165
	speed: 0.0258s/iter; left time: 850.8905s
	iters: 3300, epoch: 3 | loss: 0.0285950
	speed: 0.0253s/iter; left time: 833.9858s
	iters: 3400, epoch: 3 | loss: 0.0198346
	speed: 0.0252s/iter; left time: 827.3624s
	iters: 3500, epoch: 3 | loss: 0.0288572
	speed: 0.0252s/iter; left time: 825.6624s
	iters: 3600, epoch: 3 | loss: 0.0208472
	speed: 0.0251s/iter; left time: 819.1692s
	iters: 3700, epoch: 3 | loss: 0.0168769
	speed: 0.0265s/iter; left time: 860.6699s
	iters: 3800, epoch: 3 | loss: 0.0304521
	speed: 0.0260s/iter; left time: 842.4335s
	iters: 3900, epoch: 3 | loss: 0.0282377
	speed: 0.0254s/iter; left time: 821.8150s
	iters: 4000, epoch: 3 | loss: 0.0293938
	speed: 0.0254s/iter; left time: 817.2512s
	iters: 4100, epoch: 3 | loss: 0.0175245
	speed: 0.0252s/iter; left time: 809.5644s
	iters: 4200, epoch: 3 | loss: 0.0178892
	speed: 0.0253s/iter; left time: 809.2001s
	iters: 4300, epoch: 3 | loss: 0.0206608
	speed: 0.0264s/iter; left time: 840.7354s
	iters: 4400, epoch: 3 | loss: 0.0278657
	speed: 0.0261s/iter; left time: 830.3548s
	iters: 4500, epoch: 3 | loss: 0.0192633
	speed: 0.0252s/iter; left time: 800.1994s
	iters: 4600, epoch: 3 | loss: 0.0188993
	speed: 0.0260s/iter; left time: 821.4353s
	iters: 4700, epoch: 3 | loss: 0.0208502
	speed: 0.0326s/iter; left time: 1026.9435s
	iters: 4800, epoch: 3 | loss: 0.0202281
	speed: 0.0313s/iter; left time: 984.2391s
	iters: 4900, epoch: 3 | loss: 0.0251673
	speed: 0.0325s/iter; left time: 1018.0511s
	iters: 5000, epoch: 3 | loss: 0.0237492
	speed: 0.0316s/iter; left time: 986.9163s
	iters: 5100, epoch: 3 | loss: 0.0192842
	speed: 0.0320s/iter; left time: 995.4652s
	iters: 5200, epoch: 3 | loss: 0.0272816
	speed: 0.0322s/iter; left time: 997.4272s
	iters: 5300, epoch: 3 | loss: 0.0210755
	speed: 0.0304s/iter; left time: 940.8553s
	iters: 5400, epoch: 3 | loss: 0.0288219
	speed: 0.0319s/iter; left time: 982.4764s
	iters: 5500, epoch: 3 | loss: 0.0207674
	speed: 0.0315s/iter; left time: 966.8681s
	iters: 5600, epoch: 3 | loss: 0.0123289
	speed: 0.0317s/iter; left time: 970.5005s
	iters: 5700, epoch: 3 | loss: 0.0182479
	speed: 0.0327s/iter; left time: 996.8022s
	iters: 5800, epoch: 3 | loss: 0.0243225
	speed: 0.0321s/iter; left time: 976.8858s
	iters: 5900, epoch: 3 | loss: 0.0138781
	speed: 0.0315s/iter; left time: 953.6112s
	iters: 6000, epoch: 3 | loss: 0.0281827
	speed: 0.0318s/iter; left time: 961.7439s
Epoch: 3 cost time: 163.83820152282715
Epoch: 3, Steps: 6034 | Train Loss: 0.0234985 Vali Loss: 0.6392384 Test Loss: 0.6119956
EarlyStopping counter: 2 out of 3
Updating learning rate to 2.5e-05
	iters: 100, epoch: 4 | loss: 0.0231135
	speed: 0.3780s/iter; left time: 11366.5939s
	iters: 200, epoch: 4 | loss: 0.0202040
	speed: 0.0317s/iter; left time: 948.9347s
	iters: 300, epoch: 4 | loss: 0.0176158
	speed: 0.0314s/iter; left time: 938.7294s
	iters: 400, epoch: 4 | loss: 0.0146254
	speed: 0.0311s/iter; left time: 925.6464s
	iters: 500, epoch: 4 | loss: 0.0203938
	speed: 0.0324s/iter; left time: 962.6320s
	iters: 600, epoch: 4 | loss: 0.0161104
	speed: 0.0321s/iter; left time: 950.3701s
	iters: 700, epoch: 4 | loss: 0.0209906
	speed: 0.0322s/iter; left time: 948.1471s
	iters: 800, epoch: 4 | loss: 0.0175688
	speed: 0.0322s/iter; left time: 944.3751s
	iters: 900, epoch: 4 | loss: 0.0205797
	speed: 0.0326s/iter; left time: 954.1206s
	iters: 1000, epoch: 4 | loss: 0.0188642
	speed: 0.0328s/iter; left time: 957.1153s
	iters: 1100, epoch: 4 | loss: 0.0129274
	speed: 0.0318s/iter; left time: 923.1401s
	iters: 1200, epoch: 4 | loss: 0.0188817
	speed: 0.0310s/iter; left time: 897.4770s
	iters: 1300, epoch: 4 | loss: 0.0220678
	speed: 0.0303s/iter; left time: 874.2304s
	iters: 1400, epoch: 4 | loss: 0.0216528
	speed: 0.0317s/iter; left time: 911.7728s
	iters: 1500, epoch: 4 | loss: 0.0216117
	speed: 0.0327s/iter; left time: 938.3772s
	iters: 1600, epoch: 4 | loss: 0.0185798
	speed: 0.0320s/iter; left time: 914.4041s
	iters: 1700, epoch: 4 | loss: 0.0196381
	speed: 0.0311s/iter; left time: 886.8003s
	iters: 1800, epoch: 4 | loss: 0.0157895
	speed: 0.0317s/iter; left time: 899.8215s
	iters: 1900, epoch: 4 | loss: 0.0179842
	speed: 0.0312s/iter; left time: 883.2802s
	iters: 2000, epoch: 4 | loss: 0.0177898
	speed: 0.0323s/iter; left time: 909.8725s
	iters: 2100, epoch: 4 | loss: 0.0263716
	speed: 0.0321s/iter; left time: 900.2308s
	iters: 2200, epoch: 4 | loss: 0.0152099
	speed: 0.0313s/iter; left time: 876.3681s
	iters: 2300, epoch: 4 | loss: 0.0175588
	speed: 0.0315s/iter; left time: 878.7718s
	iters: 2400, epoch: 4 | loss: 0.0207985
	speed: 0.0324s/iter; left time: 899.3815s
	iters: 2500, epoch: 4 | loss: 0.0155173
	speed: 0.0309s/iter; left time: 856.2213s
	iters: 2600, epoch: 4 | loss: 0.0207025
	speed: 0.0323s/iter; left time: 891.5648s
	iters: 2700, epoch: 4 | loss: 0.0168950
	speed: 0.0327s/iter; left time: 898.1936s
	iters: 2800, epoch: 4 | loss: 0.0180327
	speed: 0.0319s/iter; left time: 873.3581s
	iters: 2900, epoch: 4 | loss: 0.0213350
	speed: 0.0318s/iter; left time: 867.9093s
	iters: 3000, epoch: 4 | loss: 0.0169227
	speed: 0.0314s/iter; left time: 852.3591s
	iters: 3100, epoch: 4 | loss: 0.0148866
	speed: 0.0311s/iter; left time: 842.0741s
	iters: 3200, epoch: 4 | loss: 0.0111461
	speed: 0.0321s/iter; left time: 864.5315s
	iters: 3300, epoch: 4 | loss: 0.0198608
	speed: 0.0325s/iter; left time: 874.2145s
	iters: 3400, epoch: 4 | loss: 0.0130419
	speed: 0.0318s/iter; left time: 851.4129s
	iters: 3500, epoch: 4 | loss: 0.0211136
	speed: 0.0309s/iter; left time: 822.8072s
	iters: 3600, epoch: 4 | loss: 0.0127880
	speed: 0.0316s/iter; left time: 838.4886s
	iters: 3700, epoch: 4 | loss: 0.0106374
	speed: 0.0306s/iter; left time: 810.1180s
	iters: 3800, epoch: 4 | loss: 0.0149940
	speed: 0.0314s/iter; left time: 828.3837s
	iters: 3900, epoch: 4 | loss: 0.0145352
	speed: 0.0326s/iter; left time: 857.0611s
	iters: 4000, epoch: 4 | loss: 0.0186783
	speed: 0.0317s/iter; left time: 830.6962s
	iters: 4100, epoch: 4 | loss: 0.0123204
	speed: 0.0314s/iter; left time: 817.6904s
	iters: 4200, epoch: 4 | loss: 0.0205164
	speed: 0.0311s/iter; left time: 806.9513s
	iters: 4300, epoch: 4 | loss: 0.0163804
	speed: 0.0319s/iter; left time: 824.2705s
	iters: 4400, epoch: 4 | loss: 0.0153678
	speed: 0.0313s/iter; left time: 805.5626s
	iters: 4500, epoch: 4 | loss: 0.0196322
	speed: 0.0326s/iter; left time: 836.6476s
	iters: 4600, epoch: 4 | loss: 0.0212030
	speed: 0.0319s/iter; left time: 815.1318s
	iters: 4700, epoch: 4 | loss: 0.0135101
	speed: 0.0316s/iter; left time: 804.3594s
	iters: 4800, epoch: 4 | loss: 0.0188071
	speed: 0.0311s/iter; left time: 790.0421s
	iters: 4900, epoch: 4 | loss: 0.0224992
	speed: 0.0312s/iter; left time: 788.9846s
	iters: 5000, epoch: 4 | loss: 0.0250143
	speed: 0.0319s/iter; left time: 802.5027s
	iters: 5100, epoch: 4 | loss: 0.0247974
	speed: 0.0323s/iter; left time: 810.7479s
	iters: 5200, epoch: 4 | loss: 0.0163681
	speed: 0.0322s/iter; left time: 804.8210s
	iters: 5300, epoch: 4 | loss: 0.0159606
	speed: 0.0318s/iter; left time: 790.3973s
	iters: 5400, epoch: 4 | loss: 0.0104527
	speed: 0.0313s/iter; left time: 774.9294s
	iters: 5500, epoch: 4 | loss: 0.0175129
	speed: 0.0317s/iter; left time: 782.2214s
	iters: 5600, epoch: 4 | loss: 0.0166504
	speed: 0.0315s/iter; left time: 772.8922s
	iters: 5700, epoch: 4 | loss: 0.0129435
	speed: 0.0326s/iter; left time: 797.5595s
	iters: 5800, epoch: 4 | loss: 0.0152862
	speed: 0.0322s/iter; left time: 785.9031s
	iters: 5900, epoch: 4 | loss: 0.0189708
	speed: 0.0315s/iter; left time: 763.5445s
	iters: 6000, epoch: 4 | loss: 0.0170526
	speed: 0.0316s/iter; left time: 762.9726s
Epoch: 4 cost time: 191.59931182861328
Epoch: 4, Steps: 6034 | Train Loss: 0.0176267 Vali Loss: 0.6930780 Test Loss: 0.6436868
EarlyStopping counter: 3 out of 3
Early stopping
>>>>>>>testing : informerstack_custom_ftMS_sl336_ll168_pl168_dm256_nh8_el3_dl1_df1024_atprob_fc5_ebtimeF_dtTrue_mxTrue_exp_114_0<<<<<<<<<<<<<<<<<<<<<<<<<<<<<<<<<
test 13769
test shape: (1721, 8, 168, 1) (1721, 8, 168, 1)
test shape: (13768, 168, 1) (13768, 168, 1)
mse:0.44693127274513245, mae:0.5714865922927856, r2:-1.6202950477600098


Parsed metrics from Informer output (normalized scale):
  MSE:  0.4469
  MAE:  0.5715
  RMSE: 0.6685
  R2:   -1.6203

Metrics after inverse transformation (original scale):
  MSE:  31.1302
  MAE:  4.7695
  RMSE: 5.5794
  R2:   -1.6203
Warning: Failed to record experiment: 'gbk' codec can't encode character '\u2713' in position 0: illegal multibyte sequence
  Training time: 856.67s
  RMSE: 5.5794
  MAE:  4.7695
  R2:   -1.6203

Saving results...
  Model: Native Informer (saved in external/Informer2020/checkpoints/)
  Predictions: Not saved (native Informer handles this internally)
  Metrics: E:\ANUS_learning\MSI5001-power-transformer-oil-temperature-prediction\models\experiments\exp_114_metrics.json
  Plot: Skipped (native Informer handles visualization internally)

======================================================================
Experiment complete: exp_114
======================================================================

======================================================================
Completed: 2025-11-07 15:55:48
Return code: 0
======================================================================
