======================================================================
Experiment Log
Started: 2025-11-07 19:27:26
Command: C:\ProgramData\anaconda3\python.exe -m scripts.train_configurable --tx-id 1 --model Informer-Long --split-method chronological --feature-mode full --lookback-multiplier 4.0 --horizon 168 --experiment-name exp_125 --data-suffix _no_outlier --e-layers 4 --d-layers 2
======================================================================

======================================================================
Experiment: exp_125
======================================================================
Transformer:     TX1
Model:           Informer-Long
Split method:    chronological
Feature mode:    full
Data suffix:     _no_outlier

Loading data...
  Total samples: 69680
  Added TX1 dynamic features
  Features: 21 columns

Window config: WindowConfig(horizon=168, lookback=672, gap=0)
Creating sliding windows for Informer-Long (keeping sequence structure)...
  Created 68840 windows (shape: (68840, 672, 21))
Splitting windows (chronological, 20% test)...
  Train: 55072 windows
  Test:  13768 windows

Training Informer-Long...

Calling native Informer from: E:\ANUS_learning\MSI5001-power-transformer-oil-temperature-prediction\external\Informer2020
Command: C:\ProgramData\anaconda3\python.exe E:\ANUS_learning\MSI5001-power-transformer-oil-temperature-prediction\external\Informer2020\main_informer.py --model informerstack --data custom --root_path ./data/ --data_path TX1.csv --features MS --target OT --freq h --seq_len 336 --label_len 168 --pred_len 168 --enc_in 6 --dec_in 1 --c_out 1 --d_model 256 --n_heads 8 --e_layers 4 --d_layers 2 --d_ff 1024 --factor 5 --dropout 0.05 --attn prob --embed timeF --activation gelu --batch_size 8 --train_epochs 8 --patience 3 --learning_rate 0.0001 --des exp_125 --itr 1
Args in experiment:
Namespace(model='informerstack', data='custom', root_path='./data/', data_path='TX1.csv', features='MS', target='OT', freq='h', checkpoints='./checkpoints/', seq_len=336, label_len=168, pred_len=168, enc_in=6, dec_in=1, c_out=1, d_model=256, n_heads=8, e_layers=4, d_layers=2, s_layers=[3, 2, 1], d_ff=1024, factor=5, padding=0, distil=True, dropout=0.05, attn='prob', embed='timeF', activation='gelu', output_attention=False, do_predict=False, mix=True, cols=None, num_workers=0, itr=1, train_epochs=8, batch_size=8, patience=3, learning_rate=0.0001, des='exp_125', loss='mse', lradj='type1', use_amp=False, inverse=False, use_gpu=True, gpu=0, use_multi_gpu=False, devices='0,1,2,3', detail_freq='h')
Use GPU: cuda:0
>>>>>>>start training : informerstack_custom_ftMS_sl336_ll168_pl168_dm256_nh8_el4_dl2_df1024_atprob_fc5_ebtimeF_dtTrue_mxTrue_exp_125_0>>>>>>>>>>>>>>>>>>>>>>>>>>
train 48273
val 6801
test 13769
	iters: 100, epoch: 1 | loss: 0.2669385
	speed: 0.0433s/iter; left time: 2083.9281s
	iters: 200, epoch: 1 | loss: 0.1485849
	speed: 0.0324s/iter; left time: 1555.4914s
	iters: 300, epoch: 1 | loss: 0.1961538
	speed: 0.0325s/iter; left time: 1558.3275s
	iters: 400, epoch: 1 | loss: 0.1813680
	speed: 0.0326s/iter; left time: 1560.1127s
	iters: 500, epoch: 1 | loss: 0.3514527
	speed: 0.0326s/iter; left time: 1557.8194s
	iters: 600, epoch: 1 | loss: 0.2052838
	speed: 0.0323s/iter; left time: 1539.7533s
	iters: 700, epoch: 1 | loss: 0.1049716
	speed: 0.0324s/iter; left time: 1540.9227s
	iters: 800, epoch: 1 | loss: 0.1402436
	speed: 0.0325s/iter; left time: 1543.1567s
	iters: 900, epoch: 1 | loss: 0.1094991
	speed: 0.0325s/iter; left time: 1538.6221s
	iters: 1000, epoch: 1 | loss: 0.2749839
	speed: 0.0322s/iter; left time: 1522.5650s
	iters: 1100, epoch: 1 | loss: 0.1482325
	speed: 0.0325s/iter; left time: 1532.6623s
	iters: 1200, epoch: 1 | loss: 0.1319676
	speed: 0.0323s/iter; left time: 1519.4409s
	iters: 1300, epoch: 1 | loss: 0.1673783
	speed: 0.0327s/iter; left time: 1534.6643s
	iters: 1400, epoch: 1 | loss: 0.0826258
	speed: 0.0331s/iter; left time: 1549.6786s
	iters: 1500, epoch: 1 | loss: 0.2018366
	speed: 0.0324s/iter; left time: 1516.1972s
	iters: 1600, epoch: 1 | loss: 0.1163207
	speed: 0.0323s/iter; left time: 1506.3008s
	iters: 1700, epoch: 1 | loss: 0.1515205
	speed: 0.0325s/iter; left time: 1513.9160s
	iters: 1800, epoch: 1 | loss: 0.1238352
	speed: 0.0325s/iter; left time: 1509.8876s
	iters: 1900, epoch: 1 | loss: 0.0971389
	speed: 0.0323s/iter; left time: 1497.0205s
	iters: 2000, epoch: 1 | loss: 0.1191875
	speed: 0.0325s/iter; left time: 1505.7947s
	iters: 2100, epoch: 1 | loss: 0.1154297
	speed: 0.0324s/iter; left time: 1496.8960s
	iters: 2200, epoch: 1 | loss: 0.1184162
	speed: 0.0323s/iter; left time: 1489.8372s
	iters: 2300, epoch: 1 | loss: 0.1558622
	speed: 0.0327s/iter; left time: 1501.0859s
	iters: 2400, epoch: 1 | loss: 0.1059475
	speed: 0.0326s/iter; left time: 1496.2615s
	iters: 2500, epoch: 1 | loss: 0.0816324
	speed: 0.0323s/iter; left time: 1479.9130s
	iters: 2600, epoch: 1 | loss: 0.0881464
	speed: 0.0325s/iter; left time: 1484.5158s
	iters: 2700, epoch: 1 | loss: 0.0705938
	speed: 0.0324s/iter; left time: 1477.0384s
	iters: 2800, epoch: 1 | loss: 0.1308861
	speed: 0.0324s/iter; left time: 1475.3303s
	iters: 2900, epoch: 1 | loss: 0.0949022
	speed: 0.0324s/iter; left time: 1468.0312s
	iters: 3000, epoch: 1 | loss: 0.0679003
	speed: 0.0324s/iter; left time: 1465.1049s
	iters: 3100, epoch: 1 | loss: 0.1134961
	speed: 0.0324s/iter; left time: 1461.7041s
	iters: 3200, epoch: 1 | loss: 0.1486714
	speed: 0.0326s/iter; left time: 1467.9368s
	iters: 3300, epoch: 1 | loss: 0.1004829
	speed: 0.0323s/iter; left time: 1454.1857s
	iters: 3400, epoch: 1 | loss: 0.1104619
	speed: 0.0323s/iter; left time: 1447.3499s
	iters: 3500, epoch: 1 | loss: 0.0890147
	speed: 0.0322s/iter; left time: 1442.6110s
	iters: 3600, epoch: 1 | loss: 0.0768970
	speed: 0.0324s/iter; left time: 1445.6127s
	iters: 3700, epoch: 1 | loss: 0.0743038
	speed: 0.0328s/iter; left time: 1460.4252s
	iters: 3800, epoch: 1 | loss: 0.0606482
	speed: 0.0325s/iter; left time: 1444.0387s
	iters: 3900, epoch: 1 | loss: 0.0681745
	speed: 0.0324s/iter; left time: 1436.1021s
	iters: 4000, epoch: 1 | loss: 0.0668332
	speed: 0.0322s/iter; left time: 1424.9855s
	iters: 4100, epoch: 1 | loss: 0.0702493
	speed: 0.0325s/iter; left time: 1434.6415s
	iters: 4200, epoch: 1 | loss: 0.0853988
	speed: 0.0328s/iter; left time: 1444.7510s
	iters: 4300, epoch: 1 | loss: 0.0518299
	speed: 0.0326s/iter; left time: 1435.3647s
	iters: 4400, epoch: 1 | loss: 0.0284336
	speed: 0.0324s/iter; left time: 1419.4732s
	iters: 4500, epoch: 1 | loss: 0.0473987
	speed: 0.0325s/iter; left time: 1420.7918s
	iters: 4600, epoch: 1 | loss: 0.1212283
	speed: 0.0326s/iter; left time: 1423.6547s
	iters: 4700, epoch: 1 | loss: 0.0485240
	speed: 0.0322s/iter; left time: 1404.8568s
	iters: 4800, epoch: 1 | loss: 0.0963934
	speed: 0.0323s/iter; left time: 1402.7037s
	iters: 4900, epoch: 1 | loss: 0.0544642
	speed: 0.0323s/iter; left time: 1399.6116s
	iters: 5000, epoch: 1 | loss: 0.0595377
	speed: 0.0323s/iter; left time: 1395.6207s
	iters: 5100, epoch: 1 | loss: 0.0504403
	speed: 0.0328s/iter; left time: 1416.4412s
	iters: 5200, epoch: 1 | loss: 0.0703916
	speed: 0.0325s/iter; left time: 1399.2967s
	iters: 5300, epoch: 1 | loss: 0.0496377
	speed: 0.0324s/iter; left time: 1390.8206s
	iters: 5400, epoch: 1 | loss: 0.0641363
	speed: 0.0323s/iter; left time: 1384.3528s
	iters: 5500, epoch: 1 | loss: 0.0337713
	speed: 0.0324s/iter; left time: 1386.8300s
	iters: 5600, epoch: 1 | loss: 0.0395614
	speed: 0.0322s/iter; left time: 1376.0572s
	iters: 5700, epoch: 1 | loss: 0.0392732
	speed: 0.0322s/iter; left time: 1368.7294s
	iters: 5800, epoch: 1 | loss: 0.0347509
	speed: 0.0326s/iter; left time: 1383.3625s
	iters: 5900, epoch: 1 | loss: 0.0573597
	speed: 0.0323s/iter; left time: 1368.1225s
	iters: 6000, epoch: 1 | loss: 0.0525114
	speed: 0.0324s/iter; left time: 1369.7503s
Epoch: 1 cost time: 196.08601832389832
Epoch: 1, Steps: 6034 | Train Loss: 0.1064895 Vali Loss: 0.5935943 Test Loss: 0.4069590
Validation loss decreased (inf --> 0.593594).  Saving model ...
Updating learning rate to 0.0001
	iters: 100, epoch: 2 | loss: 0.0540427
	speed: 0.4034s/iter; left time: 16998.1076s
	iters: 200, epoch: 2 | loss: 0.0553817
	speed: 0.0323s/iter; left time: 1359.1259s
	iters: 300, epoch: 2 | loss: 0.0422419
	speed: 0.0324s/iter; left time: 1356.7620s
	iters: 400, epoch: 2 | loss: 0.0452567
	speed: 0.0324s/iter; left time: 1356.2245s
	iters: 500, epoch: 2 | loss: 0.0415195
	speed: 0.0324s/iter; left time: 1351.1963s
	iters: 600, epoch: 2 | loss: 0.0584839
	speed: 0.0322s/iter; left time: 1340.7789s
	iters: 700, epoch: 2 | loss: 0.0327294
	speed: 0.0325s/iter; left time: 1350.6726s
	iters: 800, epoch: 2 | loss: 0.0516050
	speed: 0.0324s/iter; left time: 1341.1779s
	iters: 900, epoch: 2 | loss: 0.0353240
	speed: 0.0323s/iter; left time: 1333.4327s
	iters: 1000, epoch: 2 | loss: 0.0444480
	speed: 0.0321s/iter; left time: 1324.9643s
	iters: 1100, epoch: 2 | loss: 0.0659105
	speed: 0.0324s/iter; left time: 1334.1911s
	iters: 1200, epoch: 2 | loss: 0.0550679
	speed: 0.0324s/iter; left time: 1330.0858s
	iters: 1300, epoch: 2 | loss: 0.0624142
	speed: 0.0323s/iter; left time: 1321.9443s
	iters: 1400, epoch: 2 | loss: 0.0554030
	speed: 0.0324s/iter; left time: 1323.8736s
	iters: 1500, epoch: 2 | loss: 0.0439403
	speed: 0.0323s/iter; left time: 1315.4294s
	iters: 1600, epoch: 2 | loss: 0.0370055
	speed: 0.0324s/iter; left time: 1316.9989s
	iters: 1700, epoch: 2 | loss: 0.0363274
	speed: 0.0324s/iter; left time: 1313.5982s
	iters: 1800, epoch: 2 | loss: 0.0398009
	speed: 0.0326s/iter; left time: 1319.0410s
	iters: 1900, epoch: 2 | loss: 0.0382080
	speed: 0.0322s/iter; left time: 1298.8331s
	iters: 2000, epoch: 2 | loss: 0.0354490
	speed: 0.0322s/iter; left time: 1297.0638s
	iters: 2100, epoch: 2 | loss: 0.0619572
	speed: 0.0327s/iter; left time: 1311.8500s
	iters: 2200, epoch: 2 | loss: 0.0529236
	speed: 0.0322s/iter; left time: 1291.1883s
	iters: 2300, epoch: 2 | loss: 0.0344838
	speed: 0.0324s/iter; left time: 1293.0439s
	iters: 2400, epoch: 2 | loss: 0.0315028
	speed: 0.0326s/iter; left time: 1298.2457s
	iters: 2500, epoch: 2 | loss: 0.0308773
	speed: 0.0322s/iter; left time: 1279.1155s
	iters: 2600, epoch: 2 | loss: 0.0333621
	speed: 0.0326s/iter; left time: 1292.9414s
	iters: 2700, epoch: 2 | loss: 0.0331692
	speed: 0.0323s/iter; left time: 1278.3601s
	iters: 2800, epoch: 2 | loss: 0.0347715
	speed: 0.0322s/iter; left time: 1271.3369s
	iters: 2900, epoch: 2 | loss: 0.0368305
	speed: 0.0324s/iter; left time: 1274.7224s
	iters: 3000, epoch: 2 | loss: 0.0261202
	speed: 0.0328s/iter; left time: 1287.0631s
	iters: 3100, epoch: 2 | loss: 0.0370870
	speed: 0.0323s/iter; left time: 1264.5377s
	iters: 3200, epoch: 2 | loss: 0.0465265
	speed: 0.0322s/iter; left time: 1256.9812s
	iters: 3300, epoch: 2 | loss: 0.0408685
	speed: 0.0324s/iter; left time: 1261.0015s
	iters: 3400, epoch: 2 | loss: 0.0509672
	speed: 0.0322s/iter; left time: 1248.9357s
	iters: 3500, epoch: 2 | loss: 0.0562562
	speed: 0.0324s/iter; left time: 1256.0610s
	iters: 3600, epoch: 2 | loss: 0.0421445
	speed: 0.0325s/iter; left time: 1255.3107s
	iters: 3700, epoch: 2 | loss: 0.0268750
	speed: 0.0321s/iter; left time: 1237.3507s
	iters: 3800, epoch: 2 | loss: 0.0428054
	speed: 0.0323s/iter; left time: 1239.7857s
	iters: 3900, epoch: 2 | loss: 0.0356995
	speed: 0.0323s/iter; left time: 1236.8904s
	iters: 4000, epoch: 2 | loss: 0.0564396
	speed: 0.0325s/iter; left time: 1242.5974s
	iters: 4100, epoch: 2 | loss: 0.0268070
	speed: 0.0323s/iter; left time: 1231.8057s
	iters: 4200, epoch: 2 | loss: 0.0180882
	speed: 0.0324s/iter; left time: 1231.8337s
	iters: 4300, epoch: 2 | loss: 0.0310677
	speed: 0.0323s/iter; left time: 1224.2843s
	iters: 4400, epoch: 2 | loss: 0.0309705
	speed: 0.0326s/iter; left time: 1232.1263s
	iters: 4500, epoch: 2 | loss: 0.0358405
	speed: 0.0325s/iter; left time: 1225.7935s
	iters: 4600, epoch: 2 | loss: 0.0246712
	speed: 0.0325s/iter; left time: 1223.1302s
	iters: 4700, epoch: 2 | loss: 0.0199711
	speed: 0.0323s/iter; left time: 1211.1230s
	iters: 4800, epoch: 2 | loss: 0.0423524
	speed: 0.0323s/iter; left time: 1209.2042s
	iters: 4900, epoch: 2 | loss: 0.0327772
	speed: 0.0325s/iter; left time: 1213.9544s
	iters: 5000, epoch: 2 | loss: 0.0316064
	speed: 0.0322s/iter; left time: 1200.4934s
	iters: 5100, epoch: 2 | loss: 0.0203890
	speed: 0.0321s/iter; left time: 1191.5931s
	iters: 5200, epoch: 2 | loss: 0.0624743
	speed: 0.0325s/iter; left time: 1203.9647s
	iters: 5300, epoch: 2 | loss: 0.0394018
	speed: 0.0323s/iter; left time: 1194.0220s
	iters: 5400, epoch: 2 | loss: 0.0352829
	speed: 0.0324s/iter; left time: 1195.0337s
	iters: 5500, epoch: 2 | loss: 0.0270639
	speed: 0.0324s/iter; left time: 1189.7452s
	iters: 5600, epoch: 2 | loss: 0.0249693
	speed: 0.0322s/iter; left time: 1179.7765s
	iters: 5700, epoch: 2 | loss: 0.0252929
	speed: 0.0322s/iter; left time: 1176.0218s
	iters: 5800, epoch: 2 | loss: 0.0337470
	speed: 0.0332s/iter; left time: 1209.8909s
	iters: 5900, epoch: 2 | loss: 0.0329809
	speed: 0.0324s/iter; left time: 1177.7365s
	iters: 6000, epoch: 2 | loss: 0.0249143
	speed: 0.0323s/iter; left time: 1170.1180s
Epoch: 2 cost time: 195.33926701545715
Epoch: 2, Steps: 6034 | Train Loss: 0.0386372 Vali Loss: 0.6509251 Test Loss: 0.3538921
EarlyStopping counter: 1 out of 3
Updating learning rate to 5e-05
	iters: 100, epoch: 3 | loss: 0.0257022
	speed: 0.3999s/iter; left time: 14437.1502s
	iters: 200, epoch: 3 | loss: 0.0336162
	speed: 0.0323s/iter; left time: 1162.3591s
	iters: 300, epoch: 3 | loss: 0.0183839
	speed: 0.0321s/iter; left time: 1153.8297s
	iters: 400, epoch: 3 | loss: 0.0274201
	speed: 0.0321s/iter; left time: 1150.6905s
	iters: 500, epoch: 3 | loss: 0.0280662
	speed: 0.0326s/iter; left time: 1163.2541s
	iters: 600, epoch: 3 | loss: 0.0324771
	speed: 0.0321s/iter; left time: 1143.6769s
	iters: 700, epoch: 3 | loss: 0.0223734
	speed: 0.0320s/iter; left time: 1136.9089s
	iters: 800, epoch: 3 | loss: 0.0197141
	speed: 0.0322s/iter; left time: 1139.5501s
	iters: 900, epoch: 3 | loss: 0.0310628
	speed: 0.0322s/iter; left time: 1138.4728s
	iters: 1000, epoch: 3 | loss: 0.0239219
	speed: 0.0324s/iter; left time: 1141.1460s
	iters: 1100, epoch: 3 | loss: 0.0220632
	speed: 0.0322s/iter; left time: 1129.3730s
	iters: 1200, epoch: 3 | loss: 0.0274259
	speed: 0.0323s/iter; left time: 1130.9959s
	iters: 1300, epoch: 3 | loss: 0.0178962
	speed: 0.0321s/iter; left time: 1119.2796s
	iters: 1400, epoch: 3 | loss: 0.0170709
	speed: 0.0320s/iter; left time: 1113.5995s
	iters: 1500, epoch: 3 | loss: 0.0271895
	speed: 0.0326s/iter; left time: 1130.2857s
	iters: 1600, epoch: 3 | loss: 0.0180915
	speed: 0.0321s/iter; left time: 1110.7453s
	iters: 1700, epoch: 3 | loss: 0.0247245
	speed: 0.0323s/iter; left time: 1113.3145s
	iters: 1800, epoch: 3 | loss: 0.0226059
	speed: 0.0324s/iter; left time: 1114.4683s
	iters: 1900, epoch: 3 | loss: 0.0248590
	speed: 0.0323s/iter; left time: 1106.6350s
	iters: 2000, epoch: 3 | loss: 0.0179844
	speed: 0.0321s/iter; left time: 1099.0566s
	iters: 2100, epoch: 3 | loss: 0.0225778
	speed: 0.0325s/iter; left time: 1107.3571s
	iters: 2200, epoch: 3 | loss: 0.0204025
	speed: 0.0322s/iter; left time: 1096.5295s
	iters: 2300, epoch: 3 | loss: 0.0243281
	speed: 0.0320s/iter; left time: 1086.0030s
	iters: 2400, epoch: 3 | loss: 0.0156449
	speed: 0.0326s/iter; left time: 1101.3666s
	iters: 2500, epoch: 3 | loss: 0.0266250
	speed: 0.0322s/iter; left time: 1086.4450s
	iters: 2600, epoch: 3 | loss: 0.0191386
	speed: 0.0322s/iter; left time: 1081.0053s
	iters: 2700, epoch: 3 | loss: 0.0221178
	speed: 0.0324s/iter; left time: 1086.4267s
	iters: 2800, epoch: 3 | loss: 0.0185084
	speed: 0.0322s/iter; left time: 1076.5200s
	iters: 2900, epoch: 3 | loss: 0.0184494
	speed: 0.0321s/iter; left time: 1068.6616s
	iters: 3000, epoch: 3 | loss: 0.0227364
	speed: 0.0321s/iter; left time: 1067.3722s
	iters: 3100, epoch: 3 | loss: 0.0232152
	speed: 0.0322s/iter; left time: 1065.0456s
	iters: 3200, epoch: 3 | loss: 0.0185010
	speed: 0.0322s/iter; left time: 1063.6187s
	iters: 3300, epoch: 3 | loss: 0.0232672
	speed: 0.0328s/iter; left time: 1078.0124s
	iters: 3400, epoch: 3 | loss: 0.0176207
	speed: 0.0325s/iter; left time: 1067.6268s
	iters: 3500, epoch: 3 | loss: 0.0211637
	speed: 0.0322s/iter; left time: 1052.2411s
	iters: 3600, epoch: 3 | loss: 0.0252736
	speed: 0.0322s/iter; left time: 1050.0233s
	iters: 3700, epoch: 3 | loss: 0.0183723
	speed: 0.0323s/iter; left time: 1051.4944s
	iters: 3800, epoch: 3 | loss: 0.0203195
	speed: 0.0325s/iter; left time: 1051.7978s
	iters: 3900, epoch: 3 | loss: 0.0181134
	speed: 0.0321s/iter; left time: 1036.8237s
	iters: 4000, epoch: 3 | loss: 0.0131897
	speed: 0.0323s/iter; left time: 1041.7177s
	iters: 4100, epoch: 3 | loss: 0.0292758
	speed: 0.0322s/iter; left time: 1033.6047s
	iters: 4200, epoch: 3 | loss: 0.0126328
	speed: 0.0322s/iter; left time: 1030.2144s
	iters: 4300, epoch: 3 | loss: 0.0133893
	speed: 0.0326s/iter; left time: 1040.9940s
	iters: 4400, epoch: 3 | loss: 0.0236473
	speed: 0.0322s/iter; left time: 1025.2493s
	iters: 4500, epoch: 3 | loss: 0.0182528
	speed: 0.0322s/iter; left time: 1020.3541s
	iters: 4600, epoch: 3 | loss: 0.0265976
	speed: 0.0323s/iter; left time: 1021.3143s
	iters: 4700, epoch: 3 | loss: 0.0219833
	speed: 0.0324s/iter; left time: 1022.0774s
	iters: 4800, epoch: 3 | loss: 0.0200052
	speed: 0.0322s/iter; left time: 1010.3394s
	iters: 4900, epoch: 3 | loss: 0.0127572
	speed: 0.0325s/iter; left time: 1018.6728s
	iters: 5000, epoch: 3 | loss: 0.0257837
	speed: 0.0321s/iter; left time: 1001.2475s
	iters: 5100, epoch: 3 | loss: 0.0172109
	speed: 0.0322s/iter; left time: 1000.9438s
	iters: 5200, epoch: 3 | loss: 0.0216258
	speed: 0.0323s/iter; left time: 1001.4755s
	iters: 5300, epoch: 3 | loss: 0.0125183
	speed: 0.0324s/iter; left time: 1000.8877s
	iters: 5400, epoch: 3 | loss: 0.0222012
	speed: 0.0323s/iter; left time: 996.2858s
	iters: 5500, epoch: 3 | loss: 0.0172540
	speed: 0.0325s/iter; left time: 997.1235s
	iters: 5600, epoch: 3 | loss: 0.0246655
	speed: 0.0325s/iter; left time: 995.0425s
	iters: 5700, epoch: 3 | loss: 0.0178236
	speed: 0.0323s/iter; left time: 984.8392s
	iters: 5800, epoch: 3 | loss: 0.0154325
	speed: 0.0321s/iter; left time: 977.2500s
	iters: 5900, epoch: 3 | loss: 0.0149827
	speed: 0.0322s/iter; left time: 977.2551s
	iters: 6000, epoch: 3 | loss: 0.0182142
	speed: 0.0322s/iter; left time: 972.3087s
Epoch: 3 cost time: 194.77615451812744
Epoch: 3, Steps: 6034 | Train Loss: 0.0207074 Vali Loss: 0.6296245 Test Loss: 0.3809895
EarlyStopping counter: 2 out of 3
Updating learning rate to 2.5e-05
	iters: 100, epoch: 4 | loss: 0.0181980
	speed: 0.4002s/iter; left time: 12033.1927s
	iters: 200, epoch: 4 | loss: 0.0194101
	speed: 0.0322s/iter; left time: 965.4080s
	iters: 300, epoch: 4 | loss: 0.0151309
	speed: 0.0325s/iter; left time: 971.7903s
	iters: 400, epoch: 4 | loss: 0.0146730
	speed: 0.0323s/iter; left time: 961.4055s
	iters: 500, epoch: 4 | loss: 0.0185569
	speed: 0.0322s/iter; left time: 955.4066s
	iters: 600, epoch: 4 | loss: 0.0124285
	speed: 0.0322s/iter; left time: 952.5111s
	iters: 700, epoch: 4 | loss: 0.0100043
	speed: 0.0320s/iter; left time: 943.5473s
	iters: 800, epoch: 4 | loss: 0.0170959
	speed: 0.0328s/iter; left time: 962.2353s
	iters: 900, epoch: 4 | loss: 0.0199074
	speed: 0.0324s/iter; left time: 948.8933s
	iters: 1000, epoch: 4 | loss: 0.0147457
	speed: 0.0323s/iter; left time: 942.2378s
	iters: 1100, epoch: 4 | loss: 0.0149354
	speed: 0.0323s/iter; left time: 937.6522s
	iters: 1200, epoch: 4 | loss: 0.0160916
	speed: 0.0324s/iter; left time: 937.2490s
	iters: 1300, epoch: 4 | loss: 0.0164493
	speed: 0.0325s/iter; left time: 937.8642s
	iters: 1400, epoch: 4 | loss: 0.0170665
	speed: 0.0322s/iter; left time: 927.7577s
	iters: 1500, epoch: 4 | loss: 0.0116359
	speed: 0.0323s/iter; left time: 927.0775s
	iters: 1600, epoch: 4 | loss: 0.0197156
	speed: 0.0324s/iter; left time: 926.1695s
	iters: 1700, epoch: 4 | loss: 0.0168179
	speed: 0.0322s/iter; left time: 917.7197s
	iters: 1800, epoch: 4 | loss: 0.0128207
	speed: 0.0328s/iter; left time: 929.6251s
	iters: 1900, epoch: 4 | loss: 0.0105663
	speed: 0.0324s/iter; left time: 915.5244s
	iters: 2000, epoch: 4 | loss: 0.0152288
	speed: 0.0322s/iter; left time: 905.9772s
	iters: 2100, epoch: 4 | loss: 0.0148927
	speed: 0.0323s/iter; left time: 907.0587s
	iters: 2200, epoch: 4 | loss: 0.0122502
	speed: 0.0328s/iter; left time: 916.6501s
	iters: 2300, epoch: 4 | loss: 0.0109319
	speed: 0.0323s/iter; left time: 901.0294s
	iters: 2400, epoch: 4 | loss: 0.0186154
	speed: 0.0323s/iter; left time: 898.3632s
	iters: 2500, epoch: 4 | loss: 0.0151790
	speed: 0.0326s/iter; left time: 901.7688s
	iters: 2600, epoch: 4 | loss: 0.0152147
	speed: 0.0326s/iter; left time: 898.3564s
	iters: 2700, epoch: 4 | loss: 0.0173031
	speed: 0.0326s/iter; left time: 896.8142s
	iters: 2800, epoch: 4 | loss: 0.0184514
	speed: 0.0325s/iter; left time: 889.7082s
	iters: 2900, epoch: 4 | loss: 0.0108965
	speed: 0.0324s/iter; left time: 884.1708s
	iters: 3000, epoch: 4 | loss: 0.0159655
	speed: 0.0322s/iter; left time: 875.4888s
	iters: 3100, epoch: 4 | loss: 0.0186426
	speed: 0.0328s/iter; left time: 888.2946s
	iters: 3200, epoch: 4 | loss: 0.0130260
	speed: 0.0327s/iter; left time: 880.7572s
	iters: 3300, epoch: 4 | loss: 0.0137132
	speed: 0.0324s/iter; left time: 870.5192s
	iters: 3400, epoch: 4 | loss: 0.0125050
	speed: 0.0324s/iter; left time: 866.5872s
	iters: 3500, epoch: 4 | loss: 0.0101400
	speed: 0.0324s/iter; left time: 863.4439s
	iters: 3600, epoch: 4 | loss: 0.0178905
	speed: 0.0325s/iter; left time: 864.6574s
	iters: 3700, epoch: 4 | loss: 0.0172782
	speed: 0.0327s/iter; left time: 864.6199s
	iters: 3800, epoch: 4 | loss: 0.0149345
	speed: 0.0322s/iter; left time: 849.4699s
	iters: 3900, epoch: 4 | loss: 0.0172359
	speed: 0.0323s/iter; left time: 848.9735s
	iters: 4000, epoch: 4 | loss: 0.0149822
	speed: 0.0323s/iter; left time: 846.3379s
	iters: 4100, epoch: 4 | loss: 0.0133239
	speed: 0.0330s/iter; left time: 861.1458s
	iters: 4200, epoch: 4 | loss: 0.0156990
	speed: 0.0322s/iter; left time: 836.5528s
	iters: 4300, epoch: 4 | loss: 0.0108424
	speed: 0.0322s/iter; left time: 832.7992s
	iters: 4400, epoch: 4 | loss: 0.0108002
	speed: 0.0322s/iter; left time: 830.9825s
	iters: 4500, epoch: 4 | loss: 0.0155420
	speed: 0.0326s/iter; left time: 836.9022s
	iters: 4600, epoch: 4 | loss: 0.0123906
	speed: 0.0323s/iter; left time: 825.4544s
	iters: 4700, epoch: 4 | loss: 0.0170730
	speed: 0.0323s/iter; left time: 822.6028s
	iters: 4800, epoch: 4 | loss: 0.0134004
	speed: 0.0323s/iter; left time: 819.5786s
	iters: 4900, epoch: 4 | loss: 0.0129564
	speed: 0.0322s/iter; left time: 813.8227s
	iters: 5000, epoch: 4 | loss: 0.0156947
	speed: 0.0327s/iter; left time: 824.0224s
	iters: 5100, epoch: 4 | loss: 0.0110213
	speed: 0.0323s/iter; left time: 809.9604s
	iters: 5200, epoch: 4 | loss: 0.0138171
	speed: 0.0322s/iter; left time: 802.8369s
	iters: 5300, epoch: 4 | loss: 0.0216611
	speed: 0.0327s/iter; left time: 812.9563s
	iters: 5400, epoch: 4 | loss: 0.0145406
	speed: 0.0322s/iter; left time: 797.1659s
	iters: 5500, epoch: 4 | loss: 0.0145290
	speed: 0.0324s/iter; left time: 799.2082s
	iters: 5600, epoch: 4 | loss: 0.0142670
	speed: 0.0327s/iter; left time: 802.2759s
	iters: 5700, epoch: 4 | loss: 0.0092979
	speed: 0.0323s/iter; left time: 790.9593s
	iters: 5800, epoch: 4 | loss: 0.0160032
	speed: 0.0322s/iter; left time: 783.7405s
	iters: 5900, epoch: 4 | loss: 0.0110247
	speed: 0.0325s/iter; left time: 788.1773s
	iters: 6000, epoch: 4 | loss: 0.0176259
	speed: 0.0324s/iter; left time: 781.9624s
Epoch: 4 cost time: 195.49419856071472
Epoch: 4, Steps: 6034 | Train Loss: 0.0153680 Vali Loss: 0.7023913 Test Loss: 0.4213754
EarlyStopping counter: 3 out of 3
Early stopping
>>>>>>>testing : informerstack_custom_ftMS_sl336_ll168_pl168_dm256_nh8_el4_dl2_df1024_atprob_fc5_ebtimeF_dtTrue_mxTrue_exp_125_0<<<<<<<<<<<<<<<<<<<<<<<<<<<<<<<<<
test 13769
test shape: (1721, 8, 168, 1) (1721, 8, 168, 1)
test shape: (13768, 168, 1) (13768, 168, 1)
mse:0.40713587403297424, mae:0.5340892672538757, r2:-1.3869802951812744


Parsed metrics from Informer output (normalized scale):
  MSE:  0.4071
  MAE:  0.5341
  RMSE: 0.6381
  R2:   -1.3870

Metrics after inverse transformation (original scale):
  MSE:  28.3583
  MAE:  4.4574
  RMSE: 5.3253
  R2:   -1.3870
Warning: Failed to record experiment: 'gbk' codec can't encode character '\u2713' in position 0: illegal multibyte sequence
  Training time: 951.58s
  RMSE: 5.3253
  MAE:  4.4574
  R2:   -1.3870

Saving results...
  Model: Native Informer (saved in external/Informer2020/checkpoints/)
  Predictions: Not saved (native Informer handles this internally)
  Metrics: E:\ANUS_learning\MSI5001-power-transformer-oil-temperature-prediction\models\experiments\exp_125_metrics.json
  Plot: Skipped (native Informer handles visualization internally)

======================================================================
Experiment complete: exp_125
======================================================================

======================================================================
Completed: 2025-11-07 19:43:22
Return code: 0
======================================================================
