======================================================================
Experiment Log
Started: 2025-11-07 19:43:22
Command: C:\ProgramData\anaconda3\python.exe -m scripts.train_configurable --tx-id 1 --model Informer-Long --split-method chronological --feature-mode full --lookback-multiplier 4.0 --horizon 168 --experiment-name exp_126 --data-suffix _no_outlier --e-layers 3 --d-layers 3
======================================================================

======================================================================
Experiment: exp_126
======================================================================
Transformer:     TX1
Model:           Informer-Long
Split method:    chronological
Feature mode:    full
Data suffix:     _no_outlier

Loading data...
  Total samples: 69680
  Added TX1 dynamic features
  Features: 21 columns

Window config: WindowConfig(horizon=168, lookback=672, gap=0)
Creating sliding windows for Informer-Long (keeping sequence structure)...
  Created 68840 windows (shape: (68840, 672, 21))
Splitting windows (chronological, 20% test)...
  Train: 55072 windows
  Test:  13768 windows

Training Informer-Long...

Calling native Informer from: E:\ANUS_learning\MSI5001-power-transformer-oil-temperature-prediction\external\Informer2020
Command: C:\ProgramData\anaconda3\python.exe E:\ANUS_learning\MSI5001-power-transformer-oil-temperature-prediction\external\Informer2020\main_informer.py --model informerstack --data custom --root_path ./data/ --data_path TX1.csv --features MS --target OT --freq h --seq_len 336 --label_len 168 --pred_len 168 --enc_in 6 --dec_in 1 --c_out 1 --d_model 256 --n_heads 8 --e_layers 3 --d_layers 3 --d_ff 1024 --factor 5 --dropout 0.05 --attn prob --embed timeF --activation gelu --batch_size 8 --train_epochs 8 --patience 3 --learning_rate 0.0001 --des exp_126 --itr 1
Args in experiment:
Namespace(model='informerstack', data='custom', root_path='./data/', data_path='TX1.csv', features='MS', target='OT', freq='h', checkpoints='./checkpoints/', seq_len=336, label_len=168, pred_len=168, enc_in=6, dec_in=1, c_out=1, d_model=256, n_heads=8, e_layers=3, d_layers=3, s_layers=[3, 2, 1], d_ff=1024, factor=5, padding=0, distil=True, dropout=0.05, attn='prob', embed='timeF', activation='gelu', output_attention=False, do_predict=False, mix=True, cols=None, num_workers=0, itr=1, train_epochs=8, batch_size=8, patience=3, learning_rate=0.0001, des='exp_126', loss='mse', lradj='type1', use_amp=False, inverse=False, use_gpu=True, gpu=0, use_multi_gpu=False, devices='0,1,2,3', detail_freq='h')
Use GPU: cuda:0
>>>>>>>start training : informerstack_custom_ftMS_sl336_ll168_pl168_dm256_nh8_el3_dl3_df1024_atprob_fc5_ebtimeF_dtTrue_mxTrue_exp_126_0>>>>>>>>>>>>>>>>>>>>>>>>>>
train 48273
val 6801
test 13769
	iters: 100, epoch: 1 | loss: 0.1457715
	speed: 0.0480s/iter; left time: 2313.9767s
	iters: 200, epoch: 1 | loss: 0.2425154
	speed: 0.0370s/iter; left time: 1779.7122s
	iters: 300, epoch: 1 | loss: 0.1891668
	speed: 0.0370s/iter; left time: 1773.8554s
	iters: 400, epoch: 1 | loss: 0.1937848
	speed: 0.0369s/iter; left time: 1768.2466s
	iters: 500, epoch: 1 | loss: 0.2689104
	speed: 0.0372s/iter; left time: 1778.7075s
	iters: 600, epoch: 1 | loss: 0.1321464
	speed: 0.0370s/iter; left time: 1762.7655s
	iters: 700, epoch: 1 | loss: 0.2149219
	speed: 0.0371s/iter; left time: 1762.7234s
	iters: 800, epoch: 1 | loss: 0.1370957
	speed: 0.0369s/iter; left time: 1753.3302s
	iters: 900, epoch: 1 | loss: 0.1187700
	speed: 0.0371s/iter; left time: 1756.4384s
	iters: 1000, epoch: 1 | loss: 0.0953629
	speed: 0.0370s/iter; left time: 1746.9048s
	iters: 1100, epoch: 1 | loss: 0.1182622
	speed: 0.0370s/iter; left time: 1746.9251s
	iters: 1200, epoch: 1 | loss: 0.1182831
	speed: 0.0370s/iter; left time: 1742.7560s
	iters: 1300, epoch: 1 | loss: 0.2155280
	speed: 0.0373s/iter; left time: 1753.8170s
	iters: 1400, epoch: 1 | loss: 0.0682337
	speed: 0.0371s/iter; left time: 1737.8026s
	iters: 1500, epoch: 1 | loss: 0.1009161
	speed: 0.0370s/iter; left time: 1729.2316s
	iters: 1600, epoch: 1 | loss: 0.1059531
	speed: 0.0369s/iter; left time: 1723.3611s
	iters: 1700, epoch: 1 | loss: 0.1413817
	speed: 0.0373s/iter; left time: 1737.8526s
	iters: 1800, epoch: 1 | loss: 0.0546806
	speed: 0.0372s/iter; left time: 1730.9501s
	iters: 1900, epoch: 1 | loss: 0.0919336
	speed: 0.0370s/iter; left time: 1717.2070s
	iters: 2000, epoch: 1 | loss: 0.0866274
	speed: 0.0372s/iter; left time: 1721.1045s
	iters: 2100, epoch: 1 | loss: 0.0566057
	speed: 0.0373s/iter; left time: 1722.9548s
	iters: 2200, epoch: 1 | loss: 0.0701636
	speed: 0.0372s/iter; left time: 1714.8456s
	iters: 2300, epoch: 1 | loss: 0.1015516
	speed: 0.0370s/iter; left time: 1700.6688s
	iters: 2400, epoch: 1 | loss: 0.0873957
	speed: 0.0370s/iter; left time: 1698.5507s
	iters: 2500, epoch: 1 | loss: 0.2262708
	speed: 0.0370s/iter; left time: 1694.9019s
	iters: 2600, epoch: 1 | loss: 0.0807640
	speed: 0.0371s/iter; left time: 1692.9178s
	iters: 2700, epoch: 1 | loss: 0.1042152
	speed: 0.0370s/iter; left time: 1686.9353s
	iters: 2800, epoch: 1 | loss: 0.0464796
	speed: 0.0372s/iter; left time: 1689.8704s
	iters: 2900, epoch: 1 | loss: 0.0630839
	speed: 0.0371s/iter; left time: 1682.2270s
	iters: 3000, epoch: 1 | loss: 0.0790299
	speed: 0.0370s/iter; left time: 1674.7686s
	iters: 3100, epoch: 1 | loss: 0.1334648
	speed: 0.0371s/iter; left time: 1675.1962s
	iters: 3200, epoch: 1 | loss: 0.1071040
	speed: 0.0370s/iter; left time: 1668.6827s
	iters: 3300, epoch: 1 | loss: 0.0638903
	speed: 0.0371s/iter; left time: 1666.6676s
	iters: 3400, epoch: 1 | loss: 0.0507860
	speed: 0.0371s/iter; left time: 1663.6788s
	iters: 3500, epoch: 1 | loss: 0.0850990
	speed: 0.0368s/iter; left time: 1649.4561s
	iters: 3600, epoch: 1 | loss: 0.0643495
	speed: 0.0370s/iter; left time: 1654.0112s
	iters: 3700, epoch: 1 | loss: 0.0515567
	speed: 0.0375s/iter; left time: 1669.6335s
	iters: 3800, epoch: 1 | loss: 0.0599681
	speed: 0.0374s/iter; left time: 1663.1404s
	iters: 3900, epoch: 1 | loss: 0.0635047
	speed: 0.0369s/iter; left time: 1636.4479s
	iters: 4000, epoch: 1 | loss: 0.0576671
	speed: 0.0375s/iter; left time: 1660.2153s
	iters: 4100, epoch: 1 | loss: 0.0864144
	speed: 0.0373s/iter; left time: 1648.7942s
	iters: 4200, epoch: 1 | loss: 0.0592463
	speed: 0.0374s/iter; left time: 1649.3517s
	iters: 4300, epoch: 1 | loss: 0.0547956
	speed: 0.0370s/iter; left time: 1626.0244s
	iters: 4400, epoch: 1 | loss: 0.0522397
	speed: 0.0370s/iter; left time: 1621.1393s
	iters: 4500, epoch: 1 | loss: 0.0500559
	speed: 0.0370s/iter; left time: 1618.3031s
	iters: 4600, epoch: 1 | loss: 0.0347083
	speed: 0.0371s/iter; left time: 1620.3289s
	iters: 4700, epoch: 1 | loss: 0.0607836
	speed: 0.0369s/iter; left time: 1607.0302s
	iters: 4800, epoch: 1 | loss: 0.0634735
	speed: 0.0370s/iter; left time: 1608.4167s
	iters: 4900, epoch: 1 | loss: 0.0616321
	speed: 0.0397s/iter; left time: 1723.5481s
	iters: 5000, epoch: 1 | loss: 0.0672690
	speed: 0.0377s/iter; left time: 1632.9609s
	iters: 5100, epoch: 1 | loss: 0.0571440
	speed: 0.0370s/iter; left time: 1597.8079s
	iters: 5200, epoch: 1 | loss: 0.0697591
	speed: 0.0368s/iter; left time: 1586.7935s
	iters: 5300, epoch: 1 | loss: 0.0956743
	speed: 0.0368s/iter; left time: 1580.0779s
	iters: 5400, epoch: 1 | loss: 0.0458006
	speed: 0.0371s/iter; left time: 1590.5432s
	iters: 5500, epoch: 1 | loss: 0.0568828
	speed: 0.0370s/iter; left time: 1581.4915s
	iters: 5600, epoch: 1 | loss: 0.0463740
	speed: 0.0371s/iter; left time: 1582.6940s
	iters: 5700, epoch: 1 | loss: 0.0620630
	speed: 0.0371s/iter; left time: 1577.3852s
	iters: 5800, epoch: 1 | loss: 0.0647151
	speed: 0.0371s/iter; left time: 1577.2546s
	iters: 5900, epoch: 1 | loss: 0.0509884
	speed: 0.0371s/iter; left time: 1570.0183s
	iters: 6000, epoch: 1 | loss: 0.0370279
	speed: 0.0372s/iter; left time: 1573.0898s
Epoch: 1 cost time: 224.48340439796448
Epoch: 1, Steps: 6034 | Train Loss: 0.1045896 Vali Loss: 0.8568286 Test Loss: 0.5876129
Validation loss decreased (inf --> 0.856829).  Saving model ...
Updating learning rate to 0.0001
	iters: 100, epoch: 2 | loss: 0.0325020
	speed: 0.4573s/iter; left time: 19271.0317s
	iters: 200, epoch: 2 | loss: 0.0425431
	speed: 0.0371s/iter; left time: 1560.8072s
	iters: 300, epoch: 2 | loss: 0.0389389
	speed: 0.0372s/iter; left time: 1558.2102s
	iters: 400, epoch: 2 | loss: 0.0494446
	speed: 0.0370s/iter; left time: 1546.3439s
	iters: 500, epoch: 2 | loss: 0.0398911
	speed: 0.0368s/iter; left time: 1535.4998s
	iters: 600, epoch: 2 | loss: 0.0430920
	speed: 0.0371s/iter; left time: 1545.0419s
	iters: 700, epoch: 2 | loss: 0.0812859
	speed: 0.0372s/iter; left time: 1546.1070s
	iters: 800, epoch: 2 | loss: 0.0476894
	speed: 0.0370s/iter; left time: 1533.2705s
	iters: 900, epoch: 2 | loss: 0.0605391
	speed: 0.0367s/iter; left time: 1518.7441s
	iters: 1000, epoch: 2 | loss: 0.0479597
	speed: 0.0371s/iter; left time: 1528.2873s
	iters: 1100, epoch: 2 | loss: 0.0396635
	speed: 0.0375s/iter; left time: 1542.6655s
	iters: 1200, epoch: 2 | loss: 0.0348537
	speed: 0.0371s/iter; left time: 1523.6216s
	iters: 1300, epoch: 2 | loss: 0.0544083
	speed: 0.0373s/iter; left time: 1527.8244s
	iters: 1400, epoch: 2 | loss: 0.0346319
	speed: 0.0371s/iter; left time: 1513.4496s
	iters: 1500, epoch: 2 | loss: 0.0363079
	speed: 0.0373s/iter; left time: 1520.1363s
	iters: 1600, epoch: 2 | loss: 0.0293468
	speed: 0.0369s/iter; left time: 1499.4591s
	iters: 1700, epoch: 2 | loss: 0.0323843
	speed: 0.0369s/iter; left time: 1496.7184s
	iters: 1800, epoch: 2 | loss: 0.0264697
	speed: 0.0370s/iter; left time: 1496.5305s
	iters: 1900, epoch: 2 | loss: 0.0547720
	speed: 0.0373s/iter; left time: 1503.1574s
	iters: 2000, epoch: 2 | loss: 0.0375121
	speed: 0.0372s/iter; left time: 1496.1651s
	iters: 2100, epoch: 2 | loss: 0.0433424
	speed: 0.0372s/iter; left time: 1493.1194s
	iters: 2200, epoch: 2 | loss: 0.0458548
	speed: 0.0370s/iter; left time: 1480.2161s
	iters: 2300, epoch: 2 | loss: 0.0220463
	speed: 0.0369s/iter; left time: 1472.7694s
	iters: 2400, epoch: 2 | loss: 0.0230757
	speed: 0.0371s/iter; left time: 1478.7200s
	iters: 2500, epoch: 2 | loss: 0.0476963
	speed: 0.0370s/iter; left time: 1470.5455s
	iters: 2600, epoch: 2 | loss: 0.0269635
	speed: 0.0370s/iter; left time: 1465.7256s
	iters: 2700, epoch: 2 | loss: 0.0376777
	speed: 0.0375s/iter; left time: 1480.9770s
	iters: 2800, epoch: 2 | loss: 0.0497101
	speed: 0.0368s/iter; left time: 1451.2243s
	iters: 2900, epoch: 2 | loss: 0.0511552
	speed: 0.0372s/iter; left time: 1462.6460s
	iters: 3000, epoch: 2 | loss: 0.0383281
	speed: 0.0370s/iter; left time: 1451.7232s
	iters: 3100, epoch: 2 | loss: 0.0408448
	speed: 0.0372s/iter; left time: 1457.4630s
	iters: 3200, epoch: 2 | loss: 0.0328566
	speed: 0.0372s/iter; left time: 1452.4698s
	iters: 3300, epoch: 2 | loss: 0.0346890
	speed: 0.0368s/iter; left time: 1433.8385s
	iters: 3400, epoch: 2 | loss: 0.1035614
	speed: 0.0372s/iter; left time: 1443.0669s
	iters: 3500, epoch: 2 | loss: 0.0410231
	speed: 0.0371s/iter; left time: 1437.9700s
	iters: 3600, epoch: 2 | loss: 0.0403102
	speed: 0.0370s/iter; left time: 1430.2968s
	iters: 3700, epoch: 2 | loss: 0.0246335
	speed: 0.0369s/iter; left time: 1420.5561s
	iters: 3800, epoch: 2 | loss: 0.0374422
	speed: 0.0368s/iter; left time: 1414.8309s
	iters: 3900, epoch: 2 | loss: 0.0309986
	speed: 0.0372s/iter; left time: 1425.6657s
	iters: 4000, epoch: 2 | loss: 0.0362532
	speed: 0.0376s/iter; left time: 1438.3696s
	iters: 4100, epoch: 2 | loss: 0.0251101
	speed: 0.0371s/iter; left time: 1414.6929s
	iters: 4200, epoch: 2 | loss: 0.0294408
	speed: 0.0369s/iter; left time: 1402.5536s
	iters: 4300, epoch: 2 | loss: 0.0305497
	speed: 0.0374s/iter; left time: 1417.6554s
	iters: 4400, epoch: 2 | loss: 0.0222613
	speed: 0.0372s/iter; left time: 1406.4568s
	iters: 4500, epoch: 2 | loss: 0.0335861
	speed: 0.0369s/iter; left time: 1394.2642s
	iters: 4600, epoch: 2 | loss: 0.0261662
	speed: 0.0369s/iter; left time: 1390.4456s
	iters: 4700, epoch: 2 | loss: 0.0224123
	speed: 0.0371s/iter; left time: 1391.9221s
	iters: 4800, epoch: 2 | loss: 0.0373684
	speed: 0.0370s/iter; left time: 1385.9485s
	iters: 4900, epoch: 2 | loss: 0.0277754
	speed: 0.0369s/iter; left time: 1376.5924s
	iters: 5000, epoch: 2 | loss: 0.0230849
	speed: 0.0369s/iter; left time: 1374.7999s
	iters: 5100, epoch: 2 | loss: 0.0263062
	speed: 0.0375s/iter; left time: 1390.9131s
	iters: 5200, epoch: 2 | loss: 0.0299676
	speed: 0.0370s/iter; left time: 1368.8285s
	iters: 5300, epoch: 2 | loss: 0.0354262
	speed: 0.0370s/iter; left time: 1364.9047s
	iters: 5400, epoch: 2 | loss: 0.0294418
	speed: 0.0370s/iter; left time: 1362.2143s
	iters: 5500, epoch: 2 | loss: 0.0414846
	speed: 0.0371s/iter; left time: 1363.4184s
	iters: 5600, epoch: 2 | loss: 0.0240278
	speed: 0.0372s/iter; left time: 1362.0130s
	iters: 5700, epoch: 2 | loss: 0.0266913
	speed: 0.0371s/iter; left time: 1354.8002s
	iters: 5800, epoch: 2 | loss: 0.0244169
	speed: 0.0369s/iter; left time: 1343.8307s
	iters: 5900, epoch: 2 | loss: 0.0203120
	speed: 0.0373s/iter; left time: 1354.7567s
	iters: 6000, epoch: 2 | loss: 0.0292536
	speed: 0.0369s/iter; left time: 1337.6934s
Epoch: 2 cost time: 223.70361995697021
Epoch: 2, Steps: 6034 | Train Loss: 0.0384720 Vali Loss: 0.7561452 Test Loss: 0.4820647
Validation loss decreased (0.856829 --> 0.756145).  Saving model ...
Updating learning rate to 5e-05
	iters: 100, epoch: 3 | loss: 0.0243188
	speed: 0.4566s/iter; left time: 16485.5552s
	iters: 200, epoch: 3 | loss: 0.0335616
	speed: 0.0369s/iter; left time: 1329.5961s
	iters: 300, epoch: 3 | loss: 0.0203728
	speed: 0.0370s/iter; left time: 1327.1477s
	iters: 400, epoch: 3 | loss: 0.0115155
	speed: 0.0373s/iter; left time: 1334.0766s
	iters: 500, epoch: 3 | loss: 0.0205538
	speed: 0.0369s/iter; left time: 1317.6068s
	iters: 600, epoch: 3 | loss: 0.0232441
	speed: 0.0369s/iter; left time: 1313.5193s
	iters: 700, epoch: 3 | loss: 0.0164980
	speed: 0.0371s/iter; left time: 1316.1230s
	iters: 800, epoch: 3 | loss: 0.0369581
	speed: 0.0372s/iter; left time: 1316.4155s
	iters: 900, epoch: 3 | loss: 0.0164102
	speed: 0.0374s/iter; left time: 1320.5382s
	iters: 1000, epoch: 3 | loss: 0.0214749
	speed: 0.0369s/iter; left time: 1297.4118s
	iters: 1100, epoch: 3 | loss: 0.0217512
	speed: 0.0370s/iter; left time: 1298.4875s
	iters: 1200, epoch: 3 | loss: 0.0194866
	speed: 0.0374s/iter; left time: 1309.3407s
	iters: 1300, epoch: 3 | loss: 0.0189374
	speed: 0.0370s/iter; left time: 1292.5701s
	iters: 1400, epoch: 3 | loss: 0.0203988
	speed: 0.0368s/iter; left time: 1282.4086s
	iters: 1500, epoch: 3 | loss: 0.0220349
	speed: 0.0370s/iter; left time: 1284.3071s
	iters: 1600, epoch: 3 | loss: 0.0252315
	speed: 0.0375s/iter; left time: 1297.1043s
	iters: 1700, epoch: 3 | loss: 0.0218810
	speed: 0.0371s/iter; left time: 1281.0490s
	iters: 1800, epoch: 3 | loss: 0.0254281
	speed: 0.0370s/iter; left time: 1274.2250s
	iters: 1900, epoch: 3 | loss: 0.0229970
	speed: 0.0369s/iter; left time: 1267.0279s
	iters: 2000, epoch: 3 | loss: 0.0181418
	speed: 0.0373s/iter; left time: 1276.5103s
	iters: 2100, epoch: 3 | loss: 0.0343358
	speed: 0.0372s/iter; left time: 1267.6860s
	iters: 2200, epoch: 3 | loss: 0.0177380
	speed: 0.0371s/iter; left time: 1261.7596s
	iters: 2300, epoch: 3 | loss: 0.0110196
	speed: 0.0370s/iter; left time: 1253.2021s
	iters: 2400, epoch: 3 | loss: 0.0188351
	speed: 0.0369s/iter; left time: 1247.5730s
	iters: 2500, epoch: 3 | loss: 0.0192481
	speed: 0.0370s/iter; left time: 1247.6819s
	iters: 2600, epoch: 3 | loss: 0.0141687
	speed: 0.0371s/iter; left time: 1246.0092s
	iters: 2700, epoch: 3 | loss: 0.0231268
	speed: 0.0368s/iter; left time: 1232.0153s
	iters: 2800, epoch: 3 | loss: 0.0258509
	speed: 0.0371s/iter; left time: 1238.4323s
	iters: 2900, epoch: 3 | loss: 0.0176133
	speed: 0.0372s/iter; left time: 1239.1106s
	iters: 3000, epoch: 3 | loss: 0.0170789
	speed: 0.0369s/iter; left time: 1223.7334s
	iters: 3100, epoch: 3 | loss: 0.0147442
	speed: 0.0370s/iter; left time: 1226.3007s
	iters: 3200, epoch: 3 | loss: 0.0246545
	speed: 0.0370s/iter; left time: 1222.1574s
	iters: 3300, epoch: 3 | loss: 0.0100318
	speed: 0.0371s/iter; left time: 1219.6773s
	iters: 3400, epoch: 3 | loss: 0.0146487
	speed: 0.0372s/iter; left time: 1219.2861s
	iters: 3500, epoch: 3 | loss: 0.0248081
	speed: 0.0370s/iter; left time: 1209.7261s
	iters: 3600, epoch: 3 | loss: 0.0219696
	speed: 0.0371s/iter; left time: 1208.6412s
	iters: 3700, epoch: 3 | loss: 0.0221908
	speed: 0.0374s/iter; left time: 1214.8549s
	iters: 3800, epoch: 3 | loss: 0.0171481
	speed: 0.0370s/iter; left time: 1198.6373s
	iters: 3900, epoch: 3 | loss: 0.0174285
	speed: 0.0373s/iter; left time: 1203.8046s
	iters: 4000, epoch: 3 | loss: 0.0226053
	speed: 0.0371s/iter; left time: 1193.7838s
	iters: 4100, epoch: 3 | loss: 0.0185530
	speed: 0.0374s/iter; left time: 1202.2296s
	iters: 4200, epoch: 3 | loss: 0.0216193
	speed: 0.0369s/iter; left time: 1181.7296s
	iters: 4300, epoch: 3 | loss: 0.0171269
	speed: 0.0369s/iter; left time: 1176.1980s
	iters: 4400, epoch: 3 | loss: 0.0144867
	speed: 0.0372s/iter; left time: 1183.6196s
	iters: 4500, epoch: 3 | loss: 0.0220893
	speed: 0.0374s/iter; left time: 1186.0822s
	iters: 4600, epoch: 3 | loss: 0.0186033
	speed: 0.0369s/iter; left time: 1166.9843s
	iters: 4700, epoch: 3 | loss: 0.0166061
	speed: 0.0371s/iter; left time: 1168.1062s
	iters: 4800, epoch: 3 | loss: 0.0182983
	speed: 0.0369s/iter; left time: 1160.3428s
	iters: 4900, epoch: 3 | loss: 0.0119653
	speed: 0.0373s/iter; left time: 1169.2267s
	iters: 5000, epoch: 3 | loss: 0.0173901
	speed: 0.0374s/iter; left time: 1168.1713s
	iters: 5100, epoch: 3 | loss: 0.0121384
	speed: 0.0372s/iter; left time: 1156.7042s
	iters: 5200, epoch: 3 | loss: 0.0112063
	speed: 0.0372s/iter; left time: 1152.0349s
	iters: 5300, epoch: 3 | loss: 0.0314131
	speed: 0.0373s/iter; left time: 1152.2722s
	iters: 5400, epoch: 3 | loss: 0.0204367
	speed: 0.0370s/iter; left time: 1138.9087s
	iters: 5500, epoch: 3 | loss: 0.0235544
	speed: 0.0372s/iter; left time: 1143.2714s
	iters: 5600, epoch: 3 | loss: 0.0159577
	speed: 0.0372s/iter; left time: 1137.9740s
	iters: 5700, epoch: 3 | loss: 0.0157767
	speed: 0.0372s/iter; left time: 1134.0406s
	iters: 5800, epoch: 3 | loss: 0.0179601
	speed: 0.0372s/iter; left time: 1131.9086s
	iters: 5900, epoch: 3 | loss: 0.0140092
	speed: 0.0372s/iter; left time: 1126.0201s
	iters: 6000, epoch: 3 | loss: 0.0395982
	speed: 0.0373s/iter; left time: 1126.7372s
Epoch: 3 cost time: 223.88004851341248
Epoch: 3, Steps: 6034 | Train Loss: 0.0197771 Vali Loss: 0.7547506 Test Loss: 0.5192980
Validation loss decreased (0.756145 --> 0.754751).  Saving model ...
Updating learning rate to 2.5e-05
	iters: 100, epoch: 4 | loss: 0.0127050
	speed: 0.4588s/iter; left time: 13796.5346s
	iters: 200, epoch: 4 | loss: 0.0125189
	speed: 0.0371s/iter; left time: 1112.7156s
	iters: 300, epoch: 4 | loss: 0.0153677
	speed: 0.0373s/iter; left time: 1113.8842s
	iters: 400, epoch: 4 | loss: 0.0110585
	speed: 0.0371s/iter; left time: 1103.3826s
	iters: 500, epoch: 4 | loss: 0.0166302
	speed: 0.0373s/iter; left time: 1105.3471s
	iters: 600, epoch: 4 | loss: 0.0154714
	speed: 0.0372s/iter; left time: 1100.1083s
	iters: 700, epoch: 4 | loss: 0.0196375
	speed: 0.0371s/iter; left time: 1094.1987s
	iters: 800, epoch: 4 | loss: 0.0138290
	speed: 0.0370s/iter; left time: 1087.2488s
	iters: 900, epoch: 4 | loss: 0.0158634
	speed: 0.0371s/iter; left time: 1086.6220s
	iters: 1000, epoch: 4 | loss: 0.0123636
	speed: 0.0375s/iter; left time: 1092.8103s
	iters: 1100, epoch: 4 | loss: 0.0120864
	speed: 0.0370s/iter; left time: 1075.8072s
	iters: 1200, epoch: 4 | loss: 0.0117916
	speed: 0.0369s/iter; left time: 1070.4138s
	iters: 1300, epoch: 4 | loss: 0.0142421
	speed: 0.0373s/iter; left time: 1075.5116s
	iters: 1400, epoch: 4 | loss: 0.0125846
	speed: 0.0375s/iter; left time: 1077.9650s
	iters: 1500, epoch: 4 | loss: 0.0143528
	speed: 0.0371s/iter; left time: 1062.2882s
	iters: 1600, epoch: 4 | loss: 0.0241127
	speed: 0.0370s/iter; left time: 1057.2283s
	iters: 1700, epoch: 4 | loss: 0.0108787
	speed: 0.0370s/iter; left time: 1054.7259s
	iters: 1800, epoch: 4 | loss: 0.0186065
	speed: 0.0373s/iter; left time: 1059.2658s
	iters: 1900, epoch: 4 | loss: 0.0137598
	speed: 0.0371s/iter; left time: 1050.1741s
	iters: 2000, epoch: 4 | loss: 0.0125287
	speed: 0.0372s/iter; left time: 1046.5660s
	iters: 2100, epoch: 4 | loss: 0.0149453
	speed: 0.0371s/iter; left time: 1041.4848s
	iters: 2200, epoch: 4 | loss: 0.0108570
	speed: 0.0374s/iter; left time: 1044.8441s
	iters: 2300, epoch: 4 | loss: 0.0152685
	speed: 0.0370s/iter; left time: 1030.0053s
	iters: 2400, epoch: 4 | loss: 0.0140455
	speed: 0.0372s/iter; left time: 1032.3686s
	iters: 2500, epoch: 4 | loss: 0.0146580
	speed: 0.0370s/iter; left time: 1024.8579s
	iters: 2600, epoch: 4 | loss: 0.0186385
	speed: 0.0374s/iter; left time: 1029.9327s
	iters: 2700, epoch: 4 | loss: 0.0194189
	speed: 0.0372s/iter; left time: 1021.1393s
	iters: 2800, epoch: 4 | loss: 0.0132425
	speed: 0.0374s/iter; left time: 1023.5386s
	iters: 2900, epoch: 4 | loss: 0.0156843
	speed: 0.0371s/iter; left time: 1010.4498s
	iters: 3000, epoch: 4 | loss: 0.0147836
	speed: 0.0374s/iter; left time: 1016.4060s
	iters: 3100, epoch: 4 | loss: 0.0176412
	speed: 0.0371s/iter; left time: 1004.2796s
	iters: 3200, epoch: 4 | loss: 0.0104061
	speed: 0.0371s/iter; left time: 1001.4669s
	iters: 3300, epoch: 4 | loss: 0.0140118
	speed: 0.0373s/iter; left time: 1001.3187s
	iters: 3400, epoch: 4 | loss: 0.0124944
	speed: 0.0373s/iter; left time: 999.2944s
	iters: 3500, epoch: 4 | loss: 0.0169555
	speed: 0.0372s/iter; left time: 992.2585s
	iters: 3600, epoch: 4 | loss: 0.0166549
	speed: 0.0369s/iter; left time: 981.6878s
	iters: 3700, epoch: 4 | loss: 0.0101506
	speed: 0.0371s/iter; left time: 981.7884s
	iters: 3800, epoch: 4 | loss: 0.0131468
	speed: 0.0373s/iter; left time: 983.0034s
	iters: 3900, epoch: 4 | loss: 0.0160238
	speed: 0.0370s/iter; left time: 972.9890s
	iters: 4000, epoch: 4 | loss: 0.0124216
	speed: 0.0371s/iter; left time: 970.5518s
	iters: 4100, epoch: 4 | loss: 0.0120378
	speed: 0.0373s/iter; left time: 972.8536s
	iters: 4200, epoch: 4 | loss: 0.0133985
	speed: 0.0371s/iter; left time: 963.1688s
	iters: 4300, epoch: 4 | loss: 0.0122085
	speed: 0.0372s/iter; left time: 961.2047s
	iters: 4400, epoch: 4 | loss: 0.0114504
	speed: 0.0371s/iter; left time: 955.9449s
	iters: 4500, epoch: 4 | loss: 0.0173688
	speed: 0.0370s/iter; left time: 950.4987s
	iters: 4600, epoch: 4 | loss: 0.0183723
	speed: 0.0376s/iter; left time: 962.7301s
	iters: 4700, epoch: 4 | loss: 0.0134291
	speed: 0.0372s/iter; left time: 947.9712s
	iters: 4800, epoch: 4 | loss: 0.0174883
	speed: 0.0372s/iter; left time: 944.3108s
	iters: 4900, epoch: 4 | loss: 0.0100275
	speed: 0.0371s/iter; left time: 936.6425s
	iters: 5000, epoch: 4 | loss: 0.0241547
	speed: 0.0373s/iter; left time: 938.3347s
	iters: 5100, epoch: 4 | loss: 0.0095865
	speed: 0.0370s/iter; left time: 926.5384s
	iters: 5200, epoch: 4 | loss: 0.0089951
	speed: 0.0372s/iter; left time: 928.2136s
	iters: 5300, epoch: 4 | loss: 0.0088155
	speed: 0.0371s/iter; left time: 923.3062s
	iters: 5400, epoch: 4 | loss: 0.0229624
	speed: 0.0372s/iter; left time: 922.4756s
	iters: 5500, epoch: 4 | loss: 0.0176128
	speed: 0.0373s/iter; left time: 919.6048s
	iters: 5600, epoch: 4 | loss: 0.0121788
	speed: 0.0371s/iter; left time: 910.6349s
	iters: 5700, epoch: 4 | loss: 0.0168968
	speed: 0.0370s/iter; left time: 905.5007s
	iters: 5800, epoch: 4 | loss: 0.0176739
	speed: 0.0374s/iter; left time: 911.8598s
	iters: 5900, epoch: 4 | loss: 0.0123038
	speed: 0.0372s/iter; left time: 903.9192s
	iters: 6000, epoch: 4 | loss: 0.0141957
	speed: 0.0374s/iter; left time: 904.8598s
Epoch: 4 cost time: 224.36718368530273
Epoch: 4, Steps: 6034 | Train Loss: 0.0145352 Vali Loss: 0.7063001 Test Loss: 0.4960777
Validation loss decreased (0.754751 --> 0.706300).  Saving model ...
Updating learning rate to 1.25e-05
	iters: 100, epoch: 5 | loss: 0.0122667
	speed: 0.4588s/iter; left time: 11028.8405s
	iters: 200, epoch: 5 | loss: 0.0138359
	speed: 0.0371s/iter; left time: 888.3253s
	iters: 300, epoch: 5 | loss: 0.0170889
	speed: 0.0375s/iter; left time: 894.5129s
	iters: 400, epoch: 5 | loss: 0.0088626
	speed: 0.0370s/iter; left time: 877.5679s
	iters: 500, epoch: 5 | loss: 0.0147571
	speed: 0.0370s/iter; left time: 875.1471s
	iters: 600, epoch: 5 | loss: 0.0137764
	speed: 0.0372s/iter; left time: 876.5340s
	iters: 700, epoch: 5 | loss: 0.0120784
	speed: 0.0374s/iter; left time: 875.4257s
	iters: 800, epoch: 5 | loss: 0.0121778
	speed: 0.0371s/iter; left time: 865.7595s
	iters: 900, epoch: 5 | loss: 0.0117365
	speed: 0.0371s/iter; left time: 862.2077s
	iters: 1000, epoch: 5 | loss: 0.0148943
	speed: 0.0371s/iter; left time: 857.2427s
	iters: 1100, epoch: 5 | loss: 0.0122485
	speed: 0.0376s/iter; left time: 866.5498s
	iters: 1200, epoch: 5 | loss: 0.0094713
	speed: 0.0371s/iter; left time: 851.3418s
	iters: 1300, epoch: 5 | loss: 0.0086738
	speed: 0.0371s/iter; left time: 848.0297s
	iters: 1400, epoch: 5 | loss: 0.0079879
	speed: 0.0371s/iter; left time: 843.9703s
	iters: 1500, epoch: 5 | loss: 0.0138505
	speed: 0.0372s/iter; left time: 842.4830s
	iters: 1600, epoch: 5 | loss: 0.0103769
	speed: 0.0371s/iter; left time: 835.6159s
	iters: 1700, epoch: 5 | loss: 0.0097736
	speed: 0.0371s/iter; left time: 832.0710s
	iters: 1800, epoch: 5 | loss: 0.0153672
	speed: 0.0370s/iter; left time: 826.9627s
	iters: 1900, epoch: 5 | loss: 0.0073431
	speed: 0.0375s/iter; left time: 832.9429s
	iters: 2000, epoch: 5 | loss: 0.0133016
	speed: 0.0370s/iter; left time: 819.6940s
	iters: 2100, epoch: 5 | loss: 0.0137243
	speed: 0.0370s/iter; left time: 816.0594s
	iters: 2200, epoch: 5 | loss: 0.0161554
	speed: 0.0372s/iter; left time: 815.1424s
	iters: 2300, epoch: 5 | loss: 0.0113730
	speed: 0.0373s/iter; left time: 813.7109s
	iters: 2400, epoch: 5 | loss: 0.0100962
	speed: 0.0372s/iter; left time: 809.2261s
	iters: 2500, epoch: 5 | loss: 0.0190410
	speed: 0.0372s/iter; left time: 804.6790s
	iters: 2600, epoch: 5 | loss: 0.0145031
	speed: 0.0369s/iter; left time: 794.5733s
	iters: 2700, epoch: 5 | loss: 0.0156976
	speed: 0.0375s/iter; left time: 804.0279s
	iters: 2800, epoch: 5 | loss: 0.0142684
	speed: 0.0370s/iter; left time: 790.1689s
	iters: 2900, epoch: 5 | loss: 0.0092203
	speed: 0.0371s/iter; left time: 787.0053s
	iters: 3000, epoch: 5 | loss: 0.0119259
	speed: 0.0370s/iter; left time: 781.3300s
	iters: 3100, epoch: 5 | loss: 0.0163674
	speed: 0.0370s/iter; left time: 778.7626s
	iters: 3200, epoch: 5 | loss: 0.0112765
	speed: 0.0370s/iter; left time: 773.7888s
	iters: 3300, epoch: 5 | loss: 0.0110793
	speed: 0.0369s/iter; left time: 769.4767s
	iters: 3400, epoch: 5 | loss: 0.0062736
	speed: 0.0369s/iter; left time: 766.0598s
	iters: 3500, epoch: 5 | loss: 0.0084805
	speed: 0.0373s/iter; left time: 770.7082s
	iters: 3600, epoch: 5 | loss: 0.0159899
	speed: 0.0368s/iter; left time: 754.9825s
	iters: 3700, epoch: 5 | loss: 0.0144930
	speed: 0.0369s/iter; left time: 753.6498s
	iters: 3800, epoch: 5 | loss: 0.0162667
	speed: 0.0373s/iter; left time: 758.6439s
	iters: 3900, epoch: 5 | loss: 0.0133626
	speed: 0.0373s/iter; left time: 755.7902s
	iters: 4000, epoch: 5 | loss: 0.0137700
	speed: 0.0371s/iter; left time: 746.6283s
	iters: 4100, epoch: 5 | loss: 0.0139595
	speed: 0.0369s/iter; left time: 740.0139s
	iters: 4200, epoch: 5 | loss: 0.0088521
	speed: 0.0370s/iter; left time: 738.4203s
	iters: 4300, epoch: 5 | loss: 0.0126740
	speed: 0.0372s/iter; left time: 737.1181s
	iters: 4400, epoch: 5 | loss: 0.0116856
	speed: 0.0371s/iter; left time: 733.1907s
	iters: 4500, epoch: 5 | loss: 0.0097514
	speed: 0.0370s/iter; left time: 725.8574s
	iters: 4600, epoch: 5 | loss: 0.0138878
	speed: 0.0372s/iter; left time: 727.2526s
	iters: 4700, epoch: 5 | loss: 0.0097917
	speed: 0.0372s/iter; left time: 723.8174s
	iters: 4800, epoch: 5 | loss: 0.0083674
	speed: 0.0372s/iter; left time: 719.4443s
	iters: 4900, epoch: 5 | loss: 0.0143663
	speed: 0.0371s/iter; left time: 713.6496s
	iters: 5000, epoch: 5 | loss: 0.0181775
	speed: 0.0372s/iter; left time: 711.0867s
	iters: 5100, epoch: 5 | loss: 0.0120891
	speed: 0.0378s/iter; left time: 719.8136s
	iters: 5200, epoch: 5 | loss: 0.0099211
	speed: 0.0373s/iter; left time: 705.4838s
	iters: 5300, epoch: 5 | loss: 0.0088844
	speed: 0.0370s/iter; left time: 696.7197s
	iters: 5400, epoch: 5 | loss: 0.0118775
	speed: 0.0372s/iter; left time: 696.8033s
	iters: 5500, epoch: 5 | loss: 0.0102349
	speed: 0.0373s/iter; left time: 695.2962s
	iters: 5600, epoch: 5 | loss: 0.0098262
	speed: 0.0371s/iter; left time: 687.3779s
	iters: 5700, epoch: 5 | loss: 0.0109103
	speed: 0.0372s/iter; left time: 685.9697s
	iters: 5800, epoch: 5 | loss: 0.0099125
	speed: 0.0370s/iter; left time: 678.8955s
	iters: 5900, epoch: 5 | loss: 0.0104330
	speed: 0.0370s/iter; left time: 674.2356s
	iters: 6000, epoch: 5 | loss: 0.0078619
	speed: 0.0376s/iter; left time: 682.5512s
Epoch: 5 cost time: 224.16052269935608
Epoch: 5, Steps: 6034 | Train Loss: 0.0125248 Vali Loss: 0.6944490 Test Loss: 0.4651540
Validation loss decreased (0.706300 --> 0.694449).  Saving model ...
Updating learning rate to 6.25e-06
	iters: 100, epoch: 6 | loss: 0.0140824
	speed: 0.4577s/iter; left time: 8240.2289s
	iters: 200, epoch: 6 | loss: 0.0131669
	speed: 0.0373s/iter; left time: 667.6684s
	iters: 300, epoch: 6 | loss: 0.0148603
	speed: 0.0372s/iter; left time: 662.5851s
	iters: 400, epoch: 6 | loss: 0.0113473
	speed: 0.0373s/iter; left time: 660.5509s
	iters: 500, epoch: 6 | loss: 0.0102197
	speed: 0.0371s/iter; left time: 653.3663s
	iters: 600, epoch: 6 | loss: 0.0176005
	speed: 0.0370s/iter; left time: 648.1374s
	iters: 700, epoch: 6 | loss: 0.0198185
	speed: 0.0371s/iter; left time: 645.4611s
	iters: 800, epoch: 6 | loss: 0.0084806
	speed: 0.0374s/iter; left time: 647.1089s
	iters: 900, epoch: 6 | loss: 0.0144081
	speed: 0.0369s/iter; left time: 634.6981s
	iters: 1000, epoch: 6 | loss: 0.0109035
	speed: 0.0371s/iter; left time: 634.7953s
	iters: 1100, epoch: 6 | loss: 0.0094754
	speed: 0.0370s/iter; left time: 628.3131s
	iters: 1200, epoch: 6 | loss: 0.0094971
	speed: 0.0373s/iter; left time: 630.3391s
	iters: 1300, epoch: 6 | loss: 0.0061198
	speed: 0.0372s/iter; left time: 625.4237s
	iters: 1400, epoch: 6 | loss: 0.0111880
	speed: 0.0369s/iter; left time: 616.8761s
	iters: 1500, epoch: 6 | loss: 0.0101489
	speed: 0.0371s/iter; left time: 615.2823s
	iters: 1600, epoch: 6 | loss: 0.0123509
	speed: 0.0373s/iter; left time: 615.0626s
	iters: 1700, epoch: 6 | loss: 0.0102547
	speed: 0.0372s/iter; left time: 609.9348s
	iters: 1800, epoch: 6 | loss: 0.0118681
	speed: 0.0370s/iter; left time: 603.7213s
	iters: 1900, epoch: 6 | loss: 0.0168071
	speed: 0.0369s/iter; left time: 598.1638s
	iters: 2000, epoch: 6 | loss: 0.0151411
	speed: 0.0369s/iter; left time: 593.7630s
	iters: 2100, epoch: 6 | loss: 0.0171826
	speed: 0.0374s/iter; left time: 598.8066s
	iters: 2200, epoch: 6 | loss: 0.0149858
	speed: 0.0370s/iter; left time: 588.9022s
	iters: 2300, epoch: 6 | loss: 0.0095832
	speed: 0.0370s/iter; left time: 584.0430s
	iters: 2400, epoch: 6 | loss: 0.0100580
	speed: 0.0373s/iter; left time: 585.4063s
	iters: 2500, epoch: 6 | loss: 0.0098811
	speed: 0.0373s/iter; left time: 581.2291s
	iters: 2600, epoch: 6 | loss: 0.0159220
	speed: 0.0372s/iter; left time: 575.9395s
	iters: 2700, epoch: 6 | loss: 0.0103425
	speed: 0.0368s/iter; left time: 566.7331s
	iters: 2800, epoch: 6 | loss: 0.0089764
	speed: 0.0370s/iter; left time: 566.6276s
	iters: 2900, epoch: 6 | loss: 0.0127846
	speed: 0.0374s/iter; left time: 568.0619s
	iters: 3000, epoch: 6 | loss: 0.0101440
	speed: 0.0370s/iter; left time: 558.9522s
	iters: 3100, epoch: 6 | loss: 0.0141373
	speed: 0.0369s/iter; left time: 554.2535s
	iters: 3200, epoch: 6 | loss: 0.0113537
	speed: 0.0371s/iter; left time: 553.3838s
	iters: 3300, epoch: 6 | loss: 0.0115282
	speed: 0.0372s/iter; left time: 551.2934s
	iters: 3400, epoch: 6 | loss: 0.0092145
	speed: 0.0371s/iter; left time: 544.9090s
	iters: 3500, epoch: 6 | loss: 0.0097828
	speed: 0.0372s/iter; left time: 543.1030s
	iters: 3600, epoch: 6 | loss: 0.0139764
	speed: 0.0372s/iter; left time: 539.8767s
	iters: 3700, epoch: 6 | loss: 0.0101139
	speed: 0.0375s/iter; left time: 540.3893s
	iters: 3800, epoch: 6 | loss: 0.0128400
	speed: 0.0372s/iter; left time: 532.0625s
	iters: 3900, epoch: 6 | loss: 0.0093179
	speed: 0.0373s/iter; left time: 529.2792s
	iters: 4000, epoch: 6 | loss: 0.0130750
	speed: 0.0371s/iter; left time: 523.5944s
	iters: 4100, epoch: 6 | loss: 0.0099109
	speed: 0.0373s/iter; left time: 522.9235s
	iters: 4200, epoch: 6 | loss: 0.0086971
	speed: 0.0370s/iter; left time: 514.2607s
	iters: 4300, epoch: 6 | loss: 0.0104434
	speed: 0.0372s/iter; left time: 513.6946s
	iters: 4400, epoch: 6 | loss: 0.0123532
	speed: 0.0370s/iter; left time: 506.9766s
	iters: 4500, epoch: 6 | loss: 0.0128175
	speed: 0.0375s/iter; left time: 510.3314s
	iters: 4600, epoch: 6 | loss: 0.0104846
	speed: 0.0369s/iter; left time: 498.8179s
	iters: 4700, epoch: 6 | loss: 0.0085250
	speed: 0.0373s/iter; left time: 499.7598s
	iters: 4800, epoch: 6 | loss: 0.0084664
	speed: 0.0375s/iter; left time: 498.4203s
	iters: 4900, epoch: 6 | loss: 0.0092547
	speed: 0.0383s/iter; left time: 506.0705s
	iters: 5000, epoch: 6 | loss: 0.0103155
	speed: 0.0372s/iter; left time: 487.3587s
	iters: 5100, epoch: 6 | loss: 0.0096428
	speed: 0.0372s/iter; left time: 483.9272s
	iters: 5200, epoch: 6 | loss: 0.0084821
	speed: 0.0372s/iter; left time: 479.5364s
	iters: 5300, epoch: 6 | loss: 0.0125580
	speed: 0.0373s/iter; left time: 477.7110s
	iters: 5400, epoch: 6 | loss: 0.0081630
	speed: 0.0373s/iter; left time: 473.4371s
	iters: 5500, epoch: 6 | loss: 0.0144529
	speed: 0.0370s/iter; left time: 466.1687s
	iters: 5600, epoch: 6 | loss: 0.0116220
	speed: 0.0372s/iter; left time: 465.1837s
	iters: 5700, epoch: 6 | loss: 0.0096302
	speed: 0.0372s/iter; left time: 461.2728s
	iters: 5800, epoch: 6 | loss: 0.0081867
	speed: 0.0372s/iter; left time: 457.3106s
	iters: 5900, epoch: 6 | loss: 0.0114612
	speed: 0.0372s/iter; left time: 453.7193s
	iters: 6000, epoch: 6 | loss: 0.0076470
	speed: 0.0369s/iter; left time: 447.1128s
Epoch: 6 cost time: 224.28966522216797
Epoch: 6, Steps: 6034 | Train Loss: 0.0115700 Vali Loss: 0.7327366 Test Loss: 0.4829680
EarlyStopping counter: 1 out of 3
Updating learning rate to 3.125e-06
	iters: 100, epoch: 7 | loss: 0.0153635
	speed: 0.4587s/iter; left time: 5490.0527s
	iters: 200, epoch: 7 | loss: 0.0113252
	speed: 0.0371s/iter; left time: 440.2963s
	iters: 300, epoch: 7 | loss: 0.0100092
	speed: 0.0370s/iter; left time: 435.0565s
	iters: 400, epoch: 7 | loss: 0.0102517
	speed: 0.0373s/iter; left time: 435.2221s
	iters: 500, epoch: 7 | loss: 0.0120453
	speed: 0.0370s/iter; left time: 428.6267s
	iters: 600, epoch: 7 | loss: 0.0108943
	speed: 0.0372s/iter; left time: 426.5110s
	iters: 700, epoch: 7 | loss: 0.0130217
	speed: 0.0370s/iter; left time: 420.3444s
	iters: 800, epoch: 7 | loss: 0.0085590
	speed: 0.0372s/iter; left time: 419.3408s
	iters: 900, epoch: 7 | loss: 0.0151907
	speed: 0.0374s/iter; left time: 417.5037s
	iters: 1000, epoch: 7 | loss: 0.0087701
	speed: 0.0373s/iter; left time: 412.8116s
	iters: 1100, epoch: 7 | loss: 0.0107008
	speed: 0.0369s/iter; left time: 405.2667s
	iters: 1200, epoch: 7 | loss: 0.0106104
	speed: 0.0372s/iter; left time: 404.6454s
	iters: 1300, epoch: 7 | loss: 0.0097982
	speed: 0.0374s/iter; left time: 402.3146s
	iters: 1400, epoch: 7 | loss: 0.0104607
	speed: 0.0374s/iter; left time: 399.3518s
	iters: 1500, epoch: 7 | loss: 0.0143438
	speed: 0.0373s/iter; left time: 393.7681s
	iters: 1600, epoch: 7 | loss: 0.0086943
	speed: 0.0371s/iter; left time: 388.8118s
	iters: 1700, epoch: 7 | loss: 0.0123282
	speed: 0.0374s/iter; left time: 387.7881s
	iters: 1800, epoch: 7 | loss: 0.0100321
	speed: 0.0375s/iter; left time: 385.2808s
	iters: 1900, epoch: 7 | loss: 0.0109635
	speed: 0.0371s/iter; left time: 377.4201s
	iters: 2000, epoch: 7 | loss: 0.0100857
	speed: 0.0372s/iter; left time: 374.9313s
	iters: 2100, epoch: 7 | loss: 0.0083788
	speed: 0.0371s/iter; left time: 370.1045s
	iters: 2200, epoch: 7 | loss: 0.0138583
	speed: 0.0375s/iter; left time: 370.3722s
	iters: 2300, epoch: 7 | loss: 0.0092432
	speed: 0.0375s/iter; left time: 366.3202s
	iters: 2400, epoch: 7 | loss: 0.0128176
	speed: 0.0373s/iter; left time: 360.7862s
	iters: 2500, epoch: 7 | loss: 0.0080232
	speed: 0.0373s/iter; left time: 356.8473s
	iters: 2600, epoch: 7 | loss: 0.0088215
	speed: 0.0376s/iter; left time: 356.1941s
	iters: 2700, epoch: 7 | loss: 0.0079559
	speed: 0.0371s/iter; left time: 347.1870s
	iters: 2800, epoch: 7 | loss: 0.0077974
	speed: 0.0372s/iter; left time: 344.6842s
	iters: 2900, epoch: 7 | loss: 0.0070273
	speed: 0.0370s/iter; left time: 339.4860s
	iters: 3000, epoch: 7 | loss: 0.0111892
	speed: 0.0375s/iter; left time: 339.7510s
	iters: 3100, epoch: 7 | loss: 0.0105648
	speed: 0.0375s/iter; left time: 336.2856s
	iters: 3200, epoch: 7 | loss: 0.0137958
	speed: 0.0372s/iter; left time: 329.9353s
	iters: 3300, epoch: 7 | loss: 0.0059811
	speed: 0.0370s/iter; left time: 324.8206s
	iters: 3400, epoch: 7 | loss: 0.0139461
	speed: 0.0372s/iter; left time: 322.5300s
	iters: 3500, epoch: 7 | loss: 0.0116489
	speed: 0.0372s/iter; left time: 318.5618s
	iters: 3600, epoch: 7 | loss: 0.0096883
	speed: 0.0371s/iter; left time: 314.5885s
	iters: 3700, epoch: 7 | loss: 0.0110561
	speed: 0.0374s/iter; left time: 312.9196s
	iters: 3800, epoch: 7 | loss: 0.0116976
	speed: 0.0376s/iter; left time: 310.7083s
	iters: 3900, epoch: 7 | loss: 0.0064937
	speed: 0.0372s/iter; left time: 303.6412s
	iters: 4000, epoch: 7 | loss: 0.0104218
	speed: 0.0372s/iter; left time: 299.8903s
	iters: 4100, epoch: 7 | loss: 0.0119212
	speed: 0.0371s/iter; left time: 295.7655s
	iters: 4200, epoch: 7 | loss: 0.0085115
	speed: 0.0373s/iter; left time: 293.2326s
	iters: 4300, epoch: 7 | loss: 0.0095350
	speed: 0.0371s/iter; left time: 288.3296s
	iters: 4400, epoch: 7 | loss: 0.0102308
	speed: 0.0370s/iter; left time: 284.0133s
	iters: 4500, epoch: 7 | loss: 0.0080886
	speed: 0.0372s/iter; left time: 281.4170s
	iters: 4600, epoch: 7 | loss: 0.0096343
	speed: 0.0373s/iter; left time: 278.6479s
	iters: 4700, epoch: 7 | loss: 0.0092523
	speed: 0.0373s/iter; left time: 274.6082s
	iters: 4800, epoch: 7 | loss: 0.0090962
	speed: 0.0371s/iter; left time: 269.3479s
	iters: 4900, epoch: 7 | loss: 0.0102935
	speed: 0.0370s/iter; left time: 265.4083s
	iters: 5000, epoch: 7 | loss: 0.0145072
	speed: 0.0376s/iter; left time: 265.5608s
	iters: 5100, epoch: 7 | loss: 0.0088515
	speed: 0.0371s/iter; left time: 258.2191s
	iters: 5200, epoch: 7 | loss: 0.0124879
	speed: 0.0372s/iter; left time: 255.3479s
	iters: 5300, epoch: 7 | loss: 0.0097518
	speed: 0.0372s/iter; left time: 252.1421s
	iters: 5400, epoch: 7 | loss: 0.0115243
	speed: 0.0372s/iter; left time: 247.7786s
	iters: 5500, epoch: 7 | loss: 0.0121526
	speed: 0.0374s/iter; left time: 245.8612s
	iters: 5600, epoch: 7 | loss: 0.0115574
	speed: 0.0371s/iter; left time: 240.1807s
	iters: 5700, epoch: 7 | loss: 0.0118222
	speed: 0.0370s/iter; left time: 235.4749s
	iters: 5800, epoch: 7 | loss: 0.0090019
	speed: 0.0376s/iter; left time: 235.4732s
	iters: 5900, epoch: 7 | loss: 0.0085355
	speed: 0.0374s/iter; left time: 230.8245s
	iters: 6000, epoch: 7 | loss: 0.0083555
	speed: 0.0373s/iter; left time: 226.3740s
Epoch: 7 cost time: 224.7027678489685
Epoch: 7, Steps: 6034 | Train Loss: 0.0111208 Vali Loss: 0.7177203 Test Loss: 0.4760039
EarlyStopping counter: 2 out of 3
Updating learning rate to 1.5625e-06
	iters: 100, epoch: 8 | loss: 0.0143763
	speed: 0.4583s/iter; left time: 2719.9866s
	iters: 200, epoch: 8 | loss: 0.0131147
	speed: 0.0370s/iter; left time: 216.1322s
	iters: 300, epoch: 8 | loss: 0.0058431
	speed: 0.0376s/iter; left time: 215.7871s
	iters: 400, epoch: 8 | loss: 0.0093668
	speed: 0.0371s/iter; left time: 208.9059s
	iters: 500, epoch: 8 | loss: 0.0098528
	speed: 0.0371s/iter; left time: 205.2083s
	iters: 600, epoch: 8 | loss: 0.0112135
	speed: 0.0372s/iter; left time: 202.2725s
	iters: 700, epoch: 8 | loss: 0.0100432
	speed: 0.0372s/iter; left time: 198.7103s
	iters: 800, epoch: 8 | loss: 0.0089133
	speed: 0.0370s/iter; left time: 193.5307s
	iters: 900, epoch: 8 | loss: 0.0103754
	speed: 0.0369s/iter; left time: 189.6003s
	iters: 1000, epoch: 8 | loss: 0.0098261
	speed: 0.0371s/iter; left time: 186.8048s
	iters: 1100, epoch: 8 | loss: 0.0116634
	speed: 0.0375s/iter; left time: 185.0059s
	iters: 1200, epoch: 8 | loss: 0.0101180
	speed: 0.0371s/iter; left time: 179.2749s
	iters: 1300, epoch: 8 | loss: 0.0072678
	speed: 0.0370s/iter; left time: 175.2479s
	iters: 1400, epoch: 8 | loss: 0.0118503
	speed: 0.0372s/iter; left time: 172.3935s
	iters: 1500, epoch: 8 | loss: 0.0105243
	speed: 0.0373s/iter; left time: 169.1906s
	iters: 1600, epoch: 8 | loss: 0.0148088
	speed: 0.0371s/iter; left time: 164.5061s
	iters: 1700, epoch: 8 | loss: 0.0145728
	speed: 0.0370s/iter; left time: 160.4916s
	iters: 1800, epoch: 8 | loss: 0.0073779
	speed: 0.0371s/iter; left time: 157.0088s
	iters: 1900, epoch: 8 | loss: 0.0131835
	speed: 0.0373s/iter; left time: 154.1078s
	iters: 2000, epoch: 8 | loss: 0.0126296
	speed: 0.0368s/iter; left time: 148.6247s
	iters: 2100, epoch: 8 | loss: 0.0102946
	speed: 0.0369s/iter; left time: 145.1857s
	iters: 2200, epoch: 8 | loss: 0.0060060
	speed: 0.0370s/iter; left time: 141.8449s
	iters: 2300, epoch: 8 | loss: 0.0156985
	speed: 0.0374s/iter; left time: 139.5508s
	iters: 2400, epoch: 8 | loss: 0.0145208
	speed: 0.0370s/iter; left time: 134.4619s
	iters: 2500, epoch: 8 | loss: 0.0156245
	speed: 0.0371s/iter; left time: 131.1365s
	iters: 2600, epoch: 8 | loss: 0.0120981
	speed: 0.0370s/iter; left time: 127.2659s
	iters: 2700, epoch: 8 | loss: 0.0091882
	speed: 0.0373s/iter; left time: 124.3736s
	iters: 2800, epoch: 8 | loss: 0.0097124
	speed: 0.0371s/iter; left time: 120.1509s
	iters: 2900, epoch: 8 | loss: 0.0102890
	speed: 0.0369s/iter; left time: 115.8120s
	iters: 3000, epoch: 8 | loss: 0.0124086
	speed: 0.0372s/iter; left time: 112.9156s
	iters: 3100, epoch: 8 | loss: 0.0107863
	speed: 0.0372s/iter; left time: 109.1862s
	iters: 3200, epoch: 8 | loss: 0.0095177
	speed: 0.0371s/iter; left time: 105.1624s
	iters: 3300, epoch: 8 | loss: 0.0070673
	speed: 0.0370s/iter; left time: 101.3050s
	iters: 3400, epoch: 8 | loss: 0.0117834
	speed: 0.0370s/iter; left time: 97.4829s
	iters: 3500, epoch: 8 | loss: 0.0151870
	speed: 0.0373s/iter; left time: 94.5318s
	iters: 3600, epoch: 8 | loss: 0.0105977
	speed: 0.0371s/iter; left time: 90.2782s
	iters: 3700, epoch: 8 | loss: 0.0056224
	speed: 0.0370s/iter; left time: 86.3774s
	iters: 3800, epoch: 8 | loss: 0.0095747
	speed: 0.0371s/iter; left time: 82.9399s
	iters: 3900, epoch: 8 | loss: 0.0110953
	speed: 0.0374s/iter; left time: 79.7478s
	iters: 4000, epoch: 8 | loss: 0.0086093
	speed: 0.0373s/iter; left time: 75.8129s
	iters: 4100, epoch: 8 | loss: 0.0097554
	speed: 0.0371s/iter; left time: 71.8644s
	iters: 4200, epoch: 8 | loss: 0.0117047
	speed: 0.0373s/iter; left time: 68.4139s
	iters: 4300, epoch: 8 | loss: 0.0107205
	speed: 0.0375s/iter; left time: 65.1014s
	iters: 4400, epoch: 8 | loss: 0.0106146
	speed: 0.0371s/iter; left time: 60.7345s
	iters: 4500, epoch: 8 | loss: 0.0135521
	speed: 0.0370s/iter; left time: 56.8436s
	iters: 4600, epoch: 8 | loss: 0.0095196
	speed: 0.0372s/iter; left time: 53.3857s
	iters: 4700, epoch: 8 | loss: 0.0148834
	speed: 0.0374s/iter; left time: 49.9522s
	iters: 4800, epoch: 8 | loss: 0.0099027
	speed: 0.0370s/iter; left time: 45.7099s
	iters: 4900, epoch: 8 | loss: 0.0101250
	speed: 0.0372s/iter; left time: 42.1839s
	iters: 5000, epoch: 8 | loss: 0.0094865
	speed: 0.0370s/iter; left time: 38.3169s
	iters: 5100, epoch: 8 | loss: 0.0115836
	speed: 0.0373s/iter; left time: 34.8930s
	iters: 5200, epoch: 8 | loss: 0.0106427
	speed: 0.0372s/iter; left time: 31.0649s
	iters: 5300, epoch: 8 | loss: 0.0077291
	speed: 0.0374s/iter; left time: 27.4537s
	iters: 5400, epoch: 8 | loss: 0.0110249
	speed: 0.0370s/iter; left time: 23.4816s
	iters: 5500, epoch: 8 | loss: 0.0108888
	speed: 0.0374s/iter; left time: 20.0238s
	iters: 5600, epoch: 8 | loss: 0.0122816
	speed: 0.0372s/iter; left time: 16.1918s
	iters: 5700, epoch: 8 | loss: 0.0078806
	speed: 0.0372s/iter; left time: 12.4454s
	iters: 5800, epoch: 8 | loss: 0.0147935
	speed: 0.0370s/iter; left time: 8.6989s
	iters: 5900, epoch: 8 | loss: 0.0098032
	speed: 0.0372s/iter; left time: 5.0155s
	iters: 6000, epoch: 8 | loss: 0.0080469
	speed: 0.0371s/iter; left time: 1.3001s
Epoch: 8 cost time: 224.17112565040588
Epoch: 8, Steps: 6034 | Train Loss: 0.0109107 Vali Loss: 0.7216180 Test Loss: 0.4788154
EarlyStopping counter: 3 out of 3
Early stopping
>>>>>>>testing : informerstack_custom_ftMS_sl336_ll168_pl168_dm256_nh8_el3_dl3_df1024_atprob_fc5_ebtimeF_dtTrue_mxTrue_exp_126_0<<<<<<<<<<<<<<<<<<<<<<<<<<<<<<<<<
test 13769
test shape: (1721, 8, 168, 1) (1721, 8, 168, 1)
test shape: (13768, 168, 1) (13768, 168, 1)
mse:0.4655674695968628, mae:0.5690854787826538, r2:-1.7295565605163574


Parsed metrics from Informer output (normalized scale):
  MSE:  0.4656
  MAE:  0.5691
  RMSE: 0.6823
  R2:   -1.7296

Metrics after inverse transformation (original scale):
  MSE:  32.4282
  MAE:  4.7495
  RMSE: 5.6946
  R2:   -1.7296
Warning: Failed to record experiment: 'gbk' codec can't encode character '\u2713' in position 0: illegal multibyte sequence
  Training time: 2150.57s
  RMSE: 5.6946
  MAE:  4.7495
  R2:   -1.7296

Saving results...
  Model: Native Informer (saved in external/Informer2020/checkpoints/)
  Predictions: Not saved (native Informer handles this internally)
  Metrics: E:\ANUS_learning\MSI5001-power-transformer-oil-temperature-prediction\models\experiments\exp_126_metrics.json
  Plot: Skipped (native Informer handles visualization internally)

======================================================================
Experiment complete: exp_126
======================================================================

======================================================================
Completed: 2025-11-07 20:19:17
Return code: 0
======================================================================
