======================================================================
Experiment Log
Started: 2025-11-07 23:33:10
Command: C:\ProgramData\anaconda3\python.exe -m scripts.train_configurable --tx-id 1 --model Informer-Long --split-method chronological --feature-mode full --lookback-multiplier 4.0 --horizon 168 --experiment-name exp_132 --data-suffix _no_outlier --train-epochs 50 --learning-rate 0.0001 --patience 10
======================================================================

======================================================================
Experiment: exp_132
======================================================================
Transformer:     TX1
Model:           Informer-Long
Split method:    chronological
Feature mode:    full
Data suffix:     _no_outlier

Loading data...
  Total samples: 69680
  Added TX1 dynamic features
  Features: 21 columns

Window config: WindowConfig(horizon=168, lookback=672, gap=0)
Creating sliding windows for Informer-Long (keeping sequence structure)...
  Created 68840 windows (shape: (68840, 672, 21))
Splitting windows (chronological, 20% test)...
  Train: 55072 windows
  Test:  13768 windows

Training Informer-Long...

Calling native Informer from: E:\ANUS_learning\MSI5001-power-transformer-oil-temperature-prediction\external\Informer2020
Command: C:\ProgramData\anaconda3\python.exe E:\ANUS_learning\MSI5001-power-transformer-oil-temperature-prediction\external\Informer2020\main_informer.py --model informerstack --data custom --root_path ./data/ --data_path TX1.csv --features MS --target OT --freq h --seq_len 336 --label_len 168 --pred_len 168 --enc_in 6 --dec_in 1 --c_out 1 --d_model 256 --n_heads 8 --e_layers 3 --d_layers 1 --d_ff 1024 --factor 5 --dropout 0.05 --attn prob --embed timeF --activation gelu --batch_size 8 --train_epochs 50 --patience 10 --learning_rate 0.0001 --des exp_132 --itr 1
Args in experiment:
Namespace(model='informerstack', data='custom', root_path='./data/', data_path='TX1.csv', features='MS', target='OT', freq='h', checkpoints='./checkpoints/', seq_len=336, label_len=168, pred_len=168, enc_in=6, dec_in=1, c_out=1, d_model=256, n_heads=8, e_layers=3, d_layers=1, s_layers=[3, 2, 1], d_ff=1024, factor=5, padding=0, distil=True, dropout=0.05, attn='prob', embed='timeF', activation='gelu', output_attention=False, do_predict=False, mix=True, cols=None, num_workers=0, itr=1, train_epochs=50, batch_size=8, patience=10, learning_rate=0.0001, des='exp_132', loss='mse', lradj='type1', use_amp=False, inverse=False, use_gpu=True, gpu=0, use_multi_gpu=False, devices='0,1,2,3', detail_freq='h')
Use GPU: cuda:0
>>>>>>>start training : informerstack_custom_ftMS_sl336_ll168_pl168_dm256_nh8_el3_dl1_df1024_atprob_fc5_ebtimeF_dtTrue_mxTrue_exp_132_0>>>>>>>>>>>>>>>>>>>>>>>>>>
train 48273
val 6801
test 13769
	iters: 100, epoch: 1 | loss: 0.2391089
	speed: 0.0395s/iter; left time: 11903.3661s
	iters: 200, epoch: 1 | loss: 0.2295868
	speed: 0.0294s/iter; left time: 8860.5160s
	iters: 300, epoch: 1 | loss: 0.2738048
	speed: 0.0292s/iter; left time: 8800.0852s
	iters: 400, epoch: 1 | loss: 0.2394629
	speed: 0.0301s/iter; left time: 9065.9792s
	iters: 500, epoch: 1 | loss: 0.1910015
	speed: 0.0292s/iter; left time: 8794.6378s
	iters: 600, epoch: 1 | loss: 0.1411984
	speed: 0.0289s/iter; left time: 8693.4265s
	iters: 700, epoch: 1 | loss: 0.1829877
	speed: 0.0288s/iter; left time: 8662.8698s
	iters: 800, epoch: 1 | loss: 0.2297875
	speed: 0.0295s/iter; left time: 8865.4958s
	iters: 900, epoch: 1 | loss: 0.1158585
	speed: 0.0283s/iter; left time: 8507.6465s
	iters: 1000, epoch: 1 | loss: 0.1329872
	speed: 0.0295s/iter; left time: 8877.4309s
	iters: 1100, epoch: 1 | loss: 0.2138962
	speed: 0.0298s/iter; left time: 8951.5793s
	iters: 1200, epoch: 1 | loss: 0.1005841
	speed: 0.0294s/iter; left time: 8828.2106s
	iters: 1300, epoch: 1 | loss: 0.1329235
	speed: 0.0294s/iter; left time: 8827.2015s
	iters: 1400, epoch: 1 | loss: 0.0725533
	speed: 0.0291s/iter; left time: 8724.4105s
	iters: 1500, epoch: 1 | loss: 0.1114432
	speed: 0.0289s/iter; left time: 8688.6531s
	iters: 1600, epoch: 1 | loss: 0.0894364
	speed: 0.0291s/iter; left time: 8732.2203s
	iters: 1700, epoch: 1 | loss: 0.1752522
	speed: 0.0291s/iter; left time: 8720.0787s
	iters: 1800, epoch: 1 | loss: 0.0785861
	speed: 0.0297s/iter; left time: 8904.0624s
	iters: 1900, epoch: 1 | loss: 0.1361800
	speed: 0.0292s/iter; left time: 8768.7166s
	iters: 2000, epoch: 1 | loss: 0.0806064
	speed: 0.0299s/iter; left time: 8966.3525s
	iters: 2100, epoch: 1 | loss: 0.0604408
	speed: 0.0288s/iter; left time: 8623.7547s
	iters: 2200, epoch: 1 | loss: 0.0838554
	speed: 0.0285s/iter; left time: 8541.2615s
	iters: 2300, epoch: 1 | loss: 0.1601416
	speed: 0.0292s/iter; left time: 8739.2829s
	iters: 2400, epoch: 1 | loss: 0.1298575
	speed: 0.0297s/iter; left time: 8900.8770s
	iters: 2500, epoch: 1 | loss: 0.1256012
	speed: 0.0288s/iter; left time: 8625.4102s
	iters: 2600, epoch: 1 | loss: 0.1234425
	speed: 0.0295s/iter; left time: 8816.9982s
	iters: 2700, epoch: 1 | loss: 0.1008527
	speed: 0.0300s/iter; left time: 8981.2407s
	iters: 2800, epoch: 1 | loss: 0.0831852
	speed: 0.0289s/iter; left time: 8627.6594s
	iters: 2900, epoch: 1 | loss: 0.0914387
	speed: 0.0287s/iter; left time: 8586.5742s
	iters: 3000, epoch: 1 | loss: 0.0519556
	speed: 0.0290s/iter; left time: 8653.5619s
	iters: 3100, epoch: 1 | loss: 0.1500892
	speed: 0.0295s/iter; left time: 8799.3487s
	iters: 3200, epoch: 1 | loss: 0.0618098
	speed: 0.0290s/iter; left time: 8666.9547s
	iters: 3300, epoch: 1 | loss: 0.0532856
	speed: 0.0303s/iter; left time: 9047.8415s
	iters: 3400, epoch: 1 | loss: 0.1074691
	speed: 0.0289s/iter; left time: 8618.7784s
	iters: 3500, epoch: 1 | loss: 0.1166921
	speed: 0.0290s/iter; left time: 8635.0532s
	iters: 3600, epoch: 1 | loss: 0.0775203
	speed: 0.0287s/iter; left time: 8567.9269s
	iters: 3700, epoch: 1 | loss: 0.0837467
	speed: 0.0291s/iter; left time: 8675.8976s
	iters: 3800, epoch: 1 | loss: 0.0807092
	speed: 0.0292s/iter; left time: 8713.3037s
	iters: 3900, epoch: 1 | loss: 0.0728706
	speed: 0.0303s/iter; left time: 9010.2101s
	iters: 4000, epoch: 1 | loss: 0.0593067
	speed: 0.0296s/iter; left time: 8809.8765s
	iters: 4100, epoch: 1 | loss: 0.0394283
	speed: 0.0289s/iter; left time: 8592.1881s
	iters: 4200, epoch: 1 | loss: 0.0803339
	speed: 0.0286s/iter; left time: 8494.2161s
	iters: 4300, epoch: 1 | loss: 0.0708639
	speed: 0.0284s/iter; left time: 8445.7095s
	iters: 4400, epoch: 1 | loss: 0.0926580
	speed: 0.0295s/iter; left time: 8756.3904s
	iters: 4500, epoch: 1 | loss: 0.1156037
	speed: 0.0298s/iter; left time: 8843.3635s
	iters: 4600, epoch: 1 | loss: 0.0573128
	speed: 0.0303s/iter; left time: 8998.1956s
	iters: 4700, epoch: 1 | loss: 0.0678557
	speed: 0.0295s/iter; left time: 8760.8761s
	iters: 4800, epoch: 1 | loss: 0.0845787
	speed: 0.0293s/iter; left time: 8697.3852s
	iters: 4900, epoch: 1 | loss: 0.0806588
	speed: 0.0290s/iter; left time: 8615.7513s
	iters: 5000, epoch: 1 | loss: 0.0434955
	speed: 0.0284s/iter; left time: 8418.4950s
	iters: 5100, epoch: 1 | loss: 0.0439081
	speed: 0.0305s/iter; left time: 9045.5369s
	iters: 5200, epoch: 1 | loss: 0.0500827
	speed: 0.0303s/iter; left time: 8972.6491s
	iters: 5300, epoch: 1 | loss: 0.0617949
	speed: 0.0297s/iter; left time: 8796.8486s
	iters: 5400, epoch: 1 | loss: 0.1093685
	speed: 0.0291s/iter; left time: 8630.5293s
	iters: 5500, epoch: 1 | loss: 0.0882599
	speed: 0.0284s/iter; left time: 8425.9807s
	iters: 5600, epoch: 1 | loss: 0.0622308
	speed: 0.0287s/iter; left time: 8506.4612s
	iters: 5700, epoch: 1 | loss: 0.0551496
	speed: 0.0294s/iter; left time: 8715.0422s
	iters: 5800, epoch: 1 | loss: 0.0520144
	speed: 0.0305s/iter; left time: 9015.1078s
	iters: 5900, epoch: 1 | loss: 0.0943384
	speed: 0.0298s/iter; left time: 8819.3221s
	iters: 6000, epoch: 1 | loss: 0.0502894
	speed: 0.0289s/iter; left time: 8542.3033s
Epoch: 1 cost time: 176.99442195892334
Epoch: 1, Steps: 6034 | Train Loss: 0.1073125 Vali Loss: 0.7215614 Test Loss: 0.6743426
Validation loss decreased (inf --> 0.721561).  Saving model ...
Updating learning rate to 0.0001
	iters: 100, epoch: 2 | loss: 0.0411433
	speed: 0.3466s/iter; left time: 102436.4495s
	iters: 200, epoch: 2 | loss: 0.0528032
	speed: 0.0288s/iter; left time: 8516.2796s
	iters: 300, epoch: 2 | loss: 0.0367450
	speed: 0.0297s/iter; left time: 8778.1569s
	iters: 400, epoch: 2 | loss: 0.0533281
	speed: 0.0297s/iter; left time: 8766.6831s
	iters: 500, epoch: 2 | loss: 0.0513606
	speed: 0.0296s/iter; left time: 8733.0291s
	iters: 600, epoch: 2 | loss: 0.0498218
	speed: 0.0293s/iter; left time: 8647.2248s
	iters: 700, epoch: 2 | loss: 0.0442671
	speed: 0.0285s/iter; left time: 8416.5180s
	iters: 800, epoch: 2 | loss: 0.0435595
	speed: 0.0290s/iter; left time: 8537.8513s
	iters: 900, epoch: 2 | loss: 0.0618616
	speed: 0.0293s/iter; left time: 8636.2151s
	iters: 1000, epoch: 2 | loss: 0.0377251
	speed: 0.0284s/iter; left time: 8370.0326s
	iters: 1100, epoch: 2 | loss: 0.0406781
	speed: 0.0288s/iter; left time: 8486.8244s
	iters: 1200, epoch: 2 | loss: 0.0838159
	speed: 0.0295s/iter; left time: 8698.2849s
	iters: 1300, epoch: 2 | loss: 0.0840962
	speed: 0.0300s/iter; left time: 8822.6028s
	iters: 1400, epoch: 2 | loss: 0.0489544
	speed: 0.0290s/iter; left time: 8543.3613s
	iters: 1500, epoch: 2 | loss: 0.0608795
	speed: 0.0295s/iter; left time: 8663.5364s
	iters: 1600, epoch: 2 | loss: 0.0402959
	speed: 0.0289s/iter; left time: 8499.6458s
	iters: 1700, epoch: 2 | loss: 0.0343970
	speed: 0.0298s/iter; left time: 8765.5110s
	iters: 1800, epoch: 2 | loss: 0.0522913
	speed: 0.0314s/iter; left time: 9236.5919s
	iters: 1900, epoch: 2 | loss: 0.0422509
	speed: 0.0310s/iter; left time: 9101.0559s
	iters: 2000, epoch: 2 | loss: 0.0532946
	speed: 0.0289s/iter; left time: 8488.3146s
	iters: 2100, epoch: 2 | loss: 0.0470826
	speed: 0.0290s/iter; left time: 8523.0434s
	iters: 2200, epoch: 2 | loss: 0.0318274
	speed: 0.0286s/iter; left time: 8386.0415s
	iters: 2300, epoch: 2 | loss: 0.0327353
	speed: 0.0286s/iter; left time: 8402.7334s
	iters: 2400, epoch: 2 | loss: 0.0486314
	speed: 0.0298s/iter; left time: 8730.5991s
	iters: 2500, epoch: 2 | loss: 0.0542001
	speed: 0.0303s/iter; left time: 8877.9086s
	iters: 2600, epoch: 2 | loss: 0.0293397
	speed: 0.0300s/iter; left time: 8782.1817s
	iters: 2700, epoch: 2 | loss: 0.0441474
	speed: 0.0290s/iter; left time: 8502.0098s
	iters: 2800, epoch: 2 | loss: 0.0512806
	speed: 0.0289s/iter; left time: 8454.0106s
	iters: 2900, epoch: 2 | loss: 0.0432414
	speed: 0.0286s/iter; left time: 8386.0023s
	iters: 3000, epoch: 2 | loss: 0.0490950
	speed: 0.0294s/iter; left time: 8590.4671s
	iters: 3100, epoch: 2 | loss: 0.0426222
	speed: 0.0293s/iter; left time: 8576.5031s
	iters: 3200, epoch: 2 | loss: 0.0330764
	speed: 0.0300s/iter; left time: 8764.6328s
	iters: 3300, epoch: 2 | loss: 0.0298767
	speed: 0.0290s/iter; left time: 8489.4003s
	iters: 3400, epoch: 2 | loss: 0.0418656
	speed: 0.0294s/iter; left time: 8596.3661s
	iters: 3500, epoch: 2 | loss: 0.0297965
	speed: 0.0284s/iter; left time: 8307.8227s
	iters: 3600, epoch: 2 | loss: 0.0289443
	speed: 0.0291s/iter; left time: 8502.5411s
	iters: 3700, epoch: 2 | loss: 0.0413218
	speed: 0.0296s/iter; left time: 8635.2330s
	iters: 3800, epoch: 2 | loss: 0.0547385
	speed: 0.0294s/iter; left time: 8578.2227s
	iters: 3900, epoch: 2 | loss: 0.0310187
	speed: 0.0299s/iter; left time: 8724.5971s
	iters: 4000, epoch: 2 | loss: 0.0343947
	speed: 0.0293s/iter; left time: 8546.9935s
	iters: 4100, epoch: 2 | loss: 0.0367139
	speed: 0.0285s/iter; left time: 8308.2286s
	iters: 4200, epoch: 2 | loss: 0.0472758
	speed: 0.0284s/iter; left time: 8279.0065s
	iters: 4300, epoch: 2 | loss: 0.0370836
	speed: 0.0292s/iter; left time: 8506.2529s
	iters: 4400, epoch: 2 | loss: 0.0192969
	speed: 0.0296s/iter; left time: 8607.5306s
	iters: 4500, epoch: 2 | loss: 0.0288558
	speed: 0.0308s/iter; left time: 8965.1478s
	iters: 4600, epoch: 2 | loss: 0.0298892
	speed: 0.0294s/iter; left time: 8570.1409s
	iters: 4700, epoch: 2 | loss: 0.0323087
	speed: 0.0284s/iter; left time: 8277.8295s
	iters: 4800, epoch: 2 | loss: 0.0458209
	speed: 0.0283s/iter; left time: 8244.2162s
	iters: 4900, epoch: 2 | loss: 0.0379434
	speed: 0.0281s/iter; left time: 8157.0412s
	iters: 5000, epoch: 2 | loss: 0.0316325
	speed: 0.0298s/iter; left time: 8649.9286s
	iters: 5100, epoch: 2 | loss: 0.0253066
	speed: 0.0291s/iter; left time: 8466.7193s
	iters: 5200, epoch: 2 | loss: 0.0246322
	speed: 0.0295s/iter; left time: 8577.7656s
	iters: 5300, epoch: 2 | loss: 0.0400187
	speed: 0.0294s/iter; left time: 8543.0635s
	iters: 5400, epoch: 2 | loss: 0.0253948
	speed: 0.0285s/iter; left time: 8278.5629s
	iters: 5500, epoch: 2 | loss: 0.0323376
	speed: 0.0291s/iter; left time: 8441.2899s
	iters: 5600, epoch: 2 | loss: 0.0315848
	speed: 0.0295s/iter; left time: 8548.9191s
	iters: 5700, epoch: 2 | loss: 0.0261972
	speed: 0.0300s/iter; left time: 8712.4558s
	iters: 5800, epoch: 2 | loss: 0.0375373
	speed: 0.0299s/iter; left time: 8663.4096s
	iters: 5900, epoch: 2 | loss: 0.0359529
	speed: 0.0288s/iter; left time: 8338.6218s
	iters: 6000, epoch: 2 | loss: 0.0411125
	speed: 0.0287s/iter; left time: 8304.5874s
Epoch: 2 cost time: 176.74552655220032
Epoch: 2, Steps: 6034 | Train Loss: 0.0424418 Vali Loss: 0.6828260 Test Loss: 0.6376663
Validation loss decreased (0.721561 --> 0.682826).  Saving model ...
Updating learning rate to 5e-05
	iters: 100, epoch: 3 | loss: 0.0424382
	speed: 0.3482s/iter; left time: 100813.9359s
	iters: 200, epoch: 3 | loss: 0.0250554
	speed: 0.0284s/iter; left time: 8217.4169s
	iters: 300, epoch: 3 | loss: 0.0275695
	speed: 0.0294s/iter; left time: 8509.7574s
	iters: 400, epoch: 3 | loss: 0.0247093
	speed: 0.0297s/iter; left time: 8585.0511s
	iters: 500, epoch: 3 | loss: 0.0187448
	speed: 0.0305s/iter; left time: 8808.8972s
	iters: 600, epoch: 3 | loss: 0.0252274
	speed: 0.0291s/iter; left time: 8418.4090s
	iters: 700, epoch: 3 | loss: 0.0244869
	speed: 0.0288s/iter; left time: 8308.7023s
	iters: 800, epoch: 3 | loss: 0.0145880
	speed: 0.0288s/iter; left time: 8327.4579s
	iters: 900, epoch: 3 | loss: 0.0446708
	speed: 0.0286s/iter; left time: 8251.1646s
	iters: 1000, epoch: 3 | loss: 0.0224934
	speed: 0.0297s/iter; left time: 8575.1831s
	iters: 1100, epoch: 3 | loss: 0.0276701
	speed: 0.0294s/iter; left time: 8474.7378s
	iters: 1200, epoch: 3 | loss: 0.0131003
	speed: 0.0298s/iter; left time: 8600.8606s
	iters: 1300, epoch: 3 | loss: 0.0182931
	speed: 0.0293s/iter; left time: 8441.1803s
	iters: 1400, epoch: 3 | loss: 0.0200255
	speed: 0.0289s/iter; left time: 8316.7054s
	iters: 1500, epoch: 3 | loss: 0.0305280
	speed: 0.0290s/iter; left time: 8358.6889s
	iters: 1600, epoch: 3 | loss: 0.0263464
	speed: 0.0295s/iter; left time: 8488.1588s
	iters: 1700, epoch: 3 | loss: 0.0275860
	speed: 0.0295s/iter; left time: 8502.5230s
	iters: 1800, epoch: 3 | loss: 0.0311535
	speed: 0.0301s/iter; left time: 8657.4358s
	iters: 1900, epoch: 3 | loss: 0.0197310
	speed: 0.0291s/iter; left time: 8363.3071s
	iters: 2000, epoch: 3 | loss: 0.0242534
	speed: 0.0291s/iter; left time: 8381.6031s
	iters: 2100, epoch: 3 | loss: 0.0245825
	speed: 0.0288s/iter; left time: 8284.7458s
	iters: 2200, epoch: 3 | loss: 0.0267525
	speed: 0.0285s/iter; left time: 8195.4935s
	iters: 2300, epoch: 3 | loss: 0.0178797
	speed: 0.0293s/iter; left time: 8408.3675s
	iters: 2400, epoch: 3 | loss: 0.0230509
	speed: 0.0297s/iter; left time: 8537.3739s
	iters: 2500, epoch: 3 | loss: 0.0253671
	speed: 0.0300s/iter; left time: 8615.0634s
	iters: 2600, epoch: 3 | loss: 0.0245957
	speed: 0.0291s/iter; left time: 8349.8219s
	iters: 2700, epoch: 3 | loss: 0.0198484
	speed: 0.0288s/iter; left time: 8266.2621s
	iters: 2800, epoch: 3 | loss: 0.0282865
	speed: 0.0285s/iter; left time: 8186.3297s
	iters: 2900, epoch: 3 | loss: 0.0233462
	speed: 0.0288s/iter; left time: 8246.5133s
	iters: 3000, epoch: 3 | loss: 0.0196501
	speed: 0.0310s/iter; left time: 8877.5683s
	iters: 3100, epoch: 3 | loss: 0.0215767
	speed: 0.0295s/iter; left time: 8465.6064s
	iters: 3200, epoch: 3 | loss: 0.0288183
	speed: 0.0299s/iter; left time: 8563.1339s
	iters: 3300, epoch: 3 | loss: 0.0262044
	speed: 0.0283s/iter; left time: 8112.6855s
	iters: 3400, epoch: 3 | loss: 0.0195330
	speed: 0.0286s/iter; left time: 8200.4328s
	iters: 3500, epoch: 3 | loss: 0.0184959
	speed: 0.0288s/iter; left time: 8243.1010s
	iters: 3600, epoch: 3 | loss: 0.0185495
	speed: 0.0298s/iter; left time: 8526.0039s
	iters: 3700, epoch: 3 | loss: 0.0186561
	speed: 0.0293s/iter; left time: 8389.3077s
	iters: 3800, epoch: 3 | loss: 0.0235113
	speed: 0.0300s/iter; left time: 8568.0416s
	iters: 3900, epoch: 3 | loss: 0.0306398
	speed: 0.0286s/iter; left time: 8165.7308s
	iters: 4000, epoch: 3 | loss: 0.0245920
	speed: 0.0282s/iter; left time: 8040.7210s
	iters: 4100, epoch: 3 | loss: 0.0197449
	speed: 0.0291s/iter; left time: 8307.3740s
	iters: 4200, epoch: 3 | loss: 0.0298838
	speed: 0.0292s/iter; left time: 8334.6894s
	iters: 4300, epoch: 3 | loss: 0.0162721
	speed: 0.0300s/iter; left time: 8559.3628s
	iters: 4400, epoch: 3 | loss: 0.0208263
	speed: 0.0294s/iter; left time: 8387.6947s
	iters: 4500, epoch: 3 | loss: 0.0278910
	speed: 0.0289s/iter; left time: 8232.6248s
	iters: 4600, epoch: 3 | loss: 0.0241965
	speed: 0.0285s/iter; left time: 8120.6336s
	iters: 4700, epoch: 3 | loss: 0.0288048
	speed: 0.0282s/iter; left time: 8045.7922s
	iters: 4800, epoch: 3 | loss: 0.0158872
	speed: 0.0289s/iter; left time: 8242.3806s
	iters: 4900, epoch: 3 | loss: 0.0243177
	speed: 0.0296s/iter; left time: 8434.1944s
	iters: 5000, epoch: 3 | loss: 0.0187007
	speed: 0.0299s/iter; left time: 8511.6851s
	iters: 5100, epoch: 3 | loss: 0.0232873
	speed: 0.0302s/iter; left time: 8582.3891s
	iters: 5200, epoch: 3 | loss: 0.0236199
	speed: 0.0290s/iter; left time: 8241.0414s
	iters: 5300, epoch: 3 | loss: 0.0283140
	speed: 0.0288s/iter; left time: 8194.3204s
	iters: 5400, epoch: 3 | loss: 0.0168493
	speed: 0.0306s/iter; left time: 8695.3611s
	iters: 5500, epoch: 3 | loss: 0.0274718
	speed: 0.0312s/iter; left time: 8863.7035s
	iters: 5600, epoch: 3 | loss: 0.0308527
	speed: 0.0308s/iter; left time: 8755.2779s
	iters: 5700, epoch: 3 | loss: 0.0193380
	speed: 0.0311s/iter; left time: 8840.0248s
	iters: 5800, epoch: 3 | loss: 0.0223206
	speed: 0.0317s/iter; left time: 8994.6973s
	iters: 5900, epoch: 3 | loss: 0.0226393
	speed: 0.0301s/iter; left time: 8547.5738s
	iters: 6000, epoch: 3 | loss: 0.0145581
	speed: 0.0309s/iter; left time: 8777.6049s
Epoch: 3 cost time: 177.6001205444336
Epoch: 3, Steps: 6034 | Train Loss: 0.0240041 Vali Loss: 0.7168657 Test Loss: 0.6048571
EarlyStopping counter: 1 out of 10
Updating learning rate to 2.5e-05
	iters: 100, epoch: 4 | loss: 0.0274912
	speed: 0.3688s/iter; left time: 104558.0112s
	iters: 200, epoch: 4 | loss: 0.0197046
	speed: 0.0308s/iter; left time: 8720.1471s
	iters: 300, epoch: 4 | loss: 0.0162905
	speed: 0.0312s/iter; left time: 8835.8904s
	iters: 400, epoch: 4 | loss: 0.0137636
	speed: 0.0306s/iter; left time: 8657.8253s
	iters: 500, epoch: 4 | loss: 0.0173169
	speed: 0.0307s/iter; left time: 8695.2861s
	iters: 600, epoch: 4 | loss: 0.0110550
	speed: 0.0302s/iter; left time: 8557.7377s
	iters: 700, epoch: 4 | loss: 0.0139554
	speed: 0.0308s/iter; left time: 8706.1577s
	iters: 800, epoch: 4 | loss: 0.0281906
	speed: 0.0309s/iter; left time: 8750.5383s
	iters: 900, epoch: 4 | loss: 0.0227028
	speed: 0.0318s/iter; left time: 9000.8201s
	iters: 1000, epoch: 4 | loss: 0.0243244
	speed: 0.0322s/iter; left time: 9091.2523s
	iters: 1100, epoch: 4 | loss: 0.0126605
	speed: 0.0308s/iter; left time: 8691.7773s
	iters: 1200, epoch: 4 | loss: 0.0158262
	speed: 0.0304s/iter; left time: 8571.8313s
	iters: 1300, epoch: 4 | loss: 0.0174696
	speed: 0.0302s/iter; left time: 8525.4553s
	iters: 1400, epoch: 4 | loss: 0.0162738
	speed: 0.0312s/iter; left time: 8801.2182s
	iters: 1500, epoch: 4 | loss: 0.0141778
	speed: 0.0319s/iter; left time: 8998.9946s
	iters: 1600, epoch: 4 | loss: 0.0210707
	speed: 0.0319s/iter; left time: 8989.2298s
	iters: 1700, epoch: 4 | loss: 0.0165469
	speed: 0.0309s/iter; left time: 8720.5103s
	iters: 1800, epoch: 4 | loss: 0.0167262
	speed: 0.0305s/iter; left time: 8594.0416s
	iters: 1900, epoch: 4 | loss: 0.0230432
	speed: 0.0314s/iter; left time: 8834.0676s
	iters: 2000, epoch: 4 | loss: 0.0177648
	speed: 0.0313s/iter; left time: 8826.2011s
	iters: 2100, epoch: 4 | loss: 0.0182812
	speed: 0.0316s/iter; left time: 8886.2397s
	iters: 2200, epoch: 4 | loss: 0.0165844
	speed: 0.0316s/iter; left time: 8879.3675s
	iters: 2300, epoch: 4 | loss: 0.0134031
	speed: 0.0314s/iter; left time: 8829.2417s
	iters: 2400, epoch: 4 | loss: 0.0171160
	speed: 0.0302s/iter; left time: 8481.6062s
	iters: 2500, epoch: 4 | loss: 0.0195990
	speed: 0.0314s/iter; left time: 8838.5368s
	iters: 2600, epoch: 4 | loss: 0.0222669
	speed: 0.0313s/iter; left time: 8782.3289s
	iters: 2700, epoch: 4 | loss: 0.0163175
	speed: 0.0316s/iter; left time: 8874.2207s
	iters: 2800, epoch: 4 | loss: 0.0142146
	speed: 0.0310s/iter; left time: 8691.6135s
	iters: 2900, epoch: 4 | loss: 0.0173386
	speed: 0.0312s/iter; left time: 8763.6449s
	iters: 3000, epoch: 4 | loss: 0.0174281
	speed: 0.0303s/iter; left time: 8493.0378s
	iters: 3100, epoch: 4 | loss: 0.0147807
	speed: 0.0312s/iter; left time: 8756.4886s
	iters: 3200, epoch: 4 | loss: 0.0193497
	speed: 0.0309s/iter; left time: 8675.6095s
	iters: 3300, epoch: 4 | loss: 0.0111534
	speed: 0.0314s/iter; left time: 8799.1869s
	iters: 3400, epoch: 4 | loss: 0.0165116
	speed: 0.0310s/iter; left time: 8674.4398s
	iters: 3500, epoch: 4 | loss: 0.0210252
	speed: 0.0312s/iter; left time: 8747.0875s
	iters: 3600, epoch: 4 | loss: 0.0185836
	speed: 0.0307s/iter; left time: 8591.2567s
	iters: 3700, epoch: 4 | loss: 0.0181629
	speed: 0.0311s/iter; left time: 8716.0851s
	iters: 3800, epoch: 4 | loss: 0.0188720
	speed: 0.0310s/iter; left time: 8684.4075s
	iters: 3900, epoch: 4 | loss: 0.0173351
	speed: 0.0312s/iter; left time: 8726.7952s
	iters: 4000, epoch: 4 | loss: 0.0142516
	speed: 0.0310s/iter; left time: 8659.9746s
	iters: 4100, epoch: 4 | loss: 0.0168550
	speed: 0.0310s/iter; left time: 8657.0353s
	iters: 4200, epoch: 4 | loss: 0.0196603
	speed: 0.0310s/iter; left time: 8661.3461s
	iters: 4300, epoch: 4 | loss: 0.0161900
	speed: 0.0307s/iter; left time: 8577.1627s
	iters: 4400, epoch: 4 | loss: 0.0185869
	speed: 0.0313s/iter; left time: 8751.5466s
	iters: 4500, epoch: 4 | loss: 0.0157845
	speed: 0.0315s/iter; left time: 8795.8668s
	iters: 4600, epoch: 4 | loss: 0.0105661
	speed: 0.0312s/iter; left time: 8701.9255s
	iters: 4700, epoch: 4 | loss: 0.0195984
	speed: 0.0306s/iter; left time: 8532.7273s
	iters: 4800, epoch: 4 | loss: 0.0191008
	speed: 0.0304s/iter; left time: 8472.8892s
	iters: 4900, epoch: 4 | loss: 0.0162144
	speed: 0.0313s/iter; left time: 8728.9277s
	iters: 5000, epoch: 4 | loss: 0.0129477
	speed: 0.0309s/iter; left time: 8596.8696s
	iters: 5100, epoch: 4 | loss: 0.0162691
	speed: 0.0302s/iter; left time: 8413.2062s
	iters: 5200, epoch: 4 | loss: 0.0109210
	speed: 0.0313s/iter; left time: 8713.9010s
	iters: 5300, epoch: 4 | loss: 0.0209771
	speed: 0.0314s/iter; left time: 8748.5403s
	iters: 5400, epoch: 4 | loss: 0.0238466
	speed: 0.0316s/iter; left time: 8791.2929s
	iters: 5500, epoch: 4 | loss: 0.0159915
	speed: 0.0309s/iter; left time: 8581.6026s
	iters: 5600, epoch: 4 | loss: 0.0199968
	speed: 0.0314s/iter; left time: 8740.7341s
	iters: 5700, epoch: 4 | loss: 0.0146978
	speed: 0.0310s/iter; left time: 8627.1692s
	iters: 5800, epoch: 4 | loss: 0.0097496
	speed: 0.0311s/iter; left time: 8641.8244s
	iters: 5900, epoch: 4 | loss: 0.0220907
	speed: 0.0305s/iter; left time: 8464.3929s
	iters: 6000, epoch: 4 | loss: 0.0123204
	speed: 0.0314s/iter; left time: 8724.6821s
Epoch: 4 cost time: 187.44169116020203
Epoch: 4, Steps: 6034 | Train Loss: 0.0179892 Vali Loss: 0.8024922 Test Loss: 0.7028795
EarlyStopping counter: 2 out of 10
Updating learning rate to 1.25e-05
	iters: 100, epoch: 5 | loss: 0.0147290
	speed: 0.3713s/iter; left time: 103010.1210s
	iters: 200, epoch: 5 | loss: 0.0199015
	speed: 0.0311s/iter; left time: 8626.0585s
	iters: 300, epoch: 5 | loss: 0.0166640
	speed: 0.0307s/iter; left time: 8524.2139s
	iters: 400, epoch: 5 | loss: 0.0157785
	speed: 0.0312s/iter; left time: 8655.3221s
	iters: 500, epoch: 5 | loss: 0.0122699
	speed: 0.0318s/iter; left time: 8804.1982s
	iters: 600, epoch: 5 | loss: 0.0119663
	speed: 0.0309s/iter; left time: 8552.8161s
	iters: 700, epoch: 5 | loss: 0.0201659
	speed: 0.0308s/iter; left time: 8540.6338s
	iters: 800, epoch: 5 | loss: 0.0174372
	speed: 0.0309s/iter; left time: 8544.0071s
	iters: 900, epoch: 5 | loss: 0.0173522
	speed: 0.0307s/iter; left time: 8502.5914s
	iters: 1000, epoch: 5 | loss: 0.0123140
	speed: 0.0317s/iter; left time: 8766.0254s
	iters: 1100, epoch: 5 | loss: 0.0133805
	speed: 0.0312s/iter; left time: 8636.1492s
	iters: 1200, epoch: 5 | loss: 0.0194572
	speed: 0.0308s/iter; left time: 8510.9974s
	iters: 1300, epoch: 5 | loss: 0.0136118
	speed: 0.0313s/iter; left time: 8638.8648s
	iters: 1400, epoch: 5 | loss: 0.0114353
	speed: 0.0314s/iter; left time: 8660.2807s
	iters: 1500, epoch: 5 | loss: 0.0127351
	speed: 0.0308s/iter; left time: 8508.1443s
	iters: 1600, epoch: 5 | loss: 0.0118998
	speed: 0.0307s/iter; left time: 8470.0205s
	iters: 1700, epoch: 5 | loss: 0.0105938
	speed: 0.0314s/iter; left time: 8667.0895s
	iters: 1800, epoch: 5 | loss: 0.0147626
	speed: 0.0305s/iter; left time: 8416.3874s
	iters: 1900, epoch: 5 | loss: 0.0181624
	speed: 0.0313s/iter; left time: 8635.5727s
	iters: 2000, epoch: 5 | loss: 0.0235444
	speed: 0.0304s/iter; left time: 8378.2810s
	iters: 2100, epoch: 5 | loss: 0.0138485
	speed: 0.0310s/iter; left time: 8550.1587s
	iters: 2200, epoch: 5 | loss: 0.0194183
	speed: 0.0306s/iter; left time: 8431.1308s
	iters: 2300, epoch: 5 | loss: 0.0110994
	speed: 0.0311s/iter; left time: 8566.7501s
	iters: 2400, epoch: 5 | loss: 0.0148681
	speed: 0.0309s/iter; left time: 8510.1014s
	iters: 2500, epoch: 5 | loss: 0.0160809
	speed: 0.0307s/iter; left time: 8456.8468s
	iters: 2600, epoch: 5 | loss: 0.0140017
	speed: 0.0316s/iter; left time: 8677.7594s
	iters: 2700, epoch: 5 | loss: 0.0097451
	speed: 0.0313s/iter; left time: 8592.5635s
	iters: 2800, epoch: 5 | loss: 0.0207031
	speed: 0.0303s/iter; left time: 8317.2452s
	iters: 2900, epoch: 5 | loss: 0.0140516
	speed: 0.0307s/iter; left time: 8429.9423s
	iters: 3000, epoch: 5 | loss: 0.0140706
	speed: 0.0317s/iter; left time: 8694.8060s
	iters: 3100, epoch: 5 | loss: 0.0131046
	speed: 0.0313s/iter; left time: 8589.0711s
	iters: 3200, epoch: 5 | loss: 0.0185068
	speed: 0.0314s/iter; left time: 8626.1797s
	iters: 3300, epoch: 5 | loss: 0.0175578
	speed: 0.0310s/iter; left time: 8500.9880s
	iters: 3400, epoch: 5 | loss: 0.0113996
	speed: 0.0301s/iter; left time: 8263.8532s
	iters: 3500, epoch: 5 | loss: 0.0149895
	speed: 0.0306s/iter; left time: 8394.4501s
	iters: 3600, epoch: 5 | loss: 0.0159098
	speed: 0.0305s/iter; left time: 8349.7911s
	iters: 3700, epoch: 5 | loss: 0.0219115
	speed: 0.0321s/iter; left time: 8778.9303s
	iters: 3800, epoch: 5 | loss: 0.0142295
	speed: 0.0312s/iter; left time: 8530.3071s
	iters: 3900, epoch: 5 | loss: 0.0168551
	speed: 0.0314s/iter; left time: 8596.8017s
	iters: 4000, epoch: 5 | loss: 0.0178886
	speed: 0.0304s/iter; left time: 8316.1013s
	iters: 4100, epoch: 5 | loss: 0.0162767
	speed: 0.0313s/iter; left time: 8554.7735s
	iters: 4200, epoch: 5 | loss: 0.0274622
	speed: 0.0317s/iter; left time: 8657.9970s
	iters: 4300, epoch: 5 | loss: 0.0150390
	speed: 0.0321s/iter; left time: 8773.1683s
	iters: 4400, epoch: 5 | loss: 0.0253366
	speed: 0.0313s/iter; left time: 8551.3641s
	iters: 4500, epoch: 5 | loss: 0.0113661
	speed: 0.0304s/iter; left time: 8311.4310s
	iters: 4600, epoch: 5 | loss: 0.0160284
	speed: 0.0309s/iter; left time: 8435.0257s
	iters: 4700, epoch: 5 | loss: 0.0163359
	speed: 0.0300s/iter; left time: 8173.8593s
	iters: 4800, epoch: 5 | loss: 0.0118301
	speed: 0.0309s/iter; left time: 8441.0571s
	iters: 4900, epoch: 5 | loss: 0.0082436
	speed: 0.0323s/iter; left time: 8806.1272s
	iters: 5000, epoch: 5 | loss: 0.0150640
	speed: 0.0308s/iter; left time: 8404.4700s
	iters: 5100, epoch: 5 | loss: 0.0091574
	speed: 0.0310s/iter; left time: 8447.3144s
	iters: 5200, epoch: 5 | loss: 0.0169517
	speed: 0.0305s/iter; left time: 8316.0027s
	iters: 5300, epoch: 5 | loss: 0.0136834
	speed: 0.0304s/iter; left time: 8289.1660s
	iters: 5400, epoch: 5 | loss: 0.0151581
	speed: 0.0315s/iter; left time: 8573.3866s
	iters: 5500, epoch: 5 | loss: 0.0142667
	speed: 0.0315s/iter; left time: 8557.5119s
	iters: 5600, epoch: 5 | loss: 0.0132495
	speed: 0.0314s/iter; left time: 8528.8235s
	iters: 5700, epoch: 5 | loss: 0.0106932
	speed: 0.0319s/iter; left time: 8664.3675s
	iters: 5800, epoch: 5 | loss: 0.0157780
	speed: 0.0305s/iter; left time: 8302.4054s
	iters: 5900, epoch: 5 | loss: 0.0134574
	speed: 0.0306s/iter; left time: 8307.7828s
	iters: 6000, epoch: 5 | loss: 0.0089755
	speed: 0.0312s/iter; left time: 8462.8121s
Epoch: 5 cost time: 187.37267971038818
Epoch: 5, Steps: 6034 | Train Loss: 0.0155464 Vali Loss: 0.8060910 Test Loss: 0.6972657
EarlyStopping counter: 3 out of 10
Updating learning rate to 6.25e-06
	iters: 100, epoch: 6 | loss: 0.0151113
	speed: 0.3703s/iter; left time: 100511.1529s
	iters: 200, epoch: 6 | loss: 0.0115344
	speed: 0.0305s/iter; left time: 8270.1090s
	iters: 300, epoch: 6 | loss: 0.0134163
	speed: 0.0314s/iter; left time: 8514.0024s
	iters: 400, epoch: 6 | loss: 0.0153412
	speed: 0.0315s/iter; left time: 8553.8488s
	iters: 500, epoch: 6 | loss: 0.0135393
	speed: 0.0305s/iter; left time: 8253.3930s
	iters: 600, epoch: 6 | loss: 0.0188573
	speed: 0.0308s/iter; left time: 8343.7780s
	iters: 700, epoch: 6 | loss: 0.0147216
	speed: 0.0315s/iter; left time: 8537.3769s
	iters: 800, epoch: 6 | loss: 0.0137738
	speed: 0.0317s/iter; left time: 8568.9827s
	iters: 900, epoch: 6 | loss: 0.0168206
	speed: 0.0320s/iter; left time: 8647.0171s
	iters: 1000, epoch: 6 | loss: 0.0118072
	speed: 0.0308s/iter; left time: 8343.4118s
	iters: 1100, epoch: 6 | loss: 0.0155641
	speed: 0.0304s/iter; left time: 8222.4234s
	iters: 1200, epoch: 6 | loss: 0.0130531
	speed: 0.0307s/iter; left time: 8303.9741s
	iters: 1300, epoch: 6 | loss: 0.0151349
	speed: 0.0313s/iter; left time: 8449.8144s
	iters: 1400, epoch: 6 | loss: 0.0177468
	speed: 0.0325s/iter; left time: 8781.5664s
	iters: 1500, epoch: 6 | loss: 0.0183876
	speed: 0.0318s/iter; left time: 8573.7861s
	iters: 1600, epoch: 6 | loss: 0.0113564
	speed: 0.0317s/iter; left time: 8567.6184s
	iters: 1700, epoch: 6 | loss: 0.0187567
	speed: 0.0306s/iter; left time: 8263.9964s
	iters: 1800, epoch: 6 | loss: 0.0115433
	speed: 0.0301s/iter; left time: 8121.2118s
	iters: 1900, epoch: 6 | loss: 0.0113480
	speed: 0.0312s/iter; left time: 8404.8582s
	iters: 2000, epoch: 6 | loss: 0.0108131
	speed: 0.0313s/iter; left time: 8438.6475s
	iters: 2100, epoch: 6 | loss: 0.0101587
	speed: 0.0312s/iter; left time: 8416.5127s
	iters: 2200, epoch: 6 | loss: 0.0191869
	speed: 0.0308s/iter; left time: 8305.7047s
	iters: 2300, epoch: 6 | loss: 0.0152641
	speed: 0.0301s/iter; left time: 8096.5130s
	iters: 2400, epoch: 6 | loss: 0.0135978
	speed: 0.0303s/iter; left time: 8144.5990s
	iters: 2500, epoch: 6 | loss: 0.0189015
	speed: 0.0312s/iter; left time: 8397.2909s
	iters: 2600, epoch: 6 | loss: 0.0155329
	speed: 0.0311s/iter; left time: 8362.1464s
	iters: 2700, epoch: 6 | loss: 0.0147618
	speed: 0.0315s/iter; left time: 8459.4862s
	iters: 2800, epoch: 6 | loss: 0.0171839
	speed: 0.0311s/iter; left time: 8353.1347s
	iters: 2900, epoch: 6 | loss: 0.0102289
	speed: 0.0316s/iter; left time: 8500.7454s
	iters: 3000, epoch: 6 | loss: 0.0156009
	speed: 0.0307s/iter; left time: 8241.1101s
	iters: 3100, epoch: 6 | loss: 0.0122319
	speed: 0.0309s/iter; left time: 8285.3703s
	iters: 3200, epoch: 6 | loss: 0.0090964
	speed: 0.0319s/iter; left time: 8553.5624s
	iters: 3300, epoch: 6 | loss: 0.0121185
	speed: 0.0311s/iter; left time: 8336.6452s
	iters: 3400, epoch: 6 | loss: 0.0212242
	speed: 0.0311s/iter; left time: 8345.5018s
	iters: 3500, epoch: 6 | loss: 0.0124918
	speed: 0.0307s/iter; left time: 8218.5877s
	iters: 3600, epoch: 6 | loss: 0.0099283
	speed: 0.0304s/iter; left time: 8149.0654s
	iters: 3700, epoch: 6 | loss: 0.0085536
	speed: 0.0318s/iter; left time: 8512.3358s
	iters: 3800, epoch: 6 | loss: 0.0126114
	speed: 0.0313s/iter; left time: 8373.4027s
	iters: 3900, epoch: 6 | loss: 0.0138467
	speed: 0.0313s/iter; left time: 8384.3436s
	iters: 4000, epoch: 6 | loss: 0.0145218
	speed: 0.0313s/iter; left time: 8372.6822s
	iters: 4100, epoch: 6 | loss: 0.0182666
	speed: 0.0308s/iter; left time: 8235.5184s
	iters: 4200, epoch: 6 | loss: 0.0166901
	speed: 0.0305s/iter; left time: 8163.8054s
	iters: 4300, epoch: 6 | loss: 0.0178706
	speed: 0.0316s/iter; left time: 8455.2488s
	iters: 4400, epoch: 6 | loss: 0.0109999
	speed: 0.0313s/iter; left time: 8352.2052s
	iters: 4500, epoch: 6 | loss: 0.0158192
	speed: 0.0311s/iter; left time: 8303.0887s
	iters: 4600, epoch: 6 | loss: 0.0114142
	speed: 0.0306s/iter; left time: 8164.9993s
	iters: 4700, epoch: 6 | loss: 0.0155829
	speed: 0.0306s/iter; left time: 8170.4875s
	iters: 4800, epoch: 6 | loss: 0.0144520
	speed: 0.0307s/iter; left time: 8201.8156s
	iters: 4900, epoch: 6 | loss: 0.0188409
	speed: 0.0305s/iter; left time: 8136.8497s
	iters: 5000, epoch: 6 | loss: 0.0147658
	speed: 0.0319s/iter; left time: 8493.4623s
	iters: 5100, epoch: 6 | loss: 0.0177382
	speed: 0.0316s/iter; left time: 8431.4002s
	iters: 5200, epoch: 6 | loss: 0.0131713
	speed: 0.0310s/iter; left time: 8266.8764s
	iters: 5300, epoch: 6 | loss: 0.0117610
	speed: 0.0310s/iter; left time: 8248.4960s
	iters: 5400, epoch: 6 | loss: 0.0150242
	speed: 0.0306s/iter; left time: 8142.0044s
	iters: 5500, epoch: 6 | loss: 0.0119801
	speed: 0.0311s/iter; left time: 8264.6771s
	iters: 5600, epoch: 6 | loss: 0.0214965
	speed: 0.0314s/iter; left time: 8348.4406s
	iters: 5700, epoch: 6 | loss: 0.0120608
	speed: 0.0313s/iter; left time: 8326.6096s
	iters: 5800, epoch: 6 | loss: 0.0128875
	speed: 0.0310s/iter; left time: 8235.4801s
	iters: 5900, epoch: 6 | loss: 0.0116859
	speed: 0.0310s/iter; left time: 8244.7881s
	iters: 6000, epoch: 6 | loss: 0.0153712
	speed: 0.0306s/iter; left time: 8113.5309s
Epoch: 6 cost time: 187.62203669548035
Epoch: 6, Steps: 6034 | Train Loss: 0.0144372 Vali Loss: 0.8261411 Test Loss: 0.7239049
EarlyStopping counter: 4 out of 10
Updating learning rate to 3.125e-06
	iters: 100, epoch: 7 | loss: 0.0110252
	speed: 0.3691s/iter; left time: 97950.9840s
	iters: 200, epoch: 7 | loss: 0.0142831
	speed: 0.0307s/iter; left time: 8146.5678s
	iters: 300, epoch: 7 | loss: 0.0112330
	speed: 0.0313s/iter; left time: 8295.2396s
	iters: 400, epoch: 7 | loss: 0.0195772
	speed: 0.0320s/iter; left time: 8485.4718s
	iters: 500, epoch: 7 | loss: 0.0206700
	speed: 0.0308s/iter; left time: 8162.2170s
	iters: 600, epoch: 7 | loss: 0.0095843
	speed: 0.0304s/iter; left time: 8056.5596s
	iters: 700, epoch: 7 | loss: 0.0135757
	speed: 0.0305s/iter; left time: 8063.6901s
	iters: 800, epoch: 7 | loss: 0.0103349
	speed: 0.0309s/iter; left time: 8179.2778s
	iters: 900, epoch: 7 | loss: 0.0123460
	speed: 0.0321s/iter; left time: 8493.0932s
	iters: 1000, epoch: 7 | loss: 0.0153992
	speed: 0.0315s/iter; left time: 8336.7441s
	iters: 1100, epoch: 7 | loss: 0.0160778
	speed: 0.0317s/iter; left time: 8384.4184s
	iters: 1200, epoch: 7 | loss: 0.0143980
	speed: 0.0305s/iter; left time: 8060.4522s
	iters: 1300, epoch: 7 | loss: 0.0117349
	speed: 0.0313s/iter; left time: 8278.1358s
	iters: 1400, epoch: 7 | loss: 0.0156751
	speed: 0.0310s/iter; left time: 8196.4359s
	iters: 1500, epoch: 7 | loss: 0.0112482
	speed: 0.0315s/iter; left time: 8310.0465s
	iters: 1600, epoch: 7 | loss: 0.0110197
	speed: 0.0315s/iter; left time: 8300.2999s
	iters: 1700, epoch: 7 | loss: 0.0117993
	speed: 0.0317s/iter; left time: 8353.1511s
	iters: 1800, epoch: 7 | loss: 0.0172286
	speed: 0.0302s/iter; left time: 7955.5441s
	iters: 1900, epoch: 7 | loss: 0.0110104
	speed: 0.0303s/iter; left time: 7998.2920s
	iters: 2000, epoch: 7 | loss: 0.0134033
	speed: 0.0305s/iter; left time: 8031.3838s
	iters: 2100, epoch: 7 | loss: 0.0144401
	speed: 0.0310s/iter; left time: 8155.4028s
	iters: 2200, epoch: 7 | loss: 0.0099136
	speed: 0.0313s/iter; left time: 8229.3935s
	iters: 2300, epoch: 7 | loss: 0.0108156
	speed: 0.0307s/iter; left time: 8090.9246s
	iters: 2400, epoch: 7 | loss: 0.0104539
	speed: 0.0311s/iter; left time: 8187.4908s
	iters: 2500, epoch: 7 | loss: 0.0105475
	speed: 0.0305s/iter; left time: 8017.0467s
	iters: 2600, epoch: 7 | loss: 0.0181663
	speed: 0.0310s/iter; left time: 8143.8415s
	iters: 2700, epoch: 7 | loss: 0.0100079
	speed: 0.0309s/iter; left time: 8115.8576s
	iters: 2800, epoch: 7 | loss: 0.0143056
	speed: 0.0318s/iter; left time: 8354.6479s
	iters: 2900, epoch: 7 | loss: 0.0173967
	speed: 0.0311s/iter; left time: 8167.3099s
	iters: 3000, epoch: 7 | loss: 0.0153634
	speed: 0.0310s/iter; left time: 8128.8784s
	iters: 3100, epoch: 7 | loss: 0.0171970
	speed: 0.0309s/iter; left time: 8096.5372s
	iters: 3200, epoch: 7 | loss: 0.0161649
	speed: 0.0309s/iter; left time: 8102.7183s
	iters: 3300, epoch: 7 | loss: 0.0133658
	speed: 0.0313s/iter; left time: 8196.0236s
	iters: 3400, epoch: 7 | loss: 0.0153893
	speed: 0.0311s/iter; left time: 8154.4827s
	iters: 3500, epoch: 7 | loss: 0.0112801
	speed: 0.0309s/iter; left time: 8107.6360s
	iters: 3600, epoch: 7 | loss: 0.0120950
	speed: 0.0311s/iter; left time: 8138.2559s
	iters: 3700, epoch: 7 | loss: 0.0132587
	speed: 0.0310s/iter; left time: 8118.3770s
	iters: 3800, epoch: 7 | loss: 0.0150300
	speed: 0.0309s/iter; left time: 8094.6643s
	iters: 3900, epoch: 7 | loss: 0.0084031
	speed: 0.0304s/iter; left time: 7963.6829s
	iters: 4000, epoch: 7 | loss: 0.0157313
	speed: 0.0313s/iter; left time: 8190.0211s
	iters: 4100, epoch: 7 | loss: 0.0118455
	speed: 0.0311s/iter; left time: 8131.1827s
	iters: 4200, epoch: 7 | loss: 0.0141011
	speed: 0.0304s/iter; left time: 7935.7056s
	iters: 4300, epoch: 7 | loss: 0.0115509
	speed: 0.0306s/iter; left time: 7996.0108s
	iters: 4400, epoch: 7 | loss: 0.0156830
	speed: 0.0313s/iter; left time: 8185.2708s
	iters: 4500, epoch: 7 | loss: 0.0192059
	speed: 0.0309s/iter; left time: 8052.7762s
	iters: 4600, epoch: 7 | loss: 0.0139228
	speed: 0.0306s/iter; left time: 7983.7311s
	iters: 4700, epoch: 7 | loss: 0.0156869
	speed: 0.0310s/iter; left time: 8089.3136s
	iters: 4800, epoch: 7 | loss: 0.0182240
	speed: 0.0311s/iter; left time: 8118.6928s
	iters: 4900, epoch: 7 | loss: 0.0136839
	speed: 0.0313s/iter; left time: 8150.7498s
	iters: 5000, epoch: 7 | loss: 0.0108528
	speed: 0.0306s/iter; left time: 7967.6456s
	iters: 5100, epoch: 7 | loss: 0.0115623
	speed: 0.0313s/iter; left time: 8146.4642s
	iters: 5200, epoch: 7 | loss: 0.0115545
	speed: 0.0312s/iter; left time: 8127.0668s
	iters: 5300, epoch: 7 | loss: 0.0139984
	speed: 0.0311s/iter; left time: 8088.7188s
	iters: 5400, epoch: 7 | loss: 0.0161355
	speed: 0.0315s/iter; left time: 8191.9215s
	iters: 5500, epoch: 7 | loss: 0.0146464
	speed: 0.0319s/iter; left time: 8306.6151s
	iters: 5600, epoch: 7 | loss: 0.0108913
	speed: 0.0311s/iter; left time: 8073.5687s
	iters: 5700, epoch: 7 | loss: 0.0131909
	speed: 0.0298s/iter; left time: 7748.3435s
	iters: 5800, epoch: 7 | loss: 0.0204594
	speed: 0.0309s/iter; left time: 8027.1305s
	iters: 5900, epoch: 7 | loss: 0.0130081
	speed: 0.0302s/iter; left time: 7847.6588s
	iters: 6000, epoch: 7 | loss: 0.0123406
	speed: 0.0314s/iter; left time: 8137.5355s
Epoch: 7 cost time: 187.1457715034485
Epoch: 7, Steps: 6034 | Train Loss: 0.0139419 Vali Loss: 0.8420913 Test Loss: 0.7241026
EarlyStopping counter: 5 out of 10
Updating learning rate to 1.5625e-06
	iters: 100, epoch: 8 | loss: 0.0147256
	speed: 0.3661s/iter; left time: 94959.1094s
	iters: 200, epoch: 8 | loss: 0.0077135
	speed: 0.0303s/iter; left time: 7867.9771s
	iters: 300, epoch: 8 | loss: 0.0123368
	speed: 0.0312s/iter; left time: 8084.2294s
	iters: 400, epoch: 8 | loss: 0.0137634
	speed: 0.0311s/iter; left time: 8049.1075s
	iters: 500, epoch: 8 | loss: 0.0137050
	speed: 0.0318s/iter; left time: 8246.1025s
	iters: 600, epoch: 8 | loss: 0.0173960
	speed: 0.0311s/iter; left time: 8042.2744s
	iters: 700, epoch: 8 | loss: 0.0103191
	speed: 0.0310s/iter; left time: 8019.3287s
	iters: 800, epoch: 8 | loss: 0.0189703
	speed: 0.0305s/iter; left time: 7892.9444s
	iters: 900, epoch: 8 | loss: 0.0196095
	speed: 0.0317s/iter; left time: 8183.5472s
	iters: 1000, epoch: 8 | loss: 0.0115642
	speed: 0.0305s/iter; left time: 7890.9906s
	iters: 1100, epoch: 8 | loss: 0.0122520
	speed: 0.0315s/iter; left time: 8131.1618s
	iters: 1200, epoch: 8 | loss: 0.0142220
	speed: 0.0312s/iter; left time: 8048.8413s
	iters: 1300, epoch: 8 | loss: 0.0133315
	speed: 0.0323s/iter; left time: 8327.4442s
	iters: 1400, epoch: 8 | loss: 0.0089830
	speed: 0.0309s/iter; left time: 7977.8209s
	iters: 1500, epoch: 8 | loss: 0.0108836
	speed: 0.0307s/iter; left time: 7923.3700s
	iters: 1600, epoch: 8 | loss: 0.0142223
	speed: 0.0312s/iter; left time: 8044.0140s
	iters: 1700, epoch: 8 | loss: 0.0221123
	speed: 0.0314s/iter; left time: 8098.0942s
	iters: 1800, epoch: 8 | loss: 0.0131780
	speed: 0.0318s/iter; left time: 8192.6159s
	iters: 1900, epoch: 8 | loss: 0.0120209
	speed: 0.0313s/iter; left time: 8056.5400s
	iters: 2000, epoch: 8 | loss: 0.0141832
	speed: 0.0314s/iter; left time: 8084.1819s
	iters: 2100, epoch: 8 | loss: 0.0164487
	speed: 0.0311s/iter; left time: 8000.9940s
	iters: 2200, epoch: 8 | loss: 0.0091601
	speed: 0.0313s/iter; left time: 8043.6065s
	iters: 2300, epoch: 8 | loss: 0.0126241
	speed: 0.0306s/iter; left time: 7860.7817s
	iters: 2400, epoch: 8 | loss: 0.0138156
	speed: 0.0309s/iter; left time: 7936.4422s
	iters: 2500, epoch: 8 | loss: 0.0242321
	speed: 0.0322s/iter; left time: 8273.3320s
	iters: 2600, epoch: 8 | loss: 0.0143416
	speed: 0.0312s/iter; left time: 8018.4073s
	iters: 2700, epoch: 8 | loss: 0.0136874
	speed: 0.0308s/iter; left time: 7899.5596s
	iters: 2800, epoch: 8 | loss: 0.0108268
	speed: 0.0318s/iter; left time: 8149.2147s
	iters: 2900, epoch: 8 | loss: 0.0108434
	speed: 0.0309s/iter; left time: 7918.6865s
	iters: 3000, epoch: 8 | loss: 0.0140865
	speed: 0.0304s/iter; left time: 7790.4492s
	iters: 3100, epoch: 8 | loss: 0.0084634
	speed: 0.0321s/iter; left time: 8238.0863s
	iters: 3200, epoch: 8 | loss: 0.0121595
	speed: 0.0319s/iter; left time: 8167.5583s
	iters: 3300, epoch: 8 | loss: 0.0163965
	speed: 0.0306s/iter; left time: 7826.7063s
	iters: 3400, epoch: 8 | loss: 0.0149315
	speed: 0.0311s/iter; left time: 7957.3197s
	iters: 3500, epoch: 8 | loss: 0.0138213
	speed: 0.0306s/iter; left time: 7839.5491s
	iters: 3600, epoch: 8 | loss: 0.0092976
	speed: 0.0299s/iter; left time: 7645.0941s
	iters: 3700, epoch: 8 | loss: 0.0097578
	speed: 0.0310s/iter; left time: 7935.6110s
	iters: 3800, epoch: 8 | loss: 0.0140869
	speed: 0.0314s/iter; left time: 8020.4058s
	iters: 3900, epoch: 8 | loss: 0.0103904
	speed: 0.0310s/iter; left time: 7927.5764s
	iters: 4000, epoch: 8 | loss: 0.0133870
	speed: 0.0320s/iter; left time: 8176.7676s
	iters: 4100, epoch: 8 | loss: 0.0114713
	speed: 0.0307s/iter; left time: 7840.0823s
	iters: 4200, epoch: 8 | loss: 0.0201814
	speed: 0.0304s/iter; left time: 7748.1938s
	iters: 4300, epoch: 8 | loss: 0.0122805
	speed: 0.0320s/iter; left time: 8170.4875s
	iters: 4400, epoch: 8 | loss: 0.0158153
	speed: 0.0319s/iter; left time: 8130.5862s
	iters: 4500, epoch: 8 | loss: 0.0154432
	speed: 0.0312s/iter; left time: 7949.0607s
	iters: 4600, epoch: 8 | loss: 0.0153583
	speed: 0.0305s/iter; left time: 7776.0357s
	iters: 4700, epoch: 8 | loss: 0.0161174
	speed: 0.0303s/iter; left time: 7722.2811s
	iters: 4800, epoch: 8 | loss: 0.0209299
	speed: 0.0306s/iter; left time: 7780.7047s
	iters: 4900, epoch: 8 | loss: 0.0086535
	speed: 0.0312s/iter; left time: 7933.6772s
	iters: 5000, epoch: 8 | loss: 0.0173270
	speed: 0.0317s/iter; left time: 8067.3631s
	iters: 5100, epoch: 8 | loss: 0.0126687
	speed: 0.0315s/iter; left time: 8015.1729s
	iters: 5200, epoch: 8 | loss: 0.0112086
	speed: 0.0301s/iter; left time: 7651.0115s
	iters: 5300, epoch: 8 | loss: 0.0083448
	speed: 0.0301s/iter; left time: 7638.7268s
	iters: 5400, epoch: 8 | loss: 0.0147272
	speed: 0.0300s/iter; left time: 7612.3636s
	iters: 5500, epoch: 8 | loss: 0.0132614
	speed: 0.0316s/iter; left time: 8024.5250s
	iters: 5600, epoch: 8 | loss: 0.0129218
	speed: 0.0316s/iter; left time: 8017.8566s
	iters: 5700, epoch: 8 | loss: 0.0119796
	speed: 0.0314s/iter; left time: 7972.9417s
	iters: 5800, epoch: 8 | loss: 0.0109110
	speed: 0.0302s/iter; left time: 7672.1497s
	iters: 5900, epoch: 8 | loss: 0.0130297
	speed: 0.0305s/iter; left time: 7733.3727s
	iters: 6000, epoch: 8 | loss: 0.0158216
	speed: 0.0306s/iter; left time: 7766.2420s
Epoch: 8 cost time: 187.3925278186798
Epoch: 8, Steps: 6034 | Train Loss: 0.0136648 Vali Loss: 0.8302026 Test Loss: 0.7119727
EarlyStopping counter: 6 out of 10
Updating learning rate to 7.8125e-07
	iters: 100, epoch: 9 | loss: 0.0144543
	speed: 0.3694s/iter; left time: 93575.8111s
	iters: 200, epoch: 9 | loss: 0.0129497
	speed: 0.0306s/iter; left time: 7736.9056s
	iters: 300, epoch: 9 | loss: 0.0152065
	speed: 0.0321s/iter; left time: 8129.7730s
	iters: 400, epoch: 9 | loss: 0.0139379
	speed: 0.0308s/iter; left time: 7789.8435s
	iters: 500, epoch: 9 | loss: 0.0149307
	speed: 0.0310s/iter; left time: 7847.4900s
	iters: 600, epoch: 9 | loss: 0.0084936
	speed: 0.0303s/iter; left time: 7659.4757s
	iters: 700, epoch: 9 | loss: 0.0107478
	speed: 0.0306s/iter; left time: 7739.4900s
	iters: 800, epoch: 9 | loss: 0.0136283
	speed: 0.0306s/iter; left time: 7736.6138s
	iters: 900, epoch: 9 | loss: 0.0189734
	speed: 0.0317s/iter; left time: 8010.9277s
	iters: 1000, epoch: 9 | loss: 0.0124963
	speed: 0.0308s/iter; left time: 7782.9836s
	iters: 1100, epoch: 9 | loss: 0.0083216
	speed: 0.0306s/iter; left time: 7714.5360s
	iters: 1200, epoch: 9 | loss: 0.0086349
	speed: 0.0297s/iter; left time: 7499.4863s
	iters: 1300, epoch: 9 | loss: 0.0113482
	speed: 0.0313s/iter; left time: 7892.0023s
	iters: 1400, epoch: 9 | loss: 0.0173684
	speed: 0.0322s/iter; left time: 8120.3164s
	iters: 1500, epoch: 9 | loss: 0.0137244
	speed: 0.0312s/iter; left time: 7869.4813s
	iters: 1600, epoch: 9 | loss: 0.0152197
	speed: 0.0323s/iter; left time: 8124.9920s
	iters: 1700, epoch: 9 | loss: 0.0172894
	speed: 0.0306s/iter; left time: 7704.9820s
	iters: 1800, epoch: 9 | loss: 0.0180138
	speed: 0.0306s/iter; left time: 7689.1553s
	iters: 1900, epoch: 9 | loss: 0.0093235
	speed: 0.0309s/iter; left time: 7767.7686s
	iters: 2000, epoch: 9 | loss: 0.0141046
	speed: 0.0315s/iter; left time: 7919.4209s
	iters: 2100, epoch: 9 | loss: 0.0154865
	speed: 0.0316s/iter; left time: 7946.7592s
	iters: 2200, epoch: 9 | loss: 0.0110366
	speed: 0.0321s/iter; left time: 8063.9928s
	iters: 2300, epoch: 9 | loss: 0.0112925
	speed: 0.0303s/iter; left time: 7615.1134s
	iters: 2400, epoch: 9 | loss: 0.0165847
	speed: 0.0300s/iter; left time: 7523.1697s
	iters: 2500, epoch: 9 | loss: 0.0167085
	speed: 0.0304s/iter; left time: 7636.3025s
	iters: 2600, epoch: 9 | loss: 0.0111033
	speed: 0.0314s/iter; left time: 7868.3654s
	iters: 2700, epoch: 9 | loss: 0.0159754
	speed: 0.0311s/iter; left time: 7806.7251s
	iters: 2800, epoch: 9 | loss: 0.0102793
	speed: 0.0309s/iter; left time: 7745.4392s
	iters: 2900, epoch: 9 | loss: 0.0128246
	speed: 0.0308s/iter; left time: 7725.5346s
	iters: 3000, epoch: 9 | loss: 0.0112204
	speed: 0.0305s/iter; left time: 7630.5589s
	iters: 3100, epoch: 9 | loss: 0.0113994
	speed: 0.0309s/iter; left time: 7728.1639s
	iters: 3200, epoch: 9 | loss: 0.0122337
	speed: 0.0315s/iter; left time: 7891.8111s
	iters: 3300, epoch: 9 | loss: 0.0176291
	speed: 0.0313s/iter; left time: 7818.1533s
	iters: 3400, epoch: 9 | loss: 0.0077480
	speed: 0.0312s/iter; left time: 7794.2244s
	iters: 3500, epoch: 9 | loss: 0.0137236
	speed: 0.0305s/iter; left time: 7630.5718s
	iters: 3600, epoch: 9 | loss: 0.0116516
	speed: 0.0306s/iter; left time: 7636.9233s
	iters: 3700, epoch: 9 | loss: 0.0139338
	speed: 0.0308s/iter; left time: 7687.8865s
	iters: 3800, epoch: 9 | loss: 0.0136301
	speed: 0.0312s/iter; left time: 7781.9355s
	iters: 3900, epoch: 9 | loss: 0.0101923
	speed: 0.0319s/iter; left time: 7963.4984s
	iters: 4000, epoch: 9 | loss: 0.0110196
	speed: 0.0310s/iter; left time: 7735.7378s
	iters: 4100, epoch: 9 | loss: 0.0169554
	speed: 0.0312s/iter; left time: 7770.1020s
	iters: 4200, epoch: 9 | loss: 0.0070677
	speed: 0.0305s/iter; left time: 7598.9727s
	iters: 4300, epoch: 9 | loss: 0.0141195
	speed: 0.0306s/iter; left time: 7630.2468s
	iters: 4400, epoch: 9 | loss: 0.0206081
	speed: 0.0305s/iter; left time: 7595.2003s
	iters: 4500, epoch: 9 | loss: 0.0130929
	speed: 0.0317s/iter; left time: 7901.8439s
	iters: 4600, epoch: 9 | loss: 0.0095330
	speed: 0.0308s/iter; left time: 7652.6072s
	iters: 4700, epoch: 9 | loss: 0.0113509
	speed: 0.0302s/iter; left time: 7508.7977s
	iters: 4800, epoch: 9 | loss: 0.0123032
	speed: 0.0310s/iter; left time: 7698.2911s
	iters: 4900, epoch: 9 | loss: 0.0109132
	speed: 0.0307s/iter; left time: 7628.5217s
	iters: 5000, epoch: 9 | loss: 0.0115656
	speed: 0.0310s/iter; left time: 7705.2678s
	iters: 5100, epoch: 9 | loss: 0.0095686
	speed: 0.0312s/iter; left time: 7759.5731s
	iters: 5200, epoch: 9 | loss: 0.0100548
	speed: 0.0311s/iter; left time: 7714.6278s
	iters: 5300, epoch: 9 | loss: 0.0140921
	speed: 0.0314s/iter; left time: 7796.2722s
	iters: 5400, epoch: 9 | loss: 0.0150650
	speed: 0.0309s/iter; left time: 7656.9731s
	iters: 5500, epoch: 9 | loss: 0.0164494
	speed: 0.0305s/iter; left time: 7561.0051s
	iters: 5600, epoch: 9 | loss: 0.0168356
	speed: 0.0305s/iter; left time: 7565.4937s
	iters: 5700, epoch: 9 | loss: 0.0098075
	speed: 0.0308s/iter; left time: 7634.1490s
	iters: 5800, epoch: 9 | loss: 0.0222492
	speed: 0.0309s/iter; left time: 7650.7972s
	iters: 5900, epoch: 9 | loss: 0.0174562
	speed: 0.0314s/iter; left time: 7760.4254s
	iters: 6000, epoch: 9 | loss: 0.0095980
	speed: 0.0310s/iter; left time: 7659.9929s
Epoch: 9 cost time: 186.90908432006836
Epoch: 9, Steps: 6034 | Train Loss: 0.0135364 Vali Loss: 0.8243608 Test Loss: 0.7079325
EarlyStopping counter: 7 out of 10
Updating learning rate to 3.90625e-07
	iters: 100, epoch: 10 | loss: 0.0140686
	speed: 0.3692s/iter; left time: 91310.8822s
	iters: 200, epoch: 10 | loss: 0.0107081
	speed: 0.0309s/iter; left time: 7629.2450s
	iters: 300, epoch: 10 | loss: 0.0198909
	speed: 0.0312s/iter; left time: 7717.2762s
	iters: 400, epoch: 10 | loss: 0.0098968
	speed: 0.0311s/iter; left time: 7688.6886s
	iters: 500, epoch: 10 | loss: 0.0186996
	speed: 0.0310s/iter; left time: 7658.5063s
	iters: 600, epoch: 10 | loss: 0.0167556
	speed: 0.0309s/iter; left time: 7633.5016s
	iters: 700, epoch: 10 | loss: 0.0139294
	speed: 0.0305s/iter; left time: 7513.3204s
	iters: 800, epoch: 10 | loss: 0.0085125
	speed: 0.0301s/iter; left time: 7433.9253s
	iters: 900, epoch: 10 | loss: 0.0083542
	speed: 0.0306s/iter; left time: 7531.5373s
	iters: 1000, epoch: 10 | loss: 0.0186488
	speed: 0.0321s/iter; left time: 7898.0851s
	iters: 1100, epoch: 10 | loss: 0.0184808
	speed: 0.0310s/iter; left time: 7645.7862s
	iters: 1200, epoch: 10 | loss: 0.0137772
	speed: 0.0317s/iter; left time: 7795.4855s
	iters: 1300, epoch: 10 | loss: 0.0153703
	speed: 0.0305s/iter; left time: 7514.8721s
	iters: 1400, epoch: 10 | loss: 0.0136926
	speed: 0.0300s/iter; left time: 7382.4740s
	iters: 1500, epoch: 10 | loss: 0.0104198
	speed: 0.0309s/iter; left time: 7594.9004s
	iters: 1600, epoch: 10 | loss: 0.0082356
	speed: 0.0313s/iter; left time: 7687.9098s
	iters: 1700, epoch: 10 | loss: 0.0092255
	speed: 0.0320s/iter; left time: 7857.4765s
	iters: 1800, epoch: 10 | loss: 0.0177231
	speed: 0.0309s/iter; left time: 7599.0017s
	iters: 1900, epoch: 10 | loss: 0.0161681
	speed: 0.0304s/iter; left time: 7463.1732s
	iters: 2000, epoch: 10 | loss: 0.0101329
	speed: 0.0305s/iter; left time: 7488.4755s
	iters: 2100, epoch: 10 | loss: 0.0122666
	speed: 0.0309s/iter; left time: 7591.2259s
	iters: 2200, epoch: 10 | loss: 0.0138662
	speed: 0.0313s/iter; left time: 7670.3357s
	iters: 2300, epoch: 10 | loss: 0.0125261
	speed: 0.0309s/iter; left time: 7568.8470s
	iters: 2400, epoch: 10 | loss: 0.0163602
	speed: 0.0307s/iter; left time: 7515.9450s
	iters: 2500, epoch: 10 | loss: 0.0137721
	speed: 0.0307s/iter; left time: 7513.1429s
	iters: 2600, epoch: 10 | loss: 0.0114955
	speed: 0.0308s/iter; left time: 7541.2325s
	iters: 2700, epoch: 10 | loss: 0.0148649
	speed: 0.0312s/iter; left time: 7629.1853s
	iters: 2800, epoch: 10 | loss: 0.0130437
	speed: 0.0309s/iter; left time: 7567.9719s
	iters: 2900, epoch: 10 | loss: 0.0176564
	speed: 0.0306s/iter; left time: 7479.1895s
	iters: 3000, epoch: 10 | loss: 0.0156104
	speed: 0.0311s/iter; left time: 7610.4803s
	iters: 3100, epoch: 10 | loss: 0.0141369
	speed: 0.0314s/iter; left time: 7671.4242s
	iters: 3200, epoch: 10 | loss: 0.0116814
	speed: 0.0305s/iter; left time: 7442.4065s
	iters: 3300, epoch: 10 | loss: 0.0117923
	speed: 0.0306s/iter; left time: 7466.1357s
	iters: 3400, epoch: 10 | loss: 0.0118028
	speed: 0.0311s/iter; left time: 7578.0174s
	iters: 3500, epoch: 10 | loss: 0.0081610
	speed: 0.0310s/iter; left time: 7568.3803s
	iters: 3600, epoch: 10 | loss: 0.0179180
	speed: 0.0307s/iter; left time: 7479.2646s
	iters: 3700, epoch: 10 | loss: 0.0133159
	speed: 0.0315s/iter; left time: 7670.9632s
	iters: 3800, epoch: 10 | loss: 0.0122032
	speed: 0.0312s/iter; left time: 7608.9793s
	iters: 3900, epoch: 10 | loss: 0.0113901
	speed: 0.0308s/iter; left time: 7503.1436s
	iters: 4000, epoch: 10 | loss: 0.0123823
	speed: 0.0309s/iter; left time: 7531.1127s
	iters: 4100, epoch: 10 | loss: 0.0143134
	speed: 0.0307s/iter; left time: 7478.1722s
	iters: 4200, epoch: 10 | loss: 0.0161815
	speed: 0.0308s/iter; left time: 7495.4914s
	iters: 4300, epoch: 10 | loss: 0.0083855
	speed: 0.0319s/iter; left time: 7753.2266s
	iters: 4400, epoch: 10 | loss: 0.0165482
	speed: 0.0310s/iter; left time: 7529.0292s
	iters: 4500, epoch: 10 | loss: 0.0148586
	speed: 0.0307s/iter; left time: 7460.0215s
	iters: 4600, epoch: 10 | loss: 0.0136627
	speed: 0.0305s/iter; left time: 7404.4231s
	iters: 4700, epoch: 10 | loss: 0.0132845
	speed: 0.0307s/iter; left time: 7450.6380s
	iters: 4800, epoch: 10 | loss: 0.0125251
	speed: 0.0302s/iter; left time: 7328.5454s
	iters: 4900, epoch: 10 | loss: 0.0129775
	speed: 0.0310s/iter; left time: 7523.4506s
	iters: 5000, epoch: 10 | loss: 0.0154099
	speed: 0.0313s/iter; left time: 7577.9131s
	iters: 5100, epoch: 10 | loss: 0.0102929
	speed: 0.0310s/iter; left time: 7501.9031s
	iters: 5200, epoch: 10 | loss: 0.0122812
	speed: 0.0308s/iter; left time: 7451.2693s
	iters: 5300, epoch: 10 | loss: 0.0120074
	speed: 0.0309s/iter; left time: 7489.7996s
	iters: 5400, epoch: 10 | loss: 0.0115688
	speed: 0.0307s/iter; left time: 7420.2763s
	iters: 5500, epoch: 10 | loss: 0.0086418
	speed: 0.0313s/iter; left time: 7575.5510s
	iters: 5600, epoch: 10 | loss: 0.0167996
	speed: 0.0316s/iter; left time: 7628.9821s
	iters: 5700, epoch: 10 | loss: 0.0155558
	speed: 0.0312s/iter; left time: 7530.3211s
	iters: 5800, epoch: 10 | loss: 0.0151602
	speed: 0.0302s/iter; left time: 7305.4864s
	iters: 5900, epoch: 10 | loss: 0.0150249
	speed: 0.0311s/iter; left time: 7498.7267s
	iters: 6000, epoch: 10 | loss: 0.0119800
	speed: 0.0314s/iter; left time: 7570.6374s
Epoch: 10 cost time: 186.72239351272583
Epoch: 10, Steps: 6034 | Train Loss: 0.0134895 Vali Loss: 0.8229983 Test Loss: 0.7057742
EarlyStopping counter: 8 out of 10
Updating learning rate to 1.953125e-07
	iters: 100, epoch: 11 | loss: 0.0190489
	speed: 0.3685s/iter; left time: 88907.3674s
	iters: 200, epoch: 11 | loss: 0.0068952
	speed: 0.0310s/iter; left time: 7474.0899s
	iters: 300, epoch: 11 | loss: 0.0101227
	speed: 0.0302s/iter; left time: 7290.9127s
	iters: 400, epoch: 11 | loss: 0.0124587
	speed: 0.0310s/iter; left time: 7480.0829s
	iters: 500, epoch: 11 | loss: 0.0099531
	speed: 0.0315s/iter; left time: 7587.7672s
	iters: 600, epoch: 11 | loss: 0.0229518
	speed: 0.0310s/iter; left time: 7469.6857s
	iters: 700, epoch: 11 | loss: 0.0158542
	speed: 0.0315s/iter; left time: 7583.7010s
	iters: 800, epoch: 11 | loss: 0.0099956
	speed: 0.0308s/iter; left time: 7409.8585s
	iters: 900, epoch: 11 | loss: 0.0100118
	speed: 0.0306s/iter; left time: 7349.5562s
	iters: 1000, epoch: 11 | loss: 0.0135488
	speed: 0.0305s/iter; left time: 7335.9995s
	iters: 1100, epoch: 11 | loss: 0.0117719
	speed: 0.0304s/iter; left time: 7305.3618s
	iters: 1200, epoch: 11 | loss: 0.0169945
	speed: 0.0305s/iter; left time: 7331.5702s
	iters: 1300, epoch: 11 | loss: 0.0111694
	speed: 0.0322s/iter; left time: 7731.2005s
	iters: 1400, epoch: 11 | loss: 0.0134624
	speed: 0.0307s/iter; left time: 7373.4247s
	iters: 1500, epoch: 11 | loss: 0.0164646
	speed: 0.0313s/iter; left time: 7505.5411s
	iters: 1600, epoch: 11 | loss: 0.0160328
	speed: 0.0308s/iter; left time: 7395.3471s
	iters: 1700, epoch: 11 | loss: 0.0108860
	speed: 0.0304s/iter; left time: 7276.2566s
	iters: 1800, epoch: 11 | loss: 0.0157788
	speed: 0.0311s/iter; left time: 7447.3374s
	iters: 1900, epoch: 11 | loss: 0.0139987
	speed: 0.0308s/iter; left time: 7371.6894s
	iters: 2000, epoch: 11 | loss: 0.0116385
	speed: 0.0309s/iter; left time: 7403.1771s
	iters: 2100, epoch: 11 | loss: 0.0100071
	speed: 0.0304s/iter; left time: 7265.8025s
	iters: 2200, epoch: 11 | loss: 0.0091997
	speed: 0.0303s/iter; left time: 7248.3784s
	iters: 2300, epoch: 11 | loss: 0.0134386
	speed: 0.0306s/iter; left time: 7323.0813s
	iters: 2400, epoch: 11 | loss: 0.0174769
	speed: 0.0304s/iter; left time: 7263.1620s
	iters: 2500, epoch: 11 | loss: 0.0154671
	speed: 0.0312s/iter; left time: 7447.5414s
	iters: 2600, epoch: 11 | loss: 0.0164896
	speed: 0.0304s/iter; left time: 7250.6551s
	iters: 2700, epoch: 11 | loss: 0.0113959
	speed: 0.0313s/iter; left time: 7462.3635s
	iters: 2800, epoch: 11 | loss: 0.0110113
	speed: 0.0311s/iter; left time: 7425.4453s
	iters: 2900, epoch: 11 | loss: 0.0126295
	speed: 0.0303s/iter; left time: 7228.4059s
	iters: 3000, epoch: 11 | loss: 0.0089177
	speed: 0.0303s/iter; left time: 7218.5767s
	iters: 3100, epoch: 11 | loss: 0.0134674
	speed: 0.0309s/iter; left time: 7361.0990s
	iters: 3200, epoch: 11 | loss: 0.0094352
	speed: 0.0309s/iter; left time: 7371.0081s
	iters: 3300, epoch: 11 | loss: 0.0091974
	speed: 0.0316s/iter; left time: 7513.3224s
	iters: 3400, epoch: 11 | loss: 0.0187832
	speed: 0.0308s/iter; left time: 7340.4178s
	iters: 3500, epoch: 11 | loss: 0.0116020
	speed: 0.0306s/iter; left time: 7273.5072s
	iters: 3600, epoch: 11 | loss: 0.0184455
	speed: 0.0304s/iter; left time: 7228.6769s
	iters: 3700, epoch: 11 | loss: 0.0148446
	speed: 0.0306s/iter; left time: 7272.4197s
	iters: 3800, epoch: 11 | loss: 0.0200349
	speed: 0.0311s/iter; left time: 7387.1506s
	iters: 3900, epoch: 11 | loss: 0.0178799
	speed: 0.0308s/iter; left time: 7307.8659s
	iters: 4000, epoch: 11 | loss: 0.0174917
	speed: 0.0314s/iter; left time: 7462.4845s
	iters: 4100, epoch: 11 | loss: 0.0159967
	speed: 0.0300s/iter; left time: 7109.7595s
	iters: 4200, epoch: 11 | loss: 0.0130522
	speed: 0.0300s/iter; left time: 7124.6070s
	iters: 4300, epoch: 11 | loss: 0.0099063
	speed: 0.0310s/iter; left time: 7358.7591s
	iters: 4400, epoch: 11 | loss: 0.0148760
	speed: 0.0312s/iter; left time: 7392.9699s
	iters: 4500, epoch: 11 | loss: 0.0144409
	speed: 0.0319s/iter; left time: 7551.0992s
	iters: 4600, epoch: 11 | loss: 0.0130095
	speed: 0.0310s/iter; left time: 7334.0334s
	iters: 4700, epoch: 11 | loss: 0.0220858
	speed: 0.0308s/iter; left time: 7284.1447s
	iters: 4800, epoch: 11 | loss: 0.0110974
	speed: 0.0303s/iter; left time: 7158.5418s
	iters: 4900, epoch: 11 | loss: 0.0089723
	speed: 0.0307s/iter; left time: 7251.9401s
	iters: 5000, epoch: 11 | loss: 0.0135456
	speed: 0.0309s/iter; left time: 7301.8979s
	iters: 5100, epoch: 11 | loss: 0.0102093
	speed: 0.0314s/iter; left time: 7412.2879s
	iters: 5200, epoch: 11 | loss: 0.0122004
	speed: 0.0316s/iter; left time: 7451.0951s
	iters: 5300, epoch: 11 | loss: 0.0124832
	speed: 0.0309s/iter; left time: 7287.6339s
	iters: 5400, epoch: 11 | loss: 0.0099954
	speed: 0.0302s/iter; left time: 7123.3111s
	iters: 5500, epoch: 11 | loss: 0.0122566
	speed: 0.0307s/iter; left time: 7230.0710s
	iters: 5600, epoch: 11 | loss: 0.0133433
	speed: 0.0314s/iter; left time: 7398.5793s
	iters: 5700, epoch: 11 | loss: 0.0120240
	speed: 0.0315s/iter; left time: 7432.8570s
	iters: 5800, epoch: 11 | loss: 0.0108116
	speed: 0.0311s/iter; left time: 7320.9142s
	iters: 5900, epoch: 11 | loss: 0.0150899
	speed: 0.0312s/iter; left time: 7344.9907s
	iters: 6000, epoch: 11 | loss: 0.0220857
	speed: 0.0308s/iter; left time: 7247.1361s
Epoch: 11 cost time: 186.3134331703186
Epoch: 11, Steps: 6034 | Train Loss: 0.0134310 Vali Loss: 0.8246786 Test Loss: 0.7093189
EarlyStopping counter: 9 out of 10
Updating learning rate to 9.765625e-08
	iters: 100, epoch: 12 | loss: 0.0119809
	speed: 0.3675s/iter; left time: 86442.8189s
	iters: 200, epoch: 12 | loss: 0.0107550
	speed: 0.0309s/iter; left time: 7273.5190s
	iters: 300, epoch: 12 | loss: 0.0091724
	speed: 0.0316s/iter; left time: 7433.9541s
	iters: 400, epoch: 12 | loss: 0.0154265
	speed: 0.0314s/iter; left time: 7379.5159s
	iters: 500, epoch: 12 | loss: 0.0103464
	speed: 0.0308s/iter; left time: 7241.8987s
	iters: 600, epoch: 12 | loss: 0.0191656
	speed: 0.0303s/iter; left time: 7101.2788s
	iters: 700, epoch: 12 | loss: 0.0109213
	speed: 0.0302s/iter; left time: 7084.0510s
	iters: 800, epoch: 12 | loss: 0.0086225
	speed: 0.0304s/iter; left time: 7139.9204s
	iters: 900, epoch: 12 | loss: 0.0123735
	speed: 0.0327s/iter; left time: 7667.7409s
	iters: 1000, epoch: 12 | loss: 0.0135677
	speed: 0.0336s/iter; left time: 7868.6365s
	iters: 1100, epoch: 12 | loss: 0.0130038
	speed: 0.0327s/iter; left time: 7655.3936s
	iters: 1200, epoch: 12 | loss: 0.0195955
	speed: 0.0308s/iter; left time: 7221.1987s
	iters: 1300, epoch: 12 | loss: 0.0110490
	speed: 0.0308s/iter; left time: 7203.6843s
	iters: 1400, epoch: 12 | loss: 0.0176427
	speed: 0.0307s/iter; left time: 7173.9826s
	iters: 1500, epoch: 12 | loss: 0.0116494
	speed: 0.0312s/iter; left time: 7292.4859s
	iters: 1600, epoch: 12 | loss: 0.0090795
	speed: 0.0314s/iter; left time: 7339.5624s
	iters: 1700, epoch: 12 | loss: 0.0123950
	speed: 0.0317s/iter; left time: 7395.4090s
	iters: 1800, epoch: 12 | loss: 0.0091407
	speed: 0.0307s/iter; left time: 7160.7306s
	iters: 1900, epoch: 12 | loss: 0.0094600
	speed: 0.0303s/iter; left time: 7073.3768s
	iters: 2000, epoch: 12 | loss: 0.0106903
	speed: 0.0316s/iter; left time: 7375.8064s
	iters: 2100, epoch: 12 | loss: 0.0126257
	speed: 0.0313s/iter; left time: 7289.0032s
	iters: 2200, epoch: 12 | loss: 0.0183320
	speed: 0.0314s/iter; left time: 7323.3612s
	iters: 2300, epoch: 12 | loss: 0.0131105
	speed: 0.0318s/iter; left time: 7410.8738s
	iters: 2400, epoch: 12 | loss: 0.0091792
	speed: 0.0306s/iter; left time: 7122.0454s
	iters: 2500, epoch: 12 | loss: 0.0130347
	speed: 0.0307s/iter; left time: 7142.0912s
	iters: 2600, epoch: 12 | loss: 0.0188709
	speed: 0.0303s/iter; left time: 7045.3492s
	iters: 2700, epoch: 12 | loss: 0.0118348
	speed: 0.0310s/iter; left time: 7221.1144s
	iters: 2800, epoch: 12 | loss: 0.0140699
	speed: 0.0316s/iter; left time: 7342.1205s
	iters: 2900, epoch: 12 | loss: 0.0101552
	speed: 0.0314s/iter; left time: 7295.5249s
	iters: 3000, epoch: 12 | loss: 0.0095956
	speed: 0.0306s/iter; left time: 7115.6807s
	iters: 3100, epoch: 12 | loss: 0.0102794
	speed: 0.0308s/iter; left time: 7158.2245s
	iters: 3200, epoch: 12 | loss: 0.0111257
	speed: 0.0309s/iter; left time: 7171.5730s
	iters: 3300, epoch: 12 | loss: 0.0159706
	speed: 0.0312s/iter; left time: 7231.9615s
	iters: 3400, epoch: 12 | loss: 0.0170667
	speed: 0.0320s/iter; left time: 7426.1386s
	iters: 3500, epoch: 12 | loss: 0.0181088
	speed: 0.0315s/iter; left time: 7292.5929s
	iters: 3600, epoch: 12 | loss: 0.0152880
	speed: 0.0302s/iter; left time: 7006.6089s
	iters: 3700, epoch: 12 | loss: 0.0144070
	speed: 0.0305s/iter; left time: 7075.9631s
	iters: 3800, epoch: 12 | loss: 0.0159137
	speed: 0.0303s/iter; left time: 7011.9096s
	iters: 3900, epoch: 12 | loss: 0.0133286
	speed: 0.0310s/iter; left time: 7163.9039s
	iters: 4000, epoch: 12 | loss: 0.0157536
	speed: 0.0322s/iter; left time: 7450.7938s
	iters: 4100, epoch: 12 | loss: 0.0130346
	speed: 0.0307s/iter; left time: 7091.4088s
	iters: 4200, epoch: 12 | loss: 0.0160163
	speed: 0.0303s/iter; left time: 7009.8218s
	iters: 4300, epoch: 12 | loss: 0.0147985
	speed: 0.0309s/iter; left time: 7135.0624s
	iters: 4400, epoch: 12 | loss: 0.0195418
	speed: 0.0306s/iter; left time: 7057.9753s
	iters: 4500, epoch: 12 | loss: 0.0120000
	speed: 0.0308s/iter; left time: 7102.3506s
	iters: 4600, epoch: 12 | loss: 0.0156663
	speed: 0.0318s/iter; left time: 7330.0203s
	iters: 4700, epoch: 12 | loss: 0.0171819
	speed: 0.0316s/iter; left time: 7286.7263s
	iters: 4800, epoch: 12 | loss: 0.0117976
	speed: 0.0311s/iter; left time: 7160.8825s
	iters: 4900, epoch: 12 | loss: 0.0153542
	speed: 0.0307s/iter; left time: 7062.9799s
	iters: 5000, epoch: 12 | loss: 0.0095707
	speed: 0.0313s/iter; left time: 7201.1300s
	iters: 5100, epoch: 12 | loss: 0.0120416
	speed: 0.0309s/iter; left time: 7117.1099s
	iters: 5200, epoch: 12 | loss: 0.0081993
	speed: 0.0314s/iter; left time: 7225.5513s
	iters: 5300, epoch: 12 | loss: 0.0149940
	speed: 0.0317s/iter; left time: 7291.9268s
	iters: 5400, epoch: 12 | loss: 0.0120864
	speed: 0.0311s/iter; left time: 7143.1858s
	iters: 5500, epoch: 12 | loss: 0.0079292
	speed: 0.0302s/iter; left time: 6933.5999s
	iters: 5600, epoch: 12 | loss: 0.0118969
	speed: 0.0309s/iter; left time: 7096.2818s
	iters: 5700, epoch: 12 | loss: 0.0115149
	speed: 0.0313s/iter; left time: 7185.1891s
	iters: 5800, epoch: 12 | loss: 0.0158744
	speed: 0.0319s/iter; left time: 7319.2721s
	iters: 5900, epoch: 12 | loss: 0.0125110
	speed: 0.0308s/iter; left time: 7074.1056s
	iters: 6000, epoch: 12 | loss: 0.0138515
	speed: 0.0308s/iter; left time: 7062.1894s
Epoch: 12 cost time: 187.6504623889923
Epoch: 12, Steps: 6034 | Train Loss: 0.0134395 Vali Loss: 0.8276456 Test Loss: 0.7066775
EarlyStopping counter: 10 out of 10
Early stopping
>>>>>>>testing : informerstack_custom_ftMS_sl336_ll168_pl168_dm256_nh8_el3_dl1_df1024_atprob_fc5_ebtimeF_dtTrue_mxTrue_exp_132_0<<<<<<<<<<<<<<<<<<<<<<<<<<<<<<<<<
test 13769
test shape: (1721, 8, 168, 1) (1721, 8, 168, 1)
test shape: (13768, 168, 1) (13768, 168, 1)
mse:0.6368029713630676, mae:0.7076869010925293, r2:-2.7334859371185303


Parsed metrics from Informer output (normalized scale):
  MSE:  0.6368
  MAE:  0.7077
  RMSE: 0.7980
  R2:   -2.7335

Metrics after inverse transformation (original scale):
  MSE:  44.3553
  MAE:  5.9062
  RMSE: 6.6600
  R2:   -2.7335
Warning: Failed to record experiment: 'gbk' codec can't encode character '\u2713' in position 0: illegal multibyte sequence
  Training time: 2629.62s
  RMSE: 6.6600
  MAE:  5.9062
  R2:   -2.7335

Saving results...
  Model: Native Informer (saved in external/Informer2020/checkpoints/)
  Predictions: Not saved (native Informer handles this internally)
  Metrics: E:\ANUS_learning\MSI5001-power-transformer-oil-temperature-prediction\models\experiments\exp_132_metrics.json
  Plot: Skipped (native Informer handles visualization internally)

======================================================================
Experiment complete: exp_132
======================================================================

======================================================================
Completed: 2025-11-08 00:17:04
Return code: 0
======================================================================
