======================================================================
Experiment Log
Started: 2025-11-07 16:54:47
Command: C:\ProgramData\anaconda3\python.exe -m scripts.train_configurable --tx-id 1 --model Informer-Long --split-method chronological --feature-mode full --lookback-multiplier 4.0 --horizon 168 --experiment-name exp_118 --data-suffix _no_outlier --seq-len 672 --label-len 336
======================================================================

======================================================================
Experiment: exp_118
======================================================================
Transformer:     TX1
Model:           Informer-Long
Split method:    chronological
Feature mode:    full
Data suffix:     _no_outlier

Loading data...
  Total samples: 69680
  Added TX1 dynamic features
  Features: 21 columns

Window config: WindowConfig(horizon=168, lookback=672, gap=0)
Creating sliding windows for Informer-Long (keeping sequence structure)...
  Created 68840 windows (shape: (68840, 672, 21))
Splitting windows (chronological, 20% test)...
  Train: 55072 windows
  Test:  13768 windows

Training Informer-Long...

Calling native Informer from: E:\ANUS_learning\MSI5001-power-transformer-oil-temperature-prediction\external\Informer2020
Command: C:\ProgramData\anaconda3\python.exe E:\ANUS_learning\MSI5001-power-transformer-oil-temperature-prediction\external\Informer2020\main_informer.py --model informerstack --data custom --root_path ./data/ --data_path TX1.csv --features MS --target OT --freq h --seq_len 672 --label_len 336 --pred_len 168 --enc_in 6 --dec_in 1 --c_out 1 --d_model 256 --n_heads 8 --e_layers 3 --d_layers 1 --d_ff 1024 --factor 5 --dropout 0.05 --attn prob --embed timeF --activation gelu --batch_size 8 --train_epochs 8 --patience 3 --learning_rate 0.0001 --des exp_118 --itr 1
Args in experiment:
Namespace(model='informerstack', data='custom', root_path='./data/', data_path='TX1.csv', features='MS', target='OT', freq='h', checkpoints='./checkpoints/', seq_len=672, label_len=336, pred_len=168, enc_in=6, dec_in=1, c_out=1, d_model=256, n_heads=8, e_layers=3, d_layers=1, s_layers=[3, 2, 1], d_ff=1024, factor=5, padding=0, distil=True, dropout=0.05, attn='prob', embed='timeF', activation='gelu', output_attention=False, do_predict=False, mix=True, cols=None, num_workers=0, itr=1, train_epochs=8, batch_size=8, patience=3, learning_rate=0.0001, des='exp_118', loss='mse', lradj='type1', use_amp=False, inverse=False, use_gpu=True, gpu=0, use_multi_gpu=False, devices='0,1,2,3', detail_freq='h')
Use GPU: cuda:0
>>>>>>>start training : informerstack_custom_ftMS_sl672_ll336_pl168_dm256_nh8_el3_dl1_df1024_atprob_fc5_ebtimeF_dtTrue_mxTrue_exp_118_0>>>>>>>>>>>>>>>>>>>>>>>>>>
train 47937
val 6801
test 13769
	iters: 100, epoch: 1 | loss: 0.2470134
	speed: 0.0421s/iter; left time: 2014.5867s
	iters: 200, epoch: 1 | loss: 0.3317941
	speed: 0.0318s/iter; left time: 1517.5667s
	iters: 300, epoch: 1 | loss: 0.4419860
	speed: 0.0317s/iter; left time: 1511.2647s
	iters: 400, epoch: 1 | loss: 0.2807168
	speed: 0.0317s/iter; left time: 1506.0437s
	iters: 500, epoch: 1 | loss: 0.1720448
	speed: 0.0318s/iter; left time: 1506.6048s
	iters: 600, epoch: 1 | loss: 0.2616251
	speed: 0.0318s/iter; left time: 1503.3730s
	iters: 700, epoch: 1 | loss: 0.1003954
	speed: 0.0316s/iter; left time: 1492.7601s
	iters: 800, epoch: 1 | loss: 0.1242126
	speed: 0.0320s/iter; left time: 1507.5542s
	iters: 900, epoch: 1 | loss: 0.1641874
	speed: 0.0316s/iter; left time: 1486.0016s
	iters: 1000, epoch: 1 | loss: 0.2253717
	speed: 0.0318s/iter; left time: 1493.3129s
	iters: 1100, epoch: 1 | loss: 0.1702463
	speed: 0.0317s/iter; left time: 1486.5168s
	iters: 1200, epoch: 1 | loss: 0.1320723
	speed: 0.0317s/iter; left time: 1480.1113s
	iters: 1300, epoch: 1 | loss: 0.1561858
	speed: 0.0317s/iter; left time: 1478.8394s
	iters: 1400, epoch: 1 | loss: 0.1393781
	speed: 0.0316s/iter; left time: 1472.5332s
	iters: 1500, epoch: 1 | loss: 0.1016175
	speed: 0.0315s/iter; left time: 1464.5351s
	iters: 1600, epoch: 1 | loss: 0.1073986
	speed: 0.0317s/iter; left time: 1470.4421s
	iters: 1700, epoch: 1 | loss: 0.0943038
	speed: 0.0316s/iter; left time: 1461.3908s
	iters: 1800, epoch: 1 | loss: 0.1096661
	speed: 0.0319s/iter; left time: 1470.1962s
	iters: 1900, epoch: 1 | loss: 0.0504543
	speed: 0.0318s/iter; left time: 1461.9250s
	iters: 2000, epoch: 1 | loss: 0.0664378
	speed: 0.0317s/iter; left time: 1458.1496s
	iters: 2100, epoch: 1 | loss: 0.1149328
	speed: 0.0321s/iter; left time: 1469.5042s
	iters: 2200, epoch: 1 | loss: 0.1400904
	speed: 0.0319s/iter; left time: 1456.9467s
	iters: 2300, epoch: 1 | loss: 0.0858244
	speed: 0.0318s/iter; left time: 1449.2105s
	iters: 2400, epoch: 1 | loss: 0.0735283
	speed: 0.0319s/iter; left time: 1451.2148s
	iters: 2500, epoch: 1 | loss: 0.0535574
	speed: 0.0319s/iter; left time: 1447.4293s
	iters: 2600, epoch: 1 | loss: 0.0867990
	speed: 0.0318s/iter; left time: 1440.4849s
	iters: 2700, epoch: 1 | loss: 0.0646040
	speed: 0.0318s/iter; left time: 1437.1002s
	iters: 2800, epoch: 1 | loss: 0.0994755
	speed: 0.0317s/iter; left time: 1431.6745s
	iters: 2900, epoch: 1 | loss: 0.0839880
	speed: 0.0318s/iter; left time: 1430.2203s
	iters: 3000, epoch: 1 | loss: 0.1046720
	speed: 0.0318s/iter; left time: 1427.2132s
	iters: 3100, epoch: 1 | loss: 0.0585132
	speed: 0.0316s/iter; left time: 1415.3568s
	iters: 3200, epoch: 1 | loss: 0.0858376
	speed: 0.0317s/iter; left time: 1417.9918s
	iters: 3300, epoch: 1 | loss: 0.1046405
	speed: 0.0318s/iter; left time: 1418.9122s
	iters: 3400, epoch: 1 | loss: 0.0791037
	speed: 0.0317s/iter; left time: 1413.2276s
	iters: 3500, epoch: 1 | loss: 0.0821511
	speed: 0.0319s/iter; left time: 1417.8924s
	iters: 3600, epoch: 1 | loss: 0.0518777
	speed: 0.0318s/iter; left time: 1411.4679s
	iters: 3700, epoch: 1 | loss: 0.0991954
	speed: 0.0318s/iter; left time: 1406.9894s
	iters: 3800, epoch: 1 | loss: 0.0915765
	speed: 0.0318s/iter; left time: 1405.6474s
	iters: 3900, epoch: 1 | loss: 0.0629940
	speed: 0.0319s/iter; left time: 1405.2028s
	iters: 4000, epoch: 1 | loss: 0.0690827
	speed: 0.0318s/iter; left time: 1398.5333s
	iters: 4100, epoch: 1 | loss: 0.0559214
	speed: 0.0318s/iter; left time: 1393.1941s
	iters: 4200, epoch: 1 | loss: 0.0961464
	speed: 0.0318s/iter; left time: 1389.5846s
	iters: 4300, epoch: 1 | loss: 0.0505055
	speed: 0.0323s/iter; left time: 1409.3811s
	iters: 4400, epoch: 1 | loss: 0.0398203
	speed: 0.0318s/iter; left time: 1384.3409s
	iters: 4500, epoch: 1 | loss: 0.0498341
	speed: 0.0317s/iter; left time: 1378.2786s
	iters: 4600, epoch: 1 | loss: 0.0598162
	speed: 0.0318s/iter; left time: 1379.8451s
	iters: 4700, epoch: 1 | loss: 0.0616205
	speed: 0.0320s/iter; left time: 1382.5214s
	iters: 4800, epoch: 1 | loss: 0.0934816
	speed: 0.0318s/iter; left time: 1370.1248s
	iters: 4900, epoch: 1 | loss: 0.0768454
	speed: 0.0319s/iter; left time: 1374.3151s
	iters: 5000, epoch: 1 | loss: 0.0498910
	speed: 0.0317s/iter; left time: 1361.9839s
	iters: 5100, epoch: 1 | loss: 0.0616425
	speed: 0.0317s/iter; left time: 1356.3263s
	iters: 5200, epoch: 1 | loss: 0.0720195
	speed: 0.0319s/iter; left time: 1363.1413s
	iters: 5300, epoch: 1 | loss: 0.0471310
	speed: 0.0316s/iter; left time: 1348.7400s
	iters: 5400, epoch: 1 | loss: 0.0650192
	speed: 0.0317s/iter; left time: 1349.8994s
	iters: 5500, epoch: 1 | loss: 0.0447889
	speed: 0.0318s/iter; left time: 1350.3824s
	iters: 5600, epoch: 1 | loss: 0.0568439
	speed: 0.0319s/iter; left time: 1348.6650s
	iters: 5700, epoch: 1 | loss: 0.0537634
	speed: 0.0319s/iter; left time: 1347.2595s
	iters: 5800, epoch: 1 | loss: 0.0536028
	speed: 0.0319s/iter; left time: 1344.3758s
	iters: 5900, epoch: 1 | loss: 0.0515251
	speed: 0.0319s/iter; left time: 1341.0464s
Epoch: 1 cost time: 190.844975233078
Epoch: 1, Steps: 5992 | Train Loss: 0.1051694 Vali Loss: 0.7178879 Test Loss: 0.5773966
Validation loss decreased (inf --> 0.717888).  Saving model ...
Updating learning rate to 0.0001
	iters: 100, epoch: 2 | loss: 0.0581501
	speed: 0.4117s/iter; left time: 17228.8609s
	iters: 200, epoch: 2 | loss: 0.0386600
	speed: 0.0319s/iter; left time: 1330.4496s
	iters: 300, epoch: 2 | loss: 0.0617772
	speed: 0.0319s/iter; left time: 1328.9651s
	iters: 400, epoch: 2 | loss: 0.0657471
	speed: 0.0319s/iter; left time: 1323.7240s
	iters: 500, epoch: 2 | loss: 0.0606222
	speed: 0.0320s/iter; left time: 1327.1225s
	iters: 600, epoch: 2 | loss: 0.0571575
	speed: 0.0318s/iter; left time: 1315.7172s
	iters: 700, epoch: 2 | loss: 0.0604932
	speed: 0.0318s/iter; left time: 1312.8472s
	iters: 800, epoch: 2 | loss: 0.0498441
	speed: 0.0320s/iter; left time: 1317.6700s
	iters: 900, epoch: 2 | loss: 0.0442581
	speed: 0.0319s/iter; left time: 1308.6595s
	iters: 1000, epoch: 2 | loss: 0.0582992
	speed: 0.0318s/iter; left time: 1303.2890s
	iters: 1100, epoch: 2 | loss: 0.0565093
	speed: 0.0319s/iter; left time: 1301.5526s
	iters: 1200, epoch: 2 | loss: 0.0497857
	speed: 0.0319s/iter; left time: 1298.4946s
	iters: 1300, epoch: 2 | loss: 0.0579160
	speed: 0.0320s/iter; left time: 1299.6941s
	iters: 1400, epoch: 2 | loss: 0.0473530
	speed: 0.0318s/iter; left time: 1289.1404s
	iters: 1500, epoch: 2 | loss: 0.0413498
	speed: 0.0319s/iter; left time: 1289.7041s
	iters: 1600, epoch: 2 | loss: 0.0434774
	speed: 0.0319s/iter; left time: 1288.6484s
	iters: 1700, epoch: 2 | loss: 0.0441853
	speed: 0.0318s/iter; left time: 1281.1702s
	iters: 1800, epoch: 2 | loss: 0.0408204
	speed: 0.0319s/iter; left time: 1279.3578s
	iters: 1900, epoch: 2 | loss: 0.0336306
	speed: 0.0319s/iter; left time: 1278.6248s
	iters: 2000, epoch: 2 | loss: 0.0390568
	speed: 0.0318s/iter; left time: 1269.3823s
	iters: 2100, epoch: 2 | loss: 0.0465506
	speed: 0.0322s/iter; left time: 1282.8964s
	iters: 2200, epoch: 2 | loss: 0.0456021
	speed: 0.0318s/iter; left time: 1263.2040s
	iters: 2300, epoch: 2 | loss: 0.0427422
	speed: 0.0318s/iter; left time: 1261.3334s
	iters: 2400, epoch: 2 | loss: 0.0376244
	speed: 0.0318s/iter; left time: 1259.2995s
	iters: 2500, epoch: 2 | loss: 0.0390652
	speed: 0.0320s/iter; left time: 1260.4266s
	iters: 2600, epoch: 2 | loss: 0.0335083
	speed: 0.0317s/iter; left time: 1248.1011s
	iters: 2700, epoch: 2 | loss: 0.0586722
	speed: 0.0318s/iter; left time: 1248.7786s
	iters: 2800, epoch: 2 | loss: 0.0394699
	speed: 0.0319s/iter; left time: 1247.0385s
	iters: 2900, epoch: 2 | loss: 0.0375713
	speed: 0.0319s/iter; left time: 1243.8424s
	iters: 3000, epoch: 2 | loss: 0.0564241
	speed: 0.0319s/iter; left time: 1242.2900s
	iters: 3100, epoch: 2 | loss: 0.0546337
	speed: 0.0319s/iter; left time: 1238.3286s
	iters: 3200, epoch: 2 | loss: 0.0479352
	speed: 0.0318s/iter; left time: 1230.1784s
	iters: 3300, epoch: 2 | loss: 0.0392580
	speed: 0.0318s/iter; left time: 1227.1445s
	iters: 3400, epoch: 2 | loss: 0.0347038
	speed: 0.0318s/iter; left time: 1226.9353s
	iters: 3500, epoch: 2 | loss: 0.0385233
	speed: 0.0316s/iter; left time: 1214.6812s
	iters: 3600, epoch: 2 | loss: 0.0359586
	speed: 0.0317s/iter; left time: 1215.8848s
	iters: 3700, epoch: 2 | loss: 0.0398705
	speed: 0.0320s/iter; left time: 1224.4460s
	iters: 3800, epoch: 2 | loss: 0.0410608
	speed: 0.0317s/iter; left time: 1210.2692s
	iters: 3900, epoch: 2 | loss: 0.0400093
	speed: 0.0317s/iter; left time: 1204.3309s
	iters: 4000, epoch: 2 | loss: 0.0416581
	speed: 0.0319s/iter; left time: 1211.0726s
	iters: 4100, epoch: 2 | loss: 0.0369881
	speed: 0.0318s/iter; left time: 1203.8201s
	iters: 4200, epoch: 2 | loss: 0.0306665
	speed: 0.0318s/iter; left time: 1199.4600s
	iters: 4300, epoch: 2 | loss: 0.0351206
	speed: 0.0316s/iter; left time: 1190.3124s
	iters: 4400, epoch: 2 | loss: 0.0217630
	speed: 0.0319s/iter; left time: 1199.5617s
	iters: 4500, epoch: 2 | loss: 0.0480361
	speed: 0.0318s/iter; left time: 1191.5883s
	iters: 4600, epoch: 2 | loss: 0.0368093
	speed: 0.0317s/iter; left time: 1185.2849s
	iters: 4700, epoch: 2 | loss: 0.0414628
	speed: 0.0318s/iter; left time: 1184.7373s
	iters: 4800, epoch: 2 | loss: 0.0424225
	speed: 0.0318s/iter; left time: 1179.4314s
	iters: 4900, epoch: 2 | loss: 0.0426399
	speed: 0.0317s/iter; left time: 1176.1128s
	iters: 5000, epoch: 2 | loss: 0.0505722
	speed: 0.0318s/iter; left time: 1175.4261s
	iters: 5100, epoch: 2 | loss: 0.0296450
	speed: 0.0316s/iter; left time: 1163.2164s
	iters: 5200, epoch: 2 | loss: 0.0277957
	speed: 0.0318s/iter; left time: 1167.3847s
	iters: 5300, epoch: 2 | loss: 0.0453121
	speed: 0.0320s/iter; left time: 1172.1798s
	iters: 5400, epoch: 2 | loss: 0.0323000
	speed: 0.0316s/iter; left time: 1155.3851s
	iters: 5500, epoch: 2 | loss: 0.0542457
	speed: 0.0317s/iter; left time: 1155.8495s
	iters: 5600, epoch: 2 | loss: 0.0488679
	speed: 0.0319s/iter; left time: 1161.1390s
	iters: 5700, epoch: 2 | loss: 0.0179011
	speed: 0.0317s/iter; left time: 1149.5327s
	iters: 5800, epoch: 2 | loss: 0.0277801
	speed: 0.0318s/iter; left time: 1148.4864s
	iters: 5900, epoch: 2 | loss: 0.0355597
	speed: 0.0318s/iter; left time: 1146.9826s
Epoch: 2 cost time: 190.7280788421631
Epoch: 2, Steps: 5992 | Train Loss: 0.0445484 Vali Loss: 0.6526587 Test Loss: 0.5109906
Validation loss decreased (0.717888 --> 0.652659).  Saving model ...
Updating learning rate to 5e-05
	iters: 100, epoch: 3 | loss: 0.0235371
	speed: 0.4112s/iter; left time: 14743.8351s
	iters: 200, epoch: 3 | loss: 0.0352119
	speed: 0.0318s/iter; left time: 1137.0431s
	iters: 300, epoch: 3 | loss: 0.0219609
	speed: 0.0317s/iter; left time: 1129.3212s
	iters: 400, epoch: 3 | loss: 0.0448144
	speed: 0.0317s/iter; left time: 1126.4174s
	iters: 500, epoch: 3 | loss: 0.0185861
	speed: 0.0318s/iter; left time: 1126.4729s
	iters: 600, epoch: 3 | loss: 0.0204358
	speed: 0.0317s/iter; left time: 1122.0019s
	iters: 700, epoch: 3 | loss: 0.0187803
	speed: 0.0318s/iter; left time: 1121.0846s
	iters: 800, epoch: 3 | loss: 0.0249185
	speed: 0.0317s/iter; left time: 1113.1556s
	iters: 900, epoch: 3 | loss: 0.0239698
	speed: 0.0317s/iter; left time: 1112.7208s
	iters: 1000, epoch: 3 | loss: 0.0173919
	speed: 0.0319s/iter; left time: 1114.4976s
	iters: 1100, epoch: 3 | loss: 0.0247970
	speed: 0.0319s/iter; left time: 1112.6173s
	iters: 1200, epoch: 3 | loss: 0.0197218
	speed: 0.0317s/iter; left time: 1103.3733s
	iters: 1300, epoch: 3 | loss: 0.0215938
	speed: 0.0317s/iter; left time: 1098.2725s
	iters: 1400, epoch: 3 | loss: 0.0284373
	speed: 0.0319s/iter; left time: 1100.7723s
	iters: 1500, epoch: 3 | loss: 0.0247885
	speed: 0.0318s/iter; left time: 1095.8275s
	iters: 1600, epoch: 3 | loss: 0.0201404
	speed: 0.0316s/iter; left time: 1085.7063s
	iters: 1700, epoch: 3 | loss: 0.0205819
	speed: 0.0318s/iter; left time: 1090.0143s
	iters: 1800, epoch: 3 | loss: 0.0208110
	speed: 0.0315s/iter; left time: 1076.7415s
	iters: 1900, epoch: 3 | loss: 0.0210262
	speed: 0.0317s/iter; left time: 1078.3281s
	iters: 2000, epoch: 3 | loss: 0.0188732
	speed: 0.0320s/iter; left time: 1088.0758s
	iters: 2100, epoch: 3 | loss: 0.0255167
	speed: 0.0319s/iter; left time: 1079.4520s
	iters: 2200, epoch: 3 | loss: 0.0402602
	speed: 0.0318s/iter; left time: 1071.6816s
	iters: 2300, epoch: 3 | loss: 0.0207408
	speed: 0.0318s/iter; left time: 1068.6525s
	iters: 2400, epoch: 3 | loss: 0.0243383
	speed: 0.0317s/iter; left time: 1065.2440s
	iters: 2500, epoch: 3 | loss: 0.0168542
	speed: 0.0318s/iter; left time: 1063.2681s
	iters: 2600, epoch: 3 | loss: 0.0144629
	speed: 0.0319s/iter; left time: 1064.6914s
	iters: 2700, epoch: 3 | loss: 0.0265842
	speed: 0.0318s/iter; left time: 1057.0540s
	iters: 2800, epoch: 3 | loss: 0.0217503
	speed: 0.0319s/iter; left time: 1058.0042s
	iters: 2900, epoch: 3 | loss: 0.0282872
	speed: 0.0320s/iter; left time: 1057.8731s
	iters: 3000, epoch: 3 | loss: 0.0230533
	speed: 0.0321s/iter; left time: 1057.9873s
	iters: 3100, epoch: 3 | loss: 0.0274925
	speed: 0.0319s/iter; left time: 1048.8707s
	iters: 3200, epoch: 3 | loss: 0.0259042
	speed: 0.0319s/iter; left time: 1043.9232s
	iters: 3300, epoch: 3 | loss: 0.0248260
	speed: 0.0320s/iter; left time: 1045.4437s
	iters: 3400, epoch: 3 | loss: 0.0222076
	speed: 0.0319s/iter; left time: 1038.6104s
	iters: 3500, epoch: 3 | loss: 0.0291179
	speed: 0.0318s/iter; left time: 1033.3547s
	iters: 3600, epoch: 3 | loss: 0.0209832
	speed: 0.0319s/iter; left time: 1030.4948s
	iters: 3700, epoch: 3 | loss: 0.0207936
	speed: 0.0319s/iter; left time: 1029.8338s
	iters: 3800, epoch: 3 | loss: 0.0210560
	speed: 0.0318s/iter; left time: 1022.3580s
	iters: 3900, epoch: 3 | loss: 0.0203186
	speed: 0.0323s/iter; left time: 1035.0178s
	iters: 4000, epoch: 3 | loss: 0.0208123
	speed: 0.0320s/iter; left time: 1020.9219s
	iters: 4100, epoch: 3 | loss: 0.0234121
	speed: 0.0319s/iter; left time: 1015.7534s
	iters: 4200, epoch: 3 | loss: 0.0231463
	speed: 0.0320s/iter; left time: 1015.7761s
	iters: 4300, epoch: 3 | loss: 0.0259544
	speed: 0.0321s/iter; left time: 1015.1958s
	iters: 4400, epoch: 3 | loss: 0.0192937
	speed: 0.0320s/iter; left time: 1008.4317s
	iters: 4500, epoch: 3 | loss: 0.0263054
	speed: 0.0319s/iter; left time: 1004.7845s
	iters: 4600, epoch: 3 | loss: 0.0196577
	speed: 0.0320s/iter; left time: 1003.8868s
	iters: 4700, epoch: 3 | loss: 0.0258940
	speed: 0.0318s/iter; left time: 994.9915s
	iters: 4800, epoch: 3 | loss: 0.0255073
	speed: 0.0320s/iter; left time: 995.9091s
	iters: 4900, epoch: 3 | loss: 0.0261529
	speed: 0.0319s/iter; left time: 992.0884s
	iters: 5000, epoch: 3 | loss: 0.0192660
	speed: 0.0318s/iter; left time: 985.2393s
	iters: 5100, epoch: 3 | loss: 0.0230762
	speed: 0.0318s/iter; left time: 981.9649s
	iters: 5200, epoch: 3 | loss: 0.0264524
	speed: 0.0322s/iter; left time: 991.1012s
	iters: 5300, epoch: 3 | loss: 0.0217840
	speed: 0.0318s/iter; left time: 975.6276s
	iters: 5400, epoch: 3 | loss: 0.0089804
	speed: 0.0318s/iter; left time: 971.8141s
	iters: 5500, epoch: 3 | loss: 0.0191144
	speed: 0.0320s/iter; left time: 974.9953s
	iters: 5600, epoch: 3 | loss: 0.0211895
	speed: 0.0319s/iter; left time: 969.1683s
	iters: 5700, epoch: 3 | loss: 0.0204259
	speed: 0.0319s/iter; left time: 964.7060s
	iters: 5800, epoch: 3 | loss: 0.0187202
	speed: 0.0320s/iter; left time: 964.9269s
	iters: 5900, epoch: 3 | loss: 0.0241823
	speed: 0.0318s/iter; left time: 956.9496s
Epoch: 3 cost time: 190.9785451889038
Epoch: 3, Steps: 5992 | Train Loss: 0.0247705 Vali Loss: 0.6391778 Test Loss: 0.5262422
Validation loss decreased (0.652659 --> 0.639178).  Saving model ...
Updating learning rate to 2.5e-05
	iters: 100, epoch: 4 | loss: 0.0114795
	speed: 0.4124s/iter; left time: 12313.6467s
	iters: 200, epoch: 4 | loss: 0.0340208
	speed: 0.0321s/iter; left time: 955.7538s
	iters: 300, epoch: 4 | loss: 0.0219760
	speed: 0.0320s/iter; left time: 948.2750s
	iters: 400, epoch: 4 | loss: 0.0113216
	speed: 0.0318s/iter; left time: 941.0630s
	iters: 500, epoch: 4 | loss: 0.0194922
	speed: 0.0322s/iter; left time: 948.6146s
	iters: 600, epoch: 4 | loss: 0.0157876
	speed: 0.0319s/iter; left time: 937.8896s
	iters: 700, epoch: 4 | loss: 0.0155108
	speed: 0.0319s/iter; left time: 933.9468s
	iters: 800, epoch: 4 | loss: 0.0190223
	speed: 0.0318s/iter; left time: 927.2253s
	iters: 900, epoch: 4 | loss: 0.0288821
	speed: 0.0320s/iter; left time: 930.2605s
	iters: 1000, epoch: 4 | loss: 0.0142042
	speed: 0.0320s/iter; left time: 926.9941s
	iters: 1100, epoch: 4 | loss: 0.0127380
	speed: 0.0319s/iter; left time: 921.2815s
	iters: 1200, epoch: 4 | loss: 0.0227246
	speed: 0.0319s/iter; left time: 917.7293s
	iters: 1300, epoch: 4 | loss: 0.0126873
	speed: 0.0320s/iter; left time: 917.4223s
	iters: 1400, epoch: 4 | loss: 0.0131290
	speed: 0.0318s/iter; left time: 908.9476s
	iters: 1500, epoch: 4 | loss: 0.0119249
	speed: 0.0322s/iter; left time: 917.8522s
	iters: 1600, epoch: 4 | loss: 0.0165245
	speed: 0.0318s/iter; left time: 901.9113s
	iters: 1700, epoch: 4 | loss: 0.0186014
	speed: 0.0321s/iter; left time: 905.8714s
	iters: 1800, epoch: 4 | loss: 0.0207533
	speed: 0.0318s/iter; left time: 896.6892s
	iters: 1900, epoch: 4 | loss: 0.0186088
	speed: 0.0322s/iter; left time: 902.1910s
	iters: 2000, epoch: 4 | loss: 0.0206057
	speed: 0.0324s/iter; left time: 906.1351s
	iters: 2100, epoch: 4 | loss: 0.0205064
	speed: 0.0321s/iter; left time: 893.1523s
	iters: 2200, epoch: 4 | loss: 0.0236701
	speed: 0.0323s/iter; left time: 895.6809s
	iters: 2300, epoch: 4 | loss: 0.0117072
	speed: 0.0319s/iter; left time: 882.8395s
	iters: 2400, epoch: 4 | loss: 0.0202832
	speed: 0.0322s/iter; left time: 887.1869s
	iters: 2500, epoch: 4 | loss: 0.0178120
	speed: 0.0321s/iter; left time: 881.3074s
	iters: 2600, epoch: 4 | loss: 0.0247831
	speed: 0.0319s/iter; left time: 872.2537s
	iters: 2700, epoch: 4 | loss: 0.0157612
	speed: 0.0318s/iter; left time: 866.9978s
	iters: 2800, epoch: 4 | loss: 0.0197128
	speed: 0.0319s/iter; left time: 867.3804s
	iters: 2900, epoch: 4 | loss: 0.0100395
	speed: 0.0322s/iter; left time: 870.3879s
	iters: 3000, epoch: 4 | loss: 0.0135974
	speed: 0.0319s/iter; left time: 861.3476s
	iters: 3100, epoch: 4 | loss: 0.0233870
	speed: 0.0320s/iter; left time: 859.0290s
	iters: 3200, epoch: 4 | loss: 0.0233853
	speed: 0.0317s/iter; left time: 848.6930s
	iters: 3300, epoch: 4 | loss: 0.0221250
	speed: 0.0320s/iter; left time: 852.0367s
	iters: 3400, epoch: 4 | loss: 0.0159793
	speed: 0.0322s/iter; left time: 856.5011s
	iters: 3500, epoch: 4 | loss: 0.0223359
	speed: 0.0319s/iter; left time: 843.8282s
	iters: 3600, epoch: 4 | loss: 0.0250188
	speed: 0.0317s/iter; left time: 835.5125s
	iters: 3700, epoch: 4 | loss: 0.0142633
	speed: 0.0319s/iter; left time: 837.9898s
	iters: 3800, epoch: 4 | loss: 0.0149447
	speed: 0.0323s/iter; left time: 845.3254s
	iters: 3900, epoch: 4 | loss: 0.0149189
	speed: 0.0318s/iter; left time: 829.4349s
	iters: 4000, epoch: 4 | loss: 0.0172011
	speed: 0.0318s/iter; left time: 826.2617s
	iters: 4100, epoch: 4 | loss: 0.0214744
	speed: 0.0319s/iter; left time: 825.0678s
	iters: 4200, epoch: 4 | loss: 0.0131582
	speed: 0.0318s/iter; left time: 819.5480s
	iters: 4300, epoch: 4 | loss: 0.0158026
	speed: 0.0320s/iter; left time: 820.4737s
	iters: 4400, epoch: 4 | loss: 0.0209277
	speed: 0.0321s/iter; left time: 819.4974s
	iters: 4500, epoch: 4 | loss: 0.0221430
	speed: 0.0318s/iter; left time: 810.7840s
	iters: 4600, epoch: 4 | loss: 0.0245550
	speed: 0.0319s/iter; left time: 808.7577s
	iters: 4700, epoch: 4 | loss: 0.0163051
	speed: 0.0320s/iter; left time: 807.1405s
	iters: 4800, epoch: 4 | loss: 0.0125338
	speed: 0.0319s/iter; left time: 801.9753s
	iters: 4900, epoch: 4 | loss: 0.0122709
	speed: 0.0320s/iter; left time: 800.9447s
	iters: 5000, epoch: 4 | loss: 0.0154146
	speed: 0.0319s/iter; left time: 795.8170s
	iters: 5100, epoch: 4 | loss: 0.0122878
	speed: 0.0320s/iter; left time: 796.4829s
	iters: 5200, epoch: 4 | loss: 0.0198281
	speed: 0.0321s/iter; left time: 794.9015s
	iters: 5300, epoch: 4 | loss: 0.0239783
	speed: 0.0321s/iter; left time: 791.5300s
	iters: 5400, epoch: 4 | loss: 0.0171346
	speed: 0.0318s/iter; left time: 781.5717s
	iters: 5500, epoch: 4 | loss: 0.0214928
	speed: 0.0318s/iter; left time: 777.3089s
	iters: 5600, epoch: 4 | loss: 0.0145744
	speed: 0.0319s/iter; left time: 777.9634s
	iters: 5700, epoch: 4 | loss: 0.0175432
	speed: 0.0321s/iter; left time: 779.0442s
	iters: 5800, epoch: 4 | loss: 0.0133336
	speed: 0.0319s/iter; left time: 770.2022s
	iters: 5900, epoch: 4 | loss: 0.0154752
	speed: 0.0318s/iter; left time: 764.8294s
Epoch: 4 cost time: 191.56003618240356
Epoch: 4, Steps: 5992 | Train Loss: 0.0182716 Vali Loss: 0.7400059 Test Loss: 0.5935246
EarlyStopping counter: 1 out of 3
Updating learning rate to 1.25e-05
	iters: 100, epoch: 5 | loss: 0.0168514
	speed: 0.4136s/iter; left time: 9872.9687s
	iters: 200, epoch: 5 | loss: 0.0134094
	speed: 0.0319s/iter; left time: 757.6521s
	iters: 300, epoch: 5 | loss: 0.0142221
	speed: 0.0318s/iter; left time: 753.6820s
	iters: 400, epoch: 5 | loss: 0.0193331
	speed: 0.0320s/iter; left time: 753.1829s
	iters: 500, epoch: 5 | loss: 0.0181548
	speed: 0.0322s/iter; left time: 755.2595s
	iters: 600, epoch: 5 | loss: 0.0155823
	speed: 0.0318s/iter; left time: 744.2165s
	iters: 700, epoch: 5 | loss: 0.0135445
	speed: 0.0318s/iter; left time: 740.7731s
	iters: 800, epoch: 5 | loss: 0.0114436
	speed: 0.0320s/iter; left time: 740.8034s
	iters: 900, epoch: 5 | loss: 0.0144291
	speed: 0.0319s/iter; left time: 737.0490s
	iters: 1000, epoch: 5 | loss: 0.0117827
	speed: 0.0320s/iter; left time: 735.4462s
	iters: 1100, epoch: 5 | loss: 0.0163329
	speed: 0.0322s/iter; left time: 736.3224s
	iters: 1200, epoch: 5 | loss: 0.0150325
	speed: 0.0320s/iter; left time: 728.6476s
	iters: 1300, epoch: 5 | loss: 0.0167436
	speed: 0.0319s/iter; left time: 723.6748s
	iters: 1400, epoch: 5 | loss: 0.0187228
	speed: 0.0321s/iter; left time: 725.4025s
	iters: 1500, epoch: 5 | loss: 0.0148724
	speed: 0.0318s/iter; left time: 713.8917s
	iters: 1600, epoch: 5 | loss: 0.0241849
	speed: 0.0320s/iter; left time: 715.7112s
	iters: 1700, epoch: 5 | loss: 0.0128576
	speed: 0.0319s/iter; left time: 709.5960s
	iters: 1800, epoch: 5 | loss: 0.0137363
	speed: 0.0319s/iter; left time: 706.6914s
	iters: 1900, epoch: 5 | loss: 0.0145204
	speed: 0.0321s/iter; left time: 709.4225s
	iters: 2000, epoch: 5 | loss: 0.0213795
	speed: 0.0321s/iter; left time: 704.5920s
	iters: 2100, epoch: 5 | loss: 0.0160294
	speed: 0.0319s/iter; left time: 697.0004s
	iters: 2200, epoch: 5 | loss: 0.0166490
	speed: 0.0320s/iter; left time: 695.6142s
	iters: 2300, epoch: 5 | loss: 0.0239104
	speed: 0.0319s/iter; left time: 691.3054s
	iters: 2400, epoch: 5 | loss: 0.0140744
	speed: 0.0321s/iter; left time: 692.3997s
	iters: 2500, epoch: 5 | loss: 0.0097021
	speed: 0.0319s/iter; left time: 683.9484s
	iters: 2600, epoch: 5 | loss: 0.0150724
	speed: 0.0318s/iter; left time: 680.5494s
	iters: 2700, epoch: 5 | loss: 0.0178806
	speed: 0.0320s/iter; left time: 681.1088s
	iters: 2800, epoch: 5 | loss: 0.0142264
	speed: 0.0320s/iter; left time: 677.4153s
	iters: 2900, epoch: 5 | loss: 0.0223245
	speed: 0.0320s/iter; left time: 674.5134s
	iters: 3000, epoch: 5 | loss: 0.0129036
	speed: 0.0321s/iter; left time: 674.1437s
	iters: 3100, epoch: 5 | loss: 0.0202814
	speed: 0.0317s/iter; left time: 662.3822s
	iters: 3200, epoch: 5 | loss: 0.0212314
	speed: 0.0321s/iter; left time: 666.7953s
	iters: 3300, epoch: 5 | loss: 0.0168773
	speed: 0.0323s/iter; left time: 666.8460s
	iters: 3400, epoch: 5 | loss: 0.0148129
	speed: 0.0318s/iter; left time: 654.1359s
	iters: 3500, epoch: 5 | loss: 0.0149082
	speed: 0.0319s/iter; left time: 652.9678s
	iters: 3600, epoch: 5 | loss: 0.0201978
	speed: 0.0319s/iter; left time: 649.3029s
	iters: 3700, epoch: 5 | loss: 0.0138459
	speed: 0.0318s/iter; left time: 643.8321s
	iters: 3800, epoch: 5 | loss: 0.0136914
	speed: 0.0321s/iter; left time: 646.8179s
	iters: 3900, epoch: 5 | loss: 0.0232344
	speed: 0.0319s/iter; left time: 639.6381s
	iters: 4000, epoch: 5 | loss: 0.0187893
	speed: 0.0320s/iter; left time: 639.2552s
	iters: 4100, epoch: 5 | loss: 0.0195147
	speed: 0.0318s/iter; left time: 632.7931s
	iters: 4200, epoch: 5 | loss: 0.0119184
	speed: 0.0321s/iter; left time: 634.3256s
	iters: 4300, epoch: 5 | loss: 0.0145654
	speed: 0.0320s/iter; left time: 629.5224s
	iters: 4400, epoch: 5 | loss: 0.0121880
	speed: 0.0319s/iter; left time: 623.4070s
	iters: 4500, epoch: 5 | loss: 0.0133998
	speed: 0.0318s/iter; left time: 620.0163s
	iters: 4600, epoch: 5 | loss: 0.0101781
	speed: 0.0317s/iter; left time: 613.8521s
	iters: 4700, epoch: 5 | loss: 0.0137387
	speed: 0.0320s/iter; left time: 617.5303s
	iters: 4800, epoch: 5 | loss: 0.0135800
	speed: 0.0319s/iter; left time: 611.8718s
	iters: 4900, epoch: 5 | loss: 0.0125554
	speed: 0.0320s/iter; left time: 611.0961s
	iters: 5000, epoch: 5 | loss: 0.0148171
	speed: 0.0317s/iter; left time: 601.9448s
	iters: 5100, epoch: 5 | loss: 0.0097973
	speed: 0.0319s/iter; left time: 601.8146s
	iters: 5200, epoch: 5 | loss: 0.0155398
	speed: 0.0322s/iter; left time: 605.0059s
	iters: 5300, epoch: 5 | loss: 0.0147965
	speed: 0.0318s/iter; left time: 594.5289s
	iters: 5400, epoch: 5 | loss: 0.0185141
	speed: 0.0319s/iter; left time: 591.8269s
	iters: 5500, epoch: 5 | loss: 0.0087816
	speed: 0.0320s/iter; left time: 590.7273s
	iters: 5600, epoch: 5 | loss: 0.0135879
	speed: 0.0319s/iter; left time: 586.8713s
	iters: 5700, epoch: 5 | loss: 0.0215102
	speed: 0.0318s/iter; left time: 581.1161s
	iters: 5800, epoch: 5 | loss: 0.0170393
	speed: 0.0319s/iter; left time: 580.4189s
	iters: 5900, epoch: 5 | loss: 0.0127109
	speed: 0.0320s/iter; left time: 577.4364s
Epoch: 5 cost time: 191.45316767692566
Epoch: 5, Steps: 5992 | Train Loss: 0.0156572 Vali Loss: 0.7184260 Test Loss: 0.6092015
EarlyStopping counter: 2 out of 3
Updating learning rate to 6.25e-06
	iters: 100, epoch: 6 | loss: 0.0125807
	speed: 0.4122s/iter; left time: 7369.5237s
	iters: 200, epoch: 6 | loss: 0.0187364
	speed: 0.0319s/iter; left time: 567.7174s
	iters: 300, epoch: 6 | loss: 0.0181925
	speed: 0.0318s/iter; left time: 562.3451s
	iters: 400, epoch: 6 | loss: 0.0109716
	speed: 0.0321s/iter; left time: 563.5240s
	iters: 500, epoch: 6 | loss: 0.0106367
	speed: 0.0320s/iter; left time: 558.4179s
	iters: 600, epoch: 6 | loss: 0.0186471
	speed: 0.0321s/iter; left time: 557.7876s
	iters: 700, epoch: 6 | loss: 0.0168527
	speed: 0.0319s/iter; left time: 551.5868s
	iters: 800, epoch: 6 | loss: 0.0122556
	speed: 0.0318s/iter; left time: 546.8646s
	iters: 900, epoch: 6 | loss: 0.0111477
	speed: 0.0323s/iter; left time: 551.3541s
	iters: 1000, epoch: 6 | loss: 0.0133355
	speed: 0.0320s/iter; left time: 543.5105s
	iters: 1100, epoch: 6 | loss: 0.0153721
	speed: 0.0318s/iter; left time: 536.5648s
	iters: 1200, epoch: 6 | loss: 0.0118140
	speed: 0.0321s/iter; left time: 538.9578s
	iters: 1300, epoch: 6 | loss: 0.0106221
	speed: 0.0319s/iter; left time: 531.5058s
	iters: 1400, epoch: 6 | loss: 0.0146415
	speed: 0.0320s/iter; left time: 531.1979s
	iters: 1500, epoch: 6 | loss: 0.0127177
	speed: 0.0321s/iter; left time: 529.0068s
	iters: 1600, epoch: 6 | loss: 0.0261123
	speed: 0.0319s/iter; left time: 522.6823s
	iters: 1700, epoch: 6 | loss: 0.0148743
	speed: 0.0318s/iter; left time: 517.3335s
	iters: 1800, epoch: 6 | loss: 0.0184491
	speed: 0.0321s/iter; left time: 518.5087s
	iters: 1900, epoch: 6 | loss: 0.0131808
	speed: 0.0319s/iter; left time: 512.8553s
	iters: 2000, epoch: 6 | loss: 0.0167351
	speed: 0.0319s/iter; left time: 509.7304s
	iters: 2100, epoch: 6 | loss: 0.0139224
	speed: 0.0318s/iter; left time: 504.3985s
	iters: 2200, epoch: 6 | loss: 0.0156569
	speed: 0.0320s/iter; left time: 505.2823s
	iters: 2300, epoch: 6 | loss: 0.0167867
	speed: 0.0322s/iter; left time: 504.8214s
	iters: 2400, epoch: 6 | loss: 0.0128833
	speed: 0.0326s/iter; left time: 507.3517s
	iters: 2500, epoch: 6 | loss: 0.0099178
	speed: 0.0350s/iter; left time: 542.0896s
	iters: 2600, epoch: 6 | loss: 0.0139368
	speed: 0.0317s/iter; left time: 486.7679s
	iters: 2700, epoch: 6 | loss: 0.0202670
	speed: 0.0313s/iter; left time: 477.7400s
	iters: 2800, epoch: 6 | loss: 0.0125700
	speed: 0.0320s/iter; left time: 486.0382s
	iters: 2900, epoch: 6 | loss: 0.0101437
	speed: 0.0321s/iter; left time: 483.6045s
	iters: 3000, epoch: 6 | loss: 0.0154882
	speed: 0.0318s/iter; left time: 475.8050s
	iters: 3100, epoch: 6 | loss: 0.0103522
	speed: 0.0319s/iter; left time: 474.6838s
	iters: 3200, epoch: 6 | loss: 0.0174953
	speed: 0.0321s/iter; left time: 475.0446s
	iters: 3300, epoch: 6 | loss: 0.0124466
	speed: 0.0319s/iter; left time: 468.2107s
	iters: 3400, epoch: 6 | loss: 0.0134717
	speed: 0.0319s/iter; left time: 464.4698s
	iters: 3500, epoch: 6 | loss: 0.0124470
	speed: 0.0317s/iter; left time: 459.5842s
	iters: 3600, epoch: 6 | loss: 0.0125600
	speed: 0.0317s/iter; left time: 455.9013s
	iters: 3700, epoch: 6 | loss: 0.0134493
	speed: 0.0322s/iter; left time: 459.0133s
	iters: 3800, epoch: 6 | loss: 0.0116591
	speed: 0.0321s/iter; left time: 455.2431s
	iters: 3900, epoch: 6 | loss: 0.0146206
	speed: 0.0318s/iter; left time: 448.1921s
	iters: 4000, epoch: 6 | loss: 0.0162808
	speed: 0.0318s/iter; left time: 444.5291s
	iters: 4100, epoch: 6 | loss: 0.0167120
	speed: 0.0318s/iter; left time: 441.8418s
	iters: 4200, epoch: 6 | loss: 0.0138748
	speed: 0.0321s/iter; left time: 442.6647s
	iters: 4300, epoch: 6 | loss: 0.0143270
	speed: 0.0319s/iter; left time: 436.2894s
	iters: 4400, epoch: 6 | loss: 0.0112028
	speed: 0.0321s/iter; left time: 435.1852s
	iters: 4500, epoch: 6 | loss: 0.0120901
	speed: 0.0318s/iter; left time: 428.4493s
	iters: 4600, epoch: 6 | loss: 0.0128914
	speed: 0.0319s/iter; left time: 426.6453s
	iters: 4700, epoch: 6 | loss: 0.0146241
	speed: 0.0319s/iter; left time: 423.7129s
	iters: 4800, epoch: 6 | loss: 0.0144459
	speed: 0.0318s/iter; left time: 419.3160s
	iters: 4900, epoch: 6 | loss: 0.0125983
	speed: 0.0316s/iter; left time: 413.7730s
	iters: 5000, epoch: 6 | loss: 0.0125776
	speed: 0.0319s/iter; left time: 414.5821s
	iters: 5100, epoch: 6 | loss: 0.0124214
	speed: 0.0321s/iter; left time: 412.7723s
	iters: 5200, epoch: 6 | loss: 0.0126118
	speed: 0.0318s/iter; left time: 405.9688s
	iters: 5300, epoch: 6 | loss: 0.0152950
	speed: 0.0319s/iter; left time: 403.8461s
	iters: 5400, epoch: 6 | loss: 0.0170849
	speed: 0.0318s/iter; left time: 400.1841s
	iters: 5500, epoch: 6 | loss: 0.0131432
	speed: 0.0318s/iter; left time: 397.3589s
	iters: 5600, epoch: 6 | loss: 0.0156510
	speed: 0.0322s/iter; left time: 397.9513s
	iters: 5700, epoch: 6 | loss: 0.0172135
	speed: 0.0320s/iter; left time: 393.2441s
	iters: 5800, epoch: 6 | loss: 0.0146174
	speed: 0.0319s/iter; left time: 388.0365s
	iters: 5900, epoch: 6 | loss: 0.0150779
	speed: 0.0317s/iter; left time: 383.2575s
Epoch: 6 cost time: 191.6305854320526
Epoch: 6, Steps: 5992 | Train Loss: 0.0145363 Vali Loss: 0.7213418 Test Loss: 0.5999242
EarlyStopping counter: 3 out of 3
Early stopping
>>>>>>>testing : informerstack_custom_ftMS_sl672_ll336_pl168_dm256_nh8_el3_dl1_df1024_atprob_fc5_ebtimeF_dtTrue_mxTrue_exp_118_0<<<<<<<<<<<<<<<<<<<<<<<<<<<<<<<<<
test 13769
test shape: (1721, 8, 168, 1) (1721, 8, 168, 1)
test shape: (13768, 168, 1) (13768, 168, 1)
mse:0.526570737361908, mae:0.6119175553321838, r2:-2.087210178375244


Parsed metrics from Informer output (normalized scale):
  MSE:  0.5266
  MAE:  0.6119
  RMSE: 0.7257
  R2:   -2.0872

Metrics after inverse transformation (original scale):
  MSE:  36.6773
  MAE:  5.1070
  RMSE: 6.0562
  R2:   -2.0872
Warning: Failed to record experiment: 'gbk' codec can't encode character '\u2713' in position 0: illegal multibyte sequence
  Training time: 1384.28s
  RMSE: 6.0562
  MAE:  5.1070
  R2:   -2.0872

Saving results...
  Model: Native Informer (saved in external/Informer2020/checkpoints/)
  Predictions: Not saved (native Informer handles this internally)
  Metrics: E:\ANUS_learning\MSI5001-power-transformer-oil-temperature-prediction\models\experiments\exp_118_metrics.json
  Plot: Skipped (native Informer handles visualization internally)

======================================================================
Experiment complete: exp_118
======================================================================

======================================================================
Completed: 2025-11-07 17:17:56
Return code: 0
======================================================================
