======================================================================
Experiment Log
Started: 2025-11-07 16:31:08
Command: C:\ProgramData\anaconda3\python.exe -m scripts.train_configurable --tx-id 2 --model Informer-Long --split-method chronological --feature-mode full --lookback-multiplier 16.0 --horizon 168 --experiment-name exp_117 --data-suffix _no_outlier
======================================================================

======================================================================
Experiment: exp_117
======================================================================
Transformer:     TX2
Model:           Informer-Long
Split method:    chronological
Feature mode:    full
Data suffix:     _no_outlier

Loading data...
  Total samples: 69680
  Features: 17 columns

Window config: WindowConfig(horizon=168, lookback=2688, gap=0)
Creating sliding windows for Informer-Long (keeping sequence structure)...
  Created 66824 windows (shape: (66824, 2688, 17))
Splitting windows (chronological, 20% test)...
  Train: 53459 windows
  Test:  13365 windows

Training Informer-Long...

Calling native Informer from: E:\ANUS_learning\MSI5001-power-transformer-oil-temperature-prediction\external\Informer2020
Command: C:\ProgramData\anaconda3\python.exe E:\ANUS_learning\MSI5001-power-transformer-oil-temperature-prediction\external\Informer2020\main_informer.py --model informerstack --data custom --root_path ./data/ --data_path TX2.csv --features MS --target OT --freq h --seq_len 336 --label_len 168 --pred_len 168 --enc_in 6 --dec_in 1 --c_out 1 --d_model 256 --n_heads 8 --e_layers 3 --d_layers 1 --d_ff 1024 --factor 5 --dropout 0.05 --attn prob --embed timeF --activation gelu --batch_size 8 --train_epochs 8 --patience 3 --learning_rate 0.0001 --des exp_117 --itr 1
Args in experiment:
Namespace(model='informerstack', data='custom', root_path='./data/', data_path='TX1.csv', features='MS', target='OT', freq='h', checkpoints='./checkpoints/', seq_len=336, label_len=168, pred_len=168, enc_in=6, dec_in=1, c_out=1, d_model=256, n_heads=8, e_layers=3, d_layers=1, s_layers=[3, 2, 1], d_ff=1024, factor=5, padding=0, distil=True, dropout=0.05, attn='prob', embed='timeF', activation='gelu', output_attention=False, do_predict=False, mix=True, cols=None, num_workers=0, itr=1, train_epochs=8, batch_size=8, patience=3, learning_rate=0.0001, des='exp_117', loss='mse', lradj='type1', use_amp=False, inverse=False, use_gpu=True, gpu=0, use_multi_gpu=False, devices='0,1,2,3', detail_freq='h')
Use GPU: cuda:0
>>>>>>>start training : informerstack_custom_ftMS_sl336_ll168_pl168_dm256_nh8_el3_dl1_df1024_atprob_fc5_ebtimeF_dtTrue_mxTrue_exp_117_0>>>>>>>>>>>>>>>>>>>>>>>>>>
train 48273
val 6801
test 13769
	iters: 100, epoch: 1 | loss: 0.1558804
	speed: 0.0380s/iter; left time: 1830.2114s
	iters: 200, epoch: 1 | loss: 0.1757143
	speed: 0.0276s/iter; left time: 1326.1975s
	iters: 300, epoch: 1 | loss: 0.1132576
	speed: 0.0278s/iter; left time: 1334.3911s
	iters: 400, epoch: 1 | loss: 0.1278705
	speed: 0.0277s/iter; left time: 1325.6406s
	iters: 500, epoch: 1 | loss: 0.0917102
	speed: 0.0277s/iter; left time: 1321.1202s
	iters: 600, epoch: 1 | loss: 0.2618183
	speed: 0.0276s/iter; left time: 1314.3490s
	iters: 700, epoch: 1 | loss: 0.0867736
	speed: 0.0278s/iter; left time: 1324.2105s
	iters: 800, epoch: 1 | loss: 0.0926141
	speed: 0.0277s/iter; left time: 1314.2201s
	iters: 900, epoch: 1 | loss: 0.2218263
	speed: 0.0276s/iter; left time: 1307.9733s
	iters: 1000, epoch: 1 | loss: 0.1285796
	speed: 0.0276s/iter; left time: 1307.0773s
	iters: 1100, epoch: 1 | loss: 0.1971083
	speed: 0.0277s/iter; left time: 1305.4848s
	iters: 1200, epoch: 1 | loss: 0.1687034
	speed: 0.0276s/iter; left time: 1300.7182s
	iters: 1300, epoch: 1 | loss: 0.1506742
	speed: 0.0278s/iter; left time: 1304.6989s
	iters: 1400, epoch: 1 | loss: 0.1185319
	speed: 0.0280s/iter; left time: 1313.3543s
	iters: 1500, epoch: 1 | loss: 0.1339856
	speed: 0.0277s/iter; left time: 1296.7018s
	iters: 1600, epoch: 1 | loss: 0.2056696
	speed: 0.0277s/iter; left time: 1294.9512s
	iters: 1700, epoch: 1 | loss: 0.1624101
	speed: 0.0276s/iter; left time: 1285.9967s
	iters: 1800, epoch: 1 | loss: 0.2002384
	speed: 0.0278s/iter; left time: 1289.7457s
	iters: 1900, epoch: 1 | loss: 0.2568032
	speed: 0.0276s/iter; left time: 1277.9331s
	iters: 2000, epoch: 1 | loss: 0.1371016
	speed: 0.0276s/iter; left time: 1276.0759s
	iters: 2100, epoch: 1 | loss: 0.1324493
	speed: 0.0277s/iter; left time: 1280.0789s
	iters: 2200, epoch: 1 | loss: 0.2368941
	speed: 0.0278s/iter; left time: 1280.9499s
	iters: 2300, epoch: 1 | loss: 0.0819956
	speed: 0.0277s/iter; left time: 1272.1401s
	iters: 2400, epoch: 1 | loss: 0.1566503
	speed: 0.0277s/iter; left time: 1270.0757s
	iters: 2500, epoch: 1 | loss: 0.1039229
	speed: 0.0279s/iter; left time: 1276.3174s
	iters: 2600, epoch: 1 | loss: 0.0918848
	speed: 0.0275s/iter; left time: 1257.9252s
	iters: 2700, epoch: 1 | loss: 0.0938703
	speed: 0.0275s/iter; left time: 1253.1144s
	iters: 2800, epoch: 1 | loss: 0.0565914
	speed: 0.0277s/iter; left time: 1259.1969s
	iters: 2900, epoch: 1 | loss: 0.1412147
	speed: 0.0278s/iter; left time: 1262.8221s
	iters: 3000, epoch: 1 | loss: 0.0901268
	speed: 0.0276s/iter; left time: 1251.6860s
	iters: 3100, epoch: 1 | loss: 0.0867503
	speed: 0.0276s/iter; left time: 1244.6846s
	iters: 3200, epoch: 1 | loss: 0.0748323
	speed: 0.0278s/iter; left time: 1254.0737s
	iters: 3300, epoch: 1 | loss: 0.0929030
	speed: 0.0276s/iter; left time: 1242.4939s
	iters: 3400, epoch: 1 | loss: 0.1685244
	speed: 0.0276s/iter; left time: 1237.2285s
	iters: 3500, epoch: 1 | loss: 0.0538977
	speed: 0.0277s/iter; left time: 1240.9715s
	iters: 3600, epoch: 1 | loss: 0.0685488
	speed: 0.0276s/iter; left time: 1231.2461s
	iters: 3700, epoch: 1 | loss: 0.0809455
	speed: 0.0277s/iter; left time: 1233.2578s
	iters: 3800, epoch: 1 | loss: 0.0566969
	speed: 0.0277s/iter; left time: 1231.4440s
	iters: 3900, epoch: 1 | loss: 0.0718431
	speed: 0.0275s/iter; left time: 1220.7180s
	iters: 4000, epoch: 1 | loss: 0.0675174
	speed: 0.0277s/iter; left time: 1227.1473s
	iters: 4100, epoch: 1 | loss: 0.0920552
	speed: 0.0278s/iter; left time: 1228.7493s
	iters: 4200, epoch: 1 | loss: 0.0717608
	speed: 0.0276s/iter; left time: 1217.3624s
	iters: 4300, epoch: 1 | loss: 0.0641608
	speed: 0.0275s/iter; left time: 1209.2772s
	iters: 4400, epoch: 1 | loss: 0.0681776
	speed: 0.0276s/iter; left time: 1211.1879s
	iters: 4500, epoch: 1 | loss: 0.0514182
	speed: 0.0276s/iter; left time: 1209.9238s
	iters: 4600, epoch: 1 | loss: 0.0714231
	speed: 0.0276s/iter; left time: 1207.0248s
	iters: 4700, epoch: 1 | loss: 0.0882582
	speed: 0.0280s/iter; left time: 1221.9595s
	iters: 4800, epoch: 1 | loss: 0.0814171
	speed: 0.0276s/iter; left time: 1200.8394s
	iters: 4900, epoch: 1 | loss: 0.0747142
	speed: 0.0277s/iter; left time: 1203.4407s
	iters: 5000, epoch: 1 | loss: 0.0613235
	speed: 0.0278s/iter; left time: 1201.2151s
	iters: 5100, epoch: 1 | loss: 0.0537482
	speed: 0.0279s/iter; left time: 1204.0829s
	iters: 5200, epoch: 1 | loss: 0.1020985
	speed: 0.0277s/iter; left time: 1191.9402s
	iters: 5300, epoch: 1 | loss: 0.0653004
	speed: 0.0277s/iter; left time: 1189.8970s
	iters: 5400, epoch: 1 | loss: 0.0774126
	speed: 0.0279s/iter; left time: 1196.0222s
	iters: 5500, epoch: 1 | loss: 0.0552988
	speed: 0.0279s/iter; left time: 1192.7448s
	iters: 5600, epoch: 1 | loss: 0.0577514
	speed: 0.0278s/iter; left time: 1185.2484s
	iters: 5700, epoch: 1 | loss: 0.0532638
	speed: 0.0277s/iter; left time: 1177.7222s
	iters: 5800, epoch: 1 | loss: 0.0474496
	speed: 0.0278s/iter; left time: 1181.2878s
	iters: 5900, epoch: 1 | loss: 0.0465034
	speed: 0.0278s/iter; left time: 1176.6589s
	iters: 6000, epoch: 1 | loss: 0.0758605
	speed: 0.0277s/iter; left time: 1171.4312s
Epoch: 1 cost time: 167.49669337272644
Epoch: 1, Steps: 6034 | Train Loss: 0.1078465 Vali Loss: 0.7588507 Test Loss: 0.6971768
Validation loss decreased (inf --> 0.758851).  Saving model ...
Updating learning rate to 0.0001
	iters: 100, epoch: 2 | loss: 0.0595420
	speed: 0.3424s/iter; left time: 14428.6074s
	iters: 200, epoch: 2 | loss: 0.0564481
	speed: 0.0277s/iter; left time: 1166.5066s
	iters: 300, epoch: 2 | loss: 0.0537504
	speed: 0.0278s/iter; left time: 1163.9063s
	iters: 400, epoch: 2 | loss: 0.0655154
	speed: 0.0275s/iter; left time: 1150.4577s
	iters: 500, epoch: 2 | loss: 0.0531198
	speed: 0.0278s/iter; left time: 1162.3659s
	iters: 600, epoch: 2 | loss: 0.0478096
	speed: 0.0276s/iter; left time: 1147.7410s
	iters: 700, epoch: 2 | loss: 0.0370728
	speed: 0.0277s/iter; left time: 1150.0706s
	iters: 800, epoch: 2 | loss: 0.0540531
	speed: 0.0276s/iter; left time: 1145.5604s
	iters: 900, epoch: 2 | loss: 0.0699594
	speed: 0.0280s/iter; left time: 1156.0103s
	iters: 1000, epoch: 2 | loss: 0.0521607
	speed: 0.0277s/iter; left time: 1142.1766s
	iters: 1100, epoch: 2 | loss: 0.0434705
	speed: 0.0276s/iter; left time: 1137.3992s
	iters: 1200, epoch: 2 | loss: 0.0495684
	speed: 0.0278s/iter; left time: 1139.9762s
	iters: 1300, epoch: 2 | loss: 0.0802404
	speed: 0.0277s/iter; left time: 1133.9474s
	iters: 1400, epoch: 2 | loss: 0.0429564
	speed: 0.0279s/iter; left time: 1141.2679s
	iters: 1500, epoch: 2 | loss: 0.0477311
	speed: 0.0275s/iter; left time: 1121.5853s
	iters: 1600, epoch: 2 | loss: 0.0259283
	speed: 0.0279s/iter; left time: 1131.8695s
	iters: 1700, epoch: 2 | loss: 0.0501529
	speed: 0.0277s/iter; left time: 1122.0731s
	iters: 1800, epoch: 2 | loss: 0.0316311
	speed: 0.0276s/iter; left time: 1115.3656s
	iters: 1900, epoch: 2 | loss: 0.0501241
	speed: 0.0277s/iter; left time: 1117.2147s
	iters: 2000, epoch: 2 | loss: 0.0513747
	speed: 0.0279s/iter; left time: 1124.3587s
	iters: 2100, epoch: 2 | loss: 0.0518492
	speed: 0.0277s/iter; left time: 1110.3949s
	iters: 2200, epoch: 2 | loss: 0.0325532
	speed: 0.0277s/iter; left time: 1110.3906s
	iters: 2300, epoch: 2 | loss: 0.0561985
	speed: 0.0277s/iter; left time: 1107.1770s
	iters: 2400, epoch: 2 | loss: 0.0402408
	speed: 0.0275s/iter; left time: 1095.7904s
	iters: 2500, epoch: 2 | loss: 0.0498069
	speed: 0.0275s/iter; left time: 1094.3814s
	iters: 2600, epoch: 2 | loss: 0.0315089
	speed: 0.0276s/iter; left time: 1095.1520s
	iters: 2700, epoch: 2 | loss: 0.0356007
	speed: 0.0278s/iter; left time: 1097.2812s
	iters: 2800, epoch: 2 | loss: 0.0384936
	speed: 0.0277s/iter; left time: 1093.9583s
	iters: 2900, epoch: 2 | loss: 0.0403845
	speed: 0.0277s/iter; left time: 1089.7680s
	iters: 3000, epoch: 2 | loss: 0.0358070
	speed: 0.0276s/iter; left time: 1083.6400s
	iters: 3100, epoch: 2 | loss: 0.0327233
	speed: 0.0278s/iter; left time: 1089.1967s
	iters: 3200, epoch: 2 | loss: 0.0440793
	speed: 0.0277s/iter; left time: 1081.9148s
	iters: 3300, epoch: 2 | loss: 0.0470998
	speed: 0.0275s/iter; left time: 1072.2246s
	iters: 3400, epoch: 2 | loss: 0.0477477
	speed: 0.0278s/iter; left time: 1080.6466s
	iters: 3500, epoch: 2 | loss: 0.0237927
	speed: 0.0276s/iter; left time: 1068.3855s
	iters: 3600, epoch: 2 | loss: 0.0309776
	speed: 0.0276s/iter; left time: 1065.1650s
	iters: 3700, epoch: 2 | loss: 0.0358984
	speed: 0.0277s/iter; left time: 1067.5804s
	iters: 3800, epoch: 2 | loss: 0.0416622
	speed: 0.0276s/iter; left time: 1062.7329s
	iters: 3900, epoch: 2 | loss: 0.0211174
	speed: 0.0275s/iter; left time: 1054.8581s
	iters: 4000, epoch: 2 | loss: 0.0461383
	speed: 0.0275s/iter; left time: 1053.1104s
	iters: 4100, epoch: 2 | loss: 0.0433701
	speed: 0.0278s/iter; left time: 1059.4129s
	iters: 4200, epoch: 2 | loss: 0.0275862
	speed: 0.0278s/iter; left time: 1058.6141s
	iters: 4300, epoch: 2 | loss: 0.0283569
	speed: 0.0277s/iter; left time: 1051.0243s
	iters: 4400, epoch: 2 | loss: 0.0392688
	speed: 0.0277s/iter; left time: 1048.5494s
	iters: 4500, epoch: 2 | loss: 0.0328755
	speed: 0.0278s/iter; left time: 1049.4890s
	iters: 4600, epoch: 2 | loss: 0.0300329
	speed: 0.0278s/iter; left time: 1045.0433s
	iters: 4700, epoch: 2 | loss: 0.0373692
	speed: 0.0278s/iter; left time: 1043.5283s
	iters: 4800, epoch: 2 | loss: 0.0333605
	speed: 0.0279s/iter; left time: 1044.7871s
	iters: 4900, epoch: 2 | loss: 0.0333316
	speed: 0.0279s/iter; left time: 1043.2810s
	iters: 5000, epoch: 2 | loss: 0.0338603
	speed: 0.0278s/iter; left time: 1036.2528s
	iters: 5100, epoch: 2 | loss: 0.0320618
	speed: 0.0278s/iter; left time: 1033.9893s
	iters: 5200, epoch: 2 | loss: 0.0369295
	speed: 0.0279s/iter; left time: 1032.9056s
	iters: 5300, epoch: 2 | loss: 0.0424465
	speed: 0.0279s/iter; left time: 1031.3659s
	iters: 5400, epoch: 2 | loss: 0.0263354
	speed: 0.0280s/iter; left time: 1031.3141s
	iters: 5500, epoch: 2 | loss: 0.0555762
	speed: 0.0277s/iter; left time: 1019.3480s
	iters: 5600, epoch: 2 | loss: 0.0437929
	speed: 0.0280s/iter; left time: 1026.0114s
	iters: 5700, epoch: 2 | loss: 0.0311571
	speed: 0.0278s/iter; left time: 1015.3107s
	iters: 5800, epoch: 2 | loss: 0.0296522
	speed: 0.0277s/iter; left time: 1009.7252s
	iters: 5900, epoch: 2 | loss: 0.0285223
	speed: 0.0279s/iter; left time: 1013.0023s
	iters: 6000, epoch: 2 | loss: 0.0337117
	speed: 0.0280s/iter; left time: 1016.4012s
Epoch: 2 cost time: 167.42098307609558
Epoch: 2, Steps: 6034 | Train Loss: 0.0436296 Vali Loss: 0.7718361 Test Loss: 0.6719801
EarlyStopping counter: 1 out of 3
Updating learning rate to 5e-05
	iters: 100, epoch: 3 | loss: 0.0241770
	speed: 0.3429s/iter; left time: 12381.1690s
	iters: 200, epoch: 3 | loss: 0.0299829
	speed: 0.0282s/iter; left time: 1013.7298s
	iters: 300, epoch: 3 | loss: 0.0310886
	speed: 0.0278s/iter; left time: 999.0235s
	iters: 400, epoch: 3 | loss: 0.0247787
	speed: 0.0278s/iter; left time: 994.3527s
	iters: 500, epoch: 3 | loss: 0.0328452
	speed: 0.0278s/iter; left time: 993.2663s
	iters: 600, epoch: 3 | loss: 0.0327132
	speed: 0.0279s/iter; left time: 992.9602s
	iters: 700, epoch: 3 | loss: 0.0269596
	speed: 0.0279s/iter; left time: 991.3841s
	iters: 800, epoch: 3 | loss: 0.0420375
	speed: 0.0278s/iter; left time: 984.4101s
	iters: 900, epoch: 3 | loss: 0.0304478
	speed: 0.0278s/iter; left time: 981.4162s
	iters: 1000, epoch: 3 | loss: 0.0212787
	speed: 0.0278s/iter; left time: 979.1255s
	iters: 1100, epoch: 3 | loss: 0.0254669
	speed: 0.0277s/iter; left time: 972.7835s
	iters: 1200, epoch: 3 | loss: 0.0281350
	speed: 0.0278s/iter; left time: 972.3139s
	iters: 1300, epoch: 3 | loss: 0.0298217
	speed: 0.0279s/iter; left time: 974.4612s
	iters: 1400, epoch: 3 | loss: 0.0273840
	speed: 0.0280s/iter; left time: 975.1308s
	iters: 1500, epoch: 3 | loss: 0.0284356
	speed: 0.0277s/iter; left time: 962.1777s
	iters: 1600, epoch: 3 | loss: 0.0250297
	speed: 0.0278s/iter; left time: 963.0873s
	iters: 1700, epoch: 3 | loss: 0.0249246
	speed: 0.0281s/iter; left time: 969.0873s
	iters: 1800, epoch: 3 | loss: 0.0312098
	speed: 0.0280s/iter; left time: 963.6791s
	iters: 1900, epoch: 3 | loss: 0.0416458
	speed: 0.0277s/iter; left time: 949.9437s
	iters: 2000, epoch: 3 | loss: 0.0212404
	speed: 0.0278s/iter; left time: 949.9539s
	iters: 2100, epoch: 3 | loss: 0.0208819
	speed: 0.0280s/iter; left time: 956.0379s
	iters: 2200, epoch: 3 | loss: 0.0187371
	speed: 0.0278s/iter; left time: 946.5571s
	iters: 2300, epoch: 3 | loss: 0.0257456
	speed: 0.0278s/iter; left time: 942.9306s
	iters: 2400, epoch: 3 | loss: 0.0259842
	speed: 0.0281s/iter; left time: 948.7310s
	iters: 2500, epoch: 3 | loss: 0.0266900
	speed: 0.0280s/iter; left time: 942.9466s
	iters: 2600, epoch: 3 | loss: 0.0198073
	speed: 0.0279s/iter; left time: 937.1592s
	iters: 2700, epoch: 3 | loss: 0.0223852
	speed: 0.0277s/iter; left time: 928.0990s
	iters: 2800, epoch: 3 | loss: 0.0190819
	speed: 0.0279s/iter; left time: 931.5464s
	iters: 2900, epoch: 3 | loss: 0.0155376
	speed: 0.0280s/iter; left time: 931.6645s
	iters: 3000, epoch: 3 | loss: 0.0204850
	speed: 0.0278s/iter; left time: 923.3074s
	iters: 3100, epoch: 3 | loss: 0.0227918
	speed: 0.0280s/iter; left time: 926.5220s
	iters: 3200, epoch: 3 | loss: 0.0221403
	speed: 0.0278s/iter; left time: 917.9926s
	iters: 3300, epoch: 3 | loss: 0.0183260
	speed: 0.0277s/iter; left time: 912.7962s
	iters: 3400, epoch: 3 | loss: 0.0279751
	speed: 0.0279s/iter; left time: 915.7940s
	iters: 3500, epoch: 3 | loss: 0.0182491
	speed: 0.0279s/iter; left time: 913.4176s
	iters: 3600, epoch: 3 | loss: 0.0322693
	speed: 0.0280s/iter; left time: 913.9466s
	iters: 3700, epoch: 3 | loss: 0.0278139
	speed: 0.0280s/iter; left time: 910.2223s
	iters: 3800, epoch: 3 | loss: 0.0210606
	speed: 0.0279s/iter; left time: 903.1918s
	iters: 3900, epoch: 3 | loss: 0.0226933
	speed: 0.0280s/iter; left time: 903.6430s
	iters: 4000, epoch: 3 | loss: 0.0288469
	speed: 0.0280s/iter; left time: 900.7347s
	iters: 4100, epoch: 3 | loss: 0.0254536
	speed: 0.0277s/iter; left time: 889.9463s
	iters: 4200, epoch: 3 | loss: 0.0251964
	speed: 0.0279s/iter; left time: 892.3852s
	iters: 4300, epoch: 3 | loss: 0.0248628
	speed: 0.0278s/iter; left time: 887.0243s
	iters: 4400, epoch: 3 | loss: 0.0146024
	speed: 0.0278s/iter; left time: 883.9641s
	iters: 4500, epoch: 3 | loss: 0.0268292
	speed: 0.0276s/iter; left time: 876.2973s
	iters: 4600, epoch: 3 | loss: 0.0231332
	speed: 0.0284s/iter; left time: 896.4784s
	iters: 4700, epoch: 3 | loss: 0.0167822
	speed: 0.0277s/iter; left time: 873.5288s
	iters: 4800, epoch: 3 | loss: 0.0224290
	speed: 0.0278s/iter; left time: 874.1397s
	iters: 4900, epoch: 3 | loss: 0.0208459
	speed: 0.0278s/iter; left time: 869.6417s
	iters: 5000, epoch: 3 | loss: 0.0246696
	speed: 0.0281s/iter; left time: 875.4767s
	iters: 5100, epoch: 3 | loss: 0.0180086
	speed: 0.0279s/iter; left time: 867.9157s
	iters: 5200, epoch: 3 | loss: 0.0210623
	speed: 0.0279s/iter; left time: 863.5497s
	iters: 5300, epoch: 3 | loss: 0.0175460
	speed: 0.0282s/iter; left time: 872.8381s
	iters: 5400, epoch: 3 | loss: 0.0284424
	speed: 0.0279s/iter; left time: 859.6613s
	iters: 5500, epoch: 3 | loss: 0.0251111
	speed: 0.0278s/iter; left time: 852.4260s
	iters: 5600, epoch: 3 | loss: 0.0282455
	speed: 0.0277s/iter; left time: 848.0257s
	iters: 5700, epoch: 3 | loss: 0.0149359
	speed: 0.0279s/iter; left time: 849.5831s
	iters: 5800, epoch: 3 | loss: 0.0207418
	speed: 0.0279s/iter; left time: 848.6416s
	iters: 5900, epoch: 3 | loss: 0.0231878
	speed: 0.0279s/iter; left time: 846.1830s
	iters: 6000, epoch: 3 | loss: 0.0185255
	speed: 0.0279s/iter; left time: 843.9041s
Epoch: 3 cost time: 168.24103784561157
Epoch: 3, Steps: 6034 | Train Loss: 0.0242169 Vali Loss: 0.7612438 Test Loss: 0.6790721
EarlyStopping counter: 2 out of 3
Updating learning rate to 2.5e-05
	iters: 100, epoch: 4 | loss: 0.0169681
	speed: 0.3424s/iter; left time: 10295.0823s
	iters: 200, epoch: 4 | loss: 0.0139055
	speed: 0.0278s/iter; left time: 833.3065s
	iters: 300, epoch: 4 | loss: 0.0182774
	speed: 0.0277s/iter; left time: 828.4917s
	iters: 400, epoch: 4 | loss: 0.0214411
	speed: 0.0279s/iter; left time: 831.2099s
	iters: 500, epoch: 4 | loss: 0.0165141
	speed: 0.0279s/iter; left time: 828.2022s
	iters: 600, epoch: 4 | loss: 0.0167921
	speed: 0.0276s/iter; left time: 817.4298s
	iters: 700, epoch: 4 | loss: 0.0183140
	speed: 0.0279s/iter; left time: 821.9475s
	iters: 800, epoch: 4 | loss: 0.0207435
	speed: 0.0278s/iter; left time: 817.4334s
	iters: 900, epoch: 4 | loss: 0.0142591
	speed: 0.0277s/iter; left time: 811.9483s
	iters: 1000, epoch: 4 | loss: 0.0206010
	speed: 0.0279s/iter; left time: 812.9744s
	iters: 1100, epoch: 4 | loss: 0.0171616
	speed: 0.0279s/iter; left time: 811.8025s
	iters: 1200, epoch: 4 | loss: 0.0191876
	speed: 0.0276s/iter; left time: 800.9692s
	iters: 1300, epoch: 4 | loss: 0.0208892
	speed: 0.0276s/iter; left time: 798.1097s
	iters: 1400, epoch: 4 | loss: 0.0249834
	speed: 0.0279s/iter; left time: 802.5777s
	iters: 1500, epoch: 4 | loss: 0.0200887
	speed: 0.0277s/iter; left time: 793.6873s
	iters: 1600, epoch: 4 | loss: 0.0203732
	speed: 0.0279s/iter; left time: 796.4897s
	iters: 1700, epoch: 4 | loss: 0.0229530
	speed: 0.0278s/iter; left time: 790.7462s
	iters: 1800, epoch: 4 | loss: 0.0138309
	speed: 0.0279s/iter; left time: 791.0429s
	iters: 1900, epoch: 4 | loss: 0.0179953
	speed: 0.0279s/iter; left time: 787.4405s
	iters: 2000, epoch: 4 | loss: 0.0195957
	speed: 0.0277s/iter; left time: 780.6668s
	iters: 2100, epoch: 4 | loss: 0.0182504
	speed: 0.0277s/iter; left time: 776.5547s
	iters: 2200, epoch: 4 | loss: 0.0147011
	speed: 0.0279s/iter; left time: 779.2652s
	iters: 2300, epoch: 4 | loss: 0.0180643
	speed: 0.0280s/iter; left time: 779.0521s
	iters: 2400, epoch: 4 | loss: 0.0180250
	speed: 0.0278s/iter; left time: 771.0284s
	iters: 2500, epoch: 4 | loss: 0.0127142
	speed: 0.0279s/iter; left time: 772.9526s
	iters: 2600, epoch: 4 | loss: 0.0222764
	speed: 0.0279s/iter; left time: 769.7954s
	iters: 2700, epoch: 4 | loss: 0.0163212
	speed: 0.0277s/iter; left time: 761.6942s
	iters: 2800, epoch: 4 | loss: 0.0175146
	speed: 0.0277s/iter; left time: 758.1413s
	iters: 2900, epoch: 4 | loss: 0.0105899
	speed: 0.0278s/iter; left time: 756.7859s
	iters: 3000, epoch: 4 | loss: 0.0198416
	speed: 0.0277s/iter; left time: 751.8398s
	iters: 3100, epoch: 4 | loss: 0.0139310
	speed: 0.0277s/iter; left time: 748.5547s
	iters: 3200, epoch: 4 | loss: 0.0175813
	speed: 0.0278s/iter; left time: 748.8140s
	iters: 3300, epoch: 4 | loss: 0.0174405
	speed: 0.0278s/iter; left time: 745.8819s
	iters: 3400, epoch: 4 | loss: 0.0173858
	speed: 0.0277s/iter; left time: 741.2118s
	iters: 3500, epoch: 4 | loss: 0.0142721
	speed: 0.0278s/iter; left time: 740.1236s
	iters: 3600, epoch: 4 | loss: 0.0189841
	speed: 0.0277s/iter; left time: 736.3632s
	iters: 3700, epoch: 4 | loss: 0.0163899
	speed: 0.0277s/iter; left time: 732.8254s
	iters: 3800, epoch: 4 | loss: 0.0179670
	speed: 0.0276s/iter; left time: 727.1901s
	iters: 3900, epoch: 4 | loss: 0.0141615
	speed: 0.0277s/iter; left time: 726.9756s
	iters: 4000, epoch: 4 | loss: 0.0210931
	speed: 0.0278s/iter; left time: 727.4593s
	iters: 4100, epoch: 4 | loss: 0.0290637
	speed: 0.0278s/iter; left time: 724.4641s
	iters: 4200, epoch: 4 | loss: 0.0138371
	speed: 0.0277s/iter; left time: 718.9136s
	iters: 4300, epoch: 4 | loss: 0.0121131
	speed: 0.0277s/iter; left time: 715.6692s
	iters: 4400, epoch: 4 | loss: 0.0172342
	speed: 0.0279s/iter; left time: 718.0642s
	iters: 4500, epoch: 4 | loss: 0.0186408
	speed: 0.0278s/iter; left time: 714.6926s
	iters: 4600, epoch: 4 | loss: 0.0263278
	speed: 0.0277s/iter; left time: 709.1641s
	iters: 4700, epoch: 4 | loss: 0.0124314
	speed: 0.0279s/iter; left time: 711.6008s
	iters: 4800, epoch: 4 | loss: 0.0213802
	speed: 0.0278s/iter; left time: 704.3728s
	iters: 4900, epoch: 4 | loss: 0.0137025
	speed: 0.0278s/iter; left time: 701.4564s
	iters: 5000, epoch: 4 | loss: 0.0138376
	speed: 0.0277s/iter; left time: 696.2558s
	iters: 5100, epoch: 4 | loss: 0.0158288
	speed: 0.0278s/iter; left time: 696.4771s
	iters: 5200, epoch: 4 | loss: 0.0193400
	speed: 0.0277s/iter; left time: 692.8327s
	iters: 5300, epoch: 4 | loss: 0.0156205
	speed: 0.0278s/iter; left time: 690.3470s
	iters: 5400, epoch: 4 | loss: 0.0206433
	speed: 0.0278s/iter; left time: 689.7625s
	iters: 5500, epoch: 4 | loss: 0.0105366
	speed: 0.0277s/iter; left time: 683.6058s
	iters: 5600, epoch: 4 | loss: 0.0190352
	speed: 0.0276s/iter; left time: 678.9139s
	iters: 5700, epoch: 4 | loss: 0.0228925
	speed: 0.0277s/iter; left time: 679.0558s
	iters: 5800, epoch: 4 | loss: 0.0221372
	speed: 0.0278s/iter; left time: 677.9801s
	iters: 5900, epoch: 4 | loss: 0.0167710
	speed: 0.0278s/iter; left time: 674.4942s
	iters: 6000, epoch: 4 | loss: 0.0184268
	speed: 0.0279s/iter; left time: 673.4537s
Epoch: 4 cost time: 167.59605932235718
Epoch: 4, Steps: 6034 | Train Loss: 0.0179734 Vali Loss: 0.7216129 Test Loss: 0.6194341
Validation loss decreased (0.758851 --> 0.721613).  Saving model ...
Updating learning rate to 1.25e-05
	iters: 100, epoch: 5 | loss: 0.0141539
	speed: 0.3432s/iter; left time: 8250.2422s
	iters: 200, epoch: 5 | loss: 0.0139284
	speed: 0.0278s/iter; left time: 666.4643s
	iters: 300, epoch: 5 | loss: 0.0173084
	speed: 0.0278s/iter; left time: 662.1676s
	iters: 400, epoch: 5 | loss: 0.0140011
	speed: 0.0278s/iter; left time: 658.7185s
	iters: 500, epoch: 5 | loss: 0.0105084
	speed: 0.0279s/iter; left time: 659.7905s
	iters: 600, epoch: 5 | loss: 0.0139621
	speed: 0.0278s/iter; left time: 653.5774s
	iters: 700, epoch: 5 | loss: 0.0171988
	speed: 0.0276s/iter; left time: 647.0113s
	iters: 800, epoch: 5 | loss: 0.0156814
	speed: 0.0278s/iter; left time: 648.4975s
	iters: 900, epoch: 5 | loss: 0.0099065
	speed: 0.0278s/iter; left time: 646.0984s
	iters: 1000, epoch: 5 | loss: 0.0165281
	speed: 0.0276s/iter; left time: 639.3560s
	iters: 1100, epoch: 5 | loss: 0.0171503
	speed: 0.0277s/iter; left time: 638.9480s
	iters: 1200, epoch: 5 | loss: 0.0123392
	speed: 0.0276s/iter; left time: 632.2736s
	iters: 1300, epoch: 5 | loss: 0.0261056
	speed: 0.0278s/iter; left time: 634.0838s
	iters: 1400, epoch: 5 | loss: 0.0126969
	speed: 0.0277s/iter; left time: 630.5609s
	iters: 1500, epoch: 5 | loss: 0.0214403
	speed: 0.0278s/iter; left time: 628.3034s
	iters: 1600, epoch: 5 | loss: 0.0126975
	speed: 0.0280s/iter; left time: 630.7610s
	iters: 1700, epoch: 5 | loss: 0.0152902
	speed: 0.0279s/iter; left time: 626.0148s
	iters: 1800, epoch: 5 | loss: 0.0179757
	speed: 0.0279s/iter; left time: 622.3317s
	iters: 1900, epoch: 5 | loss: 0.0192499
	speed: 0.0278s/iter; left time: 618.5624s
	iters: 2000, epoch: 5 | loss: 0.0126489
	speed: 0.0278s/iter; left time: 615.1031s
	iters: 2100, epoch: 5 | loss: 0.0121839
	speed: 0.0278s/iter; left time: 612.3407s
	iters: 2200, epoch: 5 | loss: 0.0173863
	speed: 0.0277s/iter; left time: 606.8621s
	iters: 2300, epoch: 5 | loss: 0.0163717
	speed: 0.0277s/iter; left time: 605.6603s
	iters: 2400, epoch: 5 | loss: 0.0180828
	speed: 0.0276s/iter; left time: 599.4234s
	iters: 2500, epoch: 5 | loss: 0.0156584
	speed: 0.0278s/iter; left time: 601.3151s
	iters: 2600, epoch: 5 | loss: 0.0131242
	speed: 0.0278s/iter; left time: 598.6802s
	iters: 2700, epoch: 5 | loss: 0.0111673
	speed: 0.0281s/iter; left time: 603.3552s
	iters: 2800, epoch: 5 | loss: 0.0157403
	speed: 0.0278s/iter; left time: 592.1695s
	iters: 2900, epoch: 5 | loss: 0.0153041
	speed: 0.0277s/iter; left time: 588.9093s
	iters: 3000, epoch: 5 | loss: 0.0209348
	speed: 0.0279s/iter; left time: 589.5210s
	iters: 3100, epoch: 5 | loss: 0.0146330
	speed: 0.0277s/iter; left time: 583.0696s
	iters: 3200, epoch: 5 | loss: 0.0123740
	speed: 0.0277s/iter; left time: 579.3353s
	iters: 3300, epoch: 5 | loss: 0.0169715
	speed: 0.0277s/iter; left time: 577.2901s
	iters: 3400, epoch: 5 | loss: 0.0113290
	speed: 0.0279s/iter; left time: 578.1568s
	iters: 3500, epoch: 5 | loss: 0.0134046
	speed: 0.0288s/iter; left time: 593.5256s
	iters: 3600, epoch: 5 | loss: 0.0181879
	speed: 0.0291s/iter; left time: 597.7232s
	iters: 3700, epoch: 5 | loss: 0.0209174
	speed: 0.0287s/iter; left time: 585.6508s
	iters: 3800, epoch: 5 | loss: 0.0164222
	speed: 0.0280s/iter; left time: 570.4484s
	iters: 3900, epoch: 5 | loss: 0.0113283
	speed: 0.0278s/iter; left time: 562.3887s
	iters: 4000, epoch: 5 | loss: 0.0155364
	speed: 0.0278s/iter; left time: 559.3582s
	iters: 4100, epoch: 5 | loss: 0.0136094
	speed: 0.0279s/iter; left time: 559.9958s
	iters: 4200, epoch: 5 | loss: 0.0115832
	speed: 0.0279s/iter; left time: 555.6523s
	iters: 4300, epoch: 5 | loss: 0.0158120
	speed: 0.0278s/iter; left time: 552.0595s
	iters: 4400, epoch: 5 | loss: 0.0106790
	speed: 0.0278s/iter; left time: 547.9536s
	iters: 4500, epoch: 5 | loss: 0.0127449
	speed: 0.0280s/iter; left time: 549.6341s
	iters: 4600, epoch: 5 | loss: 0.0129591
	speed: 0.0280s/iter; left time: 547.1814s
	iters: 4700, epoch: 5 | loss: 0.0105884
	speed: 0.0278s/iter; left time: 540.2506s
	iters: 4800, epoch: 5 | loss: 0.0214380
	speed: 0.0278s/iter; left time: 537.4367s
	iters: 4900, epoch: 5 | loss: 0.0167272
	speed: 0.0278s/iter; left time: 534.0713s
	iters: 5000, epoch: 5 | loss: 0.0129430
	speed: 0.0278s/iter; left time: 532.2928s
	iters: 5100, epoch: 5 | loss: 0.0161360
	speed: 0.0278s/iter; left time: 528.4735s
	iters: 5200, epoch: 5 | loss: 0.0147730
	speed: 0.0280s/iter; left time: 529.3358s
	iters: 5300, epoch: 5 | loss: 0.0120026
	speed: 0.0279s/iter; left time: 525.7231s
	iters: 5400, epoch: 5 | loss: 0.0139165
	speed: 0.0280s/iter; left time: 525.2629s
	iters: 5500, epoch: 5 | loss: 0.0169663
	speed: 0.0279s/iter; left time: 520.5161s
	iters: 5600, epoch: 5 | loss: 0.0199158
	speed: 0.0279s/iter; left time: 516.6624s
	iters: 5700, epoch: 5 | loss: 0.0141815
	speed: 0.0278s/iter; left time: 512.2510s
	iters: 5800, epoch: 5 | loss: 0.0125124
	speed: 0.0280s/iter; left time: 513.3186s
	iters: 5900, epoch: 5 | loss: 0.0124373
	speed: 0.0277s/iter; left time: 506.0145s
	iters: 6000, epoch: 5 | loss: 0.0256325
	speed: 0.0278s/iter; left time: 504.0903s
Epoch: 5 cost time: 168.16732001304626
Epoch: 5, Steps: 6034 | Train Loss: 0.0153738 Vali Loss: 0.7488089 Test Loss: 0.6479992
EarlyStopping counter: 1 out of 3
Updating learning rate to 6.25e-06
	iters: 100, epoch: 6 | loss: 0.0142284
	speed: 0.3418s/iter; left time: 6152.9728s
	iters: 200, epoch: 6 | loss: 0.0101688
	speed: 0.0278s/iter; left time: 498.1984s
	iters: 300, epoch: 6 | loss: 0.0125961
	speed: 0.0278s/iter; left time: 494.3839s
	iters: 400, epoch: 6 | loss: 0.0199869
	speed: 0.0281s/iter; left time: 497.8319s
	iters: 500, epoch: 6 | loss: 0.0147778
	speed: 0.0278s/iter; left time: 488.4889s
	iters: 600, epoch: 6 | loss: 0.0106044
	speed: 0.0278s/iter; left time: 486.9598s
	iters: 700, epoch: 6 | loss: 0.0098978
	speed: 0.0277s/iter; left time: 482.6142s
	iters: 800, epoch: 6 | loss: 0.0095424
	speed: 0.0278s/iter; left time: 480.7913s
	iters: 900, epoch: 6 | loss: 0.0170462
	speed: 0.0277s/iter; left time: 476.3752s
	iters: 1000, epoch: 6 | loss: 0.0200236
	speed: 0.0278s/iter; left time: 475.9408s
	iters: 1100, epoch: 6 | loss: 0.0085982
	speed: 0.0277s/iter; left time: 471.0046s
	iters: 1200, epoch: 6 | loss: 0.0168079
	speed: 0.0278s/iter; left time: 469.9122s
	iters: 1300, epoch: 6 | loss: 0.0112789
	speed: 0.0280s/iter; left time: 470.8819s
	iters: 1400, epoch: 6 | loss: 0.0188625
	speed: 0.0280s/iter; left time: 468.2990s
	iters: 1500, epoch: 6 | loss: 0.0127787
	speed: 0.0277s/iter; left time: 459.8267s
	iters: 1600, epoch: 6 | loss: 0.0093362
	speed: 0.0276s/iter; left time: 455.6103s
	iters: 1700, epoch: 6 | loss: 0.0156099
	speed: 0.0278s/iter; left time: 456.2896s
	iters: 1800, epoch: 6 | loss: 0.0261244
	speed: 0.0278s/iter; left time: 452.9949s
	iters: 1900, epoch: 6 | loss: 0.0121494
	speed: 0.0279s/iter; left time: 452.7733s
	iters: 2000, epoch: 6 | loss: 0.0107317
	speed: 0.0277s/iter; left time: 446.0944s
	iters: 2100, epoch: 6 | loss: 0.0124159
	speed: 0.0278s/iter; left time: 444.1789s
	iters: 2200, epoch: 6 | loss: 0.0232156
	speed: 0.0277s/iter; left time: 440.6020s
	iters: 2300, epoch: 6 | loss: 0.0128871
	speed: 0.0277s/iter; left time: 438.0168s
	iters: 2400, epoch: 6 | loss: 0.0132293
	speed: 0.0280s/iter; left time: 438.9743s
	iters: 2500, epoch: 6 | loss: 0.0118420
	speed: 0.0279s/iter; left time: 435.0154s
	iters: 2600, epoch: 6 | loss: 0.0194287
	speed: 0.0282s/iter; left time: 437.5621s
	iters: 2700, epoch: 6 | loss: 0.0163491
	speed: 0.0278s/iter; left time: 428.4879s
	iters: 2800, epoch: 6 | loss: 0.0154067
	speed: 0.0279s/iter; left time: 427.0510s
	iters: 2900, epoch: 6 | loss: 0.0128356
	speed: 0.0280s/iter; left time: 425.4691s
	iters: 3000, epoch: 6 | loss: 0.0144134
	speed: 0.0279s/iter; left time: 420.7033s
	iters: 3100, epoch: 6 | loss: 0.0122127
	speed: 0.0279s/iter; left time: 417.8887s
	iters: 3200, epoch: 6 | loss: 0.0126089
	speed: 0.0278s/iter; left time: 413.8184s
	iters: 3300, epoch: 6 | loss: 0.0147046
	speed: 0.0279s/iter; left time: 412.9594s
	iters: 3400, epoch: 6 | loss: 0.0137014
	speed: 0.0278s/iter; left time: 409.4531s
	iters: 3500, epoch: 6 | loss: 0.0134403
	speed: 0.0282s/iter; left time: 411.2804s
	iters: 3600, epoch: 6 | loss: 0.0120921
	speed: 0.0277s/iter; left time: 402.0195s
	iters: 3700, epoch: 6 | loss: 0.0156460
	speed: 0.0277s/iter; left time: 399.2798s
	iters: 3800, epoch: 6 | loss: 0.0120989
	speed: 0.0277s/iter; left time: 396.6844s
	iters: 3900, epoch: 6 | loss: 0.0106500
	speed: 0.0280s/iter; left time: 398.3402s
	iters: 4000, epoch: 6 | loss: 0.0228666
	speed: 0.0278s/iter; left time: 392.7075s
	iters: 4100, epoch: 6 | loss: 0.0093261
	speed: 0.0278s/iter; left time: 389.1950s
	iters: 4200, epoch: 6 | loss: 0.0127539
	speed: 0.0280s/iter; left time: 388.9166s
	iters: 4300, epoch: 6 | loss: 0.0136263
	speed: 0.0278s/iter; left time: 383.4666s
	iters: 4400, epoch: 6 | loss: 0.0141399
	speed: 0.0278s/iter; left time: 381.5312s
	iters: 4500, epoch: 6 | loss: 0.0223608
	speed: 0.0278s/iter; left time: 378.4837s
	iters: 4600, epoch: 6 | loss: 0.0156670
	speed: 0.0278s/iter; left time: 375.8584s
	iters: 4700, epoch: 6 | loss: 0.0138359
	speed: 0.0279s/iter; left time: 374.3695s
	iters: 4800, epoch: 6 | loss: 0.0137628
	speed: 0.0280s/iter; left time: 372.4777s
	iters: 4900, epoch: 6 | loss: 0.0110296
	speed: 0.0279s/iter; left time: 368.2164s
	iters: 5000, epoch: 6 | loss: 0.0096797
	speed: 0.0281s/iter; left time: 368.0800s
	iters: 5100, epoch: 6 | loss: 0.0143291
	speed: 0.0279s/iter; left time: 362.6646s
	iters: 5200, epoch: 6 | loss: 0.0206795
	speed: 0.0279s/iter; left time: 359.7640s
	iters: 5300, epoch: 6 | loss: 0.0106638
	speed: 0.0279s/iter; left time: 357.5230s
	iters: 5400, epoch: 6 | loss: 0.0124513
	speed: 0.0280s/iter; left time: 355.5751s
	iters: 5500, epoch: 6 | loss: 0.0165517
	speed: 0.0285s/iter; left time: 359.8118s
	iters: 5600, epoch: 6 | loss: 0.0196291
	speed: 0.0279s/iter; left time: 348.7910s
	iters: 5700, epoch: 6 | loss: 0.0095956
	speed: 0.0278s/iter; left time: 344.9766s
	iters: 5800, epoch: 6 | loss: 0.0112256
	speed: 0.0278s/iter; left time: 342.4408s
	iters: 5900, epoch: 6 | loss: 0.0244799
	speed: 0.0279s/iter; left time: 340.2573s
	iters: 6000, epoch: 6 | loss: 0.0111026
	speed: 0.0280s/iter; left time: 338.5673s
Epoch: 6 cost time: 168.170077085495
Epoch: 6, Steps: 6034 | Train Loss: 0.0142670 Vali Loss: 0.7488312 Test Loss: 0.6351328
EarlyStopping counter: 2 out of 3
Updating learning rate to 3.125e-06
	iters: 100, epoch: 7 | loss: 0.0131082
	speed: 0.3432s/iter; left time: 4108.1760s
	iters: 200, epoch: 7 | loss: 0.0122832
	speed: 0.0281s/iter; left time: 333.3854s
	iters: 300, epoch: 7 | loss: 0.0088348
	speed: 0.0279s/iter; left time: 327.8584s
	iters: 400, epoch: 7 | loss: 0.0110966
	speed: 0.0281s/iter; left time: 327.4481s
	iters: 500, epoch: 7 | loss: 0.0112620
	speed: 0.0279s/iter; left time: 322.4329s
	iters: 600, epoch: 7 | loss: 0.0198554
	speed: 0.0279s/iter; left time: 319.8981s
	iters: 700, epoch: 7 | loss: 0.0127605
	speed: 0.0279s/iter; left time: 317.4548s
	iters: 800, epoch: 7 | loss: 0.0177394
	speed: 0.0277s/iter; left time: 312.1892s
	iters: 900, epoch: 7 | loss: 0.0148896
	speed: 0.0278s/iter; left time: 310.8590s
	iters: 1000, epoch: 7 | loss: 0.0137641
	speed: 0.0278s/iter; left time: 307.9473s
	iters: 1100, epoch: 7 | loss: 0.0132232
	speed: 0.0279s/iter; left time: 305.8152s
	iters: 1200, epoch: 7 | loss: 0.0149764
	speed: 0.0281s/iter; left time: 305.3160s
	iters: 1300, epoch: 7 | loss: 0.0131868
	speed: 0.0280s/iter; left time: 301.6097s
	iters: 1400, epoch: 7 | loss: 0.0141464
	speed: 0.0278s/iter; left time: 297.0218s
	iters: 1500, epoch: 7 | loss: 0.0127726
	speed: 0.0280s/iter; left time: 295.5023s
	iters: 1600, epoch: 7 | loss: 0.0134388
	speed: 0.0279s/iter; left time: 291.6425s
	iters: 1700, epoch: 7 | loss: 0.0093311
	speed: 0.0280s/iter; left time: 290.1797s
	iters: 1800, epoch: 7 | loss: 0.0136022
	speed: 0.0280s/iter; left time: 287.1524s
	iters: 1900, epoch: 7 | loss: 0.0138239
	speed: 0.0280s/iter; left time: 284.9013s
	iters: 2000, epoch: 7 | loss: 0.0181667
	speed: 0.0282s/iter; left time: 283.8645s
	iters: 2100, epoch: 7 | loss: 0.0096281
	speed: 0.0278s/iter; left time: 277.2536s
	iters: 2200, epoch: 7 | loss: 0.0134641
	speed: 0.0279s/iter; left time: 275.6958s
	iters: 2300, epoch: 7 | loss: 0.0129131
	speed: 0.0278s/iter; left time: 272.0538s
	iters: 2400, epoch: 7 | loss: 0.0099000
	speed: 0.0280s/iter; left time: 270.7574s
	iters: 2500, epoch: 7 | loss: 0.0155089
	speed: 0.0281s/iter; left time: 269.0464s
	iters: 2600, epoch: 7 | loss: 0.0140629
	speed: 0.0279s/iter; left time: 264.4122s
	iters: 2700, epoch: 7 | loss: 0.0140298
	speed: 0.0279s/iter; left time: 261.3431s
	iters: 2800, epoch: 7 | loss: 0.0092247
	speed: 0.0279s/iter; left time: 258.8355s
	iters: 2900, epoch: 7 | loss: 0.0117941
	speed: 0.0282s/iter; left time: 258.2220s
	iters: 3000, epoch: 7 | loss: 0.0166039
	speed: 0.0281s/iter; left time: 254.4724s
	iters: 3100, epoch: 7 | loss: 0.0097910
	speed: 0.0280s/iter; left time: 250.9407s
	iters: 3200, epoch: 7 | loss: 0.0149055
	speed: 0.0280s/iter; left time: 248.2055s
	iters: 3300, epoch: 7 | loss: 0.0185893
	speed: 0.0279s/iter; left time: 244.5637s
	iters: 3400, epoch: 7 | loss: 0.0154700
	speed: 0.0280s/iter; left time: 243.1553s
	iters: 3500, epoch: 7 | loss: 0.0104047
	speed: 0.0280s/iter; left time: 239.6868s
	iters: 3600, epoch: 7 | loss: 0.0081794
	speed: 0.0281s/iter; left time: 237.9322s
	iters: 3700, epoch: 7 | loss: 0.0105618
	speed: 0.0279s/iter; left time: 233.1567s
	iters: 3800, epoch: 7 | loss: 0.0160326
	speed: 0.0280s/iter; left time: 231.2020s
	iters: 3900, epoch: 7 | loss: 0.0139917
	speed: 0.0279s/iter; left time: 228.2828s
	iters: 4000, epoch: 7 | loss: 0.0179088
	speed: 0.0280s/iter; left time: 225.7711s
	iters: 4100, epoch: 7 | loss: 0.0134544
	speed: 0.0279s/iter; left time: 222.1236s
	iters: 4200, epoch: 7 | loss: 0.0104627
	speed: 0.0279s/iter; left time: 219.8980s
	iters: 4300, epoch: 7 | loss: 0.0090913
	speed: 0.0281s/iter; left time: 218.3516s
	iters: 4400, epoch: 7 | loss: 0.0169797
	speed: 0.0279s/iter; left time: 214.2419s
	iters: 4500, epoch: 7 | loss: 0.0115004
	speed: 0.0279s/iter; left time: 211.1108s
	iters: 4600, epoch: 7 | loss: 0.0164488
	speed: 0.0280s/iter; left time: 209.4450s
	iters: 4700, epoch: 7 | loss: 0.0220689
	speed: 0.0280s/iter; left time: 206.2115s
	iters: 4800, epoch: 7 | loss: 0.0149202
	speed: 0.0278s/iter; left time: 202.2190s
	iters: 4900, epoch: 7 | loss: 0.0119090
	speed: 0.0280s/iter; left time: 200.8697s
	iters: 5000, epoch: 7 | loss: 0.0152351
	speed: 0.0278s/iter; left time: 196.6661s
	iters: 5100, epoch: 7 | loss: 0.0151064
	speed: 0.0280s/iter; left time: 195.4259s
	iters: 5200, epoch: 7 | loss: 0.0189182
	speed: 0.0278s/iter; left time: 191.0502s
	iters: 5300, epoch: 7 | loss: 0.0153640
	speed: 0.0291s/iter; left time: 197.0817s
	iters: 5400, epoch: 7 | loss: 0.0139595
	speed: 0.0281s/iter; left time: 187.4632s
	iters: 5500, epoch: 7 | loss: 0.0107141
	speed: 0.0279s/iter; left time: 183.2322s
	iters: 5600, epoch: 7 | loss: 0.0144966
	speed: 0.0279s/iter; left time: 180.2058s
	iters: 5700, epoch: 7 | loss: 0.0107894
	speed: 0.0277s/iter; left time: 176.6117s
	iters: 5800, epoch: 7 | loss: 0.0136310
	speed: 0.0280s/iter; left time: 175.6136s
	iters: 5900, epoch: 7 | loss: 0.0142204
	speed: 0.0279s/iter; left time: 171.9995s
	iters: 6000, epoch: 7 | loss: 0.0161752
	speed: 0.0277s/iter; left time: 168.2923s
Epoch: 7 cost time: 168.72689580917358
Epoch: 7, Steps: 6034 | Train Loss: 0.0137084 Vali Loss: 0.7402431 Test Loss: 0.6331403
EarlyStopping counter: 3 out of 3
Early stopping
>>>>>>>testing : informerstack_custom_ftMS_sl336_ll168_pl168_dm256_nh8_el3_dl1_df1024_atprob_fc5_ebtimeF_dtTrue_mxTrue_exp_117_0<<<<<<<<<<<<<<<<<<<<<<<<<<<<<<<<<
test 13769
test shape: (1721, 8, 168, 1) (1721, 8, 168, 1)
test shape: (13768, 168, 1) (13768, 168, 1)
mse:0.6194467544555664, mae:0.6891350150108337, r2:-2.6317291259765625


Parsed metrics from Informer output (normalized scale):
  MSE:  0.6194
  MAE:  0.6891
  RMSE: 0.7870
  R2:   -2.6317

Metrics after inverse transformation (original scale):
  MSE:  80.5122
  MAE:  7.8566
  RMSE: 8.9729
  R2:   -2.6317
Warning: Failed to record experiment: 'gbk' codec can't encode character '\u2713' in position 0: illegal multibyte sequence
  Training time: 1413.04s
  RMSE: 8.9729
  MAE:  7.8566
  R2:   -2.6317

Saving results...
  Model: Native Informer (saved in external/Informer2020/checkpoints/)
  Predictions: Not saved (native Informer handles this internally)
  Metrics: E:\ANUS_learning\MSI5001-power-transformer-oil-temperature-prediction\models\experiments\exp_117_metrics.json
  Plot: Skipped (native Informer handles visualization internally)

======================================================================
Experiment complete: exp_117
======================================================================

======================================================================
Completed: 2025-11-07 16:54:47
Return code: 0
======================================================================
