======================================================================
Experiment Log
Started: 2025-11-02 16:36:54
Command: /opt/miniconda3/bin/python -m scripts.train_configurable --tx-id 2 --model LinearRegression --split-method chronological --feature-mode full --lookback-multiplier 4.0 --horizon 24 --experiment-name exp_110 --data-suffix _no_outlier
======================================================================

======================================================================
Experiment: exp_110
======================================================================
Transformer:     TX2
Model:           LinearRegression
Split method:    chronological
Feature mode:    full
Data suffix:     _no_outlier

Loading data...
  Total samples: 69680
  Features: 17 columns

Window config: WindowConfig(horizon=24, lookback=96, gap=0)
Creating sliding windows...
  Created 69560 windows
Splitting windows (chronological, 20% test)...
  Train: 55648 windows
  Test:  13912 windows

Training LinearRegression...
  Training time: 2.27s

Evaluating...
  RMSE: 6.0003
  MAE:  4.8497
  R2:   0.6848

Saving results...
  Model: /Users/dafeng/Documents/ai_learning/NUS_courses/MSI5001/group_work/MSI5001-power-transformer-oil-temperature-prediction/models/experiments/exp_110_model.joblib
  Predictions: /Users/dafeng/Documents/ai_learning/NUS_courses/MSI5001/group_work/MSI5001-power-transformer-oil-temperature-prediction/results/tables/exp_110_predictions.csv
  Metrics: /Users/dafeng/Documents/ai_learning/NUS_courses/MSI5001/group_work/MSI5001-power-transformer-oil-temperature-prediction/models/experiments/exp_110_metrics.json
  Plot: /Users/dafeng/Documents/ai_learning/NUS_courses/MSI5001/group_work/MSI5001-power-transformer-oil-temperature-prediction/results/figures/exp_110_predictions.png
  Scatter: /Users/dafeng/Documents/ai_learning/NUS_courses/MSI5001/group_work/MSI5001-power-transformer-oil-temperature-prediction/results/figures/exp_110_scatter.png

======================================================================
Experiment complete: exp_110
======================================================================

======================================================================
Completed: 2025-11-02 16:36:58
Return code: 0
======================================================================
