======================================================================
Experiment Log
Started: 2025-11-09 15:19:36
Command: C:\ProgramData\anaconda3\python.exe -m scripts.train_configurable --tx-id 1 --model Informer-Long --split-method chronological --feature-mode full --lookback-multiplier 12.0 --horizon 168 --experiment-name exp_150 --data-suffix _no_outlier --seq-len 1008 --label-len 504 --pred-len 168 --e-layers 5 --d-layers 2 --train-epochs 50 --learning-rate 5e-05 --batch-size 8 --patience 10
======================================================================

======================================================================
Experiment: exp_150
======================================================================
Transformer:     TX1
Model:           Informer-Long
Split method:    chronological
Feature mode:    full
Data suffix:     _no_outlier

Loading data...
  Total samples: 69680
  Added TX1 dynamic features
  Features: 21 columns

Window config: WindowConfig(horizon=168, lookback=2016, gap=0)
Creating sliding windows for Informer-Long (keeping sequence structure)...
  Created 67496 windows (shape: (67496, 2016, 21))
Splitting windows (chronological, 20% test)...
  Train: 53996 windows
  Test:  13500 windows

Training Informer-Long...

Calling native Informer from: E:\ANUS_learning\MSI5001-power-transformer-oil-temperature-prediction\external\Informer2020
Command: C:\ProgramData\anaconda3\python.exe E:\ANUS_learning\MSI5001-power-transformer-oil-temperature-prediction\external\Informer2020\main_informer.py --model informerstack --data custom --root_path ./data/ --data_path TX1.csv --features MS --target OT --freq h --seq_len 1008 --label_len 504 --pred_len 168 --enc_in 6 --dec_in 1 --c_out 1 --d_model 256 --n_heads 8 --e_layers 5 --d_layers 2 --d_ff 1024 --factor 5 --dropout 0.05 --attn prob --embed timeF --activation gelu --batch_size 8 --train_epochs 50 --patience 10 --learning_rate 5e-05 --des exp_150 --itr 1
Args in experiment:
Namespace(model='informerstack', data='custom', root_path='./data/', data_path='TX1.csv', features='MS', target='OT', freq='h', checkpoints='./checkpoints/', seq_len=1008, label_len=504, pred_len=168, enc_in=6, dec_in=1, c_out=1, d_model=256, n_heads=8, e_layers=5, d_layers=2, s_layers=[3, 2, 1], d_ff=1024, factor=5, padding=0, distil=True, dropout=0.05, attn='prob', embed='timeF', activation='gelu', output_attention=False, do_predict=False, mix=True, cols=None, num_workers=0, itr=1, train_epochs=50, batch_size=8, patience=10, learning_rate=5e-05, des='exp_150', loss='mse', lradj='type1', use_amp=False, inverse=False, use_gpu=True, gpu=0, use_multi_gpu=False, devices='0,1,2,3', detail_freq='h')
Use GPU: cuda:0
>>>>>>>start training : informerstack_custom_ftMS_sl1008_ll504_pl168_dm256_nh8_el5_dl2_df1024_atprob_fc5_ebtimeF_dtTrue_mxTrue_exp_150_0>>>>>>>>>>>>>>>>>>>>>>>>>>
train 47601
val 6801
test 13769
	iters: 100, epoch: 1 | loss: 0.1849914
	speed: 0.0651s/iter; left time: 19363.6973s
	iters: 200, epoch: 1 | loss: 0.1722168
	speed: 0.0516s/iter; left time: 15333.3495s
	iters: 300, epoch: 1 | loss: 0.1668781
	speed: 0.0512s/iter; left time: 15218.1002s
	iters: 400, epoch: 1 | loss: 0.2859890
	speed: 0.0513s/iter; left time: 15243.1198s
	iters: 500, epoch: 1 | loss: 0.1489617
	speed: 0.0510s/iter; left time: 15144.6963s
	iters: 600, epoch: 1 | loss: 0.2151850
	speed: 0.0514s/iter; left time: 15270.1858s
	iters: 700, epoch: 1 | loss: 0.1318307
	speed: 0.0513s/iter; left time: 15211.1164s
	iters: 800, epoch: 1 | loss: 0.0877813
	speed: 0.0517s/iter; left time: 15336.4992s
	iters: 900, epoch: 1 | loss: 0.1963539
	speed: 0.0511s/iter; left time: 15155.1199s
	iters: 1000, epoch: 1 | loss: 0.1359014
	speed: 0.0512s/iter; left time: 15192.3113s
	iters: 1100, epoch: 1 | loss: 0.1856636
	speed: 0.0514s/iter; left time: 15236.8936s
	iters: 1200, epoch: 1 | loss: 0.1800115
	speed: 0.0511s/iter; left time: 15136.9612s
	iters: 1300, epoch: 1 | loss: 0.1986733
	speed: 0.0513s/iter; left time: 15202.6800s
	iters: 1400, epoch: 1 | loss: 0.1115235
	speed: 0.0518s/iter; left time: 15324.7550s
	iters: 1500, epoch: 1 | loss: 0.0733221
	speed: 0.0510s/iter; left time: 15092.5920s
	iters: 1600, epoch: 1 | loss: 0.0861365
	speed: 0.0514s/iter; left time: 15212.4109s
	iters: 1700, epoch: 1 | loss: 0.1366991
	speed: 0.0514s/iter; left time: 15200.3754s
	iters: 1800, epoch: 1 | loss: 0.0512691
	speed: 0.0514s/iter; left time: 15197.3312s
	iters: 1900, epoch: 1 | loss: 0.1400893
	speed: 0.0513s/iter; left time: 15164.5135s
	iters: 2000, epoch: 1 | loss: 0.0736579
	speed: 0.0514s/iter; left time: 15190.6307s
	iters: 2100, epoch: 1 | loss: 0.1576464
	speed: 0.0511s/iter; left time: 15103.6585s
	iters: 2200, epoch: 1 | loss: 0.0881790
	speed: 0.0511s/iter; left time: 15102.3059s
	iters: 2300, epoch: 1 | loss: 0.1185326
	speed: 0.0512s/iter; left time: 15126.0910s
	iters: 2400, epoch: 1 | loss: 0.1131002
	speed: 0.0512s/iter; left time: 15106.4755s
	iters: 2500, epoch: 1 | loss: 0.0990771
	speed: 0.0518s/iter; left time: 15294.8079s
	iters: 2600, epoch: 1 | loss: 0.1159164
	speed: 0.0513s/iter; left time: 15124.0983s
	iters: 2700, epoch: 1 | loss: 0.0678088
	speed: 0.0512s/iter; left time: 15087.2356s
	iters: 2800, epoch: 1 | loss: 0.0800834
	speed: 0.0512s/iter; left time: 15089.8495s
	iters: 2900, epoch: 1 | loss: 0.1105686
	speed: 0.0511s/iter; left time: 15059.6435s
	iters: 3000, epoch: 1 | loss: 0.0975415
	speed: 0.0509s/iter; left time: 14990.3738s
	iters: 3100, epoch: 1 | loss: 0.1120295
	speed: 0.0514s/iter; left time: 15146.9174s
	iters: 3200, epoch: 1 | loss: 0.1008483
	speed: 0.0510s/iter; left time: 15017.8613s
	iters: 3300, epoch: 1 | loss: 0.1001046
	speed: 0.0510s/iter; left time: 15001.6891s
	iters: 3400, epoch: 1 | loss: 0.0487257
	speed: 0.0518s/iter; left time: 15237.0986s
	iters: 3500, epoch: 1 | loss: 0.1087925
	speed: 0.0512s/iter; left time: 15065.9131s
	iters: 3600, epoch: 1 | loss: 0.0752645
	speed: 0.0511s/iter; left time: 15029.2131s
	iters: 3700, epoch: 1 | loss: 0.0566259
	speed: 0.0511s/iter; left time: 15014.3410s
	iters: 3800, epoch: 1 | loss: 0.0661606
	speed: 0.0517s/iter; left time: 15177.8780s
	iters: 3900, epoch: 1 | loss: 0.0577847
	speed: 0.0513s/iter; left time: 15070.5614s
	iters: 4000, epoch: 1 | loss: 0.0839435
	speed: 0.0517s/iter; left time: 15167.5613s
	iters: 4100, epoch: 1 | loss: 0.0935515
	speed: 0.0518s/iter; left time: 15185.6701s
	iters: 4200, epoch: 1 | loss: 0.0493658
	speed: 0.0516s/iter; left time: 15144.8533s
	iters: 4300, epoch: 1 | loss: 0.0845151
	speed: 0.0514s/iter; left time: 15073.6502s
	iters: 4400, epoch: 1 | loss: 0.0649930
	speed: 0.0515s/iter; left time: 15098.8918s
	iters: 4500, epoch: 1 | loss: 0.0976946
	speed: 0.0517s/iter; left time: 15142.1568s
	iters: 4600, epoch: 1 | loss: 0.0718521
	speed: 0.0518s/iter; left time: 15160.9646s
	iters: 4700, epoch: 1 | loss: 0.0735884
	speed: 0.0517s/iter; left time: 15130.0149s
	iters: 4800, epoch: 1 | loss: 0.0776818
	speed: 0.0514s/iter; left time: 15031.2668s
	iters: 4900, epoch: 1 | loss: 0.0466366
	speed: 0.0517s/iter; left time: 15126.2148s
	iters: 5000, epoch: 1 | loss: 0.0690147
	speed: 0.0516s/iter; left time: 15092.1627s
	iters: 5100, epoch: 1 | loss: 0.0619992
	speed: 0.0511s/iter; left time: 14946.4460s
	iters: 5200, epoch: 1 | loss: 0.0573684
	speed: 0.0515s/iter; left time: 15057.2588s
	iters: 5300, epoch: 1 | loss: 0.0564392
	speed: 0.0512s/iter; left time: 14963.4747s
	iters: 5400, epoch: 1 | loss: 0.0456362
	speed: 0.0517s/iter; left time: 15103.8247s
	iters: 5500, epoch: 1 | loss: 0.0556163
	speed: 0.0512s/iter; left time: 14949.1295s
	iters: 5600, epoch: 1 | loss: 0.0531947
	speed: 0.0515s/iter; left time: 15038.5626s
	iters: 5700, epoch: 1 | loss: 0.0678865
	speed: 0.0517s/iter; left time: 15089.7233s
	iters: 5800, epoch: 1 | loss: 0.0688886
	speed: 0.0512s/iter; left time: 14934.7334s
	iters: 5900, epoch: 1 | loss: 0.0649015
	speed: 0.0516s/iter; left time: 15057.5103s
Epoch: 1 cost time: 306.0746555328369
Epoch: 1, Steps: 5950 | Train Loss: 0.1072042 Vali Loss: 1.0587571 Test Loss: 0.6255808
Validation loss decreased (inf --> 1.058757).  Saving model ...
Updating learning rate to 5e-05
	iters: 100, epoch: 2 | loss: 0.0474501
	speed: 0.6232s/iter; left time: 181630.7461s
	iters: 200, epoch: 2 | loss: 0.0758248
	speed: 0.0511s/iter; left time: 14898.9999s
	iters: 300, epoch: 2 | loss: 0.0458890
	speed: 0.0515s/iter; left time: 14988.8761s
	iters: 400, epoch: 2 | loss: 0.0482373
	speed: 0.0513s/iter; left time: 14950.3581s
	iters: 500, epoch: 2 | loss: 0.0522939
	speed: 0.0517s/iter; left time: 15044.0089s
	iters: 600, epoch: 2 | loss: 0.0564462
	speed: 0.0510s/iter; left time: 14834.9324s
	iters: 700, epoch: 2 | loss: 0.0360954
	speed: 0.0514s/iter; left time: 14939.1272s
	iters: 800, epoch: 2 | loss: 0.0764270
	speed: 0.0514s/iter; left time: 14958.9587s
	iters: 900, epoch: 2 | loss: 0.0492094
	speed: 0.0507s/iter; left time: 14741.2076s
	iters: 1000, epoch: 2 | loss: 0.0702081
	speed: 0.0512s/iter; left time: 14886.5353s
	iters: 1100, epoch: 2 | loss: 0.0413413
	speed: 0.0512s/iter; left time: 14873.0084s
	iters: 1200, epoch: 2 | loss: 0.0650525
	speed: 0.0510s/iter; left time: 14804.5343s
	iters: 1300, epoch: 2 | loss: 0.0380569
	speed: 0.0516s/iter; left time: 14976.1318s
	iters: 1400, epoch: 2 | loss: 0.0433620
	speed: 0.0514s/iter; left time: 14903.8763s
	iters: 1500, epoch: 2 | loss: 0.0383624
	speed: 0.0512s/iter; left time: 14846.9762s
	iters: 1600, epoch: 2 | loss: 0.0593926
	speed: 0.0513s/iter; left time: 14860.6697s
	iters: 1700, epoch: 2 | loss: 0.0550379
	speed: 0.0514s/iter; left time: 14898.8828s
	iters: 1800, epoch: 2 | loss: 0.0502550
	speed: 0.0512s/iter; left time: 14829.8100s
	iters: 1900, epoch: 2 | loss: 0.0504662
	speed: 0.0515s/iter; left time: 14922.6163s
	iters: 2000, epoch: 2 | loss: 0.0326030
	speed: 0.0519s/iter; left time: 15018.0661s
	iters: 2100, epoch: 2 | loss: 0.0482943
	speed: 0.0512s/iter; left time: 14829.8995s
	iters: 2200, epoch: 2 | loss: 0.0468863
	speed: 0.0512s/iter; left time: 14803.7206s
	iters: 2300, epoch: 2 | loss: 0.0432656
	speed: 0.0519s/iter; left time: 15022.2894s
	iters: 2400, epoch: 2 | loss: 0.0360998
	speed: 0.0512s/iter; left time: 14810.1590s
	iters: 2500, epoch: 2 | loss: 0.0386078
	speed: 0.0515s/iter; left time: 14895.6205s
	iters: 2600, epoch: 2 | loss: 0.0366366
	speed: 0.0514s/iter; left time: 14837.7806s
	iters: 2700, epoch: 2 | loss: 0.0537405
	speed: 0.0518s/iter; left time: 14959.2969s
	iters: 2800, epoch: 2 | loss: 0.0529864
	speed: 0.0513s/iter; left time: 14820.9786s
	iters: 2900, epoch: 2 | loss: 0.0516663
	speed: 0.0511s/iter; left time: 14752.0217s
	iters: 3000, epoch: 2 | loss: 0.0510370
	speed: 0.0516s/iter; left time: 14899.6785s
	iters: 3100, epoch: 2 | loss: 0.0294561
	speed: 0.0517s/iter; left time: 14905.7584s
	iters: 3200, epoch: 2 | loss: 0.0410169
	speed: 0.0510s/iter; left time: 14717.3480s
	iters: 3300, epoch: 2 | loss: 0.0330044
	speed: 0.0512s/iter; left time: 14767.5101s
	iters: 3400, epoch: 2 | loss: 0.0348305
	speed: 0.0518s/iter; left time: 14914.2406s
	iters: 3500, epoch: 2 | loss: 0.0446268
	speed: 0.0515s/iter; left time: 14835.7098s
	iters: 3600, epoch: 2 | loss: 0.0253200
	speed: 0.0513s/iter; left time: 14767.9885s
	iters: 3700, epoch: 2 | loss: 0.0294483
	speed: 0.0516s/iter; left time: 14851.6885s
	iters: 3800, epoch: 2 | loss: 0.0320037
	speed: 0.0517s/iter; left time: 14882.5337s
	iters: 3900, epoch: 2 | loss: 0.0439026
	speed: 0.0511s/iter; left time: 14698.0784s
	iters: 4000, epoch: 2 | loss: 0.0413441
	speed: 0.0513s/iter; left time: 14737.0244s
	iters: 4100, epoch: 2 | loss: 0.0236945
	speed: 0.0512s/iter; left time: 14722.8043s
	iters: 4200, epoch: 2 | loss: 0.0393292
	speed: 0.0511s/iter; left time: 14669.2974s
	iters: 4300, epoch: 2 | loss: 0.0267302
	speed: 0.0514s/iter; left time: 14754.8849s
	iters: 4400, epoch: 2 | loss: 0.0231555
	speed: 0.0515s/iter; left time: 14781.5764s
	iters: 4500, epoch: 2 | loss: 0.0322128
	speed: 0.0519s/iter; left time: 14900.3636s
	iters: 4600, epoch: 2 | loss: 0.0354991
	speed: 0.0517s/iter; left time: 14833.6743s
	iters: 4700, epoch: 2 | loss: 0.0415076
	speed: 0.0512s/iter; left time: 14677.8869s
	iters: 4800, epoch: 2 | loss: 0.0303259
	speed: 0.0513s/iter; left time: 14700.1796s
	iters: 4900, epoch: 2 | loss: 0.0420960
	speed: 0.0514s/iter; left time: 14737.7436s
	iters: 5000, epoch: 2 | loss: 0.0338938
	speed: 0.0513s/iter; left time: 14686.8045s
	iters: 5100, epoch: 2 | loss: 0.0401726
	speed: 0.0519s/iter; left time: 14859.4489s
	iters: 5200, epoch: 2 | loss: 0.0389204
	speed: 0.0515s/iter; left time: 14746.2077s
	iters: 5300, epoch: 2 | loss: 0.0339549
	speed: 0.0512s/iter; left time: 14652.2304s
	iters: 5400, epoch: 2 | loss: 0.0421671
	speed: 0.0515s/iter; left time: 14730.4054s
	iters: 5500, epoch: 2 | loss: 0.0268860
	speed: 0.0515s/iter; left time: 14736.4103s
	iters: 5600, epoch: 2 | loss: 0.0293317
	speed: 0.0527s/iter; left time: 15067.5437s
	iters: 5700, epoch: 2 | loss: 0.0305802
	speed: 0.0521s/iter; left time: 14899.1263s
	iters: 5800, epoch: 2 | loss: 0.0214234
	speed: 0.0514s/iter; left time: 14681.4518s
	iters: 5900, epoch: 2 | loss: 0.0309267
	speed: 0.0519s/iter; left time: 14819.7903s
Epoch: 2 cost time: 305.97369360923767
Epoch: 2, Steps: 5950 | Train Loss: 0.0428041 Vali Loss: 0.8181766 Test Loss: 0.4295707
Validation loss decreased (1.058757 --> 0.818177).  Saving model ...
Updating learning rate to 2.5e-05
	iters: 100, epoch: 3 | loss: 0.0320539
	speed: 0.6238s/iter; left time: 178102.4447s
	iters: 200, epoch: 3 | loss: 0.0149706
	speed: 0.0511s/iter; left time: 14571.8924s
	iters: 300, epoch: 3 | loss: 0.0301683
	speed: 0.0514s/iter; left time: 14663.1630s
	iters: 400, epoch: 3 | loss: 0.0378461
	speed: 0.0513s/iter; left time: 14634.8071s
	iters: 500, epoch: 3 | loss: 0.0235771
	speed: 0.0516s/iter; left time: 14700.8493s
	iters: 600, epoch: 3 | loss: 0.0325108
	speed: 0.0516s/iter; left time: 14714.9172s
	iters: 700, epoch: 3 | loss: 0.0381314
	speed: 0.0510s/iter; left time: 14538.1976s
	iters: 800, epoch: 3 | loss: 0.0272315
	speed: 0.0517s/iter; left time: 14735.2358s
	iters: 900, epoch: 3 | loss: 0.0184540
	speed: 0.0509s/iter; left time: 14477.2319s
	iters: 1000, epoch: 3 | loss: 0.0382711
	speed: 0.0511s/iter; left time: 14554.5096s
	iters: 1100, epoch: 3 | loss: 0.0258070
	speed: 0.0513s/iter; left time: 14601.4941s
	iters: 1200, epoch: 3 | loss: 0.0228879
	speed: 0.0515s/iter; left time: 14634.4391s
	iters: 1300, epoch: 3 | loss: 0.0359736
	speed: 0.0518s/iter; left time: 14731.3246s
	iters: 1400, epoch: 3 | loss: 0.0176086
	speed: 0.0513s/iter; left time: 14580.0557s
	iters: 1500, epoch: 3 | loss: 0.0200383
	speed: 0.0510s/iter; left time: 14481.9681s
	iters: 1600, epoch: 3 | loss: 0.0247735
	speed: 0.0516s/iter; left time: 14642.3248s
	iters: 1700, epoch: 3 | loss: 0.0257542
	speed: 0.0515s/iter; left time: 14610.1862s
	iters: 1800, epoch: 3 | loss: 0.0244015
	speed: 0.0513s/iter; left time: 14568.1411s
	iters: 1900, epoch: 3 | loss: 0.0174386
	speed: 0.0515s/iter; left time: 14605.2650s
	iters: 2000, epoch: 3 | loss: 0.0225993
	speed: 0.0513s/iter; left time: 14545.0094s
	iters: 2100, epoch: 3 | loss: 0.0244200
	speed: 0.0509s/iter; left time: 14434.8821s
	iters: 2200, epoch: 3 | loss: 0.0212697
	speed: 0.0512s/iter; left time: 14503.7585s
	iters: 2300, epoch: 3 | loss: 0.0220866
	speed: 0.0510s/iter; left time: 14446.1143s
	iters: 2400, epoch: 3 | loss: 0.0330006
	speed: 0.0510s/iter; left time: 14455.1181s
	iters: 2500, epoch: 3 | loss: 0.0325158
	speed: 0.0511s/iter; left time: 14467.7972s
	iters: 2600, epoch: 3 | loss: 0.0223735
	speed: 0.0513s/iter; left time: 14527.6616s
	iters: 2700, epoch: 3 | loss: 0.0262750
	speed: 0.0517s/iter; left time: 14638.0283s
	iters: 2800, epoch: 3 | loss: 0.0228103
	speed: 0.0516s/iter; left time: 14601.2560s
	iters: 2900, epoch: 3 | loss: 0.0233574
	speed: 0.0513s/iter; left time: 14503.3516s
	iters: 3000, epoch: 3 | loss: 0.0225686
	speed: 0.0519s/iter; left time: 14669.9358s
	iters: 3100, epoch: 3 | loss: 0.0262120
	speed: 0.0515s/iter; left time: 14538.8301s
	iters: 3200, epoch: 3 | loss: 0.0242707
	speed: 0.0510s/iter; left time: 14406.2299s
	iters: 3300, epoch: 3 | loss: 0.0283182
	speed: 0.0517s/iter; left time: 14607.2695s
	iters: 3400, epoch: 3 | loss: 0.0241059
	speed: 0.0518s/iter; left time: 14613.2390s
	iters: 3500, epoch: 3 | loss: 0.0211353
	speed: 0.0511s/iter; left time: 14411.6919s
	iters: 3600, epoch: 3 | loss: 0.0224237
	speed: 0.0513s/iter; left time: 14468.1106s
	iters: 3700, epoch: 3 | loss: 0.0198701
	speed: 0.0517s/iter; left time: 14584.9529s
	iters: 3800, epoch: 3 | loss: 0.0298456
	speed: 0.0511s/iter; left time: 14391.7239s
	iters: 3900, epoch: 3 | loss: 0.0261153
	speed: 0.0509s/iter; left time: 14336.0513s
	iters: 4000, epoch: 3 | loss: 0.0265211
	speed: 0.0513s/iter; left time: 14456.1917s
	iters: 4100, epoch: 3 | loss: 0.0216361
	speed: 0.0514s/iter; left time: 14461.9932s
	iters: 4200, epoch: 3 | loss: 0.0245224
	speed: 0.0510s/iter; left time: 14351.2307s
	iters: 4300, epoch: 3 | loss: 0.0212920
	speed: 0.0513s/iter; left time: 14439.4215s
	iters: 4400, epoch: 3 | loss: 0.0239819
	speed: 0.0515s/iter; left time: 14470.6736s
	iters: 4500, epoch: 3 | loss: 0.0194005
	speed: 0.0516s/iter; left time: 14499.1996s
	iters: 4600, epoch: 3 | loss: 0.0230175
	speed: 0.0512s/iter; left time: 14385.3154s
	iters: 4700, epoch: 3 | loss: 0.0261782
	speed: 0.0515s/iter; left time: 14457.6110s
	iters: 4800, epoch: 3 | loss: 0.0164694
	speed: 0.0513s/iter; left time: 14418.3320s
	iters: 4900, epoch: 3 | loss: 0.0281306
	speed: 0.0513s/iter; left time: 14392.6127s
	iters: 5000, epoch: 3 | loss: 0.0309075
	speed: 0.0511s/iter; left time: 14330.6533s
	iters: 5100, epoch: 3 | loss: 0.0232149
	speed: 0.0514s/iter; left time: 14407.4794s
	iters: 5200, epoch: 3 | loss: 0.0192058
	speed: 0.0510s/iter; left time: 14308.6135s
	iters: 5300, epoch: 3 | loss: 0.0289939
	speed: 0.0514s/iter; left time: 14407.8393s
	iters: 5400, epoch: 3 | loss: 0.0138482
	speed: 0.0513s/iter; left time: 14378.6152s
	iters: 5500, epoch: 3 | loss: 0.0257158
	speed: 0.0516s/iter; left time: 14463.9569s
	iters: 5600, epoch: 3 | loss: 0.0142650
	speed: 0.0513s/iter; left time: 14368.5604s
	iters: 5700, epoch: 3 | loss: 0.0149432
	speed: 0.0524s/iter; left time: 14680.5335s
	iters: 5800, epoch: 3 | loss: 0.0229826
	speed: 0.0528s/iter; left time: 14776.4106s
	iters: 5900, epoch: 3 | loss: 0.0294036
	speed: 0.0512s/iter; left time: 14323.8791s
Epoch: 3 cost time: 305.67365646362305
Epoch: 3, Steps: 5950 | Train Loss: 0.0243128 Vali Loss: 0.8639785 Test Loss: 0.4611034
EarlyStopping counter: 1 out of 10
Updating learning rate to 1.25e-05
	iters: 100, epoch: 4 | loss: 0.0117829
	speed: 0.6235s/iter; left time: 174311.8340s
	iters: 200, epoch: 4 | loss: 0.0197127
	speed: 0.0517s/iter; left time: 14448.4577s
	iters: 300, epoch: 4 | loss: 0.0218014
	speed: 0.0514s/iter; left time: 14360.7783s
	iters: 400, epoch: 4 | loss: 0.0227824
	speed: 0.0514s/iter; left time: 14358.8606s
	iters: 500, epoch: 4 | loss: 0.0212904
	speed: 0.0517s/iter; left time: 14418.8246s
	iters: 600, epoch: 4 | loss: 0.0172727
	speed: 0.0512s/iter; left time: 14281.5468s
	iters: 700, epoch: 4 | loss: 0.0191005
	speed: 0.0514s/iter; left time: 14348.5300s
	iters: 800, epoch: 4 | loss: 0.0194071
	speed: 0.0515s/iter; left time: 14353.4458s
	iters: 900, epoch: 4 | loss: 0.0170329
	speed: 0.0514s/iter; left time: 14335.1767s
	iters: 1000, epoch: 4 | loss: 0.0165141
	speed: 0.0516s/iter; left time: 14365.2682s
	iters: 1100, epoch: 4 | loss: 0.0152443
	speed: 0.0512s/iter; left time: 14267.5475s
	iters: 1200, epoch: 4 | loss: 0.0160694
	speed: 0.0512s/iter; left time: 14255.1188s
	iters: 1300, epoch: 4 | loss: 0.0121166
	speed: 0.0512s/iter; left time: 14256.0425s
	iters: 1400, epoch: 4 | loss: 0.0145262
	speed: 0.0513s/iter; left time: 14279.7344s
	iters: 1500, epoch: 4 | loss: 0.0204474
	speed: 0.0514s/iter; left time: 14297.8722s
	iters: 1600, epoch: 4 | loss: 0.0191619
	speed: 0.0517s/iter; left time: 14370.5381s
	iters: 1700, epoch: 4 | loss: 0.0218716
	speed: 0.0512s/iter; left time: 14224.7138s
	iters: 1800, epoch: 4 | loss: 0.0245185
	speed: 0.0512s/iter; left time: 14237.2987s
	iters: 1900, epoch: 4 | loss: 0.0199976
	speed: 0.0512s/iter; left time: 14208.6814s
	iters: 2000, epoch: 4 | loss: 0.0163607
	speed: 0.0509s/iter; left time: 14128.3798s
	iters: 2100, epoch: 4 | loss: 0.0225141
	speed: 0.0512s/iter; left time: 14210.7598s
	iters: 2200, epoch: 4 | loss: 0.0156092
	speed: 0.0519s/iter; left time: 14407.0364s
	iters: 2300, epoch: 4 | loss: 0.0203317
	speed: 0.0515s/iter; left time: 14282.9387s
	iters: 2400, epoch: 4 | loss: 0.0129260
	speed: 0.0511s/iter; left time: 14173.1980s
	iters: 2500, epoch: 4 | loss: 0.0197666
	speed: 0.0512s/iter; left time: 14180.6011s
	iters: 2600, epoch: 4 | loss: 0.0166866
	speed: 0.0512s/iter; left time: 14189.8540s
	iters: 2700, epoch: 4 | loss: 0.0154332
	speed: 0.0512s/iter; left time: 14182.9474s
	iters: 2800, epoch: 4 | loss: 0.0180949
	speed: 0.0513s/iter; left time: 14199.0850s
	iters: 2900, epoch: 4 | loss: 0.0219438
	speed: 0.0514s/iter; left time: 14223.7098s
	iters: 3000, epoch: 4 | loss: 0.0156318
	speed: 0.0516s/iter; left time: 14266.5981s
	iters: 3100, epoch: 4 | loss: 0.0236612
	speed: 0.0514s/iter; left time: 14208.3234s
	iters: 3200, epoch: 4 | loss: 0.0249229
	speed: 0.0515s/iter; left time: 14238.2220s
	iters: 3300, epoch: 4 | loss: 0.0148395
	speed: 0.0511s/iter; left time: 14112.0652s
	iters: 3400, epoch: 4 | loss: 0.0228489
	speed: 0.0515s/iter; left time: 14235.1531s
	iters: 3500, epoch: 4 | loss: 0.0137649
	speed: 0.0513s/iter; left time: 14162.2868s
	iters: 3600, epoch: 4 | loss: 0.0272369
	speed: 0.0512s/iter; left time: 14132.8013s
	iters: 3700, epoch: 4 | loss: 0.0182871
	speed: 0.0517s/iter; left time: 14268.3696s
	iters: 3800, epoch: 4 | loss: 0.0169455
	speed: 0.0512s/iter; left time: 14114.4304s
	iters: 3900, epoch: 4 | loss: 0.0176294
	speed: 0.0511s/iter; left time: 14092.5694s
	iters: 4000, epoch: 4 | loss: 0.0135242
	speed: 0.0517s/iter; left time: 14258.5511s
	iters: 4100, epoch: 4 | loss: 0.0234423
	speed: 0.0516s/iter; left time: 14218.1730s
	iters: 4200, epoch: 4 | loss: 0.0227856
	speed: 0.0514s/iter; left time: 14164.0009s
	iters: 4300, epoch: 4 | loss: 0.0145650
	speed: 0.0515s/iter; left time: 14176.9293s
	iters: 4400, epoch: 4 | loss: 0.0213319
	speed: 0.0512s/iter; left time: 14092.5818s
	iters: 4500, epoch: 4 | loss: 0.0155653
	speed: 0.0513s/iter; left time: 14104.0105s
	iters: 4600, epoch: 4 | loss: 0.0270477
	speed: 0.0515s/iter; left time: 14163.4788s
	iters: 4700, epoch: 4 | loss: 0.0170287
	speed: 0.0516s/iter; left time: 14174.5912s
	iters: 4800, epoch: 4 | loss: 0.0183032
	speed: 0.0516s/iter; left time: 14183.0733s
	iters: 4900, epoch: 4 | loss: 0.0119107
	speed: 0.0508s/iter; left time: 13957.9742s
	iters: 5000, epoch: 4 | loss: 0.0212382
	speed: 0.0517s/iter; left time: 14195.2150s
	iters: 5100, epoch: 4 | loss: 0.0212754
	speed: 0.0515s/iter; left time: 14136.0751s
	iters: 5200, epoch: 4 | loss: 0.0147631
	speed: 0.0514s/iter; left time: 14101.0313s
	iters: 5300, epoch: 4 | loss: 0.0187849
	speed: 0.0513s/iter; left time: 14070.1629s
	iters: 5400, epoch: 4 | loss: 0.0164841
	speed: 0.0517s/iter; left time: 14187.9533s
	iters: 5500, epoch: 4 | loss: 0.0167163
	speed: 0.0516s/iter; left time: 14135.0887s
	iters: 5600, epoch: 4 | loss: 0.0158802
	speed: 0.0510s/iter; left time: 13978.1427s
	iters: 5700, epoch: 4 | loss: 0.0190427
	speed: 0.0514s/iter; left time: 14073.5352s
	iters: 5800, epoch: 4 | loss: 0.0159115
	speed: 0.0514s/iter; left time: 14076.5881s
	iters: 5900, epoch: 4 | loss: 0.0176260
	speed: 0.0511s/iter; left time: 13983.1673s
Epoch: 4 cost time: 305.6489691734314
Epoch: 4, Steps: 5950 | Train Loss: 0.0190218 Vali Loss: 0.8841490 Test Loss: 0.4503802
EarlyStopping counter: 2 out of 10
Updating learning rate to 6.25e-06
	iters: 100, epoch: 5 | loss: 0.0143988
	speed: 0.6250s/iter; left time: 170994.9890s
	iters: 200, epoch: 5 | loss: 0.0130887
	speed: 0.0512s/iter; left time: 14015.6632s
	iters: 300, epoch: 5 | loss: 0.0210621
	speed: 0.0510s/iter; left time: 13937.8749s
	iters: 400, epoch: 5 | loss: 0.0167071
	speed: 0.0514s/iter; left time: 14048.4556s
	iters: 500, epoch: 5 | loss: 0.0161564
	speed: 0.0516s/iter; left time: 14084.5517s
	iters: 600, epoch: 5 | loss: 0.0199706
	speed: 0.0512s/iter; left time: 13981.8567s
	iters: 700, epoch: 5 | loss: 0.0162008
	speed: 0.0512s/iter; left time: 13987.4422s
	iters: 800, epoch: 5 | loss: 0.0140382
	speed: 0.0511s/iter; left time: 13952.0973s
	iters: 900, epoch: 5 | loss: 0.0114529
	speed: 0.0518s/iter; left time: 14127.0634s
	iters: 1000, epoch: 5 | loss: 0.0195595
	speed: 0.0518s/iter; left time: 14131.8558s
	iters: 1100, epoch: 5 | loss: 0.0178218
	speed: 0.0513s/iter; left time: 13976.0390s
	iters: 1200, epoch: 5 | loss: 0.0173125
	speed: 0.0517s/iter; left time: 14078.3623s
	iters: 1300, epoch: 5 | loss: 0.0172356
	speed: 0.0513s/iter; left time: 13976.8922s
	iters: 1400, epoch: 5 | loss: 0.0118300
	speed: 0.0513s/iter; left time: 13977.1464s
	iters: 1500, epoch: 5 | loss: 0.0117853
	speed: 0.0514s/iter; left time: 14003.4486s
	iters: 1600, epoch: 5 | loss: 0.0179938
	speed: 0.0513s/iter; left time: 13956.1594s
	iters: 1700, epoch: 5 | loss: 0.0140344
	speed: 0.0512s/iter; left time: 13929.1701s
	iters: 1800, epoch: 5 | loss: 0.0148554
	speed: 0.0513s/iter; left time: 13946.5561s
	iters: 1900, epoch: 5 | loss: 0.0142922
	speed: 0.0518s/iter; left time: 14066.6711s
	iters: 2000, epoch: 5 | loss: 0.0191575
	speed: 0.0515s/iter; left time: 13997.1220s
	iters: 2100, epoch: 5 | loss: 0.0193147
	speed: 0.0513s/iter; left time: 13937.8283s
	iters: 2200, epoch: 5 | loss: 0.0117601
	speed: 0.0515s/iter; left time: 13970.7965s
	iters: 2300, epoch: 5 | loss: 0.0208761
	speed: 0.0517s/iter; left time: 14031.0670s
	iters: 2400, epoch: 5 | loss: 0.0138554
	speed: 0.0510s/iter; left time: 13830.9840s
	iters: 2500, epoch: 5 | loss: 0.0245011
	speed: 0.0515s/iter; left time: 13963.8380s
	iters: 2600, epoch: 5 | loss: 0.0145834
	speed: 0.0512s/iter; left time: 13879.8700s
	iters: 2700, epoch: 5 | loss: 0.0194859
	speed: 0.0511s/iter; left time: 13841.6263s
	iters: 2800, epoch: 5 | loss: 0.0142876
	speed: 0.0517s/iter; left time: 13993.9877s
	iters: 2900, epoch: 5 | loss: 0.0151045
	speed: 0.0517s/iter; left time: 14012.5177s
	iters: 3000, epoch: 5 | loss: 0.0112726
	speed: 0.0514s/iter; left time: 13914.3583s
	iters: 3100, epoch: 5 | loss: 0.0197424
	speed: 0.0512s/iter; left time: 13862.8483s
	iters: 3200, epoch: 5 | loss: 0.0193756
	speed: 0.0513s/iter; left time: 13885.5564s
	iters: 3300, epoch: 5 | loss: 0.0178880
	speed: 0.0512s/iter; left time: 13841.8774s
	iters: 3400, epoch: 5 | loss: 0.0213594
	speed: 0.0515s/iter; left time: 13920.2730s
	iters: 3500, epoch: 5 | loss: 0.0181782
	speed: 0.0513s/iter; left time: 13848.9331s
	iters: 3600, epoch: 5 | loss: 0.0165205
	speed: 0.0516s/iter; left time: 13925.8522s
	iters: 3700, epoch: 5 | loss: 0.0156259
	speed: 0.0519s/iter; left time: 14006.9263s
	iters: 3800, epoch: 5 | loss: 0.0226294
	speed: 0.0510s/iter; left time: 13752.6484s
	iters: 3900, epoch: 5 | loss: 0.0129557
	speed: 0.0511s/iter; left time: 13797.4741s
	iters: 4000, epoch: 5 | loss: 0.0197738
	speed: 0.0518s/iter; left time: 13971.2238s
	iters: 4100, epoch: 5 | loss: 0.0156750
	speed: 0.0507s/iter; left time: 13668.3887s
	iters: 4200, epoch: 5 | loss: 0.0168088
	speed: 0.0510s/iter; left time: 13742.4008s
	iters: 4300, epoch: 5 | loss: 0.0137095
	speed: 0.0514s/iter; left time: 13848.6890s
	iters: 4400, epoch: 5 | loss: 0.0187228
	speed: 0.0515s/iter; left time: 13864.7391s
	iters: 4500, epoch: 5 | loss: 0.0223544
	speed: 0.0513s/iter; left time: 13798.1289s
	iters: 4600, epoch: 5 | loss: 0.0132435
	speed: 0.0513s/iter; left time: 13802.5148s
	iters: 4700, epoch: 5 | loss: 0.0138957
	speed: 0.0510s/iter; left time: 13710.0116s
	iters: 4800, epoch: 5 | loss: 0.0120163
	speed: 0.0514s/iter; left time: 13817.1784s
	iters: 4900, epoch: 5 | loss: 0.0198581
	speed: 0.0512s/iter; left time: 13772.8315s
	iters: 5000, epoch: 5 | loss: 0.0198539
	speed: 0.0514s/iter; left time: 13799.8246s
	iters: 5100, epoch: 5 | loss: 0.0200937
	speed: 0.0515s/iter; left time: 13838.6353s
	iters: 5200, epoch: 5 | loss: 0.0159652
	speed: 0.0511s/iter; left time: 13725.1156s
	iters: 5300, epoch: 5 | loss: 0.0110203
	speed: 0.0513s/iter; left time: 13781.9357s
	iters: 5400, epoch: 5 | loss: 0.0158130
	speed: 0.0519s/iter; left time: 13931.9698s
	iters: 5500, epoch: 5 | loss: 0.0146054
	speed: 0.0512s/iter; left time: 13723.0142s
	iters: 5600, epoch: 5 | loss: 0.0101716
	speed: 0.0512s/iter; left time: 13723.5877s
	iters: 5700, epoch: 5 | loss: 0.0166974
	speed: 0.0514s/iter; left time: 13776.4197s
	iters: 5800, epoch: 5 | loss: 0.0167421
	speed: 0.0515s/iter; left time: 13790.1057s
	iters: 5900, epoch: 5 | loss: 0.0131675
	speed: 0.0512s/iter; left time: 13709.2413s
Epoch: 5 cost time: 305.57918787002563
Epoch: 5, Steps: 5950 | Train Loss: 0.0168139 Vali Loss: 0.8909221 Test Loss: 0.4494033
EarlyStopping counter: 3 out of 10
Updating learning rate to 3.125e-06
	iters: 100, epoch: 6 | loss: 0.0163611
	speed: 0.6244s/iter; left time: 167121.5494s
	iters: 200, epoch: 6 | loss: 0.0150846
	speed: 0.0516s/iter; left time: 13806.8024s
	iters: 300, epoch: 6 | loss: 0.0175387
	speed: 0.0511s/iter; left time: 13655.1833s
	iters: 400, epoch: 6 | loss: 0.0109417
	speed: 0.0510s/iter; left time: 13630.9571s
	iters: 500, epoch: 6 | loss: 0.0140892
	speed: 0.0511s/iter; left time: 13668.6424s
	iters: 600, epoch: 6 | loss: 0.0119399
	speed: 0.0514s/iter; left time: 13718.8771s
	iters: 700, epoch: 6 | loss: 0.0157890
	speed: 0.0516s/iter; left time: 13773.4935s
	iters: 800, epoch: 6 | loss: 0.0178323
	speed: 0.0512s/iter; left time: 13661.8973s
	iters: 900, epoch: 6 | loss: 0.0129329
	speed: 0.0510s/iter; left time: 13601.8838s
	iters: 1000, epoch: 6 | loss: 0.0129916
	speed: 0.0512s/iter; left time: 13651.6803s
	iters: 1100, epoch: 6 | loss: 0.0187030
	speed: 0.0512s/iter; left time: 13657.5183s
	iters: 1200, epoch: 6 | loss: 0.0236359
	speed: 0.0513s/iter; left time: 13661.6361s
	iters: 1300, epoch: 6 | loss: 0.0136786
	speed: 0.0515s/iter; left time: 13724.8720s
	iters: 1400, epoch: 6 | loss: 0.0149601
	speed: 0.0517s/iter; left time: 13773.1207s
	iters: 1500, epoch: 6 | loss: 0.0145981
	speed: 0.0520s/iter; left time: 13848.5803s
	iters: 1600, epoch: 6 | loss: 0.0142629
	speed: 0.0512s/iter; left time: 13624.8895s
	iters: 1700, epoch: 6 | loss: 0.0135780
	speed: 0.0513s/iter; left time: 13641.7722s
	iters: 1800, epoch: 6 | loss: 0.0108139
	speed: 0.0512s/iter; left time: 13618.2216s
	iters: 1900, epoch: 6 | loss: 0.0126770
	speed: 0.0513s/iter; left time: 13647.9811s
	iters: 2000, epoch: 6 | loss: 0.0169097
	speed: 0.0513s/iter; left time: 13624.4008s
	iters: 2100, epoch: 6 | loss: 0.0133005
	speed: 0.0512s/iter; left time: 13614.5320s
	iters: 2200, epoch: 6 | loss: 0.0162830
	speed: 0.0514s/iter; left time: 13644.1833s
	iters: 2300, epoch: 6 | loss: 0.0129475
	speed: 0.0513s/iter; left time: 13625.4034s
	iters: 2400, epoch: 6 | loss: 0.0131690
	speed: 0.0510s/iter; left time: 13537.4678s
	iters: 2500, epoch: 6 | loss: 0.0142020
	speed: 0.0516s/iter; left time: 13696.6530s
	iters: 2600, epoch: 6 | loss: 0.0173286
	speed: 0.0514s/iter; left time: 13623.4451s
	iters: 2700, epoch: 6 | loss: 0.0182901
	speed: 0.0514s/iter; left time: 13634.8688s
	iters: 2800, epoch: 6 | loss: 0.0188765
	speed: 0.0515s/iter; left time: 13635.1546s
	iters: 2900, epoch: 6 | loss: 0.0169281
	speed: 0.0512s/iter; left time: 13552.9898s
	iters: 3000, epoch: 6 | loss: 0.0181714
	speed: 0.0509s/iter; left time: 13485.7881s
	iters: 3100, epoch: 6 | loss: 0.0133322
	speed: 0.0511s/iter; left time: 13536.2172s
	iters: 3200, epoch: 6 | loss: 0.0178720
	speed: 0.0513s/iter; left time: 13576.7289s
	iters: 3300, epoch: 6 | loss: 0.0097849
	speed: 0.0514s/iter; left time: 13592.7243s
	iters: 3400, epoch: 6 | loss: 0.0131726
	speed: 0.0512s/iter; left time: 13538.0174s
	iters: 3500, epoch: 6 | loss: 0.0141609
	speed: 0.0517s/iter; left time: 13654.4522s
	iters: 3600, epoch: 6 | loss: 0.0166251
	speed: 0.0519s/iter; left time: 13701.6661s
	iters: 3700, epoch: 6 | loss: 0.0101284
	speed: 0.0517s/iter; left time: 13657.6241s
	iters: 3800, epoch: 6 | loss: 0.0136892
	speed: 0.0512s/iter; left time: 13503.2295s
	iters: 3900, epoch: 6 | loss: 0.0141572
	speed: 0.0512s/iter; left time: 13515.6409s
	iters: 4000, epoch: 6 | loss: 0.0161963
	speed: 0.0512s/iter; left time: 13510.0946s
	iters: 4100, epoch: 6 | loss: 0.0143267
	speed: 0.0510s/iter; left time: 13443.1854s
	iters: 4200, epoch: 6 | loss: 0.0203421
	speed: 0.0514s/iter; left time: 13554.7230s
	iters: 4300, epoch: 6 | loss: 0.0178175
	speed: 0.0516s/iter; left time: 13583.3781s
	iters: 4400, epoch: 6 | loss: 0.0191028
	speed: 0.0509s/iter; left time: 13407.2800s
	iters: 4500, epoch: 6 | loss: 0.0138762
	speed: 0.0516s/iter; left time: 13571.6955s
	iters: 4600, epoch: 6 | loss: 0.0120941
	speed: 0.0514s/iter; left time: 13536.2718s
	iters: 4700, epoch: 6 | loss: 0.0198394
	speed: 0.0515s/iter; left time: 13559.8638s
	iters: 4800, epoch: 6 | loss: 0.0233055
	speed: 0.0515s/iter; left time: 13543.5008s
	iters: 4900, epoch: 6 | loss: 0.0181515
	speed: 0.0516s/iter; left time: 13573.5994s
	iters: 5000, epoch: 6 | loss: 0.0132541
	speed: 0.0514s/iter; left time: 13492.4743s
	iters: 5100, epoch: 6 | loss: 0.0129717
	speed: 0.0517s/iter; left time: 13584.5813s
	iters: 5200, epoch: 6 | loss: 0.0163888
	speed: 0.0512s/iter; left time: 13443.0197s
	iters: 5300, epoch: 6 | loss: 0.0172999
	speed: 0.0506s/iter; left time: 13268.2855s
	iters: 5400, epoch: 6 | loss: 0.0132509
	speed: 0.0509s/iter; left time: 13342.4525s
	iters: 5500, epoch: 6 | loss: 0.0115574
	speed: 0.0514s/iter; left time: 13481.6012s
	iters: 5600, epoch: 6 | loss: 0.0177464
	speed: 0.0491s/iter; left time: 12883.5715s
	iters: 5700, epoch: 6 | loss: 0.0240236
	speed: 0.0510s/iter; left time: 13352.5869s
	iters: 5800, epoch: 6 | loss: 0.0086514
	speed: 0.0506s/iter; left time: 13242.6294s
	iters: 5900, epoch: 6 | loss: 0.0160606
	speed: 0.0514s/iter; left time: 13461.1007s
Epoch: 6 cost time: 304.95162057876587
Epoch: 6, Steps: 5950 | Train Loss: 0.0158776 Vali Loss: 0.9098308 Test Loss: 0.4661367
EarlyStopping counter: 4 out of 10
Updating learning rate to 1.5625e-06
	iters: 100, epoch: 7 | loss: 0.0198302
	speed: 0.5902s/iter; left time: 154444.0222s
	iters: 200, epoch: 7 | loss: 0.0196636
	speed: 0.0494s/iter; left time: 12932.0316s
	iters: 300, epoch: 7 | loss: 0.0139659
	speed: 0.0488s/iter; left time: 12749.5585s
	iters: 400, epoch: 7 | loss: 0.0121211
	speed: 0.0490s/iter; left time: 12818.5100s
	iters: 500, epoch: 7 | loss: 0.0174918
	speed: 0.0491s/iter; left time: 12826.2467s
	iters: 600, epoch: 7 | loss: 0.0128135
	speed: 0.0490s/iter; left time: 12791.2803s
	iters: 700, epoch: 7 | loss: 0.0163244
	speed: 0.0486s/iter; left time: 12695.0474s
	iters: 800, epoch: 7 | loss: 0.0147086
	speed: 0.0488s/iter; left time: 12742.1210s
	iters: 900, epoch: 7 | loss: 0.0157584
	speed: 0.0489s/iter; left time: 12755.8634s
	iters: 1000, epoch: 7 | loss: 0.0111903
	speed: 0.0487s/iter; left time: 12702.7351s
	iters: 1100, epoch: 7 | loss: 0.0163549
	speed: 0.0486s/iter; left time: 12677.1143s
	iters: 1200, epoch: 7 | loss: 0.0129243
	speed: 0.0484s/iter; left time: 12614.7086s
	iters: 1300, epoch: 7 | loss: 0.0166752
	speed: 0.0489s/iter; left time: 12743.7399s
	iters: 1400, epoch: 7 | loss: 0.0150638
	speed: 0.0489s/iter; left time: 12736.1472s
	iters: 1500, epoch: 7 | loss: 0.0175748
	speed: 0.0484s/iter; left time: 12590.8118s
	iters: 1600, epoch: 7 | loss: 0.0151618
	speed: 0.0489s/iter; left time: 12715.0330s
	iters: 1700, epoch: 7 | loss: 0.0186080
	speed: 0.0488s/iter; left time: 12698.0662s
	iters: 1800, epoch: 7 | loss: 0.0184000
	speed: 0.0493s/iter; left time: 12822.0478s
	iters: 1900, epoch: 7 | loss: 0.0113969
	speed: 0.0484s/iter; left time: 12579.3594s
	iters: 2000, epoch: 7 | loss: 0.0099340
	speed: 0.0487s/iter; left time: 12665.2808s
	iters: 2100, epoch: 7 | loss: 0.0111653
	speed: 0.0490s/iter; left time: 12728.8569s
	iters: 2200, epoch: 7 | loss: 0.0152040
	speed: 0.0490s/iter; left time: 12715.4872s
	iters: 2300, epoch: 7 | loss: 0.0127502
	speed: 0.0486s/iter; left time: 12617.5214s
	iters: 2400, epoch: 7 | loss: 0.0164383
	speed: 0.0492s/iter; left time: 12756.8284s
	iters: 2500, epoch: 7 | loss: 0.0138370
	speed: 0.0488s/iter; left time: 12655.6894s
	iters: 2600, epoch: 7 | loss: 0.0298588
	speed: 0.0492s/iter; left time: 12743.4889s
	iters: 2700, epoch: 7 | loss: 0.0144700
	speed: 0.0486s/iter; left time: 12594.7126s
	iters: 2800, epoch: 7 | loss: 0.0116748
	speed: 0.0491s/iter; left time: 12728.2435s
	iters: 2900, epoch: 7 | loss: 0.0177094
	speed: 0.0493s/iter; left time: 12759.9794s
	iters: 3000, epoch: 7 | loss: 0.0103703
	speed: 0.0477s/iter; left time: 12344.3825s
	iters: 3100, epoch: 7 | loss: 0.0115776
	speed: 0.0476s/iter; left time: 12310.8307s
	iters: 3200, epoch: 7 | loss: 0.0145064
	speed: 0.0477s/iter; left time: 12334.6560s
	iters: 3300, epoch: 7 | loss: 0.0154819
	speed: 0.0478s/iter; left time: 12350.7109s
	iters: 3400, epoch: 7 | loss: 0.0152979
	speed: 0.0474s/iter; left time: 12246.6722s
	iters: 3500, epoch: 7 | loss: 0.0098430
	speed: 0.0478s/iter; left time: 12348.0545s
	iters: 3600, epoch: 7 | loss: 0.0126279
	speed: 0.0484s/iter; left time: 12493.7837s
	iters: 3700, epoch: 7 | loss: 0.0130367
	speed: 0.0476s/iter; left time: 12280.9161s
	iters: 3800, epoch: 7 | loss: 0.0186686
	speed: 0.0475s/iter; left time: 12244.9810s
	iters: 3900, epoch: 7 | loss: 0.0139581
	speed: 0.0482s/iter; left time: 12441.8461s
	iters: 4000, epoch: 7 | loss: 0.0163869
	speed: 0.0473s/iter; left time: 12202.2709s
	iters: 4100, epoch: 7 | loss: 0.0106153
	speed: 0.0483s/iter; left time: 12451.4113s
	iters: 4200, epoch: 7 | loss: 0.0186809
	speed: 0.0472s/iter; left time: 12170.4758s
	iters: 4300, epoch: 7 | loss: 0.0157393
	speed: 0.0482s/iter; left time: 12417.1084s
	iters: 4400, epoch: 7 | loss: 0.0165190
	speed: 0.0475s/iter; left time: 12225.5110s
	iters: 4500, epoch: 7 | loss: 0.0257163
	speed: 0.0474s/iter; left time: 12188.3692s
	iters: 4600, epoch: 7 | loss: 0.0117643
	speed: 0.0478s/iter; left time: 12282.7700s
	iters: 4700, epoch: 7 | loss: 0.0138103
	speed: 0.0477s/iter; left time: 12267.5445s
	iters: 4800, epoch: 7 | loss: 0.0206159
	speed: 0.0485s/iter; left time: 12470.9992s
	iters: 4900, epoch: 7 | loss: 0.0179781
	speed: 0.0476s/iter; left time: 12231.8324s
	iters: 5000, epoch: 7 | loss: 0.0222347
	speed: 0.0474s/iter; left time: 12171.4754s
	iters: 5100, epoch: 7 | loss: 0.0105590
	speed: 0.0475s/iter; left time: 12192.1787s
	iters: 5200, epoch: 7 | loss: 0.0142415
	speed: 0.0479s/iter; left time: 12282.2044s
	iters: 5300, epoch: 7 | loss: 0.0162303
	speed: 0.0473s/iter; left time: 12124.0507s
	iters: 5400, epoch: 7 | loss: 0.0119623
	speed: 0.0480s/iter; left time: 12313.6568s
	iters: 5500, epoch: 7 | loss: 0.0142381
	speed: 0.0477s/iter; left time: 12230.6668s
	iters: 5600, epoch: 7 | loss: 0.0105307
	speed: 0.0477s/iter; left time: 12226.6412s
	iters: 5700, epoch: 7 | loss: 0.0121320
	speed: 0.0476s/iter; left time: 12198.2195s
	iters: 5800, epoch: 7 | loss: 0.0138175
	speed: 0.0478s/iter; left time: 12226.6640s
	iters: 5900, epoch: 7 | loss: 0.0214444
	speed: 0.0473s/iter; left time: 12102.1668s
Epoch: 7 cost time: 287.23584175109863
Epoch: 7, Steps: 5950 | Train Loss: 0.0153864 Vali Loss: 0.9210564 Test Loss: 0.4716646
EarlyStopping counter: 5 out of 10
Updating learning rate to 7.8125e-07
	iters: 100, epoch: 8 | loss: 0.0150138
	speed: 0.5784s/iter; left time: 147928.1526s
	iters: 200, epoch: 8 | loss: 0.0191631
	speed: 0.0481s/iter; left time: 12285.3095s
	iters: 300, epoch: 8 | loss: 0.0165387
	speed: 0.0476s/iter; left time: 12175.3939s
	iters: 400, epoch: 8 | loss: 0.0143106
	speed: 0.0477s/iter; left time: 12194.3152s
	iters: 500, epoch: 8 | loss: 0.0169789
	speed: 0.0475s/iter; left time: 12117.7373s
	iters: 600, epoch: 8 | loss: 0.0168447
	speed: 0.0481s/iter; left time: 12278.6051s
	iters: 700, epoch: 8 | loss: 0.0162947
	speed: 0.0480s/iter; left time: 12245.4801s
	iters: 800, epoch: 8 | loss: 0.0096275
	speed: 0.0473s/iter; left time: 12055.8418s
	iters: 900, epoch: 8 | loss: 0.0201180
	speed: 0.0479s/iter; left time: 12216.0929s
	iters: 1000, epoch: 8 | loss: 0.0171241
	speed: 0.0496s/iter; left time: 12628.7959s
	iters: 1100, epoch: 8 | loss: 0.0126817
	speed: 0.0502s/iter; left time: 12792.4153s
	iters: 1200, epoch: 8 | loss: 0.0099504
	speed: 0.0502s/iter; left time: 12789.6930s
	iters: 1300, epoch: 8 | loss: 0.0137859
	speed: 0.0505s/iter; left time: 12867.3760s
	iters: 1400, epoch: 8 | loss: 0.0211936
	speed: 0.0503s/iter; left time: 12792.2993s
	iters: 1500, epoch: 8 | loss: 0.0137516
	speed: 0.0505s/iter; left time: 12852.9242s
	iters: 1600, epoch: 8 | loss: 0.0129744
	speed: 0.0505s/iter; left time: 12841.2042s
	iters: 1700, epoch: 8 | loss: 0.0114802
	speed: 0.0504s/iter; left time: 12814.6274s
	iters: 1800, epoch: 8 | loss: 0.0154424
	speed: 0.0507s/iter; left time: 12886.3566s
	iters: 1900, epoch: 8 | loss: 0.0100766
	speed: 0.0509s/iter; left time: 12927.4317s
	iters: 2000, epoch: 8 | loss: 0.0169501
	speed: 0.0501s/iter; left time: 12705.9661s
	iters: 2100, epoch: 8 | loss: 0.0225649
	speed: 0.0504s/iter; left time: 12781.3972s
	iters: 2200, epoch: 8 | loss: 0.0073247
	speed: 0.0504s/iter; left time: 12781.9965s
	iters: 2300, epoch: 8 | loss: 0.0077147
	speed: 0.0504s/iter; left time: 12768.5147s
	iters: 2400, epoch: 8 | loss: 0.0212098
	speed: 0.0502s/iter; left time: 12724.7339s
	iters: 2500, epoch: 8 | loss: 0.0162820
	speed: 0.0508s/iter; left time: 12870.6794s
	iters: 2600, epoch: 8 | loss: 0.0203273
	speed: 0.0499s/iter; left time: 12642.2570s
	iters: 2700, epoch: 8 | loss: 0.0197639
	speed: 0.0502s/iter; left time: 12712.0423s
	iters: 2800, epoch: 8 | loss: 0.0172296
	speed: 0.0509s/iter; left time: 12869.9294s
	iters: 2900, epoch: 8 | loss: 0.0124775
	speed: 0.0505s/iter; left time: 12783.2742s
	iters: 3000, epoch: 8 | loss: 0.0197134
	speed: 0.0502s/iter; left time: 12687.3383s
	iters: 3100, epoch: 8 | loss: 0.0121286
	speed: 0.0504s/iter; left time: 12745.6074s
	iters: 3200, epoch: 8 | loss: 0.0158622
	speed: 0.0502s/iter; left time: 12691.7247s
	iters: 3300, epoch: 8 | loss: 0.0107966
	speed: 0.0509s/iter; left time: 12852.5227s
	iters: 3400, epoch: 8 | loss: 0.0181011
	speed: 0.0502s/iter; left time: 12684.3906s
	iters: 3500, epoch: 8 | loss: 0.0196703
	speed: 0.0504s/iter; left time: 12721.4799s
	iters: 3600, epoch: 8 | loss: 0.0103348
	speed: 0.0502s/iter; left time: 12667.4993s
	iters: 3700, epoch: 8 | loss: 0.0157536
	speed: 0.0506s/iter; left time: 12769.4891s
	iters: 3800, epoch: 8 | loss: 0.0139059
	speed: 0.0505s/iter; left time: 12738.7667s
	iters: 3900, epoch: 8 | loss: 0.0171397
	speed: 0.0510s/iter; left time: 12846.3068s
	iters: 4000, epoch: 8 | loss: 0.0212009
	speed: 0.0504s/iter; left time: 12691.2301s
	iters: 4100, epoch: 8 | loss: 0.0153115
	speed: 0.0500s/iter; left time: 12579.1301s
	iters: 4200, epoch: 8 | loss: 0.0201520
	speed: 0.0506s/iter; left time: 12737.9965s
	iters: 4300, epoch: 8 | loss: 0.0156174
	speed: 0.0511s/iter; left time: 12853.2279s
	iters: 4400, epoch: 8 | loss: 0.0134221
	speed: 0.0503s/iter; left time: 12655.8999s
	iters: 4500, epoch: 8 | loss: 0.0094742
	speed: 0.0503s/iter; left time: 12630.6780s
	iters: 4600, epoch: 8 | loss: 0.0151506
	speed: 0.0506s/iter; left time: 12709.8596s
	iters: 4700, epoch: 8 | loss: 0.0259312
	speed: 0.0505s/iter; left time: 12681.5260s
	iters: 4800, epoch: 8 | loss: 0.0204729
	speed: 0.0504s/iter; left time: 12649.1456s
	iters: 4900, epoch: 8 | loss: 0.0129104
	speed: 0.0507s/iter; left time: 12725.9600s
	iters: 5000, epoch: 8 | loss: 0.0139599
	speed: 0.0505s/iter; left time: 12672.2522s
	iters: 5100, epoch: 8 | loss: 0.0141690
	speed: 0.0506s/iter; left time: 12689.5453s
	iters: 5200, epoch: 8 | loss: 0.0143214
	speed: 0.0504s/iter; left time: 12640.4034s
	iters: 5300, epoch: 8 | loss: 0.0160048
	speed: 0.0506s/iter; left time: 12679.1050s
	iters: 5400, epoch: 8 | loss: 0.0169548
	speed: 0.0503s/iter; left time: 12585.2615s
	iters: 5500, epoch: 8 | loss: 0.0241931
	speed: 0.0502s/iter; left time: 12559.4691s
	iters: 5600, epoch: 8 | loss: 0.0159788
	speed: 0.0506s/iter; left time: 12661.0281s
	iters: 5700, epoch: 8 | loss: 0.0127067
	speed: 0.0510s/iter; left time: 12764.5827s
	iters: 5800, epoch: 8 | loss: 0.0105619
	speed: 0.0506s/iter; left time: 12661.7352s
	iters: 5900, epoch: 8 | loss: 0.0126875
	speed: 0.0503s/iter; left time: 12572.3088s
Epoch: 8 cost time: 297.76198840141296
Epoch: 8, Steps: 5950 | Train Loss: 0.0151655 Vali Loss: 0.9138626 Test Loss: 0.4689326
EarlyStopping counter: 6 out of 10
Updating learning rate to 3.90625e-07
	iters: 100, epoch: 9 | loss: 0.0082041
	speed: 0.6149s/iter; left time: 153591.4423s
	iters: 200, epoch: 9 | loss: 0.0140915
	speed: 0.0504s/iter; left time: 12588.9506s
	iters: 300, epoch: 9 | loss: 0.0136073
	speed: 0.0499s/iter; left time: 12446.0754s
	iters: 400, epoch: 9 | loss: 0.0152995
	speed: 0.0503s/iter; left time: 12555.6662s
	iters: 500, epoch: 9 | loss: 0.0132287
	speed: 0.0509s/iter; left time: 12700.4741s
	iters: 600, epoch: 9 | loss: 0.0140634
	speed: 0.0508s/iter; left time: 12656.1723s
	iters: 700, epoch: 9 | loss: 0.0152275
	speed: 0.0501s/iter; left time: 12480.5027s
	iters: 800, epoch: 9 | loss: 0.0161824
	speed: 0.0511s/iter; left time: 12733.5329s
	iters: 900, epoch: 9 | loss: 0.0194725
	speed: 0.0501s/iter; left time: 12478.1725s
	iters: 1000, epoch: 9 | loss: 0.0126581
	speed: 0.0503s/iter; left time: 12518.8734s
	iters: 1100, epoch: 9 | loss: 0.0148088
	speed: 0.0505s/iter; left time: 12562.2206s
	iters: 1200, epoch: 9 | loss: 0.0161635
	speed: 0.0506s/iter; left time: 12585.0591s
	iters: 1300, epoch: 9 | loss: 0.0221038
	speed: 0.0502s/iter; left time: 12472.4182s
	iters: 1400, epoch: 9 | loss: 0.0172442
	speed: 0.0506s/iter; left time: 12568.4467s
	iters: 1500, epoch: 9 | loss: 0.0124933
	speed: 0.0503s/iter; left time: 12505.3625s
	iters: 1600, epoch: 9 | loss: 0.0220926
	speed: 0.0504s/iter; left time: 12508.3864s
	iters: 1700, epoch: 9 | loss: 0.0095725
	speed: 0.0504s/iter; left time: 12516.0604s
	iters: 1800, epoch: 9 | loss: 0.0132594
	speed: 0.0505s/iter; left time: 12534.5400s
	iters: 1900, epoch: 9 | loss: 0.0128312
	speed: 0.0505s/iter; left time: 12520.8173s
	iters: 2000, epoch: 9 | loss: 0.0102308
	speed: 0.0506s/iter; left time: 12552.6614s
	iters: 2100, epoch: 9 | loss: 0.0164728
	speed: 0.0500s/iter; left time: 12388.0525s
	iters: 2200, epoch: 9 | loss: 0.0237777
	speed: 0.0504s/iter; left time: 12494.6435s
	iters: 2300, epoch: 9 | loss: 0.0198675
	speed: 0.0505s/iter; left time: 12513.4196s
	iters: 2400, epoch: 9 | loss: 0.0187580
	speed: 0.0501s/iter; left time: 12411.5057s
	iters: 2500, epoch: 9 | loss: 0.0134712
	speed: 0.0504s/iter; left time: 12478.8732s
	iters: 2600, epoch: 9 | loss: 0.0116269
	speed: 0.0506s/iter; left time: 12513.2088s
	iters: 2700, epoch: 9 | loss: 0.0087184
	speed: 0.0504s/iter; left time: 12448.6658s
	iters: 2800, epoch: 9 | loss: 0.0133178
	speed: 0.0506s/iter; left time: 12512.7914s
	iters: 2900, epoch: 9 | loss: 0.0160267
	speed: 0.0504s/iter; left time: 12440.5598s
	iters: 3000, epoch: 9 | loss: 0.0105490
	speed: 0.0506s/iter; left time: 12495.3614s
	iters: 3100, epoch: 9 | loss: 0.0196781
	speed: 0.0506s/iter; left time: 12493.2526s
	iters: 3200, epoch: 9 | loss: 0.0160212
	speed: 0.0507s/iter; left time: 12517.4579s
	iters: 3300, epoch: 9 | loss: 0.0139526
	speed: 0.0506s/iter; left time: 12475.2554s
	iters: 3400, epoch: 9 | loss: 0.0197093
	speed: 0.0502s/iter; left time: 12379.6853s
	iters: 3500, epoch: 9 | loss: 0.0243161
	speed: 0.0503s/iter; left time: 12392.4140s
	iters: 3600, epoch: 9 | loss: 0.0180058
	speed: 0.0504s/iter; left time: 12423.9084s
	iters: 3700, epoch: 9 | loss: 0.0137202
	speed: 0.0504s/iter; left time: 12417.9133s
	iters: 3800, epoch: 9 | loss: 0.0169141
	speed: 0.0504s/iter; left time: 12403.6646s
	iters: 3900, epoch: 9 | loss: 0.0163942
	speed: 0.0505s/iter; left time: 12420.1090s
	iters: 4000, epoch: 9 | loss: 0.0177903
	speed: 0.0506s/iter; left time: 12433.1978s
	iters: 4100, epoch: 9 | loss: 0.0162976
	speed: 0.0507s/iter; left time: 12467.3462s
	iters: 4200, epoch: 9 | loss: 0.0174264
	speed: 0.0505s/iter; left time: 12419.8219s
	iters: 4300, epoch: 9 | loss: 0.0116633
	speed: 0.0506s/iter; left time: 12424.5916s
	iters: 4400, epoch: 9 | loss: 0.0141261
	speed: 0.0509s/iter; left time: 12506.3140s
	iters: 4500, epoch: 9 | loss: 0.0108005
	speed: 0.0505s/iter; left time: 12400.9983s
	iters: 4600, epoch: 9 | loss: 0.0122751
	speed: 0.0505s/iter; left time: 12379.2126s
	iters: 4700, epoch: 9 | loss: 0.0104744
	speed: 0.0506s/iter; left time: 12412.9522s
	iters: 4800, epoch: 9 | loss: 0.0163156
	speed: 0.0506s/iter; left time: 12413.0253s
	iters: 4900, epoch: 9 | loss: 0.0135997
	speed: 0.0501s/iter; left time: 12278.0805s
	iters: 5000, epoch: 9 | loss: 0.0144430
	speed: 0.0504s/iter; left time: 12347.5734s
	iters: 5100, epoch: 9 | loss: 0.0111494
	speed: 0.0502s/iter; left time: 12289.8915s
	iters: 5200, epoch: 9 | loss: 0.0185422
	speed: 0.0507s/iter; left time: 12414.9984s
	iters: 5300, epoch: 9 | loss: 0.0150124
	speed: 0.0507s/iter; left time: 12394.7944s
	iters: 5400, epoch: 9 | loss: 0.0176280
	speed: 0.0509s/iter; left time: 12441.0528s
	iters: 5500, epoch: 9 | loss: 0.0155770
	speed: 0.0505s/iter; left time: 12341.1980s
	iters: 5600, epoch: 9 | loss: 0.0192012
	speed: 0.0504s/iter; left time: 12311.1726s
	iters: 5700, epoch: 9 | loss: 0.0204529
	speed: 0.0503s/iter; left time: 12287.5331s
	iters: 5800, epoch: 9 | loss: 0.0193450
	speed: 0.0508s/iter; left time: 12411.2579s
	iters: 5900, epoch: 9 | loss: 0.0107200
	speed: 0.0505s/iter; left time: 12321.6845s
Epoch: 9 cost time: 300.3615872859955
Epoch: 9, Steps: 5950 | Train Loss: 0.0150478 Vali Loss: 0.9230641 Test Loss: 0.4727326
EarlyStopping counter: 7 out of 10
Updating learning rate to 1.953125e-07
	iters: 100, epoch: 10 | loss: 0.0178129
	speed: 0.6128s/iter; left time: 149434.0439s
	iters: 200, epoch: 10 | loss: 0.0148707
	speed: 0.0503s/iter; left time: 12249.5294s
	iters: 300, epoch: 10 | loss: 0.0108378
	speed: 0.0500s/iter; left time: 12190.3040s
	iters: 400, epoch: 10 | loss: 0.0121607
	speed: 0.0502s/iter; left time: 12235.7512s
	iters: 500, epoch: 10 | loss: 0.0126819
	speed: 0.0508s/iter; left time: 12357.5919s
	iters: 600, epoch: 10 | loss: 0.0123334
	speed: 0.0500s/iter; left time: 12173.4372s
	iters: 700, epoch: 10 | loss: 0.0135062
	speed: 0.0502s/iter; left time: 12211.7697s
	iters: 800, epoch: 10 | loss: 0.0168198
	speed: 0.0504s/iter; left time: 12252.7401s
	iters: 900, epoch: 10 | loss: 0.0128218
	speed: 0.0506s/iter; left time: 12299.4369s
	iters: 1000, epoch: 10 | loss: 0.0124417
	speed: 0.0507s/iter; left time: 12308.1901s
	iters: 1100, epoch: 10 | loss: 0.0122646
	speed: 0.0503s/iter; left time: 12209.7889s
	iters: 1200, epoch: 10 | loss: 0.0112794
	speed: 0.0505s/iter; left time: 12250.0969s
	iters: 1300, epoch: 10 | loss: 0.0134162
	speed: 0.0508s/iter; left time: 12314.6685s
	iters: 1400, epoch: 10 | loss: 0.0138297
	speed: 0.0505s/iter; left time: 12260.3263s
	iters: 1500, epoch: 10 | loss: 0.0160426
	speed: 0.0500s/iter; left time: 12131.6074s
	iters: 1600, epoch: 10 | loss: 0.0097663
	speed: 0.0508s/iter; left time: 12321.5463s
	iters: 1700, epoch: 10 | loss: 0.0118305
	speed: 0.0504s/iter; left time: 12209.9568s
	iters: 1800, epoch: 10 | loss: 0.0188531
	speed: 0.0504s/iter; left time: 12204.2123s
	iters: 1900, epoch: 10 | loss: 0.0137152
	speed: 0.0507s/iter; left time: 12266.2244s
	iters: 2000, epoch: 10 | loss: 0.0154976
	speed: 0.0504s/iter; left time: 12191.5579s
	iters: 2100, epoch: 10 | loss: 0.0215969
	speed: 0.0504s/iter; left time: 12183.1320s
	iters: 2200, epoch: 10 | loss: 0.0112232
	speed: 0.0507s/iter; left time: 12255.7801s
	iters: 2300, epoch: 10 | loss: 0.0139018
	speed: 0.0504s/iter; left time: 12177.3546s
	iters: 2400, epoch: 10 | loss: 0.0127677
	speed: 0.0505s/iter; left time: 12205.0554s
	iters: 2500, epoch: 10 | loss: 0.0138790
	speed: 0.0502s/iter; left time: 12127.7711s
	iters: 2600, epoch: 10 | loss: 0.0151827
	speed: 0.0504s/iter; left time: 12154.9606s
	iters: 2700, epoch: 10 | loss: 0.0163943
	speed: 0.0505s/iter; left time: 12186.3671s
	iters: 2800, epoch: 10 | loss: 0.0189839
	speed: 0.0506s/iter; left time: 12198.9719s
	iters: 2900, epoch: 10 | loss: 0.0183705
	speed: 0.0504s/iter; left time: 12146.0462s
	iters: 3000, epoch: 10 | loss: 0.0117624
	speed: 0.0506s/iter; left time: 12204.1401s
	iters: 3100, epoch: 10 | loss: 0.0110301
	speed: 0.0505s/iter; left time: 12157.3272s
	iters: 3200, epoch: 10 | loss: 0.0122980
	speed: 0.0501s/iter; left time: 12061.6785s
	iters: 3300, epoch: 10 | loss: 0.0136514
	speed: 0.0505s/iter; left time: 12142.0124s
	iters: 3400, epoch: 10 | loss: 0.0163196
	speed: 0.0504s/iter; left time: 12133.2603s
	iters: 3500, epoch: 10 | loss: 0.0188796
	speed: 0.0505s/iter; left time: 12149.7860s
	iters: 3600, epoch: 10 | loss: 0.0154846
	speed: 0.0503s/iter; left time: 12101.2416s
	iters: 3700, epoch: 10 | loss: 0.0134473
	speed: 0.0506s/iter; left time: 12157.1387s
	iters: 3800, epoch: 10 | loss: 0.0124667
	speed: 0.0504s/iter; left time: 12096.9949s
	iters: 3900, epoch: 10 | loss: 0.0140751
	speed: 0.0504s/iter; left time: 12099.4608s
	iters: 4000, epoch: 10 | loss: 0.0122408
	speed: 0.0504s/iter; left time: 12088.3129s
	iters: 4100, epoch: 10 | loss: 0.0281046
	speed: 0.0505s/iter; left time: 12110.7473s
	iters: 4200, epoch: 10 | loss: 0.0147272
	speed: 0.0510s/iter; left time: 12222.3140s
	iters: 4300, epoch: 10 | loss: 0.0160482
	speed: 0.0503s/iter; left time: 12062.9724s
	iters: 4400, epoch: 10 | loss: 0.0141008
	speed: 0.0507s/iter; left time: 12141.6134s
	iters: 4500, epoch: 10 | loss: 0.0160466
	speed: 0.0508s/iter; left time: 12165.3403s
	iters: 4600, epoch: 10 | loss: 0.0148041
	speed: 0.0505s/iter; left time: 12082.3925s
	iters: 4700, epoch: 10 | loss: 0.0164369
	speed: 0.0503s/iter; left time: 12044.9881s
	iters: 4800, epoch: 10 | loss: 0.0141122
	speed: 0.0508s/iter; left time: 12137.7715s
	iters: 4900, epoch: 10 | loss: 0.0137322
	speed: 0.0503s/iter; left time: 12034.3070s
	iters: 5000, epoch: 10 | loss: 0.0154777
	speed: 0.0505s/iter; left time: 12063.2163s
	iters: 5100, epoch: 10 | loss: 0.0179399
	speed: 0.0506s/iter; left time: 12076.4062s
	iters: 5200, epoch: 10 | loss: 0.0206036
	speed: 0.0506s/iter; left time: 12084.0251s
	iters: 5300, epoch: 10 | loss: 0.0140403
	speed: 0.0504s/iter; left time: 12019.3213s
	iters: 5400, epoch: 10 | loss: 0.0170303
	speed: 0.0504s/iter; left time: 12030.8993s
	iters: 5500, epoch: 10 | loss: 0.0205455
	speed: 0.0503s/iter; left time: 11982.2329s
	iters: 5600, epoch: 10 | loss: 0.0140015
	speed: 0.0503s/iter; left time: 11990.0099s
	iters: 5700, epoch: 10 | loss: 0.0137564
	speed: 0.0502s/iter; left time: 11956.9851s
	iters: 5800, epoch: 10 | loss: 0.0133405
	speed: 0.0504s/iter; left time: 12005.6578s
	iters: 5900, epoch: 10 | loss: 0.0124488
	speed: 0.0503s/iter; left time: 11972.8426s
Epoch: 10 cost time: 300.14278650283813
Epoch: 10, Steps: 5950 | Train Loss: 0.0149899 Vali Loss: 0.9274380 Test Loss: 0.4774258
EarlyStopping counter: 8 out of 10
Updating learning rate to 9.765625e-08
	iters: 100, epoch: 11 | loss: 0.0141381
	speed: 0.5940s/iter; left time: 141304.4446s
	iters: 200, epoch: 11 | loss: 0.0251243
	speed: 0.0489s/iter; left time: 11620.5958s
	iters: 300, epoch: 11 | loss: 0.0145218
	speed: 0.0490s/iter; left time: 11639.6866s
	iters: 400, epoch: 11 | loss: 0.0108360
	speed: 0.0490s/iter; left time: 11644.7412s
	iters: 500, epoch: 11 | loss: 0.0167865
	speed: 0.0492s/iter; left time: 11688.5980s
	iters: 600, epoch: 11 | loss: 0.0199825
	speed: 0.0490s/iter; left time: 11622.1996s
	iters: 700, epoch: 11 | loss: 0.0168750
	speed: 0.0491s/iter; left time: 11645.9653s
	iters: 800, epoch: 11 | loss: 0.0162638
	speed: 0.0490s/iter; left time: 11623.1507s
	iters: 900, epoch: 11 | loss: 0.0097719
	speed: 0.0491s/iter; left time: 11640.7639s
	iters: 1000, epoch: 11 | loss: 0.0119838
	speed: 0.0489s/iter; left time: 11595.6382s
	iters: 1100, epoch: 11 | loss: 0.0184043
	speed: 0.0491s/iter; left time: 11631.9139s
	iters: 1200, epoch: 11 | loss: 0.0146106
	speed: 0.0489s/iter; left time: 11587.7696s
	iters: 1300, epoch: 11 | loss: 0.0161163
	speed: 0.0493s/iter; left time: 11677.7771s
	iters: 1400, epoch: 11 | loss: 0.0095378
	speed: 0.0490s/iter; left time: 11603.8219s
	iters: 1500, epoch: 11 | loss: 0.0101972
	speed: 0.0490s/iter; left time: 11582.9230s
	iters: 1600, epoch: 11 | loss: 0.0156038
	speed: 0.0489s/iter; left time: 11570.2778s
	iters: 1700, epoch: 11 | loss: 0.0126597
	speed: 0.0490s/iter; left time: 11580.2625s
	iters: 1800, epoch: 11 | loss: 0.0127796
	speed: 0.0490s/iter; left time: 11573.9196s
	iters: 1900, epoch: 11 | loss: 0.0133591
	speed: 0.0492s/iter; left time: 11609.3098s
	iters: 2000, epoch: 11 | loss: 0.0183552
	speed: 0.0490s/iter; left time: 11564.8347s
	iters: 2100, epoch: 11 | loss: 0.0116599
	speed: 0.0491s/iter; left time: 11575.1993s
	iters: 2200, epoch: 11 | loss: 0.0098656
	speed: 0.0490s/iter; left time: 11561.6477s
	iters: 2300, epoch: 11 | loss: 0.0147303
	speed: 0.0491s/iter; left time: 11571.6324s
	iters: 2400, epoch: 11 | loss: 0.0164571
	speed: 0.0490s/iter; left time: 11551.4757s
	iters: 2500, epoch: 11 | loss: 0.0141410
	speed: 0.0490s/iter; left time: 11550.0006s
	iters: 2600, epoch: 11 | loss: 0.0153193
	speed: 0.0489s/iter; left time: 11515.1540s
	iters: 2700, epoch: 11 | loss: 0.0166271
	speed: 0.0490s/iter; left time: 11533.5977s
	iters: 2800, epoch: 11 | loss: 0.0147468
	speed: 0.0490s/iter; left time: 11526.9880s
	iters: 2900, epoch: 11 | loss: 0.0144277
	speed: 0.0491s/iter; left time: 11548.3661s
	iters: 3000, epoch: 11 | loss: 0.0147106
	speed: 0.0490s/iter; left time: 11526.6791s
	iters: 3100, epoch: 11 | loss: 0.0113913
	speed: 0.0492s/iter; left time: 11554.1712s
	iters: 3200, epoch: 11 | loss: 0.0218699
	speed: 0.0491s/iter; left time: 11525.7763s
	iters: 3300, epoch: 11 | loss: 0.0170659
	speed: 0.0493s/iter; left time: 11575.7547s
	iters: 3400, epoch: 11 | loss: 0.0133342
	speed: 0.0490s/iter; left time: 11493.3752s
	iters: 3500, epoch: 11 | loss: 0.0140896
	speed: 0.0491s/iter; left time: 11514.1939s
	iters: 3600, epoch: 11 | loss: 0.0117494
	speed: 0.0491s/iter; left time: 11515.9688s
	iters: 3700, epoch: 11 | loss: 0.0143287
	speed: 0.0491s/iter; left time: 11504.2447s
	iters: 3800, epoch: 11 | loss: 0.0139538
	speed: 0.0492s/iter; left time: 11518.9561s
	iters: 3900, epoch: 11 | loss: 0.0156134
	speed: 0.0489s/iter; left time: 11452.2459s
	iters: 4000, epoch: 11 | loss: 0.0132226
	speed: 0.0491s/iter; left time: 11500.1705s
	iters: 4100, epoch: 11 | loss: 0.0133687
	speed: 0.0491s/iter; left time: 11481.3796s
	iters: 4200, epoch: 11 | loss: 0.0193050
	speed: 0.0491s/iter; left time: 11483.8602s
	iters: 4300, epoch: 11 | loss: 0.0176677
	speed: 0.0491s/iter; left time: 11465.7363s
	iters: 4400, epoch: 11 | loss: 0.0184263
	speed: 0.0492s/iter; left time: 11490.8191s
	iters: 4500, epoch: 11 | loss: 0.0152509
	speed: 0.0489s/iter; left time: 11420.7277s
	iters: 4600, epoch: 11 | loss: 0.0149028
	speed: 0.0492s/iter; left time: 11476.4397s
	iters: 4700, epoch: 11 | loss: 0.0165493
	speed: 0.0491s/iter; left time: 11446.2853s
	iters: 4800, epoch: 11 | loss: 0.0132045
	speed: 0.0492s/iter; left time: 11464.0108s
	iters: 4900, epoch: 11 | loss: 0.0148125
	speed: 0.0490s/iter; left time: 11416.5206s
	iters: 5000, epoch: 11 | loss: 0.0165597
	speed: 0.0492s/iter; left time: 11457.5965s
	iters: 5100, epoch: 11 | loss: 0.0110153
	speed: 0.0490s/iter; left time: 11410.2668s
	iters: 5200, epoch: 11 | loss: 0.0132397
	speed: 0.0491s/iter; left time: 11428.2542s
	iters: 5300, epoch: 11 | loss: 0.0151013
	speed: 0.0490s/iter; left time: 11413.3537s
	iters: 5400, epoch: 11 | loss: 0.0127196
	speed: 0.0491s/iter; left time: 11426.7008s
	iters: 5500, epoch: 11 | loss: 0.0157895
	speed: 0.0491s/iter; left time: 11410.2167s
	iters: 5600, epoch: 11 | loss: 0.0164285
	speed: 0.0492s/iter; left time: 11432.7486s
	iters: 5700, epoch: 11 | loss: 0.0123449
	speed: 0.0490s/iter; left time: 11379.5618s
	iters: 5800, epoch: 11 | loss: 0.0153269
	speed: 0.0492s/iter; left time: 11425.4564s
	iters: 5900, epoch: 11 | loss: 0.0213773
	speed: 0.0491s/iter; left time: 11397.4060s
Epoch: 11 cost time: 291.94255018234253
Epoch: 11, Steps: 5950 | Train Loss: 0.0149639 Vali Loss: 0.9289097 Test Loss: 0.4776401
EarlyStopping counter: 9 out of 10
Updating learning rate to 4.8828125e-08
	iters: 100, epoch: 12 | loss: 0.0106883
	speed: 0.5938s/iter; left time: 137734.3003s
	iters: 200, epoch: 12 | loss: 0.0133812
	speed: 0.0493s/iter; left time: 11419.0956s
	iters: 300, epoch: 12 | loss: 0.0167282
	speed: 0.0491s/iter; left time: 11385.1014s
	iters: 400, epoch: 12 | loss: 0.0156311
	speed: 0.0491s/iter; left time: 11366.4525s
	iters: 500, epoch: 12 | loss: 0.0149796
	speed: 0.0492s/iter; left time: 11394.2973s
	iters: 600, epoch: 12 | loss: 0.0147552
	speed: 0.0490s/iter; left time: 11330.8370s
	iters: 700, epoch: 12 | loss: 0.0216489
	speed: 0.0491s/iter; left time: 11354.9966s
	iters: 800, epoch: 12 | loss: 0.0193511
	speed: 0.0490s/iter; left time: 11320.4311s
	iters: 900, epoch: 12 | loss: 0.0129649
	speed: 0.0493s/iter; left time: 11402.7242s
	iters: 1000, epoch: 12 | loss: 0.0159425
	speed: 0.0490s/iter; left time: 11319.2060s
	iters: 1100, epoch: 12 | loss: 0.0110352
	speed: 0.0490s/iter; left time: 11323.3670s
	iters: 1200, epoch: 12 | loss: 0.0127949
	speed: 0.0489s/iter; left time: 11289.7397s
	iters: 1300, epoch: 12 | loss: 0.0259921
	speed: 0.0490s/iter; left time: 11314.5256s
	iters: 1400, epoch: 12 | loss: 0.0118359
	speed: 0.0491s/iter; left time: 11323.2909s
	iters: 1500, epoch: 12 | loss: 0.0147596
	speed: 0.0491s/iter; left time: 11315.9273s
	iters: 1600, epoch: 12 | loss: 0.0112948
	speed: 0.0492s/iter; left time: 11331.0401s
	iters: 1700, epoch: 12 | loss: 0.0095102
	speed: 0.0491s/iter; left time: 11302.8931s
	iters: 1800, epoch: 12 | loss: 0.0144856
	speed: 0.0490s/iter; left time: 11278.0662s
	iters: 1900, epoch: 12 | loss: 0.0152515
	speed: 0.0492s/iter; left time: 11316.6104s
	iters: 2000, epoch: 12 | loss: 0.0128531
	speed: 0.0490s/iter; left time: 11283.3005s
	iters: 2100, epoch: 12 | loss: 0.0249026
	speed: 0.0491s/iter; left time: 11290.1842s
	iters: 2200, epoch: 12 | loss: 0.0130731
	speed: 0.0490s/iter; left time: 11262.8538s
	iters: 2300, epoch: 12 | loss: 0.0141104
	speed: 0.0492s/iter; left time: 11302.5646s
	iters: 2400, epoch: 12 | loss: 0.0151325
	speed: 0.0490s/iter; left time: 11262.9032s
	iters: 2500, epoch: 12 | loss: 0.0114610
	speed: 0.0490s/iter; left time: 11245.6803s
	iters: 2600, epoch: 12 | loss: 0.0198266
	speed: 0.0491s/iter; left time: 11256.3051s
	iters: 2700, epoch: 12 | loss: 0.0191187
	speed: 0.0490s/iter; left time: 11248.6899s
	iters: 2800, epoch: 12 | loss: 0.0128429
	speed: 0.0490s/iter; left time: 11238.4359s
	iters: 2900, epoch: 12 | loss: 0.0141809
	speed: 0.0491s/iter; left time: 11262.1438s
	iters: 3000, epoch: 12 | loss: 0.0131779
	speed: 0.0490s/iter; left time: 11217.3419s
	iters: 3100, epoch: 12 | loss: 0.0203474
	speed: 0.0491s/iter; left time: 11244.3191s
	iters: 3200, epoch: 12 | loss: 0.0184996
	speed: 0.0490s/iter; left time: 11211.2652s
	iters: 3300, epoch: 12 | loss: 0.0131152
	speed: 0.0491s/iter; left time: 11239.2541s
	iters: 3400, epoch: 12 | loss: 0.0167559
	speed: 0.0491s/iter; left time: 11228.7508s
	iters: 3500, epoch: 12 | loss: 0.0106548
	speed: 0.0492s/iter; left time: 11244.5928s
	iters: 3600, epoch: 12 | loss: 0.0107557
	speed: 0.0490s/iter; left time: 11187.8083s
	iters: 3700, epoch: 12 | loss: 0.0131799
	speed: 0.0490s/iter; left time: 11196.9040s
	iters: 3800, epoch: 12 | loss: 0.0149073
	speed: 0.0490s/iter; left time: 11186.8820s
	iters: 3900, epoch: 12 | loss: 0.0133692
	speed: 0.0491s/iter; left time: 11194.9536s
	iters: 4000, epoch: 12 | loss: 0.0132384
	speed: 0.0493s/iter; left time: 11234.8490s
	iters: 4100, epoch: 12 | loss: 0.0166702
	speed: 0.0490s/iter; left time: 11175.4883s
	iters: 4200, epoch: 12 | loss: 0.0204054
	speed: 0.0491s/iter; left time: 11180.3440s
	iters: 4300, epoch: 12 | loss: 0.0167849
	speed: 0.0489s/iter; left time: 11145.7024s
	iters: 4400, epoch: 12 | loss: 0.0175501
	speed: 0.0491s/iter; left time: 11166.3358s
	iters: 4500, epoch: 12 | loss: 0.0095535
	speed: 0.0489s/iter; left time: 11135.0467s
	iters: 4600, epoch: 12 | loss: 0.0100781
	speed: 0.0490s/iter; left time: 11144.8075s
	iters: 4700, epoch: 12 | loss: 0.0147097
	speed: 0.0490s/iter; left time: 11141.0779s
	iters: 4800, epoch: 12 | loss: 0.0083231
	speed: 0.0490s/iter; left time: 11138.6698s
	iters: 4900, epoch: 12 | loss: 0.0153682
	speed: 0.0492s/iter; left time: 11184.3001s
	iters: 5000, epoch: 12 | loss: 0.0119384
	speed: 0.0491s/iter; left time: 11149.5197s
	iters: 5100, epoch: 12 | loss: 0.0151980
	speed: 0.0490s/iter; left time: 11121.1782s
	iters: 5200, epoch: 12 | loss: 0.0184400
	speed: 0.0491s/iter; left time: 11141.4250s
	iters: 5300, epoch: 12 | loss: 0.0141612
	speed: 0.0490s/iter; left time: 11106.2397s
	iters: 5400, epoch: 12 | loss: 0.0107014
	speed: 0.0491s/iter; left time: 11133.9324s
	iters: 5500, epoch: 12 | loss: 0.0123795
	speed: 0.0489s/iter; left time: 11087.2483s
	iters: 5600, epoch: 12 | loss: 0.0163623
	speed: 0.0492s/iter; left time: 11135.7685s
	iters: 5700, epoch: 12 | loss: 0.0165179
	speed: 0.0493s/iter; left time: 11164.3311s
	iters: 5800, epoch: 12 | loss: 0.0167969
	speed: 0.0491s/iter; left time: 11097.9508s
	iters: 5900, epoch: 12 | loss: 0.0124881
	speed: 0.0493s/iter; left time: 11144.1200s
Epoch: 12 cost time: 291.99874925613403
Epoch: 12, Steps: 5950 | Train Loss: 0.0149540 Vali Loss: 0.9283227 Test Loss: 0.4773950
EarlyStopping counter: 10 out of 10
Early stopping
>>>>>>>testing : informerstack_custom_ftMS_sl1008_ll504_pl168_dm256_nh8_el5_dl2_df1024_atprob_fc5_ebtimeF_dtTrue_mxTrue_exp_150_0<<<<<<<<<<<<<<<<<<<<<<<<<<<<<<<<<
test 13769
test shape: (1721, 8, 168, 1) (1721, 8, 168, 1)
test shape: (13768, 168, 1) (13768, 168, 1)
mse:0.4296641945838928, mae:0.5313411355018616, r2:-1.5190608501434326


Parsed metrics from Informer output (normalized scale):
  MSE:  0.4297
  MAE:  0.5313
  RMSE: 0.6555
  R2:   -1.5191

Metrics after inverse transformation (original scale):
  MSE:  29.9275
  MAE:  4.4345
  RMSE: 5.4706
  R2:   -1.5191
[OK] Record appended to E:\ANUS_learning\MSI5001-power-transformer-oil-temperature-prediction\models\informer_further_experiment.csv
  Training time: 4281.60s
  RMSE: 5.4706
  MAE:  4.4345
  R2:   -1.5191

Saving results...
  Model: Native Informer (saved in external/Informer2020/checkpoints/)
  Predictions: Not saved (native Informer handles this internally)
  Metrics: E:\ANUS_learning\MSI5001-power-transformer-oil-temperature-prediction\models\experiments\exp_150_metrics.json
  Plot: Skipped (native Informer handles visualization internally)

======================================================================
Experiment complete: exp_150
======================================================================

======================================================================
Completed: 2025-11-09 16:31:04
Return code: 0
======================================================================
