======================================================================
Experiment Log
Started: 2025-11-02 16:51:02
Command: C:\ProgramData\anaconda3\python.exe -m scripts.train_configurable --tx-id 1 --model LinearRegression --split-method chronological --feature-mode full --lookback-multiplier 4.0 --horizon 1 --experiment-name exp_106 --data-suffix _no_outlier
======================================================================

======================================================================
Experiment: exp_106
======================================================================
Transformer:     TX1
Model:           LinearRegression
Split method:    chronological
Feature mode:    full
Data suffix:     _no_outlier

Loading data...
  Total samples: 69680
  Added TX1 dynamic features
  Features: 21 columns

Window config: WindowConfig(horizon=1, lookback=4, gap=0)
Creating sliding windows...
  Created 69675 windows
Splitting windows (chronological, 20% test)...
  Train: 55740 windows
  Test:  13935 windows

Training LinearRegression...
  Training time: 0.20s

Evaluating...
  RMSE: 9.7206
  MAE:  8.3135
  R2:   -6.9521

Saving results...
  Model: E:\ANUS_learning\MSI5001-power-transformer-oil-temperature-prediction\models\experiments\exp_106_model.joblib
  Predictions: E:\ANUS_learning\MSI5001-power-transformer-oil-temperature-prediction\results\tables\exp_106_predictions.csv
  Metrics: E:\ANUS_learning\MSI5001-power-transformer-oil-temperature-prediction\models\experiments\exp_106_metrics.json
  Plot: E:\ANUS_learning\MSI5001-power-transformer-oil-temperature-prediction\results\figures\exp_106_predictions.png
  Scatter: E:\ANUS_learning\MSI5001-power-transformer-oil-temperature-prediction\results\figures\exp_106_scatter.png

======================================================================
Experiment complete: exp_106
======================================================================

======================================================================
Completed: 2025-11-02 16:51:06
Return code: 0
======================================================================
