======================================================================
Experiment Log
Started: 2025-11-08 03:25:40
Command: C:\ProgramData\anaconda3\python.exe -m scripts.train_configurable --tx-id 1 --model Informer-Long --split-method chronological --feature-mode full --lookback-multiplier 12.0 --horizon 168 --experiment-name exp_136 --data-suffix _no_outlier --seq-len 1008 --label-len 504 --e-layers 4 --d-layers 2 --train-epochs 100 --learning-rate 5e-05
======================================================================

======================================================================
Experiment: exp_136
======================================================================
Transformer:     TX1
Model:           Informer-Long
Split method:    chronological
Feature mode:    full
Data suffix:     _no_outlier

Loading data...
  Total samples: 69680
  Added TX1 dynamic features
  Features: 21 columns

Window config: WindowConfig(horizon=168, lookback=2016, gap=0)
Creating sliding windows for Informer-Long (keeping sequence structure)...
  Created 67496 windows (shape: (67496, 2016, 21))
Splitting windows (chronological, 20% test)...
  Train: 53996 windows
  Test:  13500 windows

Training Informer-Long...

Calling native Informer from: E:\ANUS_learning\MSI5001-power-transformer-oil-temperature-prediction\external\Informer2020
Command: C:\ProgramData\anaconda3\python.exe E:\ANUS_learning\MSI5001-power-transformer-oil-temperature-prediction\external\Informer2020\main_informer.py --model informerstack --data custom --root_path ./data/ --data_path TX1.csv --features MS --target OT --freq h --seq_len 1008 --label_len 504 --pred_len 168 --enc_in 6 --dec_in 1 --c_out 1 --d_model 256 --n_heads 8 --e_layers 4 --d_layers 2 --d_ff 1024 --factor 5 --dropout 0.05 --attn prob --embed timeF --activation gelu --batch_size 8 --train_epochs 100 --patience 3 --learning_rate 5e-05 --des exp_136 --itr 1
Args in experiment:
Namespace(model='informerstack', data='custom', root_path='./data/', data_path='TX1.csv', features='MS', target='OT', freq='h', checkpoints='./checkpoints/', seq_len=1008, label_len=504, pred_len=168, enc_in=6, dec_in=1, c_out=1, d_model=256, n_heads=8, e_layers=4, d_layers=2, s_layers=[3, 2, 1], d_ff=1024, factor=5, padding=0, distil=True, dropout=0.05, attn='prob', embed='timeF', activation='gelu', output_attention=False, do_predict=False, mix=True, cols=None, num_workers=0, itr=1, train_epochs=100, batch_size=8, patience=3, learning_rate=5e-05, des='exp_136', loss='mse', lradj='type1', use_amp=False, inverse=False, use_gpu=True, gpu=0, use_multi_gpu=False, devices='0,1,2,3', detail_freq='h')
Use GPU: cuda:0
>>>>>>>start training : informerstack_custom_ftMS_sl1008_ll504_pl168_dm256_nh8_el4_dl2_df1024_atprob_fc5_ebtimeF_dtTrue_mxTrue_exp_136_0>>>>>>>>>>>>>>>>>>>>>>>>>>
train 47601
val 6801
test 13769
	iters: 100, epoch: 1 | loss: 0.1833041
	speed: 0.0619s/iter; left time: 36837.4693s
	iters: 200, epoch: 1 | loss: 0.1125700
	speed: 0.0531s/iter; left time: 31593.9546s
	iters: 300, epoch: 1 | loss: 0.4172952
	speed: 0.0520s/iter; left time: 30931.6934s
	iters: 400, epoch: 1 | loss: 0.1709101
	speed: 0.0509s/iter; left time: 30274.6815s
	iters: 500, epoch: 1 | loss: 0.1354620
	speed: 0.0511s/iter; left time: 30392.5919s
	iters: 600, epoch: 1 | loss: 0.1593113
	speed: 0.0517s/iter; left time: 30758.6487s
	iters: 700, epoch: 1 | loss: 0.1545882
	speed: 0.0512s/iter; left time: 30415.6098s
	iters: 800, epoch: 1 | loss: 0.1133805
	speed: 0.0512s/iter; left time: 30429.9983s
	iters: 900, epoch: 1 | loss: 0.1256903
	speed: 0.0513s/iter; left time: 30479.2361s
	iters: 1000, epoch: 1 | loss: 0.2720886
	speed: 0.0513s/iter; left time: 30476.0177s
	iters: 1100, epoch: 1 | loss: 0.2061532
	speed: 0.0514s/iter; left time: 30518.8148s
	iters: 1200, epoch: 1 | loss: 0.1960129
	speed: 0.0521s/iter; left time: 30927.2057s
	iters: 1300, epoch: 1 | loss: 0.1447283
	speed: 0.0510s/iter; left time: 30284.0897s
	iters: 1400, epoch: 1 | loss: 0.1943551
	speed: 0.0511s/iter; left time: 30305.1101s
	iters: 1500, epoch: 1 | loss: 0.1933630
	speed: 0.0516s/iter; left time: 30626.3388s
	iters: 1600, epoch: 1 | loss: 0.1089713
	speed: 0.0513s/iter; left time: 30452.3672s
	iters: 1700, epoch: 1 | loss: 0.1222292
	speed: 0.0517s/iter; left time: 30651.1922s
	iters: 1800, epoch: 1 | loss: 0.1776612
	speed: 0.0514s/iter; left time: 30468.1818s
	iters: 1900, epoch: 1 | loss: 0.1424096
	speed: 0.0510s/iter; left time: 30225.6428s
	iters: 2000, epoch: 1 | loss: 0.1383044
	speed: 0.0512s/iter; left time: 30362.8466s
	iters: 2100, epoch: 1 | loss: 0.1109484
	speed: 0.0510s/iter; left time: 30258.6637s
	iters: 2200, epoch: 1 | loss: 0.0824126
	speed: 0.0511s/iter; left time: 30320.4031s
	iters: 2300, epoch: 1 | loss: 0.0811171
	speed: 0.0514s/iter; left time: 30488.2430s
	iters: 2400, epoch: 1 | loss: 0.0785096
	speed: 0.0514s/iter; left time: 30441.8291s
	iters: 2500, epoch: 1 | loss: 0.0703124
	speed: 0.0513s/iter; left time: 30410.7011s
	iters: 2600, epoch: 1 | loss: 0.0928376
	speed: 0.0515s/iter; left time: 30525.7350s
	iters: 2700, epoch: 1 | loss: 0.0906956
	speed: 0.0516s/iter; left time: 30547.2168s
	iters: 2800, epoch: 1 | loss: 0.0787438
	speed: 0.0510s/iter; left time: 30209.0785s
	iters: 2900, epoch: 1 | loss: 0.1459560
	speed: 0.0521s/iter; left time: 30822.1896s
	iters: 3000, epoch: 1 | loss: 0.0721192
	speed: 0.0511s/iter; left time: 30264.6817s
	iters: 3100, epoch: 1 | loss: 0.1099708
	speed: 0.0515s/iter; left time: 30467.3295s
	iters: 3200, epoch: 1 | loss: 0.0652458
	speed: 0.0516s/iter; left time: 30536.1039s
	iters: 3300, epoch: 1 | loss: 0.0641209
	speed: 0.0514s/iter; left time: 30436.4663s
	iters: 3400, epoch: 1 | loss: 0.0854485
	speed: 0.0514s/iter; left time: 30380.3404s
	iters: 3500, epoch: 1 | loss: 0.1101530
	speed: 0.0514s/iter; left time: 30380.2609s
	iters: 3600, epoch: 1 | loss: 0.0407498
	speed: 0.0515s/iter; left time: 30475.6697s
	iters: 3700, epoch: 1 | loss: 0.0322817
	speed: 0.0516s/iter; left time: 30509.7195s
	iters: 3800, epoch: 1 | loss: 0.0965618
	speed: 0.0512s/iter; left time: 30285.2125s
	iters: 3900, epoch: 1 | loss: 0.0805691
	speed: 0.0510s/iter; left time: 30139.6437s
	iters: 4000, epoch: 1 | loss: 0.0445163
	speed: 0.0514s/iter; left time: 30406.4081s
	iters: 4100, epoch: 1 | loss: 0.0779208
	speed: 0.0516s/iter; left time: 30515.4578s
	iters: 4200, epoch: 1 | loss: 0.0949764
	speed: 0.0512s/iter; left time: 30240.7703s
	iters: 4300, epoch: 1 | loss: 0.0690633
	speed: 0.0517s/iter; left time: 30557.8435s
	iters: 4400, epoch: 1 | loss: 0.0892695
	speed: 0.0519s/iter; left time: 30666.5732s
	iters: 4500, epoch: 1 | loss: 0.0724609
	speed: 0.0518s/iter; left time: 30571.1437s
	iters: 4600, epoch: 1 | loss: 0.0788108
	speed: 0.0513s/iter; left time: 30296.3105s
	iters: 4700, epoch: 1 | loss: 0.0468989
	speed: 0.0512s/iter; left time: 30249.1066s
	iters: 4800, epoch: 1 | loss: 0.0652705
	speed: 0.0514s/iter; left time: 30343.9728s
	iters: 4900, epoch: 1 | loss: 0.0779125
	speed: 0.0515s/iter; left time: 30405.0098s
	iters: 5000, epoch: 1 | loss: 0.0549064
	speed: 0.0514s/iter; left time: 30316.7919s
	iters: 5100, epoch: 1 | loss: 0.1127788
	speed: 0.0512s/iter; left time: 30227.5403s
	iters: 5200, epoch: 1 | loss: 0.0475155
	speed: 0.0510s/iter; left time: 30106.4810s
	iters: 5300, epoch: 1 | loss: 0.0582297
	speed: 0.0515s/iter; left time: 30346.6414s
	iters: 5400, epoch: 1 | loss: 0.0539396
	speed: 0.0515s/iter; left time: 30392.3190s
	iters: 5500, epoch: 1 | loss: 0.0396437
	speed: 0.0517s/iter; left time: 30485.5409s
	iters: 5600, epoch: 1 | loss: 0.0619854
	speed: 0.0514s/iter; left time: 30305.3536s
	iters: 5700, epoch: 1 | loss: 0.0600077
	speed: 0.0512s/iter; left time: 30146.1547s
	iters: 5800, epoch: 1 | loss: 0.0464245
	speed: 0.0511s/iter; left time: 30082.7499s
	iters: 5900, epoch: 1 | loss: 0.0456389
	speed: 0.0511s/iter; left time: 30083.8606s
Epoch: 1 cost time: 306.239182472229
Epoch: 1, Steps: 5950 | Train Loss: 0.1071642 Vali Loss: 0.5841510 Test Loss: 0.3603101
Validation loss decreased (inf --> 0.584151).  Saving model ...
Updating learning rate to 5e-05
	iters: 100, epoch: 2 | loss: 0.0423239
	speed: 0.6157s/iter; left time: 362612.6651s
	iters: 200, epoch: 2 | loss: 0.0390050
	speed: 0.0510s/iter; left time: 30034.2953s
	iters: 300, epoch: 2 | loss: 0.0703935
	speed: 0.0513s/iter; left time: 30188.5784s
	iters: 400, epoch: 2 | loss: 0.0535913
	speed: 0.0514s/iter; left time: 30249.1676s
	iters: 500, epoch: 2 | loss: 0.0490178
	speed: 0.0515s/iter; left time: 30325.1782s
	iters: 600, epoch: 2 | loss: 0.0407117
	speed: 0.0518s/iter; left time: 30478.2758s
	iters: 700, epoch: 2 | loss: 0.0496260
	speed: 0.0512s/iter; left time: 30102.9727s
	iters: 800, epoch: 2 | loss: 0.0699298
	speed: 0.0512s/iter; left time: 30131.5092s
	iters: 900, epoch: 2 | loss: 0.0584185
	speed: 0.0517s/iter; left time: 30436.6120s
	iters: 1000, epoch: 2 | loss: 0.0456372
	speed: 0.0513s/iter; left time: 30174.8613s
	iters: 1100, epoch: 2 | loss: 0.0662833
	speed: 0.0510s/iter; left time: 29959.7539s
	iters: 1200, epoch: 2 | loss: 0.0729188
	speed: 0.0517s/iter; left time: 30367.4626s
	iters: 1300, epoch: 2 | loss: 0.0290936
	speed: 0.0512s/iter; left time: 30108.6979s
	iters: 1400, epoch: 2 | loss: 0.0428653
	speed: 0.0513s/iter; left time: 30123.6133s
	iters: 1500, epoch: 2 | loss: 0.0684700
	speed: 0.0511s/iter; left time: 30009.3107s
	iters: 1600, epoch: 2 | loss: 0.0411555
	speed: 0.0517s/iter; left time: 30365.5293s
	iters: 1700, epoch: 2 | loss: 0.0761665
	speed: 0.0515s/iter; left time: 30220.9845s
	iters: 1800, epoch: 2 | loss: 0.0331736
	speed: 0.0508s/iter; left time: 29844.3829s
	iters: 1900, epoch: 2 | loss: 0.0496934
	speed: 0.0517s/iter; left time: 30362.6183s
	iters: 2000, epoch: 2 | loss: 0.0375889
	speed: 0.0514s/iter; left time: 30146.1325s
	iters: 2100, epoch: 2 | loss: 0.0417885
	speed: 0.0512s/iter; left time: 30065.4017s
	iters: 2200, epoch: 2 | loss: 0.0290584
	speed: 0.0510s/iter; left time: 29940.2034s
	iters: 2300, epoch: 2 | loss: 0.0637167
	speed: 0.0512s/iter; left time: 30053.8645s
	iters: 2400, epoch: 2 | loss: 0.0497903
	speed: 0.0514s/iter; left time: 30171.6491s
	iters: 2500, epoch: 2 | loss: 0.0442801
	speed: 0.0509s/iter; left time: 29844.3753s
	iters: 2600, epoch: 2 | loss: 0.0237134
	speed: 0.0514s/iter; left time: 30157.4774s
	iters: 2700, epoch: 2 | loss: 0.0385944
	speed: 0.0518s/iter; left time: 30391.0635s
	iters: 2800, epoch: 2 | loss: 0.0331682
	speed: 0.0517s/iter; left time: 30297.8961s
	iters: 2900, epoch: 2 | loss: 0.0442834
	speed: 0.0507s/iter; left time: 29713.3149s
	iters: 3000, epoch: 2 | loss: 0.0586437
	speed: 0.0514s/iter; left time: 30094.3518s
	iters: 3100, epoch: 2 | loss: 0.0370808
	speed: 0.0514s/iter; left time: 30144.7215s
	iters: 3200, epoch: 2 | loss: 0.0342622
	speed: 0.0516s/iter; left time: 30215.0113s
	iters: 3300, epoch: 2 | loss: 0.0362751
	speed: 0.0511s/iter; left time: 29907.1693s
	iters: 3400, epoch: 2 | loss: 0.0491641
	speed: 0.0518s/iter; left time: 30312.3414s
	iters: 3500, epoch: 2 | loss: 0.0319642
	speed: 0.0515s/iter; left time: 30129.0029s
	iters: 3600, epoch: 2 | loss: 0.0381173
	speed: 0.0509s/iter; left time: 29785.9285s
	iters: 3700, epoch: 2 | loss: 0.0336298
	speed: 0.0515s/iter; left time: 30168.1995s
	iters: 3800, epoch: 2 | loss: 0.0277723
	speed: 0.0516s/iter; left time: 30222.1135s
	iters: 3900, epoch: 2 | loss: 0.0222982
	speed: 0.0509s/iter; left time: 29773.3259s
	iters: 4000, epoch: 2 | loss: 0.0377472
	speed: 0.0510s/iter; left time: 29850.7527s
	iters: 4100, epoch: 2 | loss: 0.0655424
	speed: 0.0518s/iter; left time: 30313.9957s
	iters: 4200, epoch: 2 | loss: 0.0310766
	speed: 0.0517s/iter; left time: 30226.0924s
	iters: 4300, epoch: 2 | loss: 0.0507177
	speed: 0.0513s/iter; left time: 30007.3578s
	iters: 4400, epoch: 2 | loss: 0.0205784
	speed: 0.0509s/iter; left time: 29756.1246s
	iters: 4500, epoch: 2 | loss: 0.0356639
	speed: 0.0522s/iter; left time: 30500.1468s
	iters: 4600, epoch: 2 | loss: 0.0497278
	speed: 0.0507s/iter; left time: 29656.7110s
	iters: 4700, epoch: 2 | loss: 0.0431686
	speed: 0.0511s/iter; left time: 29882.4637s
	iters: 4800, epoch: 2 | loss: 0.0505269
	speed: 0.0516s/iter; left time: 30171.5158s
	iters: 4900, epoch: 2 | loss: 0.0315129
	speed: 0.0516s/iter; left time: 30141.6824s
	iters: 5000, epoch: 2 | loss: 0.0468676
	speed: 0.0512s/iter; left time: 29928.0297s
	iters: 5100, epoch: 2 | loss: 0.0326878
	speed: 0.0512s/iter; left time: 29927.0906s
	iters: 5200, epoch: 2 | loss: 0.0388455
	speed: 0.0514s/iter; left time: 30032.3548s
	iters: 5300, epoch: 2 | loss: 0.0268125
	speed: 0.0515s/iter; left time: 30073.3773s
	iters: 5400, epoch: 2 | loss: 0.0258589
	speed: 0.0511s/iter; left time: 29816.1704s
	iters: 5500, epoch: 2 | loss: 0.0232330
	speed: 0.0514s/iter; left time: 30013.6050s
	iters: 5600, epoch: 2 | loss: 0.0305461
	speed: 0.0525s/iter; left time: 30652.4161s
	iters: 5700, epoch: 2 | loss: 0.0309666
	speed: 0.0508s/iter; left time: 29628.6226s
	iters: 5800, epoch: 2 | loss: 0.0419190
	speed: 0.0514s/iter; left time: 29961.1496s
	iters: 5900, epoch: 2 | loss: 0.0332350
	speed: 0.0518s/iter; left time: 30186.2628s
Epoch: 2 cost time: 305.63929891586304
Epoch: 2, Steps: 5950 | Train Loss: 0.0434426 Vali Loss: 0.4823880 Test Loss: 0.2771157
Validation loss decreased (0.584151 --> 0.482388).  Saving model ...
Updating learning rate to 2.5e-05
	iters: 100, epoch: 3 | loss: 0.0293082
	speed: 0.6143s/iter; left time: 358119.6312s
	iters: 200, epoch: 3 | loss: 0.0234051
	speed: 0.0511s/iter; left time: 29780.8497s
	iters: 300, epoch: 3 | loss: 0.0296789
	speed: 0.0516s/iter; left time: 30075.3028s
	iters: 400, epoch: 3 | loss: 0.0236623
	speed: 0.0518s/iter; left time: 30178.8691s
	iters: 500, epoch: 3 | loss: 0.0198390
	speed: 0.0505s/iter; left time: 29425.9729s
	iters: 600, epoch: 3 | loss: 0.0376261
	speed: 0.0513s/iter; left time: 29900.9215s
	iters: 700, epoch: 3 | loss: 0.0301002
	speed: 0.0513s/iter; left time: 29892.0906s
	iters: 800, epoch: 3 | loss: 0.0180598
	speed: 0.0514s/iter; left time: 29901.1771s
	iters: 900, epoch: 3 | loss: 0.0377145
	speed: 0.0512s/iter; left time: 29787.3683s
	iters: 1000, epoch: 3 | loss: 0.0287686
	speed: 0.0513s/iter; left time: 29861.3767s
	iters: 1100, epoch: 3 | loss: 0.0262500
	speed: 0.0510s/iter; left time: 29705.2705s
	iters: 1200, epoch: 3 | loss: 0.0218908
	speed: 0.0511s/iter; left time: 29719.9378s
	iters: 1300, epoch: 3 | loss: 0.0242606
	speed: 0.0510s/iter; left time: 29693.6116s
	iters: 1400, epoch: 3 | loss: 0.0334315
	speed: 0.0521s/iter; left time: 30332.3116s
	iters: 1500, epoch: 3 | loss: 0.0280418
	speed: 0.0519s/iter; left time: 30196.5834s
	iters: 1600, epoch: 3 | loss: 0.0267690
	speed: 0.0515s/iter; left time: 29974.4645s
	iters: 1700, epoch: 3 | loss: 0.0168517
	speed: 0.0509s/iter; left time: 29582.4248s
	iters: 1800, epoch: 3 | loss: 0.0247704
	speed: 0.0518s/iter; left time: 30106.3613s
	iters: 1900, epoch: 3 | loss: 0.0208099
	speed: 0.0510s/iter; left time: 29620.8614s
	iters: 2000, epoch: 3 | loss: 0.0205604
	speed: 0.0509s/iter; left time: 29598.5257s
	iters: 2100, epoch: 3 | loss: 0.0300110
	speed: 0.0520s/iter; left time: 30194.0403s
	iters: 2200, epoch: 3 | loss: 0.0238731
	speed: 0.0515s/iter; left time: 29916.9242s
	iters: 2300, epoch: 3 | loss: 0.0206132
	speed: 0.0509s/iter; left time: 29535.8594s
	iters: 2400, epoch: 3 | loss: 0.0211445
	speed: 0.0516s/iter; left time: 29948.3805s
	iters: 2500, epoch: 3 | loss: 0.0279638
	speed: 0.0518s/iter; left time: 30100.3922s
	iters: 2600, epoch: 3 | loss: 0.0202906
	speed: 0.0513s/iter; left time: 29756.0573s
	iters: 2700, epoch: 3 | loss: 0.0314586
	speed: 0.0506s/iter; left time: 29350.0382s
	iters: 2800, epoch: 3 | loss: 0.0178480
	speed: 0.0514s/iter; left time: 29849.8010s
	iters: 2900, epoch: 3 | loss: 0.0237879
	speed: 0.0512s/iter; left time: 29707.2851s
	iters: 3000, epoch: 3 | loss: 0.0164902
	speed: 0.0512s/iter; left time: 29698.6658s
	iters: 3100, epoch: 3 | loss: 0.0155179
	speed: 0.0508s/iter; left time: 29491.1843s
	iters: 3200, epoch: 3 | loss: 0.0184992
	speed: 0.0518s/iter; left time: 30030.9679s
	iters: 3300, epoch: 3 | loss: 0.0276536
	speed: 0.0511s/iter; left time: 29608.8107s
	iters: 3400, epoch: 3 | loss: 0.0293541
	speed: 0.0506s/iter; left time: 29333.8212s
	iters: 3500, epoch: 3 | loss: 0.0234839
	speed: 0.0516s/iter; left time: 29900.5069s
	iters: 3600, epoch: 3 | loss: 0.0206357
	speed: 0.0513s/iter; left time: 29729.3898s
	iters: 3700, epoch: 3 | loss: 0.0187219
	speed: 0.0509s/iter; left time: 29514.8146s
	iters: 3800, epoch: 3 | loss: 0.0262386
	speed: 0.0508s/iter; left time: 29434.1711s
	iters: 3900, epoch: 3 | loss: 0.0194318
	speed: 0.0518s/iter; left time: 30009.4505s
	iters: 4000, epoch: 3 | loss: 0.0185897
	speed: 0.0512s/iter; left time: 29667.6419s
	iters: 4100, epoch: 3 | loss: 0.0305542
	speed: 0.0506s/iter; left time: 29309.8453s
	iters: 4200, epoch: 3 | loss: 0.0234539
	speed: 0.0518s/iter; left time: 29964.8260s
	iters: 4300, epoch: 3 | loss: 0.0298958
	speed: 0.0518s/iter; left time: 30002.8815s
	iters: 4400, epoch: 3 | loss: 0.0199782
	speed: 0.0515s/iter; left time: 29801.8893s
	iters: 4500, epoch: 3 | loss: 0.0203224
	speed: 0.0511s/iter; left time: 29571.3277s
	iters: 4600, epoch: 3 | loss: 0.0216141
	speed: 0.0518s/iter; left time: 29991.3525s
	iters: 4700, epoch: 3 | loss: 0.0236925
	speed: 0.0518s/iter; left time: 29986.3847s
	iters: 4800, epoch: 3 | loss: 0.0229957
	speed: 0.0508s/iter; left time: 29380.0936s
	iters: 4900, epoch: 3 | loss: 0.0144405
	speed: 0.0514s/iter; left time: 29701.5821s
	iters: 5000, epoch: 3 | loss: 0.0170213
	speed: 0.0522s/iter; left time: 30180.5483s
	iters: 5100, epoch: 3 | loss: 0.0235025
	speed: 0.0511s/iter; left time: 29520.2481s
	iters: 5200, epoch: 3 | loss: 0.0263487
	speed: 0.0508s/iter; left time: 29330.8789s
	iters: 5300, epoch: 3 | loss: 0.0214007
	speed: 0.0518s/iter; left time: 29908.3098s
	iters: 5400, epoch: 3 | loss: 0.0171901
	speed: 0.0517s/iter; left time: 29880.9803s
	iters: 5500, epoch: 3 | loss: 0.0199242
	speed: 0.0505s/iter; left time: 29158.0881s
	iters: 5600, epoch: 3 | loss: 0.0192611
	speed: 0.0516s/iter; left time: 29784.6253s
	iters: 5700, epoch: 3 | loss: 0.0311049
	speed: 0.0518s/iter; left time: 29913.4346s
	iters: 5800, epoch: 3 | loss: 0.0222089
	speed: 0.0508s/iter; left time: 29342.3679s
	iters: 5900, epoch: 3 | loss: 0.0209892
	speed: 0.0510s/iter; left time: 29429.4477s
Epoch: 3 cost time: 305.27969455718994
Epoch: 3, Steps: 5950 | Train Loss: 0.0244168 Vali Loss: 0.6410869 Test Loss: 0.3649625
EarlyStopping counter: 1 out of 3
Updating learning rate to 1.25e-05
	iters: 100, epoch: 4 | loss: 0.0146672
	speed: 0.6148s/iter; left time: 354755.9959s
	iters: 200, epoch: 4 | loss: 0.0145545
	speed: 0.0511s/iter; left time: 29474.2090s
	iters: 300, epoch: 4 | loss: 0.0199105
	speed: 0.0507s/iter; left time: 29237.2765s
	iters: 400, epoch: 4 | loss: 0.0189179
	speed: 0.0509s/iter; left time: 29365.1550s
	iters: 500, epoch: 4 | loss: 0.0180320
	speed: 0.0519s/iter; left time: 29924.8230s
	iters: 600, epoch: 4 | loss: 0.0162258
	speed: 0.0513s/iter; left time: 29575.4985s
	iters: 700, epoch: 4 | loss: 0.0210419
	speed: 0.0511s/iter; left time: 29483.9061s
	iters: 800, epoch: 4 | loss: 0.0163266
	speed: 0.0517s/iter; left time: 29795.2859s
	iters: 900, epoch: 4 | loss: 0.0160497
	speed: 0.0523s/iter; left time: 30166.3271s
	iters: 1000, epoch: 4 | loss: 0.0173623
	speed: 0.0509s/iter; left time: 29319.6334s
	iters: 1100, epoch: 4 | loss: 0.0188969
	speed: 0.0515s/iter; left time: 29652.0483s
	iters: 1200, epoch: 4 | loss: 0.0195745
	speed: 0.0513s/iter; left time: 29572.3690s
	iters: 1300, epoch: 4 | loss: 0.0185233
	speed: 0.0510s/iter; left time: 29391.7472s
	iters: 1400, epoch: 4 | loss: 0.0196160
	speed: 0.0507s/iter; left time: 29169.4083s
	iters: 1500, epoch: 4 | loss: 0.0168393
	speed: 0.0512s/iter; left time: 29477.8144s
	iters: 1600, epoch: 4 | loss: 0.0237816
	speed: 0.0513s/iter; left time: 29537.9893s
	iters: 1700, epoch: 4 | loss: 0.0148964
	speed: 0.0504s/iter; left time: 29014.9312s
	iters: 1800, epoch: 4 | loss: 0.0145551
	speed: 0.0515s/iter; left time: 29628.0736s
	iters: 1900, epoch: 4 | loss: 0.0202544
	speed: 0.0518s/iter; left time: 29825.7436s
	iters: 2000, epoch: 4 | loss: 0.0218111
	speed: 0.0510s/iter; left time: 29318.1033s
	iters: 2100, epoch: 4 | loss: 0.0249921
	speed: 0.0512s/iter; left time: 29421.6736s
	iters: 2200, epoch: 4 | loss: 0.0190216
	speed: 0.0515s/iter; left time: 29596.2815s
	iters: 2300, epoch: 4 | loss: 0.0171204
	speed: 0.0516s/iter; left time: 29674.9582s
	iters: 2400, epoch: 4 | loss: 0.0179107
	speed: 0.0510s/iter; left time: 29334.8723s
	iters: 2500, epoch: 4 | loss: 0.0211084
	speed: 0.0511s/iter; left time: 29391.4833s
	iters: 2600, epoch: 4 | loss: 0.0191770
	speed: 0.0519s/iter; left time: 29798.5113s
	iters: 2700, epoch: 4 | loss: 0.0167041
	speed: 0.0525s/iter; left time: 30134.7684s
	iters: 2800, epoch: 4 | loss: 0.0214311
	speed: 0.0507s/iter; left time: 29142.1090s
	iters: 2900, epoch: 4 | loss: 0.0211504
	speed: 0.0515s/iter; left time: 29592.1432s
	iters: 3000, epoch: 4 | loss: 0.0158343
	speed: 0.0520s/iter; left time: 29880.9726s
	iters: 3100, epoch: 4 | loss: 0.0174774
	speed: 0.0511s/iter; left time: 29321.8451s
	iters: 3200, epoch: 4 | loss: 0.0295882
	speed: 0.0509s/iter; left time: 29192.2958s
	iters: 3300, epoch: 4 | loss: 0.0235490
	speed: 0.0515s/iter; left time: 29555.1426s
	iters: 3400, epoch: 4 | loss: 0.0223545
	speed: 0.0512s/iter; left time: 29383.7958s
	iters: 3500, epoch: 4 | loss: 0.0199878
	speed: 0.0508s/iter; left time: 29117.4701s
	iters: 3600, epoch: 4 | loss: 0.0166656
	speed: 0.0516s/iter; left time: 29609.2827s
	iters: 3700, epoch: 4 | loss: 0.0247304
	speed: 0.0514s/iter; left time: 29493.5126s
	iters: 3800, epoch: 4 | loss: 0.0231787
	speed: 0.0519s/iter; left time: 29755.5024s
	iters: 3900, epoch: 4 | loss: 0.0155535
	speed: 0.0511s/iter; left time: 29281.6162s
	iters: 4000, epoch: 4 | loss: 0.0196440
	speed: 0.0514s/iter; left time: 29479.1804s
	iters: 4100, epoch: 4 | loss: 0.0142382
	speed: 0.0517s/iter; left time: 29637.2710s
	iters: 4200, epoch: 4 | loss: 0.0207818
	speed: 0.0513s/iter; left time: 29382.7073s
	iters: 4300, epoch: 4 | loss: 0.0208770
	speed: 0.0512s/iter; left time: 29331.3992s
	iters: 4400, epoch: 4 | loss: 0.0185238
	speed: 0.0517s/iter; left time: 29598.5685s
	iters: 4500, epoch: 4 | loss: 0.0205521
	speed: 0.0504s/iter; left time: 28847.0478s
	iters: 4600, epoch: 4 | loss: 0.0128610
	speed: 0.0511s/iter; left time: 29244.8051s
	iters: 4700, epoch: 4 | loss: 0.0214173
	speed: 0.0518s/iter; left time: 29628.2751s
	iters: 4800, epoch: 4 | loss: 0.0169652
	speed: 0.0515s/iter; left time: 29472.4104s
	iters: 4900, epoch: 4 | loss: 0.0187785
	speed: 0.0511s/iter; left time: 29270.4613s
	iters: 5000, epoch: 4 | loss: 0.0117630
	speed: 0.0513s/iter; left time: 29363.9323s
	iters: 5100, epoch: 4 | loss: 0.0165588
	speed: 0.0514s/iter; left time: 29425.7705s
	iters: 5200, epoch: 4 | loss: 0.0180232
	speed: 0.0511s/iter; left time: 29208.2196s
	iters: 5300, epoch: 4 | loss: 0.0133876
	speed: 0.0519s/iter; left time: 29651.7052s
	iters: 5400, epoch: 4 | loss: 0.0162817
	speed: 0.0512s/iter; left time: 29300.3494s
	iters: 5500, epoch: 4 | loss: 0.0192595
	speed: 0.0518s/iter; left time: 29614.0640s
	iters: 5600, epoch: 4 | loss: 0.0154663
	speed: 0.0515s/iter; left time: 29435.2654s
	iters: 5700, epoch: 4 | loss: 0.0252717
	speed: 0.0512s/iter; left time: 29249.7167s
	iters: 5800, epoch: 4 | loss: 0.0193505
	speed: 0.0517s/iter; left time: 29558.3744s
	iters: 5900, epoch: 4 | loss: 0.0160484
	speed: 0.0517s/iter; left time: 29560.1388s
Epoch: 4 cost time: 305.61499071121216
Epoch: 4, Steps: 5950 | Train Loss: 0.0188942 Vali Loss: 0.6520402 Test Loss: 0.3840296
EarlyStopping counter: 2 out of 3
Updating learning rate to 6.25e-06
	iters: 100, epoch: 5 | loss: 0.0219708
	speed: 0.6148s/iter; left time: 351118.3550s
	iters: 200, epoch: 5 | loss: 0.0145645
	speed: 0.0514s/iter; left time: 29358.0109s
	iters: 300, epoch: 5 | loss: 0.0161599
	speed: 0.0515s/iter; left time: 29390.9635s
	iters: 400, epoch: 5 | loss: 0.0244564
	speed: 0.0514s/iter; left time: 29365.4155s
	iters: 500, epoch: 5 | loss: 0.0193295
	speed: 0.0512s/iter; left time: 29248.2153s
	iters: 600, epoch: 5 | loss: 0.0133380
	speed: 0.0514s/iter; left time: 29306.4505s
	iters: 700, epoch: 5 | loss: 0.0120159
	speed: 0.0517s/iter; left time: 29478.0019s
	iters: 800, epoch: 5 | loss: 0.0154235
	speed: 0.0516s/iter; left time: 29419.2654s
	iters: 900, epoch: 5 | loss: 0.0269341
	speed: 0.0516s/iter; left time: 29404.1357s
	iters: 1000, epoch: 5 | loss: 0.0124098
	speed: 0.0518s/iter; left time: 29519.4365s
	iters: 1100, epoch: 5 | loss: 0.0136252
	speed: 0.0517s/iter; left time: 29452.2285s
	iters: 1200, epoch: 5 | loss: 0.0167821
	speed: 0.0515s/iter; left time: 29354.5954s
	iters: 1300, epoch: 5 | loss: 0.0147921
	speed: 0.0512s/iter; left time: 29162.6826s
	iters: 1400, epoch: 5 | loss: 0.0154410
	speed: 0.0514s/iter; left time: 29264.8308s
	iters: 1500, epoch: 5 | loss: 0.0146349
	speed: 0.0517s/iter; left time: 29467.5514s
	iters: 1600, epoch: 5 | loss: 0.0250763
	speed: 0.0512s/iter; left time: 29177.9481s
	iters: 1700, epoch: 5 | loss: 0.0148075
	speed: 0.0513s/iter; left time: 29218.3036s
	iters: 1800, epoch: 5 | loss: 0.0156052
	speed: 0.0517s/iter; left time: 29412.7544s
	iters: 1900, epoch: 5 | loss: 0.0161403
	speed: 0.0516s/iter; left time: 29356.0759s
	iters: 2000, epoch: 5 | loss: 0.0183983
	speed: 0.0509s/iter; left time: 28971.6234s
	iters: 2100, epoch: 5 | loss: 0.0238251
	speed: 0.0515s/iter; left time: 29301.5271s
	iters: 2200, epoch: 5 | loss: 0.0189645
	speed: 0.0514s/iter; left time: 29225.1729s
	iters: 2300, epoch: 5 | loss: 0.0122940
	speed: 0.0511s/iter; left time: 29087.3095s
	iters: 2400, epoch: 5 | loss: 0.0149772
	speed: 0.0515s/iter; left time: 29297.7476s
	iters: 2500, epoch: 5 | loss: 0.0143712
	speed: 0.0514s/iter; left time: 29232.5255s
	iters: 2600, epoch: 5 | loss: 0.0149830
	speed: 0.0515s/iter; left time: 29274.7273s
	iters: 2700, epoch: 5 | loss: 0.0227691
	speed: 0.0515s/iter; left time: 29286.3493s
	iters: 2800, epoch: 5 | loss: 0.0182400
	speed: 0.0514s/iter; left time: 29198.3696s
	iters: 2900, epoch: 5 | loss: 0.0132914
	speed: 0.0521s/iter; left time: 29585.1774s
	iters: 3000, epoch: 5 | loss: 0.0179047
	speed: 0.0510s/iter; left time: 28956.4615s
	iters: 3100, epoch: 5 | loss: 0.0235892
	speed: 0.0512s/iter; left time: 29063.4387s
	iters: 3200, epoch: 5 | loss: 0.0227327
	speed: 0.0510s/iter; left time: 28971.2857s
	iters: 3300, epoch: 5 | loss: 0.0141135
	speed: 0.0520s/iter; left time: 29510.7321s
	iters: 3400, epoch: 5 | loss: 0.0175294
	speed: 0.0511s/iter; left time: 29035.5445s
	iters: 3500, epoch: 5 | loss: 0.0129480
	speed: 0.0512s/iter; left time: 29087.7869s
	iters: 3600, epoch: 5 | loss: 0.0232050
	speed: 0.0521s/iter; left time: 29572.6619s
	iters: 3700, epoch: 5 | loss: 0.0153727
	speed: 0.0518s/iter; left time: 29384.6171s
	iters: 3800, epoch: 5 | loss: 0.0165718
	speed: 0.0514s/iter; left time: 29140.9222s
	iters: 3900, epoch: 5 | loss: 0.0154842
	speed: 0.0519s/iter; left time: 29470.6455s
	iters: 4000, epoch: 5 | loss: 0.0175419
	speed: 0.0520s/iter; left time: 29482.3680s
	iters: 4100, epoch: 5 | loss: 0.0154725
	speed: 0.0515s/iter; left time: 29200.7873s
	iters: 4200, epoch: 5 | loss: 0.0123877
	speed: 0.0511s/iter; left time: 28978.1372s
	iters: 4300, epoch: 5 | loss: 0.0231271
	speed: 0.0520s/iter; left time: 29473.2404s
	iters: 4400, epoch: 5 | loss: 0.0175577
	speed: 0.0517s/iter; left time: 29310.1297s
	iters: 4500, epoch: 5 | loss: 0.0199932
	speed: 0.0513s/iter; left time: 29065.0807s
	iters: 4600, epoch: 5 | loss: 0.0146612
	speed: 0.0511s/iter; left time: 28952.5648s
	iters: 4700, epoch: 5 | loss: 0.0134077
	speed: 0.0513s/iter; left time: 29033.4383s
	iters: 4800, epoch: 5 | loss: 0.0121915
	speed: 0.0511s/iter; left time: 28925.6446s
	iters: 4900, epoch: 5 | loss: 0.0129949
	speed: 0.0512s/iter; left time: 29005.3484s
	iters: 5000, epoch: 5 | loss: 0.0116334
	speed: 0.0519s/iter; left time: 29394.4758s
	iters: 5100, epoch: 5 | loss: 0.0128093
	speed: 0.0520s/iter; left time: 29457.1939s
	iters: 5200, epoch: 5 | loss: 0.0142126
	speed: 0.0505s/iter; left time: 28592.3776s
	iters: 5300, epoch: 5 | loss: 0.0125751
	speed: 0.0514s/iter; left time: 29103.9937s
	iters: 5400, epoch: 5 | loss: 0.0200740
	speed: 0.0516s/iter; left time: 29215.4547s
	iters: 5500, epoch: 5 | loss: 0.0185792
	speed: 0.0515s/iter; left time: 29124.6397s
	iters: 5600, epoch: 5 | loss: 0.0229708
	speed: 0.0513s/iter; left time: 29008.7836s
	iters: 5700, epoch: 5 | loss: 0.0252575
	speed: 0.0511s/iter; left time: 28871.5267s
	iters: 5800, epoch: 5 | loss: 0.0162267
	speed: 0.0518s/iter; left time: 29262.4186s
	iters: 5900, epoch: 5 | loss: 0.0190353
	speed: 0.0517s/iter; left time: 29210.9050s
Epoch: 5 cost time: 306.1429524421692
Epoch: 5, Steps: 5950 | Train Loss: 0.0167672 Vali Loss: 0.6339356 Test Loss: 0.3804534
EarlyStopping counter: 3 out of 3
Early stopping
>>>>>>>testing : informerstack_custom_ftMS_sl1008_ll504_pl168_dm256_nh8_el4_dl2_df1024_atprob_fc5_ebtimeF_dtTrue_mxTrue_exp_136_0<<<<<<<<<<<<<<<<<<<<<<<<<<<<<<<<<
test 13769
test shape: (1721, 8, 168, 1) (1721, 8, 168, 1)
test shape: (13768, 168, 1) (13768, 168, 1)
mse:0.27749204635620117, mae:0.4141383469104767, r2:-0.6268967390060425


Parsed metrics from Informer output (normalized scale):
  MSE:  0.2775
  MAE:  0.4141
  RMSE: 0.5268
  R2:   -0.6269

Metrics after inverse transformation (original scale):
  MSE:  19.3282
  MAE:  3.4563
  RMSE: 4.3964
  R2:   -0.6269
Warning: Failed to record experiment: 'gbk' codec can't encode character '\u2713' in position 0: illegal multibyte sequence
  Training time: 1836.75s
  RMSE: 4.3964
  MAE:  3.4563
  R2:   -0.6269

Saving results...
  Model: Native Informer (saved in external/Informer2020/checkpoints/)
  Predictions: Not saved (native Informer handles this internally)
  Metrics: E:\ANUS_learning\MSI5001-power-transformer-oil-temperature-prediction\models\experiments\exp_136_metrics.json
  Plot: Skipped (native Informer handles visualization internally)

======================================================================
Experiment complete: exp_136
======================================================================

======================================================================
Completed: 2025-11-08 03:56:23
Return code: 0
======================================================================
