======================================================================
Informer Native Training Log
Experiment: exp_135
Started: 2025-11-08 02:42:26
======================================================================

Command:
C:\ProgramData\anaconda3\python.exe E:\ANUS_learning\MSI5001-power-transformer-oil-temperature-prediction\external\Informer2020\main_informer.py --model informerstack --data custom --root_path ./data/ --data_path TX2.csv --features MS --target OT --freq h --seq_len 336 --label_len 168 --pred_len 168 --enc_in 6 --dec_in 1 --c_out 1 --d_model 256 --n_heads 8 --e_layers 3 --d_layers 1 --d_ff 1024 --factor 5 --dropout 0.05 --attn prob --embed timeF --activation gelu --batch_size 8 --train_epochs 50 --patience 10 --learning_rate 0.0001 --des exp_135 --itr 1

======================================================================

Args in experiment:
Namespace(model='informerstack', data='custom', root_path='./data/', data_path='TX1.csv', features='MS', target='OT', freq='h', checkpoints='./checkpoints/', seq_len=336, label_len=168, pred_len=168, enc_in=6, dec_in=1, c_out=1, d_model=256, n_heads=8, e_layers=3, d_layers=1, s_layers=[3, 2, 1], d_ff=1024, factor=5, padding=0, distil=True, dropout=0.05, attn='prob', embed='timeF', activation='gelu', output_attention=False, do_predict=False, mix=True, cols=None, num_workers=0, itr=1, train_epochs=50, batch_size=8, patience=10, learning_rate=0.0001, des='exp_135', loss='mse', lradj='type1', use_amp=False, inverse=False, use_gpu=True, gpu=0, use_multi_gpu=False, devices='0,1,2,3', detail_freq='h')
Use GPU: cuda:0
>>>>>>>start training : informerstack_custom_ftMS_sl336_ll168_pl168_dm256_nh8_el3_dl1_df1024_atprob_fc5_ebtimeF_dtTrue_mxTrue_exp_135_0>>>>>>>>>>>>>>>>>>>>>>>>>>
train 48273
val 6801
test 13769
	iters: 100, epoch: 1 | loss: 0.1920405
	speed: 0.0414s/iter; left time: 12481.3050s
	iters: 200, epoch: 1 | loss: 0.1628910
	speed: 0.0300s/iter; left time: 9039.9823s
	iters: 300, epoch: 1 | loss: 0.2341357
	speed: 0.0305s/iter; left time: 9188.5546s
	iters: 400, epoch: 1 | loss: 0.2007554
	speed: 0.0311s/iter; left time: 9368.0643s
	iters: 500, epoch: 1 | loss: 0.1378720
	speed: 0.0302s/iter; left time: 9103.0844s
	iters: 600, epoch: 1 | loss: 0.1452668
	speed: 0.0311s/iter; left time: 9350.8760s
	iters: 700, epoch: 1 | loss: 0.1718603
	speed: 0.0297s/iter; left time: 8948.0702s
	iters: 800, epoch: 1 | loss: 0.1468463
	speed: 0.0300s/iter; left time: 9022.0053s
	iters: 900, epoch: 1 | loss: 0.2956307
	speed: 0.0295s/iter; left time: 8862.4153s
	iters: 1000, epoch: 1 | loss: 0.0925630
	speed: 0.0303s/iter; left time: 9104.5556s
	iters: 1100, epoch: 1 | loss: 0.1657054
	speed: 0.0301s/iter; left time: 9050.8902s
	iters: 1200, epoch: 1 | loss: 0.1292911
	speed: 0.0299s/iter; left time: 8996.4782s
	iters: 1300, epoch: 1 | loss: 0.1550505
	speed: 0.0301s/iter; left time: 9045.0015s
	iters: 1400, epoch: 1 | loss: 0.0945103
	speed: 0.0296s/iter; left time: 8896.5606s
	iters: 1500, epoch: 1 | loss: 0.1783007
	speed: 0.0299s/iter; left time: 8972.2695s
	iters: 1600, epoch: 1 | loss: 0.0847934
	speed: 0.0300s/iter; left time: 9012.5139s
	iters: 1700, epoch: 1 | loss: 0.0918890
	speed: 0.0303s/iter; left time: 9101.0430s
	iters: 1800, epoch: 1 | loss: 0.1139812
	speed: 0.0300s/iter; left time: 9008.3166s
	iters: 1900, epoch: 1 | loss: 0.1323784
	speed: 0.0303s/iter; left time: 9085.9323s
	iters: 2000, epoch: 1 | loss: 0.1114255
	speed: 0.0307s/iter; left time: 9213.8266s
	iters: 2100, epoch: 1 | loss: 0.0927573
	speed: 0.0294s/iter; left time: 8815.5790s
	iters: 2200, epoch: 1 | loss: 0.1831389
	speed: 0.0301s/iter; left time: 9001.1286s
	iters: 2300, epoch: 1 | loss: 0.1190749
	speed: 0.0294s/iter; left time: 8810.9833s
	iters: 2400, epoch: 1 | loss: 0.1002852
	speed: 0.0304s/iter; left time: 9099.3647s
	iters: 2500, epoch: 1 | loss: 0.0866664
	speed: 0.0308s/iter; left time: 9208.4696s
	iters: 2600, epoch: 1 | loss: 0.2753727
	speed: 0.0303s/iter; left time: 9050.8391s
	iters: 2700, epoch: 1 | loss: 0.0723240
	speed: 0.0298s/iter; left time: 8897.2235s
	iters: 2800, epoch: 1 | loss: 0.0639630
	speed: 0.0297s/iter; left time: 8864.2266s
	iters: 2900, epoch: 1 | loss: 0.0622128
	speed: 0.0295s/iter; left time: 8801.9825s
	iters: 3000, epoch: 1 | loss: 0.1010570
	speed: 0.0304s/iter; left time: 9084.7604s
	iters: 3100, epoch: 1 | loss: 0.1087611
	speed: 0.0306s/iter; left time: 9123.5536s
	iters: 3200, epoch: 1 | loss: 0.0912298
	speed: 0.0311s/iter; left time: 9275.5964s
	iters: 3300, epoch: 1 | loss: 0.0957676
	speed: 0.0303s/iter; left time: 9031.7302s
	iters: 3400, epoch: 1 | loss: 0.1157543
	speed: 0.0301s/iter; left time: 8966.5548s
	iters: 3500, epoch: 1 | loss: 0.0952113
	speed: 0.0297s/iter; left time: 8854.8720s
	iters: 3600, epoch: 1 | loss: 0.0741937
	speed: 0.0290s/iter; left time: 8632.4297s
	iters: 3700, epoch: 1 | loss: 0.0867564
	speed: 0.0297s/iter; left time: 8839.0261s
	iters: 3800, epoch: 1 | loss: 0.1336815
	speed: 0.0311s/iter; left time: 9251.2480s
	iters: 3900, epoch: 1 | loss: 0.0569153
	speed: 0.0307s/iter; left time: 9138.3788s
	iters: 4000, epoch: 1 | loss: 0.0411108
	speed: 0.0302s/iter; left time: 8994.9175s
	iters: 4100, epoch: 1 | loss: 0.0844663
	speed: 0.0301s/iter; left time: 8971.7587s
	iters: 4200, epoch: 1 | loss: 0.0521158
	speed: 0.0292s/iter; left time: 8672.7491s
	iters: 4300, epoch: 1 | loss: 0.0650594
	speed: 0.0297s/iter; left time: 8824.8173s
	iters: 4400, epoch: 1 | loss: 0.1165276
	speed: 0.0316s/iter; left time: 9395.4022s
	iters: 4500, epoch: 1 | loss: 0.0828046
	speed: 0.0308s/iter; left time: 9139.9718s
	iters: 4600, epoch: 1 | loss: 0.0660916
	speed: 0.0303s/iter; left time: 8998.8558s
	iters: 4700, epoch: 1 | loss: 0.0538409
	speed: 0.0294s/iter; left time: 8723.7126s
	iters: 4800, epoch: 1 | loss: 0.0864301
	speed: 0.0288s/iter; left time: 8548.4203s
	iters: 4900, epoch: 1 | loss: 0.0472484
	speed: 0.0297s/iter; left time: 8826.7173s
	iters: 5000, epoch: 1 | loss: 0.0657355
	speed: 0.0311s/iter; left time: 9238.3958s
	iters: 5100, epoch: 1 | loss: 0.0575646
	speed: 0.0311s/iter; left time: 9222.9529s
	iters: 5200, epoch: 1 | loss: 0.0674278
	speed: 0.0309s/iter; left time: 9159.5860s
	iters: 5300, epoch: 1 | loss: 0.0960788
	speed: 0.0295s/iter; left time: 8738.6200s
	iters: 5400, epoch: 1 | loss: 0.0802153
	speed: 0.0297s/iter; left time: 8796.8082s
	iters: 5500, epoch: 1 | loss: 0.0927325
	speed: 0.0301s/iter; left time: 8915.4672s
	iters: 5600, epoch: 1 | loss: 0.0654753
	speed: 0.0309s/iter; left time: 9148.7208s
	iters: 5700, epoch: 1 | loss: 0.0626685
	speed: 0.0302s/iter; left time: 8934.8243s
	iters: 5800, epoch: 1 | loss: 0.0710638
	speed: 0.0311s/iter; left time: 9209.8599s
	iters: 5900, epoch: 1 | loss: 0.0436896
	speed: 0.0301s/iter; left time: 8910.0031s
	iters: 6000, epoch: 1 | loss: 0.0427462
	speed: 0.0298s/iter; left time: 8803.1746s
Epoch: 1 cost time: 182.31700778007507
Epoch: 1, Steps: 6034 | Train Loss: 0.1089999 Vali Loss: 0.7907373 Test Loss: 0.7474460
Validation loss decreased (inf --> 0.790737).  Saving model ...
Updating learning rate to 0.0001
	iters: 100, epoch: 2 | loss: 0.0383444
	speed: 0.3555s/iter; left time: 105066.1963s
	iters: 200, epoch: 2 | loss: 0.0498221
	speed: 0.0300s/iter; left time: 8866.4227s
	iters: 300, epoch: 2 | loss: 0.0563256
	speed: 0.0310s/iter; left time: 9154.5944s
	iters: 400, epoch: 2 | loss: 0.0399686
	speed: 0.0304s/iter; left time: 8983.1367s
	iters: 500, epoch: 2 | loss: 0.0454455
	speed: 0.0307s/iter; left time: 9062.3501s
	iters: 600, epoch: 2 | loss: 0.0409484
	speed: 0.0305s/iter; left time: 9008.5368s
	iters: 700, epoch: 2 | loss: 0.0539531
	speed: 0.0292s/iter; left time: 8609.8375s
	iters: 800, epoch: 2 | loss: 0.0767019
	speed: 0.0290s/iter; left time: 8544.8590s
	iters: 900, epoch: 2 | loss: 0.0678418
	speed: 0.0305s/iter; left time: 8991.8636s
	iters: 1000, epoch: 2 | loss: 0.0667554
	speed: 0.0309s/iter; left time: 9102.2011s
	iters: 1100, epoch: 2 | loss: 0.0595912
	speed: 0.0306s/iter; left time: 9007.9322s
	iters: 1200, epoch: 2 | loss: 0.0537900
	speed: 0.0302s/iter; left time: 8898.9081s
	iters: 1300, epoch: 2 | loss: 0.0676100
	speed: 0.0298s/iter; left time: 8778.5857s
	iters: 1400, epoch: 2 | loss: 0.0469412
	speed: 0.0296s/iter; left time: 8709.6922s
	iters: 1500, epoch: 2 | loss: 0.0493528
	speed: 0.0299s/iter; left time: 8810.2115s
	iters: 1600, epoch: 2 | loss: 0.0549400
	speed: 0.0302s/iter; left time: 8893.0171s
	iters: 1700, epoch: 2 | loss: 0.0350929
	speed: 0.0307s/iter; left time: 9024.0774s
	iters: 1800, epoch: 2 | loss: 0.0562934
	speed: 0.0304s/iter; left time: 8923.5180s
	iters: 1900, epoch: 2 | loss: 0.0413703
	speed: 0.0309s/iter; left time: 9075.1462s
	iters: 2000, epoch: 2 | loss: 0.0537582
	speed: 0.0298s/iter; left time: 8738.4617s
	iters: 2100, epoch: 2 | loss: 0.0407828
	speed: 0.0298s/iter; left time: 8753.4747s
	iters: 2200, epoch: 2 | loss: 0.0397112
	speed: 0.0306s/iter; left time: 8993.1342s
	iters: 2300, epoch: 2 | loss: 0.0506755
	speed: 0.0309s/iter; left time: 9065.3660s
	iters: 2400, epoch: 2 | loss: 0.0452390
	speed: 0.0318s/iter; left time: 9327.1850s
	iters: 2500, epoch: 2 | loss: 0.0286398
	speed: 0.0304s/iter; left time: 8911.2898s
	iters: 2600, epoch: 2 | loss: 0.0532606
	speed: 0.0299s/iter; left time: 8749.0635s
	iters: 2700, epoch: 2 | loss: 0.0358781
	speed: 0.0291s/iter; left time: 8531.6696s
	iters: 2800, epoch: 2 | loss: 0.0387045
	speed: 0.0305s/iter; left time: 8928.1833s
	iters: 2900, epoch: 2 | loss: 0.0437861
	speed: 0.0308s/iter; left time: 9031.0642s
	iters: 3000, epoch: 2 | loss: 0.0360393
	speed: 0.0317s/iter; left time: 9291.6740s
	iters: 3100, epoch: 2 | loss: 0.0562793
	speed: 0.0305s/iter; left time: 8925.5687s
	iters: 3200, epoch: 2 | loss: 0.0466899
	speed: 0.0291s/iter; left time: 8514.3699s
	iters: 3300, epoch: 2 | loss: 0.0249934
	speed: 0.0294s/iter; left time: 8599.5172s
	iters: 3400, epoch: 2 | loss: 0.0475741
	speed: 0.0306s/iter; left time: 8939.4142s
	iters: 3500, epoch: 2 | loss: 0.0537569
	speed: 0.0315s/iter; left time: 9200.3038s
	iters: 3600, epoch: 2 | loss: 0.0542170
	speed: 0.0312s/iter; left time: 9116.8694s
	iters: 3700, epoch: 2 | loss: 0.0615689
	speed: 0.0311s/iter; left time: 9074.2433s
	iters: 3800, epoch: 2 | loss: 0.0313666
	speed: 0.0293s/iter; left time: 8540.9445s
	iters: 3900, epoch: 2 | loss: 0.0406133
	speed: 0.0294s/iter; left time: 8573.7164s
	iters: 4000, epoch: 2 | loss: 0.0412037
	speed: 0.0303s/iter; left time: 8843.2755s
	iters: 4100, epoch: 2 | loss: 0.0508348
	speed: 0.0310s/iter; left time: 9047.8709s
	iters: 4200, epoch: 2 | loss: 0.0338322
	speed: 0.0309s/iter; left time: 9002.9722s
	iters: 4300, epoch: 2 | loss: 0.0292805
	speed: 0.0299s/iter; left time: 8697.7208s
	iters: 4400, epoch: 2 | loss: 0.0424238
	speed: 0.0301s/iter; left time: 8757.0993s
	iters: 4500, epoch: 2 | loss: 0.0333608
	speed: 0.0293s/iter; left time: 8528.9212s
	iters: 4600, epoch: 2 | loss: 0.0228694
	speed: 0.0299s/iter; left time: 8689.6501s
	iters: 4700, epoch: 2 | loss: 0.0521092
	speed: 0.0304s/iter; left time: 8835.8809s
	iters: 4800, epoch: 2 | loss: 0.0396027
	speed: 0.0310s/iter; left time: 9018.4412s
	iters: 4900, epoch: 2 | loss: 0.0269648
	speed: 0.0310s/iter; left time: 9014.3209s
	iters: 5000, epoch: 2 | loss: 0.0220188
	speed: 0.0307s/iter; left time: 8931.4185s
	iters: 5100, epoch: 2 | loss: 0.0575632
	speed: 0.0299s/iter; left time: 8700.0449s
	iters: 5200, epoch: 2 | loss: 0.0298812
	speed: 0.0299s/iter; left time: 8679.2230s
	iters: 5300, epoch: 2 | loss: 0.0367733
	speed: 0.0301s/iter; left time: 8730.0424s
	iters: 5400, epoch: 2 | loss: 0.0418411
	speed: 0.0308s/iter; left time: 8945.0553s
	iters: 5500, epoch: 2 | loss: 0.0325679
	speed: 0.0308s/iter; left time: 8923.5112s
	iters: 5600, epoch: 2 | loss: 0.0275173
	speed: 0.0300s/iter; left time: 8699.2914s
	iters: 5700, epoch: 2 | loss: 0.0353770
	speed: 0.0303s/iter; left time: 8797.6124s
	iters: 5800, epoch: 2 | loss: 0.0241521
	speed: 0.0296s/iter; left time: 8586.8167s
	iters: 5900, epoch: 2 | loss: 0.0332573
	speed: 0.0306s/iter; left time: 8856.0215s
	iters: 6000, epoch: 2 | loss: 0.0229644
	speed: 0.0306s/iter; left time: 8851.0253s
Epoch: 2 cost time: 182.95430707931519
Epoch: 2, Steps: 6034 | Train Loss: 0.0440724 Vali Loss: 0.7113329 Test Loss: 0.7046732
Validation loss decreased (0.790737 --> 0.711333).  Saving model ...
Updating learning rate to 5e-05
	iters: 100, epoch: 3 | loss: 0.0293408
	speed: 0.3587s/iter; left time: 103852.1685s
	iters: 200, epoch: 3 | loss: 0.0246546
	speed: 0.0313s/iter; left time: 9058.3686s
	iters: 300, epoch: 3 | loss: 0.0381579
	speed: 0.0305s/iter; left time: 8812.5803s
	iters: 400, epoch: 3 | loss: 0.0299144
	speed: 0.0297s/iter; left time: 8602.2148s
	iters: 500, epoch: 3 | loss: 0.0226792
	speed: 0.0295s/iter; left time: 8527.8464s
	iters: 600, epoch: 3 | loss: 0.0423153
	speed: 0.0298s/iter; left time: 8618.3669s
	iters: 700, epoch: 3 | loss: 0.0238646
	speed: 0.0308s/iter; left time: 8904.8435s
	iters: 800, epoch: 3 | loss: 0.0136039
	speed: 0.0315s/iter; left time: 9106.0895s
	iters: 900, epoch: 3 | loss: 0.0317111
	speed: 0.0305s/iter; left time: 8797.1938s
	iters: 1000, epoch: 3 | loss: 0.0303708
	speed: 0.0303s/iter; left time: 8741.1082s
	iters: 1100, epoch: 3 | loss: 0.0208919
	speed: 0.0295s/iter; left time: 8519.4654s
	iters: 1200, epoch: 3 | loss: 0.0264047
	speed: 0.0294s/iter; left time: 8465.9616s
	iters: 1300, epoch: 3 | loss: 0.0364134
	speed: 0.0312s/iter; left time: 8983.8786s
	iters: 1400, epoch: 3 | loss: 0.0164845
	speed: 0.0305s/iter; left time: 8804.4133s
	iters: 1500, epoch: 3 | loss: 0.0263552
	speed: 0.0316s/iter; left time: 9110.0646s
	iters: 1600, epoch: 3 | loss: 0.0254271
	speed: 0.0306s/iter; left time: 8807.2466s
	iters: 1700, epoch: 3 | loss: 0.0267637
	speed: 0.0296s/iter; left time: 8514.2317s
	iters: 1800, epoch: 3 | loss: 0.0209936
	speed: 0.0297s/iter; left time: 8544.8967s
	iters: 1900, epoch: 3 | loss: 0.0405706
	speed: 0.0306s/iter; left time: 8790.9307s
	iters: 2000, epoch: 3 | loss: 0.0187171
	speed: 0.0307s/iter; left time: 8843.9653s
	iters: 2100, epoch: 3 | loss: 0.0154046
	speed: 0.0312s/iter; left time: 8958.9269s
	iters: 2200, epoch: 3 | loss: 0.0201856
	speed: 0.0306s/iter; left time: 8805.6790s
	iters: 2300, epoch: 3 | loss: 0.0203710
	speed: 0.0298s/iter; left time: 8548.4524s
	iters: 2400, epoch: 3 | loss: 0.0244935
	speed: 0.0298s/iter; left time: 8565.1131s
	iters: 2500, epoch: 3 | loss: 0.0319873
	speed: 0.0302s/iter; left time: 8684.1216s
	iters: 2600, epoch: 3 | loss: 0.0274310
	speed: 0.0302s/iter; left time: 8678.6760s
	iters: 2700, epoch: 3 | loss: 0.0264771
	speed: 0.0309s/iter; left time: 8857.5414s
	iters: 2800, epoch: 3 | loss: 0.0230136
	speed: 0.0309s/iter; left time: 8869.2751s
	iters: 2900, epoch: 3 | loss: 0.0206091
	speed: 0.0304s/iter; left time: 8724.9474s
	iters: 3000, epoch: 3 | loss: 0.0156731
	speed: 0.0290s/iter; left time: 8318.0130s
	iters: 3100, epoch: 3 | loss: 0.0186764
	speed: 0.0297s/iter; left time: 8517.5489s
	iters: 3200, epoch: 3 | loss: 0.0215950
	speed: 0.0296s/iter; left time: 8489.2608s
	iters: 3300, epoch: 3 | loss: 0.0221963
	speed: 0.0307s/iter; left time: 8783.3859s
	iters: 3400, epoch: 3 | loss: 0.0183332
	speed: 0.0308s/iter; left time: 8807.1243s
	iters: 3500, epoch: 3 | loss: 0.0383556
	speed: 0.0307s/iter; left time: 8793.2258s
	iters: 3600, epoch: 3 | loss: 0.0278233
	speed: 0.0301s/iter; left time: 8598.1112s
	iters: 3700, epoch: 3 | loss: 0.0181218
	speed: 0.0299s/iter; left time: 8556.1416s
	iters: 3800, epoch: 3 | loss: 0.0267661
	speed: 0.0299s/iter; left time: 8538.7680s
	iters: 3900, epoch: 3 | loss: 0.0187386
	speed: 0.0297s/iter; left time: 8474.8042s
	iters: 4000, epoch: 3 | loss: 0.0191848
	speed: 0.0311s/iter; left time: 8879.7279s
	iters: 4100, epoch: 3 | loss: 0.0200371
	speed: 0.0300s/iter; left time: 8555.8752s
	iters: 4200, epoch: 3 | loss: 0.0219652
	speed: 0.0306s/iter; left time: 8742.6024s
	iters: 4300, epoch: 3 | loss: 0.0285389
	speed: 0.0295s/iter; left time: 8409.0629s
	iters: 4400, epoch: 3 | loss: 0.0275107
	speed: 0.0300s/iter; left time: 8545.8780s
	iters: 4500, epoch: 3 | loss: 0.0170572
	speed: 0.0296s/iter; left time: 8442.2653s
	iters: 4600, epoch: 3 | loss: 0.0233296
	speed: 0.0307s/iter; left time: 8737.8532s
	iters: 4700, epoch: 3 | loss: 0.0234592
	speed: 0.0306s/iter; left time: 8723.5052s
	iters: 4800, epoch: 3 | loss: 0.0277792
	speed: 0.0303s/iter; left time: 8640.0911s
	iters: 4900, epoch: 3 | loss: 0.0243193
	speed: 0.0306s/iter; left time: 8710.1902s
	iters: 5000, epoch: 3 | loss: 0.0197397
	speed: 0.0294s/iter; left time: 8375.0834s
	iters: 5100, epoch: 3 | loss: 0.0189002
	speed: 0.0294s/iter; left time: 8358.1569s
	iters: 5200, epoch: 3 | loss: 0.0229966
	speed: 0.0302s/iter; left time: 8587.1911s
	iters: 5300, epoch: 3 | loss: 0.0231431
	speed: 0.0305s/iter; left time: 8681.4267s
	iters: 5400, epoch: 3 | loss: 0.0243714
	speed: 0.0306s/iter; left time: 8705.4265s
	iters: 5500, epoch: 3 | loss: 0.0238147
	speed: 0.0303s/iter; left time: 8615.5705s
	iters: 5600, epoch: 3 | loss: 0.0211322
	speed: 0.0297s/iter; left time: 8429.4945s
	iters: 5700, epoch: 3 | loss: 0.0180841
	speed: 0.0292s/iter; left time: 8296.1301s
	iters: 5800, epoch: 3 | loss: 0.0154846
	speed: 0.0298s/iter; left time: 8470.9998s
	iters: 5900, epoch: 3 | loss: 0.0190779
	speed: 0.0296s/iter; left time: 8401.2129s
	iters: 6000, epoch: 3 | loss: 0.0284912
	speed: 0.0304s/iter; left time: 8627.5405s
Epoch: 3 cost time: 182.60562682151794
Epoch: 3, Steps: 6034 | Train Loss: 0.0246135 Vali Loss: 0.7359207 Test Loss: 0.6754401
EarlyStopping counter: 1 out of 10
Updating learning rate to 2.5e-05
	iters: 100, epoch: 4 | loss: 0.0134896
	speed: 0.3568s/iter; left time: 101165.7048s
	iters: 200, epoch: 4 | loss: 0.0167250
	speed: 0.0297s/iter; left time: 8418.7977s
	iters: 300, epoch: 4 | loss: 0.0179403
	speed: 0.0301s/iter; left time: 8523.6525s
	iters: 400, epoch: 4 | loss: 0.0146829
	speed: 0.0294s/iter; left time: 8336.4076s
	iters: 500, epoch: 4 | loss: 0.0297993
	speed: 0.0302s/iter; left time: 8550.2829s
	iters: 600, epoch: 4 | loss: 0.0221659
	speed: 0.0303s/iter; left time: 8583.8886s
	iters: 700, epoch: 4 | loss: 0.0144353
	speed: 0.0307s/iter; left time: 8687.8353s
	iters: 800, epoch: 4 | loss: 0.0208778
	speed: 0.0301s/iter; left time: 8521.1425s
	iters: 900, epoch: 4 | loss: 0.0154389
	speed: 0.0307s/iter; left time: 8678.3132s
	iters: 1000, epoch: 4 | loss: 0.0173668
	speed: 0.0297s/iter; left time: 8393.8426s
	iters: 1100, epoch: 4 | loss: 0.0188793
	speed: 0.0300s/iter; left time: 8464.9270s
	iters: 1200, epoch: 4 | loss: 0.0246103
	speed: 0.0308s/iter; left time: 8697.1591s
	iters: 1300, epoch: 4 | loss: 0.0164007
	speed: 0.0298s/iter; left time: 8415.7207s
	iters: 1400, epoch: 4 | loss: 0.0155464
	speed: 0.0304s/iter; left time: 8584.4096s
	iters: 1500, epoch: 4 | loss: 0.0265187
	speed: 0.0296s/iter; left time: 8354.4868s
	iters: 1600, epoch: 4 | loss: 0.0146541
	speed: 0.0295s/iter; left time: 8310.2343s
	iters: 1700, epoch: 4 | loss: 0.0194318
	speed: 0.0301s/iter; left time: 8476.0153s
	iters: 1800, epoch: 4 | loss: 0.0133200
	speed: 0.0307s/iter; left time: 8663.3569s
	iters: 1900, epoch: 4 | loss: 0.0350271
	speed: 0.0303s/iter; left time: 8539.6014s
	iters: 2000, epoch: 4 | loss: 0.0134423
	speed: 0.0311s/iter; left time: 8745.5128s
	iters: 2100, epoch: 4 | loss: 0.0192091
	speed: 0.0312s/iter; left time: 8795.4746s
	iters: 2200, epoch: 4 | loss: 0.0113536
	speed: 0.0300s/iter; left time: 8434.3861s
	iters: 2300, epoch: 4 | loss: 0.0128339
	speed: 0.0299s/iter; left time: 8400.5876s
	iters: 2400, epoch: 4 | loss: 0.0152122
	speed: 0.0298s/iter; left time: 8386.5083s
	iters: 2500, epoch: 4 | loss: 0.0254022
	speed: 0.0296s/iter; left time: 8326.0207s
	iters: 2600, epoch: 4 | loss: 0.0210569
	speed: 0.0316s/iter; left time: 8875.6849s
	iters: 2700, epoch: 4 | loss: 0.0160798
	speed: 0.0302s/iter; left time: 8484.6486s
	iters: 2800, epoch: 4 | loss: 0.0194641
	speed: 0.0301s/iter; left time: 8441.9903s
	iters: 2900, epoch: 4 | loss: 0.0155144
	speed: 0.0297s/iter; left time: 8329.0273s
	iters: 3000, epoch: 4 | loss: 0.0152513
	speed: 0.0301s/iter; left time: 8440.8966s
	iters: 3100, epoch: 4 | loss: 0.0146230
	speed: 0.0304s/iter; left time: 8524.1540s
	iters: 3200, epoch: 4 | loss: 0.0157342
	speed: 0.0304s/iter; left time: 8521.6947s
	iters: 3300, epoch: 4 | loss: 0.0128336
	speed: 0.0308s/iter; left time: 8640.5521s
	iters: 3400, epoch: 4 | loss: 0.0188987
	speed: 0.0298s/iter; left time: 8336.2066s
	iters: 3500, epoch: 4 | loss: 0.0193681
	speed: 0.0298s/iter; left time: 8351.5561s
	iters: 3600, epoch: 4 | loss: 0.0173161
	speed: 0.0299s/iter; left time: 8384.0278s
	iters: 3700, epoch: 4 | loss: 0.0225667
	speed: 0.0300s/iter; left time: 8383.7248s
	iters: 3800, epoch: 4 | loss: 0.0176444
	speed: 0.0307s/iter; left time: 8590.7670s
	iters: 3900, epoch: 4 | loss: 0.0184058
	speed: 0.0306s/iter; left time: 8559.6081s
	iters: 4000, epoch: 4 | loss: 0.0168725
	speed: 0.0308s/iter; left time: 8601.6804s
	iters: 4100, epoch: 4 | loss: 0.0168325
	speed: 0.0302s/iter; left time: 8426.9091s
	iters: 4200, epoch: 4 | loss: 0.0121463
	speed: 0.0291s/iter; left time: 8136.0008s
	iters: 4300, epoch: 4 | loss: 0.0150215
	speed: 0.0294s/iter; left time: 8202.5356s
	iters: 4400, epoch: 4 | loss: 0.0147388
	speed: 0.0301s/iter; left time: 8404.5649s
	iters: 4500, epoch: 4 | loss: 0.0179171
	speed: 0.0314s/iter; left time: 8767.1192s
	iters: 4600, epoch: 4 | loss: 0.0141390
	speed: 0.0310s/iter; left time: 8645.6229s
	iters: 4700, epoch: 4 | loss: 0.0177078
	speed: 0.0301s/iter; left time: 8397.9924s
	iters: 4800, epoch: 4 | loss: 0.0234489
	speed: 0.0291s/iter; left time: 8107.5640s
	iters: 4900, epoch: 4 | loss: 0.0200801
	speed: 0.0294s/iter; left time: 8186.6024s
	iters: 5000, epoch: 4 | loss: 0.0197209
	speed: 0.0299s/iter; left time: 8341.5502s
	iters: 5100, epoch: 4 | loss: 0.0220099
	speed: 0.0310s/iter; left time: 8630.3314s
	iters: 5200, epoch: 4 | loss: 0.0223409
	speed: 0.0299s/iter; left time: 8337.1756s
	iters: 5300, epoch: 4 | loss: 0.0128048
	speed: 0.0306s/iter; left time: 8506.9765s
	iters: 5400, epoch: 4 | loss: 0.0163794
	speed: 0.0289s/iter; left time: 8042.7856s
	iters: 5500, epoch: 4 | loss: 0.0133904
	speed: 0.0295s/iter; left time: 8213.1395s
	iters: 5600, epoch: 4 | loss: 0.0201663
	speed: 0.0300s/iter; left time: 8334.6205s
	iters: 5700, epoch: 4 | loss: 0.0116534
	speed: 0.0304s/iter; left time: 8461.5934s
	iters: 5800, epoch: 4 | loss: 0.0105152
	speed: 0.0308s/iter; left time: 8558.4529s
	iters: 5900, epoch: 4 | loss: 0.0161486
	speed: 0.0310s/iter; left time: 8617.1011s
	iters: 6000, epoch: 4 | loss: 0.0147734
	speed: 0.0302s/iter; left time: 8380.4102s
Epoch: 4 cost time: 182.05858516693115
Epoch: 4, Steps: 6034 | Train Loss: 0.0184658 Vali Loss: 0.7649599 Test Loss: 0.7566436
EarlyStopping counter: 2 out of 10
Updating learning rate to 1.25e-05
	iters: 100, epoch: 5 | loss: 0.0083717
	speed: 0.3565s/iter; left time: 98915.3777s
	iters: 200, epoch: 5 | loss: 0.0158333
	speed: 0.0295s/iter; left time: 8195.1588s
	iters: 300, epoch: 5 | loss: 0.0137594
	speed: 0.0298s/iter; left time: 8258.6821s
	iters: 400, epoch: 5 | loss: 0.0214748
	speed: 0.0304s/iter; left time: 8432.5773s
	iters: 500, epoch: 5 | loss: 0.0159002
	speed: 0.0304s/iter; left time: 8419.4525s
	iters: 600, epoch: 5 | loss: 0.0265392
	speed: 0.0305s/iter; left time: 8434.1187s
	iters: 700, epoch: 5 | loss: 0.0146892
	speed: 0.0299s/iter; left time: 8285.7272s
	iters: 800, epoch: 5 | loss: 0.0147371
	speed: 0.0296s/iter; left time: 8195.6734s
	iters: 900, epoch: 5 | loss: 0.0124825
	speed: 0.0295s/iter; left time: 8153.1857s
	iters: 1000, epoch: 5 | loss: 0.0206211
	speed: 0.0307s/iter; left time: 8501.1119s
	iters: 1100, epoch: 5 | loss: 0.0103467
	speed: 0.0305s/iter; left time: 8442.9936s
	iters: 1200, epoch: 5 | loss: 0.0162616
	speed: 0.0306s/iter; left time: 8456.1297s
	iters: 1300, epoch: 5 | loss: 0.0142736
	speed: 0.0299s/iter; left time: 8250.1346s
	iters: 1400, epoch: 5 | loss: 0.0163726
	speed: 0.0292s/iter; left time: 8075.0778s
	iters: 1500, epoch: 5 | loss: 0.0222428
	speed: 0.0297s/iter; left time: 8202.2010s
	iters: 1600, epoch: 5 | loss: 0.0169202
	speed: 0.0305s/iter; left time: 8405.8808s
	iters: 1700, epoch: 5 | loss: 0.0179720
	speed: 0.0308s/iter; left time: 8505.0829s
	iters: 1800, epoch: 5 | loss: 0.0194226
	speed: 0.0313s/iter; left time: 8628.5986s
	iters: 1900, epoch: 5 | loss: 0.0148008
	speed: 0.0308s/iter; left time: 8479.7044s
	iters: 2000, epoch: 5 | loss: 0.0195272
	speed: 0.0296s/iter; left time: 8169.1512s
	iters: 2100, epoch: 5 | loss: 0.0173278
	speed: 0.0293s/iter; left time: 8063.1162s
	iters: 2200, epoch: 5 | loss: 0.0105901
	speed: 0.0302s/iter; left time: 8327.1254s
	iters: 2300, epoch: 5 | loss: 0.0154124
	speed: 0.0312s/iter; left time: 8599.6693s
	iters: 2400, epoch: 5 | loss: 0.0117579
	speed: 0.0309s/iter; left time: 8492.4722s
	iters: 2500, epoch: 5 | loss: 0.0197191
	speed: 0.0319s/iter; left time: 8782.1076s
	iters: 2600, epoch: 5 | loss: 0.0117471
	speed: 0.0297s/iter; left time: 8158.5210s
	iters: 2700, epoch: 5 | loss: 0.0189381
	speed: 0.0291s/iter; left time: 8011.9149s
	iters: 2800, epoch: 5 | loss: 0.0175612
	speed: 0.0296s/iter; left time: 8133.2845s
	iters: 2900, epoch: 5 | loss: 0.0135764
	speed: 0.0306s/iter; left time: 8411.7767s
	iters: 3000, epoch: 5 | loss: 0.0136309
	speed: 0.0305s/iter; left time: 8376.7330s
	iters: 3100, epoch: 5 | loss: 0.0142107
	speed: 0.0311s/iter; left time: 8542.7786s
	iters: 3200, epoch: 5 | loss: 0.0172684
	speed: 0.0294s/iter; left time: 8068.1431s
	iters: 3300, epoch: 5 | loss: 0.0140358
	speed: 0.0291s/iter; left time: 7971.2385s
	iters: 3400, epoch: 5 | loss: 0.0114453
	speed: 0.0298s/iter; left time: 8166.8135s
	iters: 3500, epoch: 5 | loss: 0.0221097
	speed: 0.0304s/iter; left time: 8329.2706s
	iters: 3600, epoch: 5 | loss: 0.0146277
	speed: 0.0302s/iter; left time: 8283.4832s
	iters: 3700, epoch: 5 | loss: 0.0174071
	speed: 0.0309s/iter; left time: 8450.0171s
	iters: 3800, epoch: 5 | loss: 0.0171131
	speed: 0.0309s/iter; left time: 8465.6480s
	iters: 3900, epoch: 5 | loss: 0.0174148
	speed: 0.0300s/iter; left time: 8211.4389s
	iters: 4000, epoch: 5 | loss: 0.0129692
	speed: 0.0298s/iter; left time: 8148.4789s
	iters: 4100, epoch: 5 | loss: 0.0170245
	speed: 0.0302s/iter; left time: 8257.9401s
	iters: 4200, epoch: 5 | loss: 0.0137483
	speed: 0.0304s/iter; left time: 8299.3966s
	iters: 4300, epoch: 5 | loss: 0.0143119
	speed: 0.0314s/iter; left time: 8589.5161s
	iters: 4400, epoch: 5 | loss: 0.0124872
	speed: 0.0300s/iter; left time: 8205.9207s
	iters: 4500, epoch: 5 | loss: 0.0122411
	speed: 0.0311s/iter; left time: 8479.9326s
	iters: 4600, epoch: 5 | loss: 0.0224757
	speed: 0.0297s/iter; left time: 8107.8923s
	iters: 4700, epoch: 5 | loss: 0.0148129
	speed: 0.0304s/iter; left time: 8294.7296s
	iters: 4800, epoch: 5 | loss: 0.0194348
	speed: 0.0296s/iter; left time: 8077.7051s
	iters: 4900, epoch: 5 | loss: 0.0135540
	speed: 0.0310s/iter; left time: 8460.7005s
	iters: 5000, epoch: 5 | loss: 0.0191105
	speed: 0.0306s/iter; left time: 8348.6730s
	iters: 5100, epoch: 5 | loss: 0.0178564
	speed: 0.0304s/iter; left time: 8289.1273s
	iters: 5200, epoch: 5 | loss: 0.0191754
	speed: 0.0294s/iter; left time: 7995.8906s
	iters: 5300, epoch: 5 | loss: 0.0125620
	speed: 0.0302s/iter; left time: 8222.0505s
	iters: 5400, epoch: 5 | loss: 0.0184623
	speed: 0.0296s/iter; left time: 8048.3500s
	iters: 5500, epoch: 5 | loss: 0.0140789
	speed: 0.0307s/iter; left time: 8342.7064s
	iters: 5600, epoch: 5 | loss: 0.0112268
	speed: 0.0306s/iter; left time: 8310.3685s
	iters: 5700, epoch: 5 | loss: 0.0229294
	speed: 0.0299s/iter; left time: 8121.5824s
	iters: 5800, epoch: 5 | loss: 0.0134480
	speed: 0.0301s/iter; left time: 8173.6400s
	iters: 5900, epoch: 5 | loss: 0.0199944
	speed: 0.0296s/iter; left time: 8036.7677s
	iters: 6000, epoch: 5 | loss: 0.0119027
	speed: 0.0294s/iter; left time: 7972.6579s
Epoch: 5 cost time: 182.27169966697693
Epoch: 5, Steps: 6034 | Train Loss: 0.0159377 Vali Loss: 0.7308798 Test Loss: 0.6991116
EarlyStopping counter: 3 out of 10
Updating learning rate to 6.25e-06
	iters: 100, epoch: 6 | loss: 0.0230784
	speed: 0.3563s/iter; left time: 96722.5129s
	iters: 200, epoch: 6 | loss: 0.0126421
	speed: 0.0307s/iter; left time: 8325.0143s
	iters: 300, epoch: 6 | loss: 0.0105665
	speed: 0.0305s/iter; left time: 8281.4784s
	iters: 400, epoch: 6 | loss: 0.0148501
	speed: 0.0304s/iter; left time: 8230.0504s
	iters: 500, epoch: 6 | loss: 0.0190741
	speed: 0.0298s/iter; left time: 8085.5715s
	iters: 600, epoch: 6 | loss: 0.0157397
	speed: 0.0296s/iter; left time: 8023.5852s
	iters: 700, epoch: 6 | loss: 0.0158172
	speed: 0.0303s/iter; left time: 8195.5301s
	iters: 800, epoch: 6 | loss: 0.0171585
	speed: 0.0306s/iter; left time: 8294.2035s
	iters: 900, epoch: 6 | loss: 0.0155834
	speed: 0.0317s/iter; left time: 8578.9390s
	iters: 1000, epoch: 6 | loss: 0.0193278
	speed: 0.0305s/iter; left time: 8242.7911s
	iters: 1100, epoch: 6 | loss: 0.0170097
	speed: 0.0295s/iter; left time: 7987.0797s
	iters: 1200, epoch: 6 | loss: 0.0210228
	speed: 0.0301s/iter; left time: 8134.7840s
	iters: 1300, epoch: 6 | loss: 0.0238275
	speed: 0.0297s/iter; left time: 8019.0462s
	iters: 1400, epoch: 6 | loss: 0.0144151
	speed: 0.0309s/iter; left time: 8338.0465s
	iters: 1500, epoch: 6 | loss: 0.0142559
	speed: 0.0308s/iter; left time: 8327.1911s
	iters: 1600, epoch: 6 | loss: 0.0138906
	speed: 0.0304s/iter; left time: 8204.1364s
	iters: 1700, epoch: 6 | loss: 0.0123651
	speed: 0.0300s/iter; left time: 8089.2237s
	iters: 1800, epoch: 6 | loss: 0.0231262
	speed: 0.0293s/iter; left time: 7900.6188s
	iters: 1900, epoch: 6 | loss: 0.0127852
	speed: 0.0302s/iter; left time: 8140.9514s
	iters: 2000, epoch: 6 | loss: 0.0161050
	speed: 0.0301s/iter; left time: 8122.0776s
	iters: 2100, epoch: 6 | loss: 0.0157139
	speed: 0.0305s/iter; left time: 8222.5801s
	iters: 2200, epoch: 6 | loss: 0.0120354
	speed: 0.0305s/iter; left time: 8225.5817s
	iters: 2300, epoch: 6 | loss: 0.0160418
	speed: 0.0303s/iter; left time: 8162.3029s
	iters: 2400, epoch: 6 | loss: 0.0114346
	speed: 0.0301s/iter; left time: 8100.5357s
	iters: 2500, epoch: 6 | loss: 0.0188398
	speed: 0.0300s/iter; left time: 8077.9029s
	iters: 2600, epoch: 6 | loss: 0.0170218
	speed: 0.0299s/iter; left time: 8050.4591s
	iters: 2700, epoch: 6 | loss: 0.0150989
	speed: 0.0304s/iter; left time: 8184.3781s
	iters: 2800, epoch: 6 | loss: 0.0166112
	speed: 0.0302s/iter; left time: 8118.5074s
	iters: 2900, epoch: 6 | loss: 0.0108236
	speed: 0.0309s/iter; left time: 8311.6894s
	iters: 3000, epoch: 6 | loss: 0.0160888
	speed: 0.0296s/iter; left time: 7936.0736s
	iters: 3100, epoch: 6 | loss: 0.0148146
	speed: 0.0299s/iter; left time: 8022.5689s
	iters: 3200, epoch: 6 | loss: 0.0097720
	speed: 0.0302s/iter; left time: 8098.1768s
	iters: 3300, epoch: 6 | loss: 0.0181806
	speed: 0.0307s/iter; left time: 8229.3183s
	iters: 3400, epoch: 6 | loss: 0.0187759
	speed: 0.0311s/iter; left time: 8329.5519s
	iters: 3500, epoch: 6 | loss: 0.0131893
	speed: 0.0304s/iter; left time: 8136.2320s
	iters: 3600, epoch: 6 | loss: 0.0160085
	speed: 0.0300s/iter; left time: 8033.8238s
	iters: 3700, epoch: 6 | loss: 0.0217170
	speed: 0.0296s/iter; left time: 7920.8004s
	iters: 3800, epoch: 6 | loss: 0.0146031
	speed: 0.0301s/iter; left time: 8045.8665s
	iters: 3900, epoch: 6 | loss: 0.0172343
	speed: 0.0304s/iter; left time: 8133.0197s
	iters: 4000, epoch: 6 | loss: 0.0096641
	speed: 0.0296s/iter; left time: 7928.0574s
	iters: 4100, epoch: 6 | loss: 0.0127344
	speed: 0.0312s/iter; left time: 8334.0125s
	iters: 4200, epoch: 6 | loss: 0.0143191
	speed: 0.0305s/iter; left time: 8152.1626s
	iters: 4300, epoch: 6 | loss: 0.0142081
	speed: 0.0302s/iter; left time: 8060.6816s
	iters: 4400, epoch: 6 | loss: 0.0125632
	speed: 0.0299s/iter; left time: 7993.8559s
	iters: 4500, epoch: 6 | loss: 0.0210532
	speed: 0.0302s/iter; left time: 8074.0152s
	iters: 4600, epoch: 6 | loss: 0.0152385
	speed: 0.0296s/iter; left time: 7899.8028s
	iters: 4700, epoch: 6 | loss: 0.0168310
	speed: 0.0300s/iter; left time: 7993.5985s
	iters: 4800, epoch: 6 | loss: 0.0180391
	speed: 0.0309s/iter; left time: 8250.1817s
	iters: 4900, epoch: 6 | loss: 0.0137131
	speed: 0.0307s/iter; left time: 8188.7723s
	iters: 5000, epoch: 6 | loss: 0.0109288
	speed: 0.0299s/iter; left time: 7956.8791s
	iters: 5100, epoch: 6 | loss: 0.0139964
	speed: 0.0300s/iter; left time: 7991.7498s
	iters: 5200, epoch: 6 | loss: 0.0128441
	speed: 0.0297s/iter; left time: 7898.8329s
	iters: 5300, epoch: 6 | loss: 0.0230739
	speed: 0.0300s/iter; left time: 7976.2720s
	iters: 5400, epoch: 6 | loss: 0.0152729
	speed: 0.0308s/iter; left time: 8191.1209s
	iters: 5500, epoch: 6 | loss: 0.0083899
	speed: 0.0309s/iter; left time: 8213.7353s
	iters: 5600, epoch: 6 | loss: 0.0207945
	speed: 0.0298s/iter; left time: 7924.2918s
	iters: 5700, epoch: 6 | loss: 0.0126460
	speed: 0.0298s/iter; left time: 7921.3696s
	iters: 5800, epoch: 6 | loss: 0.0146952
	speed: 0.0294s/iter; left time: 7800.1766s
	iters: 5900, epoch: 6 | loss: 0.0153247
	speed: 0.0303s/iter; left time: 8043.8447s
	iters: 6000, epoch: 6 | loss: 0.0222117
	speed: 0.0305s/iter; left time: 8096.2295s
Epoch: 6 cost time: 182.46050214767456
Epoch: 6, Steps: 6034 | Train Loss: 0.0148107 Vali Loss: 0.7452362 Test Loss: 0.7320983
EarlyStopping counter: 4 out of 10
Updating learning rate to 3.125e-06
	iters: 100, epoch: 7 | loss: 0.0184212
	speed: 0.3569s/iter; left time: 94732.1112s
	iters: 200, epoch: 7 | loss: 0.0120934
	speed: 0.0309s/iter; left time: 8192.7226s
	iters: 300, epoch: 7 | loss: 0.0174482
	speed: 0.0295s/iter; left time: 7832.7338s
	iters: 400, epoch: 7 | loss: 0.0240689
	speed: 0.0300s/iter; left time: 7942.9762s
	iters: 500, epoch: 7 | loss: 0.0207937
	speed: 0.0302s/iter; left time: 7999.0377s
	iters: 600, epoch: 7 | loss: 0.0162100
	speed: 0.0308s/iter; left time: 8160.9577s
	iters: 700, epoch: 7 | loss: 0.0167240
	speed: 0.0309s/iter; left time: 8191.7929s
	iters: 800, epoch: 7 | loss: 0.0140917
	speed: 0.0310s/iter; left time: 8211.9725s
	iters: 900, epoch: 7 | loss: 0.0180819
	speed: 0.0297s/iter; left time: 7869.9607s
	iters: 1000, epoch: 7 | loss: 0.0128579
	speed: 0.0297s/iter; left time: 7851.7899s
	iters: 1100, epoch: 7 | loss: 0.0084039
	speed: 0.0305s/iter; left time: 8051.4058s
	iters: 1200, epoch: 7 | loss: 0.0117265
	speed: 0.0307s/iter; left time: 8121.6028s
	iters: 1300, epoch: 7 | loss: 0.0175743
	speed: 0.0307s/iter; left time: 8117.9410s
	iters: 1400, epoch: 7 | loss: 0.0104130
	speed: 0.0304s/iter; left time: 8034.2767s
	iters: 1500, epoch: 7 | loss: 0.0113181
	speed: 0.0303s/iter; left time: 7993.2756s
	iters: 1600, epoch: 7 | loss: 0.0139511
	speed: 0.0297s/iter; left time: 7846.8848s
	iters: 1700, epoch: 7 | loss: 0.0143093
	speed: 0.0294s/iter; left time: 7763.3962s
	iters: 1800, epoch: 7 | loss: 0.0156030
	speed: 0.0309s/iter; left time: 8140.9039s
	iters: 1900, epoch: 7 | loss: 0.0152086
	speed: 0.0306s/iter; left time: 8075.8815s
	iters: 2000, epoch: 7 | loss: 0.0124093
	speed: 0.0304s/iter; left time: 8008.6508s
	iters: 2100, epoch: 7 | loss: 0.0167690
	speed: 0.0304s/iter; left time: 8019.7349s
	iters: 2200, epoch: 7 | loss: 0.0128025
	speed: 0.0301s/iter; left time: 7922.2020s
	iters: 2300, epoch: 7 | loss: 0.0102132
	speed: 0.0304s/iter; left time: 7992.2341s
	iters: 2400, epoch: 7 | loss: 0.0120853
	speed: 0.0297s/iter; left time: 7807.7528s
	iters: 2500, epoch: 7 | loss: 0.0155765
	speed: 0.0307s/iter; left time: 8082.4733s
	iters: 2600, epoch: 7 | loss: 0.0117575
	speed: 0.0305s/iter; left time: 8008.1974s
	iters: 2700, epoch: 7 | loss: 0.0179305
	speed: 0.0304s/iter; left time: 7980.1604s
	iters: 2800, epoch: 7 | loss: 0.0161148
	speed: 0.0309s/iter; left time: 8107.9166s
	iters: 2900, epoch: 7 | loss: 0.0167814
	speed: 0.0302s/iter; left time: 7922.2997s
	iters: 3000, epoch: 7 | loss: 0.0174923
	speed: 0.0293s/iter; left time: 7680.3997s
	iters: 3100, epoch: 7 | loss: 0.0217852
	speed: 0.0300s/iter; left time: 7871.8487s
	iters: 3200, epoch: 7 | loss: 0.0138102
	speed: 0.0306s/iter; left time: 8026.5069s
	iters: 3300, epoch: 7 | loss: 0.0121178
	speed: 0.0315s/iter; left time: 8254.6730s
	iters: 3400, epoch: 7 | loss: 0.0179185
	speed: 0.0308s/iter; left time: 8059.7766s
	iters: 3500, epoch: 7 | loss: 0.0140166
	speed: 0.0308s/iter; left time: 8062.3133s
	iters: 3600, epoch: 7 | loss: 0.0169214
	speed: 0.0290s/iter; left time: 7607.9935s
	iters: 3700, epoch: 7 | loss: 0.0102697
	speed: 0.0301s/iter; left time: 7873.7893s
	iters: 3800, epoch: 7 | loss: 0.0121773
	speed: 0.0308s/iter; left time: 8060.8614s
	iters: 3900, epoch: 7 | loss: 0.0184923
	speed: 0.0301s/iter; left time: 7861.8371s
	iters: 4000, epoch: 7 | loss: 0.0149176
	speed: 0.0311s/iter; left time: 8133.2441s
	iters: 4100, epoch: 7 | loss: 0.0161033
	speed: 0.0305s/iter; left time: 7961.8977s
	iters: 4200, epoch: 7 | loss: 0.0179926
	speed: 0.0301s/iter; left time: 7862.7994s
	iters: 4300, epoch: 7 | loss: 0.0147542
	speed: 0.0293s/iter; left time: 7657.9315s
	iters: 4400, epoch: 7 | loss: 0.0127558
	speed: 0.0297s/iter; left time: 7745.5833s
	iters: 4500, epoch: 7 | loss: 0.0197834
	speed: 0.0302s/iter; left time: 7870.9552s
	iters: 4600, epoch: 7 | loss: 0.0116118
	speed: 0.0309s/iter; left time: 8054.4661s
	iters: 4700, epoch: 7 | loss: 0.0175115
	speed: 0.0318s/iter; left time: 8290.7731s
	iters: 4800, epoch: 7 | loss: 0.0142763
	speed: 0.0297s/iter; left time: 7744.1803s
	iters: 4900, epoch: 7 | loss: 0.0127365
	speed: 0.0292s/iter; left time: 7621.2071s
	iters: 5000, epoch: 7 | loss: 0.0112573
	speed: 0.0297s/iter; left time: 7744.4890s
	iters: 5100, epoch: 7 | loss: 0.0110691
	speed: 0.0307s/iter; left time: 7983.6820s
	iters: 5200, epoch: 7 | loss: 0.0126410
	speed: 0.0316s/iter; left time: 8216.5084s
	iters: 5300, epoch: 7 | loss: 0.0146651
	speed: 0.0310s/iter; left time: 8078.9699s
	iters: 5400, epoch: 7 | loss: 0.0139809
	speed: 0.0302s/iter; left time: 7863.8678s
	iters: 5500, epoch: 7 | loss: 0.0143419
	speed: 0.0296s/iter; left time: 7703.7565s
	iters: 5600, epoch: 7 | loss: 0.0136511
	speed: 0.0294s/iter; left time: 7636.0452s
	iters: 5700, epoch: 7 | loss: 0.0091715
	speed: 0.0301s/iter; left time: 7820.4341s
	iters: 5800, epoch: 7 | loss: 0.0177505
	speed: 0.0312s/iter; left time: 8112.5500s
	iters: 5900, epoch: 7 | loss: 0.0193741
	speed: 0.0316s/iter; left time: 8192.1346s
	iters: 6000, epoch: 7 | loss: 0.0106318
	speed: 0.0303s/iter; left time: 7868.9886s
Epoch: 7 cost time: 183.1235191822052
Epoch: 7, Steps: 6034 | Train Loss: 0.0142828 Vali Loss: 0.7467254 Test Loss: 0.7386233
EarlyStopping counter: 5 out of 10
Updating learning rate to 1.5625e-06
	iters: 100, epoch: 8 | loss: 0.0117043
	speed: 0.3554s/iter; left time: 92186.9277s
	iters: 200, epoch: 8 | loss: 0.0165991
	speed: 0.0303s/iter; left time: 7845.4443s
	iters: 300, epoch: 8 | loss: 0.0138243
	speed: 0.0295s/iter; left time: 7646.9343s
	iters: 400, epoch: 8 | loss: 0.0168860
	speed: 0.0308s/iter; left time: 7976.3323s
	iters: 500, epoch: 8 | loss: 0.0130197
	speed: 0.0298s/iter; left time: 7728.5122s
	iters: 600, epoch: 8 | loss: 0.0104434
	speed: 0.0307s/iter; left time: 7958.6642s
	iters: 700, epoch: 8 | loss: 0.0153284
	speed: 0.0302s/iter; left time: 7805.2799s
	iters: 800, epoch: 8 | loss: 0.0150394
	speed: 0.0295s/iter; left time: 7629.4714s
	iters: 900, epoch: 8 | loss: 0.0162911
	speed: 0.0296s/iter; left time: 7641.4710s
	iters: 1000, epoch: 8 | loss: 0.0182097
	speed: 0.0301s/iter; left time: 7785.0925s
	iters: 1100, epoch: 8 | loss: 0.0165999
	speed: 0.0316s/iter; left time: 8155.8431s
	iters: 1200, epoch: 8 | loss: 0.0166631
	speed: 0.0312s/iter; left time: 8046.2520s
	iters: 1300, epoch: 8 | loss: 0.0174636
	speed: 0.0308s/iter; left time: 7940.0376s
	iters: 1400, epoch: 8 | loss: 0.0136356
	speed: 0.0301s/iter; left time: 7771.6918s
	iters: 1500, epoch: 8 | loss: 0.0117420
	speed: 0.0295s/iter; left time: 7604.9478s
	iters: 1600, epoch: 8 | loss: 0.0161231
	speed: 0.0302s/iter; left time: 7775.6272s
	iters: 1700, epoch: 8 | loss: 0.0167858
	speed: 0.0307s/iter; left time: 7908.1242s
	iters: 1800, epoch: 8 | loss: 0.0128090
	speed: 0.0309s/iter; left time: 7960.4546s
	iters: 1900, epoch: 8 | loss: 0.0156180
	speed: 0.0301s/iter; left time: 7753.7639s
	iters: 2000, epoch: 8 | loss: 0.0138435
	speed: 0.0302s/iter; left time: 7768.8114s
	iters: 2100, epoch: 8 | loss: 0.0179989
	speed: 0.0303s/iter; left time: 7805.2571s
	iters: 2200, epoch: 8 | loss: 0.0153424
	speed: 0.0290s/iter; left time: 7461.4350s
	iters: 2300, epoch: 8 | loss: 0.0141449
	speed: 0.0304s/iter; left time: 7811.9200s
	iters: 2400, epoch: 8 | loss: 0.0108743
	speed: 0.0312s/iter; left time: 8030.7341s
	iters: 2500, epoch: 8 | loss: 0.0149827
	speed: 0.0304s/iter; left time: 7814.9399s
	iters: 2600, epoch: 8 | loss: 0.0111449
	speed: 0.0302s/iter; left time: 7752.6701s
	iters: 2700, epoch: 8 | loss: 0.0164427
	speed: 0.0298s/iter; left time: 7660.8657s
	iters: 2800, epoch: 8 | loss: 0.0147345
	speed: 0.0295s/iter; left time: 7574.1061s
	iters: 2900, epoch: 8 | loss: 0.0156721
	speed: 0.0298s/iter; left time: 7634.9419s
	iters: 3000, epoch: 8 | loss: 0.0100173
	speed: 0.0309s/iter; left time: 7933.2510s
	iters: 3100, epoch: 8 | loss: 0.0138697
	speed: 0.0313s/iter; left time: 8017.2817s
	iters: 3200, epoch: 8 | loss: 0.0139464
	speed: 0.0305s/iter; left time: 7816.8877s
	iters: 3300, epoch: 8 | loss: 0.0151512
	speed: 0.0301s/iter; left time: 7703.9836s
	iters: 3400, epoch: 8 | loss: 0.0147489
	speed: 0.0293s/iter; left time: 7507.7419s
	iters: 3500, epoch: 8 | loss: 0.0225475
	speed: 0.0293s/iter; left time: 7504.9277s
	iters: 3600, epoch: 8 | loss: 0.0185944
	speed: 0.0315s/iter; left time: 8060.5803s
	iters: 3700, epoch: 8 | loss: 0.0117043
	speed: 0.0315s/iter; left time: 8056.0646s
	iters: 3800, epoch: 8 | loss: 0.0101419
	speed: 0.0305s/iter; left time: 7803.2049s
	iters: 3900, epoch: 8 | loss: 0.0101489
	speed: 0.0300s/iter; left time: 7677.3116s
	iters: 4000, epoch: 8 | loss: 0.0106025
	speed: 0.0292s/iter; left time: 7466.8926s
	iters: 4100, epoch: 8 | loss: 0.0134267
	speed: 0.0304s/iter; left time: 7766.4080s
	iters: 4200, epoch: 8 | loss: 0.0149936
	speed: 0.0300s/iter; left time: 7665.0970s
	iters: 4300, epoch: 8 | loss: 0.0098276
	speed: 0.0305s/iter; left time: 7775.3433s
	iters: 4400, epoch: 8 | loss: 0.0131354
	speed: 0.0308s/iter; left time: 7851.7071s
	iters: 4500, epoch: 8 | loss: 0.0156792
	speed: 0.0305s/iter; left time: 7778.7166s
	iters: 4600, epoch: 8 | loss: 0.0138370
	speed: 0.0296s/iter; left time: 7540.7396s
	iters: 4700, epoch: 8 | loss: 0.0127293
	speed: 0.0294s/iter; left time: 7495.2827s
	iters: 4800, epoch: 8 | loss: 0.0129180
	speed: 0.0300s/iter; left time: 7640.4085s
	iters: 4900, epoch: 8 | loss: 0.0098805
	speed: 0.0310s/iter; left time: 7889.8025s
	iters: 5000, epoch: 8 | loss: 0.0208529
	speed: 0.0307s/iter; left time: 7802.0697s
	iters: 5100, epoch: 8 | loss: 0.0149709
	speed: 0.0305s/iter; left time: 7762.4888s
	iters: 5200, epoch: 8 | loss: 0.0104226
	speed: 0.0299s/iter; left time: 7592.4152s
	iters: 5300, epoch: 8 | loss: 0.0173016
	speed: 0.0293s/iter; left time: 7451.6499s
	iters: 5400, epoch: 8 | loss: 0.0097195
	speed: 0.0300s/iter; left time: 7617.5790s
	iters: 5500, epoch: 8 | loss: 0.0110275
	speed: 0.0305s/iter; left time: 7739.5591s
	iters: 5600, epoch: 8 | loss: 0.0117568
	speed: 0.0308s/iter; left time: 7821.2626s
	iters: 5700, epoch: 8 | loss: 0.0151963
	speed: 0.0311s/iter; left time: 7886.5445s
	iters: 5800, epoch: 8 | loss: 0.0168981
	speed: 0.0308s/iter; left time: 7801.5810s
	iters: 5900, epoch: 8 | loss: 0.0131961
	speed: 0.0303s/iter; left time: 7684.6588s
	iters: 6000, epoch: 8 | loss: 0.0175209
	speed: 0.0304s/iter; left time: 7710.2479s
Epoch: 8 cost time: 182.79527306556702
Epoch: 8, Steps: 6034 | Train Loss: 0.0140532 Vali Loss: 0.7401649 Test Loss: 0.7279194
EarlyStopping counter: 6 out of 10
Updating learning rate to 7.8125e-07
	iters: 100, epoch: 9 | loss: 0.0175717
	speed: 0.3551s/iter; left time: 89955.7695s
	iters: 200, epoch: 9 | loss: 0.0108678
	speed: 0.0314s/iter; left time: 7955.1172s
	iters: 300, epoch: 9 | loss: 0.0119901
	speed: 0.0311s/iter; left time: 7879.5260s
	iters: 400, epoch: 9 | loss: 0.0144138
	speed: 0.0315s/iter; left time: 7962.8252s
	iters: 500, epoch: 9 | loss: 0.0153373
	speed: 0.0298s/iter; left time: 7534.6164s
	iters: 600, epoch: 9 | loss: 0.0122354
	speed: 0.0292s/iter; left time: 7375.0245s
	iters: 700, epoch: 9 | loss: 0.0186126
	speed: 0.0300s/iter; left time: 7584.4242s
	iters: 800, epoch: 9 | loss: 0.0154364
	speed: 0.0308s/iter; left time: 7780.5821s
	iters: 900, epoch: 9 | loss: 0.0117548
	speed: 0.0306s/iter; left time: 7714.9454s
	iters: 1000, epoch: 9 | loss: 0.0128434
	speed: 0.0317s/iter; left time: 7992.4977s
	iters: 1100, epoch: 9 | loss: 0.0134125
	speed: 0.0298s/iter; left time: 7518.5410s
	iters: 1200, epoch: 9 | loss: 0.0132415
	speed: 0.0294s/iter; left time: 7406.8184s
	iters: 1300, epoch: 9 | loss: 0.0179246
	speed: 0.0301s/iter; left time: 7592.5796s
	iters: 1400, epoch: 9 | loss: 0.0113787
	speed: 0.0300s/iter; left time: 7549.3330s
	iters: 1500, epoch: 9 | loss: 0.0139737
	speed: 0.0307s/iter; left time: 7733.7684s
	iters: 1600, epoch: 9 | loss: 0.0164619
	speed: 0.0313s/iter; left time: 7893.5218s
	iters: 1700, epoch: 9 | loss: 0.0184273
	speed: 0.0308s/iter; left time: 7741.5227s
	iters: 1800, epoch: 9 | loss: 0.0130448
	speed: 0.0297s/iter; left time: 7475.6047s
	iters: 1900, epoch: 9 | loss: 0.0165281
	speed: 0.0296s/iter; left time: 7451.3424s
	iters: 2000, epoch: 9 | loss: 0.0137490
	speed: 0.0300s/iter; left time: 7555.1930s
	iters: 2100, epoch: 9 | loss: 0.0087822
	speed: 0.0305s/iter; left time: 7661.2686s
	iters: 2200, epoch: 9 | loss: 0.0111659
	speed: 0.0314s/iter; left time: 7897.6540s
	iters: 2300, epoch: 9 | loss: 0.0120305
	speed: 0.0305s/iter; left time: 7666.8042s
	iters: 2400, epoch: 9 | loss: 0.0200246
	speed: 0.0295s/iter; left time: 7415.7863s
	iters: 2500, epoch: 9 | loss: 0.0216620
	speed: 0.0302s/iter; left time: 7574.7659s
	iters: 2600, epoch: 9 | loss: 0.0103978
	speed: 0.0295s/iter; left time: 7394.3048s
	iters: 2700, epoch: 9 | loss: 0.0094410
	speed: 0.0301s/iter; left time: 7544.6516s
	iters: 2800, epoch: 9 | loss: 0.0117731
	speed: 0.0317s/iter; left time: 7939.8048s
	iters: 2900, epoch: 9 | loss: 0.0116010
	speed: 0.0306s/iter; left time: 7665.2441s
	iters: 3000, epoch: 9 | loss: 0.0130520
	speed: 0.0309s/iter; left time: 7747.7475s
	iters: 3100, epoch: 9 | loss: 0.0151825
	speed: 0.0296s/iter; left time: 7401.5679s
	iters: 3200, epoch: 9 | loss: 0.0124314
	speed: 0.0298s/iter; left time: 7447.7996s
	iters: 3300, epoch: 9 | loss: 0.0154744
	speed: 0.0297s/iter; left time: 7426.3810s
	iters: 3400, epoch: 9 | loss: 0.0114284
	speed: 0.0309s/iter; left time: 7734.3732s
	iters: 3500, epoch: 9 | loss: 0.0127498
	speed: 0.0302s/iter; left time: 7559.3860s
	iters: 3600, epoch: 9 | loss: 0.0089199
	speed: 0.0299s/iter; left time: 7469.1980s
	iters: 3700, epoch: 9 | loss: 0.0089311
	speed: 0.0300s/iter; left time: 7503.9280s
	iters: 3800, epoch: 9 | loss: 0.0129012
	speed: 0.0301s/iter; left time: 7511.8171s
	iters: 3900, epoch: 9 | loss: 0.0168857
	speed: 0.0293s/iter; left time: 7314.8283s
	iters: 4000, epoch: 9 | loss: 0.0107657
	speed: 0.0306s/iter; left time: 7644.6309s
	iters: 4100, epoch: 9 | loss: 0.0146118
	speed: 0.0303s/iter; left time: 7566.2675s
	iters: 4200, epoch: 9 | loss: 0.0134904
	speed: 0.0300s/iter; left time: 7477.4761s
	iters: 4300, epoch: 9 | loss: 0.0137500
	speed: 0.0304s/iter; left time: 7563.9206s
	iters: 4400, epoch: 9 | loss: 0.0129034
	speed: 0.0301s/iter; left time: 7484.3703s
	iters: 4500, epoch: 9 | loss: 0.0122075
	speed: 0.0303s/iter; left time: 7540.5705s
	iters: 4600, epoch: 9 | loss: 0.0156000
	speed: 0.0301s/iter; left time: 7481.8027s
	iters: 4700, epoch: 9 | loss: 0.0125093
	speed: 0.0306s/iter; left time: 7603.2421s
	iters: 4800, epoch: 9 | loss: 0.0175421
	speed: 0.0300s/iter; left time: 7449.2634s
	iters: 4900, epoch: 9 | loss: 0.0118164
	speed: 0.0310s/iter; left time: 7712.3364s
	iters: 5000, epoch: 9 | loss: 0.0106119
	speed: 0.0305s/iter; left time: 7580.1122s
	iters: 5100, epoch: 9 | loss: 0.0107206
	speed: 0.0299s/iter; left time: 7431.6392s
	iters: 5200, epoch: 9 | loss: 0.0195294
	speed: 0.0294s/iter; left time: 7304.4854s
	iters: 5300, epoch: 9 | loss: 0.0133408
	speed: 0.0296s/iter; left time: 7344.2896s
	iters: 5400, epoch: 9 | loss: 0.0110762
	speed: 0.0308s/iter; left time: 7636.8247s
	iters: 5500, epoch: 9 | loss: 0.0124910
	speed: 0.0309s/iter; left time: 7655.9224s
	iters: 5600, epoch: 9 | loss: 0.0098393
	speed: 0.0302s/iter; left time: 7479.3513s
	iters: 5700, epoch: 9 | loss: 0.0145150
	speed: 0.0299s/iter; left time: 7399.5164s
	iters: 5800, epoch: 9 | loss: 0.0148964
	speed: 0.0298s/iter; left time: 7387.5241s
	iters: 5900, epoch: 9 | loss: 0.0097161
	speed: 0.0296s/iter; left time: 7327.2763s
	iters: 6000, epoch: 9 | loss: 0.0143066
	speed: 0.0306s/iter; left time: 7583.6701s
Epoch: 9 cost time: 182.66773915290833
Epoch: 9, Steps: 6034 | Train Loss: 0.0138850 Vali Loss: 0.7442549 Test Loss: 0.7353426
EarlyStopping counter: 7 out of 10
Updating learning rate to 3.90625e-07
	iters: 100, epoch: 10 | loss: 0.0110359
	speed: 0.3569s/iter; left time: 88251.2906s
	iters: 200, epoch: 10 | loss: 0.0125945
	speed: 0.0304s/iter; left time: 7502.8264s
	iters: 300, epoch: 10 | loss: 0.0183765
	speed: 0.0297s/iter; left time: 7335.7601s
	iters: 400, epoch: 10 | loss: 0.0110458
	speed: 0.0305s/iter; left time: 7531.9347s
	iters: 500, epoch: 10 | loss: 0.0180605
	speed: 0.0297s/iter; left time: 7339.4780s
	iters: 600, epoch: 10 | loss: 0.0130899
	speed: 0.0309s/iter; left time: 7619.0621s
	iters: 700, epoch: 10 | loss: 0.0133497
	speed: 0.0301s/iter; left time: 7414.7437s
	iters: 800, epoch: 10 | loss: 0.0098983
	speed: 0.0306s/iter; left time: 7550.8654s
	iters: 900, epoch: 10 | loss: 0.0142347
	speed: 0.0305s/iter; left time: 7508.7555s
	iters: 1000, epoch: 10 | loss: 0.0092879
	speed: 0.0302s/iter; left time: 7446.6921s
	iters: 1100, epoch: 10 | loss: 0.0145983
	speed: 0.0298s/iter; left time: 7337.1154s
	iters: 1200, epoch: 10 | loss: 0.0100165
	speed: 0.0296s/iter; left time: 7286.4770s
	iters: 1300, epoch: 10 | loss: 0.0145731
	speed: 0.0305s/iter; left time: 7514.9014s
	iters: 1400, epoch: 10 | loss: 0.0168958
	speed: 0.0304s/iter; left time: 7472.4451s
	iters: 1500, epoch: 10 | loss: 0.0145908
	speed: 0.0304s/iter; left time: 7471.4230s
	iters: 1600, epoch: 10 | loss: 0.0076699
	speed: 0.0305s/iter; left time: 7494.7045s
	iters: 1700, epoch: 10 | loss: 0.0133057
	speed: 0.0303s/iter; left time: 7435.6270s
	iters: 1800, epoch: 10 | loss: 0.0188748
	speed: 0.0299s/iter; left time: 7352.5333s
	iters: 1900, epoch: 10 | loss: 0.0108676
	speed: 0.0302s/iter; left time: 7407.5902s
	iters: 2000, epoch: 10 | loss: 0.0169868
	speed: 0.0306s/iter; left time: 7508.0010s
	iters: 2100, epoch: 10 | loss: 0.0095820
	speed: 0.0307s/iter; left time: 7541.7576s
	iters: 2200, epoch: 10 | loss: 0.0140872
	speed: 0.0304s/iter; left time: 7452.4173s
	iters: 2300, epoch: 10 | loss: 0.0192542
	speed: 0.0306s/iter; left time: 7496.1974s
	iters: 2400, epoch: 10 | loss: 0.0166620
	speed: 0.0303s/iter; left time: 7427.9729s
	iters: 2500, epoch: 10 | loss: 0.0111946
	speed: 0.0301s/iter; left time: 7359.5061s
	iters: 2600, epoch: 10 | loss: 0.0083057
	speed: 0.0303s/iter; left time: 7420.3204s
	iters: 2700, epoch: 10 | loss: 0.0111692
	speed: 0.0302s/iter; left time: 7396.4543s
	iters: 2800, epoch: 10 | loss: 0.0157023
	speed: 0.0314s/iter; left time: 7675.7807s
	iters: 2900, epoch: 10 | loss: 0.0160007
	speed: 0.0301s/iter; left time: 7366.2135s
	iters: 3000, epoch: 10 | loss: 0.0145728
	speed: 0.0297s/iter; left time: 7257.9477s
	iters: 3100, epoch: 10 | loss: 0.0125967
	speed: 0.0290s/iter; left time: 7093.6169s
	iters: 3200, epoch: 10 | loss: 0.0119714
	speed: 0.0302s/iter; left time: 7384.0322s
	iters: 3300, epoch: 10 | loss: 0.0143241
	speed: 0.0313s/iter; left time: 7646.8239s
	iters: 3400, epoch: 10 | loss: 0.0182243
	speed: 0.0308s/iter; left time: 7517.3530s
	iters: 3500, epoch: 10 | loss: 0.0138669
	speed: 0.0298s/iter; left time: 7278.8839s
	iters: 3600, epoch: 10 | loss: 0.0156744
	speed: 0.0301s/iter; left time: 7331.0597s
	iters: 3700, epoch: 10 | loss: 0.0201409
	speed: 0.0299s/iter; left time: 7277.2308s
	iters: 3800, epoch: 10 | loss: 0.0139366
	speed: 0.0302s/iter; left time: 7348.7285s
	iters: 3900, epoch: 10 | loss: 0.0133178
	speed: 0.0303s/iter; left time: 7376.8273s
	iters: 4000, epoch: 10 | loss: 0.0153696
	speed: 0.0310s/iter; left time: 7550.1123s
	iters: 4100, epoch: 10 | loss: 0.0209317
	speed: 0.0305s/iter; left time: 7413.0401s
	iters: 4200, epoch: 10 | loss: 0.0130417
	speed: 0.0298s/iter; left time: 7245.1098s
	iters: 4300, epoch: 10 | loss: 0.0184888
	speed: 0.0300s/iter; left time: 7293.9182s
	iters: 4400, epoch: 10 | loss: 0.0093069
	speed: 0.0298s/iter; left time: 7237.8486s
	iters: 4500, epoch: 10 | loss: 0.0157217
	speed: 0.0299s/iter; left time: 7260.1399s
	iters: 4600, epoch: 10 | loss: 0.0171715
	speed: 0.0309s/iter; left time: 7490.4070s
	iters: 4700, epoch: 10 | loss: 0.0195593
	speed: 0.0314s/iter; left time: 7608.4986s
	iters: 4800, epoch: 10 | loss: 0.0110330
	speed: 0.0310s/iter; left time: 7531.8790s
	iters: 4900, epoch: 10 | loss: 0.0112393
	speed: 0.0297s/iter; left time: 7192.2909s
	iters: 5000, epoch: 10 | loss: 0.0126994
	speed: 0.0290s/iter; left time: 7032.5725s
	iters: 5100, epoch: 10 | loss: 0.0159084
	speed: 0.0296s/iter; left time: 7169.0218s
	iters: 5200, epoch: 10 | loss: 0.0127539
	speed: 0.0300s/iter; left time: 7255.0681s
	iters: 5300, epoch: 10 | loss: 0.0134820
	speed: 0.0311s/iter; left time: 7532.2740s
	iters: 5400, epoch: 10 | loss: 0.0099427
	speed: 0.0312s/iter; left time: 7556.0110s
	iters: 5500, epoch: 10 | loss: 0.0165504
	speed: 0.0292s/iter; left time: 7071.5173s
	iters: 5600, epoch: 10 | loss: 0.0100772
	speed: 0.0294s/iter; left time: 7101.0777s
	iters: 5700, epoch: 10 | loss: 0.0124462
	speed: 0.0296s/iter; left time: 7148.0996s
	iters: 5800, epoch: 10 | loss: 0.0145687
	speed: 0.0311s/iter; left time: 7516.5223s
	iters: 5900, epoch: 10 | loss: 0.0121783
	speed: 0.0314s/iter; left time: 7587.7705s
	iters: 6000, epoch: 10 | loss: 0.0169022
	speed: 0.0308s/iter; left time: 7445.1826s
Epoch: 10 cost time: 182.68899369239807
Epoch: 10, Steps: 6034 | Train Loss: 0.0138445 Vali Loss: 0.7455791 Test Loss: 0.7322792
EarlyStopping counter: 8 out of 10
Updating learning rate to 1.953125e-07
	iters: 100, epoch: 11 | loss: 0.0130338
	speed: 0.3557s/iter; left time: 85820.3966s
	iters: 200, epoch: 11 | loss: 0.0132917
	speed: 0.0299s/iter; left time: 7200.1540s
	iters: 300, epoch: 11 | loss: 0.0112214
	speed: 0.0297s/iter; left time: 7155.8685s
	iters: 400, epoch: 11 | loss: 0.0154717
	speed: 0.0297s/iter; left time: 7159.7687s
	iters: 500, epoch: 11 | loss: 0.0128680
	speed: 0.0303s/iter; left time: 7295.0607s
	iters: 600, epoch: 11 | loss: 0.0126100
	speed: 0.0310s/iter; left time: 7473.4099s
	iters: 700, epoch: 11 | loss: 0.0138616
	speed: 0.0308s/iter; left time: 7402.6629s
	iters: 800, epoch: 11 | loss: 0.0146176
	speed: 0.0296s/iter; left time: 7109.0242s
	iters: 900, epoch: 11 | loss: 0.0103226
	speed: 0.0300s/iter; left time: 7217.5055s
	iters: 1000, epoch: 11 | loss: 0.0094037
	speed: 0.0296s/iter; left time: 7105.2330s
	iters: 1100, epoch: 11 | loss: 0.0207663
	speed: 0.0303s/iter; left time: 7286.7323s
	iters: 1200, epoch: 11 | loss: 0.0116274
	speed: 0.0300s/iter; left time: 7215.3811s
	iters: 1300, epoch: 11 | loss: 0.0114855
	speed: 0.0304s/iter; left time: 7307.3519s
	iters: 1400, epoch: 11 | loss: 0.0137627
	speed: 0.0297s/iter; left time: 7129.2223s
	iters: 1500, epoch: 11 | loss: 0.0120755
	speed: 0.0299s/iter; left time: 7179.3000s
	iters: 1600, epoch: 11 | loss: 0.0177251
	speed: 0.0293s/iter; left time: 7026.4420s
	iters: 1700, epoch: 11 | loss: 0.0125375
	speed: 0.0301s/iter; left time: 7219.0484s
	iters: 1800, epoch: 11 | loss: 0.0078523
	speed: 0.0308s/iter; left time: 7378.1571s
	iters: 1900, epoch: 11 | loss: 0.0159333
	speed: 0.0307s/iter; left time: 7352.3392s
	iters: 2000, epoch: 11 | loss: 0.0106203
	speed: 0.0298s/iter; left time: 7125.8877s
	iters: 2100, epoch: 11 | loss: 0.0133314
	speed: 0.0294s/iter; left time: 7034.0094s
	iters: 2200, epoch: 11 | loss: 0.0136737
	speed: 0.0297s/iter; left time: 7096.1544s
	iters: 2300, epoch: 11 | loss: 0.0157184
	speed: 0.0291s/iter; left time: 6960.7791s
	iters: 2400, epoch: 11 | loss: 0.0121018
	speed: 0.0303s/iter; left time: 7252.2045s
	iters: 2500, epoch: 11 | loss: 0.0137252
	speed: 0.0306s/iter; left time: 7301.4977s
	iters: 2600, epoch: 11 | loss: 0.0118379
	speed: 0.0301s/iter; left time: 7195.6080s
	iters: 2700, epoch: 11 | loss: 0.0182622
	speed: 0.0306s/iter; left time: 7311.4410s
	iters: 2800, epoch: 11 | loss: 0.0101629
	speed: 0.0294s/iter; left time: 7023.6021s
	iters: 2900, epoch: 11 | loss: 0.0145510
	speed: 0.0300s/iter; left time: 7146.2184s
	iters: 3000, epoch: 11 | loss: 0.0079618
	speed: 0.0305s/iter; left time: 7263.0073s
	iters: 3100, epoch: 11 | loss: 0.0132380
	speed: 0.0304s/iter; left time: 7248.4559s
	iters: 3200, epoch: 11 | loss: 0.0125994
	speed: 0.0308s/iter; left time: 7346.5231s
	iters: 3300, epoch: 11 | loss: 0.0143458
	speed: 0.0307s/iter; left time: 7306.0915s
	iters: 3400, epoch: 11 | loss: 0.0147967
	speed: 0.0293s/iter; left time: 6978.7842s
	iters: 3500, epoch: 11 | loss: 0.0093587
	speed: 0.0290s/iter; left time: 6905.8962s
	iters: 3600, epoch: 11 | loss: 0.0110753
	speed: 0.0301s/iter; left time: 7152.1278s
	iters: 3700, epoch: 11 | loss: 0.0118729
	speed: 0.0312s/iter; left time: 7403.3952s
	iters: 3800, epoch: 11 | loss: 0.0111851
	speed: 0.0304s/iter; left time: 7233.5548s
	iters: 3900, epoch: 11 | loss: 0.0106179
	speed: 0.0306s/iter; left time: 7273.2662s
	iters: 4000, epoch: 11 | loss: 0.0114119
	speed: 0.0296s/iter; left time: 7014.0372s
	iters: 4100, epoch: 11 | loss: 0.0110801
	speed: 0.0289s/iter; left time: 6866.8641s
	iters: 4200, epoch: 11 | loss: 0.0148223
	speed: 0.0304s/iter; left time: 7198.6706s
	iters: 4300, epoch: 11 | loss: 0.0165681
	speed: 0.0307s/iter; left time: 7282.5982s
	iters: 4400, epoch: 11 | loss: 0.0095668
	speed: 0.0311s/iter; left time: 7357.8905s
	iters: 4500, epoch: 11 | loss: 0.0106827
	speed: 0.0315s/iter; left time: 7467.6804s
	iters: 4600, epoch: 11 | loss: 0.0114270
	speed: 0.0303s/iter; left time: 7181.8112s
	iters: 4700, epoch: 11 | loss: 0.0122877
	speed: 0.0293s/iter; left time: 6927.9501s
	iters: 4800, epoch: 11 | loss: 0.0149821
	speed: 0.0295s/iter; left time: 6969.9085s
	iters: 4900, epoch: 11 | loss: 0.0147648
	speed: 0.0303s/iter; left time: 7161.3163s
	iters: 5000, epoch: 11 | loss: 0.0160904
	speed: 0.0313s/iter; left time: 7395.5400s
	iters: 5100, epoch: 11 | loss: 0.0102589
	speed: 0.0305s/iter; left time: 7213.8098s
	iters: 5200, epoch: 11 | loss: 0.0170504
	speed: 0.0304s/iter; left time: 7181.4260s
	iters: 5300, epoch: 11 | loss: 0.0137362
	speed: 0.0300s/iter; left time: 7086.1136s
	iters: 5400, epoch: 11 | loss: 0.0150231
	speed: 0.0296s/iter; left time: 6987.9438s
	iters: 5500, epoch: 11 | loss: 0.0142648
	speed: 0.0298s/iter; left time: 7026.2876s
	iters: 5600, epoch: 11 | loss: 0.0093682
	speed: 0.0302s/iter; left time: 7126.3266s
	iters: 5700, epoch: 11 | loss: 0.0110015
	speed: 0.0310s/iter; left time: 7296.2431s
	iters: 5800, epoch: 11 | loss: 0.0141672
	speed: 0.0304s/iter; left time: 7152.7929s
	iters: 5900, epoch: 11 | loss: 0.0145763
	speed: 0.0298s/iter; left time: 7021.5197s
	iters: 6000, epoch: 11 | loss: 0.0187824
	speed: 0.0299s/iter; left time: 7046.6673s
Epoch: 11 cost time: 181.89266967773438
Epoch: 11, Steps: 6034 | Train Loss: 0.0138000 Vali Loss: 0.7375177 Test Loss: 0.7315681
EarlyStopping counter: 9 out of 10
Updating learning rate to 9.765625e-08
	iters: 100, epoch: 12 | loss: 0.0232639
	speed: 0.3559s/iter; left time: 83708.7427s
	iters: 200, epoch: 12 | loss: 0.0140975
	speed: 0.0298s/iter; left time: 7016.8421s
	iters: 300, epoch: 12 | loss: 0.0173761
	speed: 0.0313s/iter; left time: 7367.2699s
	iters: 400, epoch: 12 | loss: 0.0109427
	speed: 0.0312s/iter; left time: 7326.2859s
	iters: 500, epoch: 12 | loss: 0.0159106
	speed: 0.0309s/iter; left time: 7257.9317s
	iters: 600, epoch: 12 | loss: 0.0133611
	speed: 0.0305s/iter; left time: 7147.5823s
	iters: 700, epoch: 12 | loss: 0.0145457
	speed: 0.0298s/iter; left time: 6994.4629s
	iters: 800, epoch: 12 | loss: 0.0116018
	speed: 0.0294s/iter; left time: 6897.7466s
	iters: 900, epoch: 12 | loss: 0.0200090
	speed: 0.0303s/iter; left time: 7092.2341s
	iters: 1000, epoch: 12 | loss: 0.0111096
	speed: 0.0312s/iter; left time: 7302.7678s
	iters: 1100, epoch: 12 | loss: 0.0133376
	speed: 0.0320s/iter; left time: 7488.8320s
	iters: 1200, epoch: 12 | loss: 0.0107280
	speed: 0.0297s/iter; left time: 6950.2133s
	iters: 1300, epoch: 12 | loss: 0.0107633
	speed: 0.0295s/iter; left time: 6906.6104s
	iters: 1400, epoch: 12 | loss: 0.0141710
	speed: 0.0288s/iter; left time: 6729.6216s
	iters: 1500, epoch: 12 | loss: 0.0142529
	speed: 0.0305s/iter; left time: 7127.5227s
	iters: 1600, epoch: 12 | loss: 0.0148953
	speed: 0.0304s/iter; left time: 7111.0816s
	iters: 1700, epoch: 12 | loss: 0.0192164
	speed: 0.0308s/iter; left time: 7197.4560s
	iters: 1800, epoch: 12 | loss: 0.0160747
	speed: 0.0299s/iter; left time: 6983.7262s
	iters: 1900, epoch: 12 | loss: 0.0097108
	speed: 0.0292s/iter; left time: 6808.7841s
	iters: 2000, epoch: 12 | loss: 0.0197294
	speed: 0.0300s/iter; left time: 6994.5002s
	iters: 2100, epoch: 12 | loss: 0.0172417
	speed: 0.0296s/iter; left time: 6914.6994s
	iters: 2200, epoch: 12 | loss: 0.0108425
	speed: 0.0311s/iter; left time: 7238.6579s
	iters: 2300, epoch: 12 | loss: 0.0114920
	speed: 0.0314s/iter; left time: 7324.2928s
	iters: 2400, epoch: 12 | loss: 0.0125220
	speed: 0.0301s/iter; left time: 7013.8005s
	iters: 2500, epoch: 12 | loss: 0.0114101
	speed: 0.0302s/iter; left time: 7038.7999s
	iters: 2600, epoch: 12 | loss: 0.0096339
	speed: 0.0303s/iter; left time: 7052.2695s
	iters: 2700, epoch: 12 | loss: 0.0135388
	speed: 0.0298s/iter; left time: 6928.3784s
	iters: 2800, epoch: 12 | loss: 0.0167047
	speed: 0.0307s/iter; left time: 7127.7416s
	iters: 2900, epoch: 12 | loss: 0.0117273
	speed: 0.0307s/iter; left time: 7134.1140s
	iters: 3000, epoch: 12 | loss: 0.0196911
	speed: 0.0306s/iter; left time: 7099.2423s
	iters: 3100, epoch: 12 | loss: 0.0112686
	speed: 0.0311s/iter; left time: 7211.4069s
	iters: 3200, epoch: 12 | loss: 0.0147669
	speed: 0.0293s/iter; left time: 6806.4555s
	iters: 3300, epoch: 12 | loss: 0.0104472
	speed: 0.0302s/iter; left time: 7018.0309s
	iters: 3400, epoch: 12 | loss: 0.0139906
	speed: 0.0301s/iter; left time: 6971.5289s
	iters: 3500, epoch: 12 | loss: 0.0152170
	speed: 0.0303s/iter; left time: 7016.0352s
	iters: 3600, epoch: 12 | loss: 0.0101574
	speed: 0.0307s/iter; left time: 7112.7447s
	iters: 3700, epoch: 12 | loss: 0.0105175
	speed: 0.0307s/iter; left time: 7115.4650s
	iters: 3800, epoch: 12 | loss: 0.0172510
	speed: 0.0301s/iter; left time: 6965.0650s
	iters: 3900, epoch: 12 | loss: 0.0115087
	speed: 0.0295s/iter; left time: 6832.6672s
	iters: 4000, epoch: 12 | loss: 0.0147642
	speed: 0.0295s/iter; left time: 6827.9714s
	iters: 4100, epoch: 12 | loss: 0.0154853
	speed: 0.0313s/iter; left time: 7246.9151s
	iters: 4200, epoch: 12 | loss: 0.0149656
	speed: 0.0303s/iter; left time: 6991.8493s
	iters: 4300, epoch: 12 | loss: 0.0118830
	speed: 0.0300s/iter; left time: 6941.3834s
	iters: 4400, epoch: 12 | loss: 0.0112973
	speed: 0.0302s/iter; left time: 6966.6942s
	iters: 4500, epoch: 12 | loss: 0.0130236
	speed: 0.0298s/iter; left time: 6880.1245s
	iters: 4600, epoch: 12 | loss: 0.0135566
	speed: 0.0303s/iter; left time: 7001.6515s
	iters: 4700, epoch: 12 | loss: 0.0122628
	speed: 0.0296s/iter; left time: 6825.7103s
	iters: 4800, epoch: 12 | loss: 0.0109442
	speed: 0.0303s/iter; left time: 6977.2673s
	iters: 4900, epoch: 12 | loss: 0.0110114
	speed: 0.0302s/iter; left time: 6963.7019s
	iters: 5000, epoch: 12 | loss: 0.0182267
	speed: 0.0308s/iter; left time: 7102.3552s
	iters: 5100, epoch: 12 | loss: 0.0129106
	speed: 0.0309s/iter; left time: 7110.4523s
	iters: 5200, epoch: 12 | loss: 0.0188537
	speed: 0.0290s/iter; left time: 6681.5719s
	iters: 5300, epoch: 12 | loss: 0.0150939
	speed: 0.0296s/iter; left time: 6815.5246s
	iters: 5400, epoch: 12 | loss: 0.0162033
	speed: 0.0295s/iter; left time: 6794.1415s
	iters: 5500, epoch: 12 | loss: 0.0194492
	speed: 0.0299s/iter; left time: 6883.2713s
	iters: 5600, epoch: 12 | loss: 0.0099778
	speed: 0.0315s/iter; left time: 7246.5947s
	iters: 5700, epoch: 12 | loss: 0.0122553
	speed: 0.0304s/iter; left time: 6985.2929s
	iters: 5800, epoch: 12 | loss: 0.0137037
	speed: 0.0302s/iter; left time: 6923.5922s
	iters: 5900, epoch: 12 | loss: 0.0113014
	speed: 0.0297s/iter; left time: 6805.8607s
	iters: 6000, epoch: 12 | loss: 0.0213379
	speed: 0.0295s/iter; left time: 6765.7322s
Epoch: 12 cost time: 182.42642545700073
Epoch: 12, Steps: 6034 | Train Loss: 0.0137821 Vali Loss: 0.7403441 Test Loss: 0.7315049
EarlyStopping counter: 10 out of 10
Early stopping
>>>>>>>testing : informerstack_custom_ftMS_sl336_ll168_pl168_dm256_nh8_el3_dl1_df1024_atprob_fc5_ebtimeF_dtTrue_mxTrue_exp_135_0<<<<<<<<<<<<<<<<<<<<<<<<<<<<<<<<<
test 13769
test shape: (1721, 8, 168, 1) (1721, 8, 168, 1)
test shape: (13768, 168, 1) (13768, 168, 1)
mse:0.7038787007331848, mae:0.7400604486465454, r2:-3.126741886138916

======================================================================
Completed: 2025-11-08 03:25:39
Return code: 0
======================================================================
