======================================================================
Informer Native Training Log
Experiment: exp_149
Started: 2025-11-09 13:55:11
======================================================================

Command:
C:\ProgramData\anaconda3\python.exe E:\ANUS_learning\MSI5001-power-transformer-oil-temperature-prediction\external\Informer2020\main_informer.py --model informerstack --data custom --root_path ./data/ --data_path TX1.csv --features MS --target OT --freq h --seq_len 1008 --label_len 504 --pred_len 168 --enc_in 6 --dec_in 1 --c_out 1 --d_model 256 --n_heads 8 --e_layers 4 --d_layers 2 --d_ff 1024 --factor 5 --dropout 0.05 --attn prob --embed timeF --activation gelu --batch_size 8 --train_epochs 50 --patience 10 --learning_rate 7e-05 --des exp_149 --itr 1

======================================================================

Args in experiment:
Namespace(model='informerstack', data='custom', root_path='./data/', data_path='TX1.csv', features='MS', target='OT', freq='h', checkpoints='./checkpoints/', seq_len=1008, label_len=504, pred_len=168, enc_in=6, dec_in=1, c_out=1, d_model=256, n_heads=8, e_layers=4, d_layers=2, s_layers=[3, 2, 1], d_ff=1024, factor=5, padding=0, distil=True, dropout=0.05, attn='prob', embed='timeF', activation='gelu', output_attention=False, do_predict=False, mix=True, cols=None, num_workers=0, itr=1, train_epochs=50, batch_size=8, patience=10, learning_rate=7e-05, des='exp_149', loss='mse', lradj='type1', use_amp=False, inverse=False, use_gpu=True, gpu=0, use_multi_gpu=False, devices='0,1,2,3', detail_freq='h')
Use GPU: cuda:0
>>>>>>>start training : informerstack_custom_ftMS_sl1008_ll504_pl168_dm256_nh8_el4_dl2_df1024_atprob_fc5_ebtimeF_dtTrue_mxTrue_exp_149_0>>>>>>>>>>>>>>>>>>>>>>>>>>
train 47601
val 6801
test 13769
	iters: 100, epoch: 1 | loss: 0.1538698
	speed: 0.0652s/iter; left time: 19382.8703s
	iters: 200, epoch: 1 | loss: 0.3440592
	speed: 0.0509s/iter; left time: 15124.4387s
	iters: 300, epoch: 1 | loss: 0.2278640
	speed: 0.0507s/iter; left time: 15076.5928s
	iters: 400, epoch: 1 | loss: 0.1081050
	speed: 0.0509s/iter; left time: 15135.0697s
	iters: 500, epoch: 1 | loss: 0.2521210
	speed: 0.0508s/iter; left time: 15081.7237s
	iters: 600, epoch: 1 | loss: 0.1198556
	speed: 0.0511s/iter; left time: 15165.6905s
	iters: 700, epoch: 1 | loss: 0.1736442
	speed: 0.0511s/iter; left time: 15157.7484s
	iters: 800, epoch: 1 | loss: 0.1172847
	speed: 0.0512s/iter; left time: 15205.0569s
	iters: 900, epoch: 1 | loss: 0.3270586
	speed: 0.0512s/iter; left time: 15183.8586s
	iters: 1000, epoch: 1 | loss: 0.2779546
	speed: 0.0514s/iter; left time: 15241.5146s
	iters: 1100, epoch: 1 | loss: 0.1533989
	speed: 0.0510s/iter; left time: 15125.1336s
	iters: 1200, epoch: 1 | loss: 0.2142501
	speed: 0.0509s/iter; left time: 15089.6243s
	iters: 1300, epoch: 1 | loss: 0.1661854
	speed: 0.0517s/iter; left time: 15307.3145s
	iters: 1400, epoch: 1 | loss: 0.1492715
	speed: 0.0507s/iter; left time: 15013.4345s
	iters: 1500, epoch: 1 | loss: 0.1124675
	speed: 0.0511s/iter; left time: 15118.7672s
	iters: 1600, epoch: 1 | loss: 0.0981642
	speed: 0.0514s/iter; left time: 15195.4610s
	iters: 1700, epoch: 1 | loss: 0.1536742
	speed: 0.0509s/iter; left time: 15066.7844s
	iters: 1800, epoch: 1 | loss: 0.1344839
	speed: 0.0511s/iter; left time: 15103.3299s
	iters: 1900, epoch: 1 | loss: 0.0947696
	speed: 0.0508s/iter; left time: 15030.0882s
	iters: 2000, epoch: 1 | loss: 0.0606771
	speed: 0.0512s/iter; left time: 15123.3277s
	iters: 2100, epoch: 1 | loss: 0.1192626
	speed: 0.0513s/iter; left time: 15142.5015s
	iters: 2200, epoch: 1 | loss: 0.1175363
	speed: 0.0508s/iter; left time: 15006.6590s
	iters: 2300, epoch: 1 | loss: 0.1150455
	speed: 0.0511s/iter; left time: 15071.3047s
	iters: 2400, epoch: 1 | loss: 0.0826719
	speed: 0.0508s/iter; left time: 15004.1939s
	iters: 2500, epoch: 1 | loss: 0.0883102
	speed: 0.0513s/iter; left time: 15128.8519s
	iters: 2600, epoch: 1 | loss: 0.0647673
	speed: 0.0510s/iter; left time: 15054.4092s
	iters: 2700, epoch: 1 | loss: 0.0578718
	speed: 0.0513s/iter; left time: 15132.6038s
	iters: 2800, epoch: 1 | loss: 0.1303331
	speed: 0.0512s/iter; left time: 15082.4143s
	iters: 2900, epoch: 1 | loss: 0.0814891
	speed: 0.0510s/iter; left time: 15039.0327s
	iters: 3000, epoch: 1 | loss: 0.0567865
	speed: 0.0507s/iter; left time: 14944.1719s
	iters: 3100, epoch: 1 | loss: 0.0811096
	speed: 0.0512s/iter; left time: 15071.6231s
	iters: 3200, epoch: 1 | loss: 0.0845285
	speed: 0.0514s/iter; left time: 15128.4252s
	iters: 3300, epoch: 1 | loss: 0.0665463
	speed: 0.0510s/iter; left time: 15015.9492s
	iters: 3400, epoch: 1 | loss: 0.0973291
	speed: 0.0514s/iter; left time: 15117.2426s
	iters: 3500, epoch: 1 | loss: 0.0799841
	speed: 0.0517s/iter; left time: 15198.5208s
	iters: 3600, epoch: 1 | loss: 0.0594647
	speed: 0.0509s/iter; left time: 14967.6511s
	iters: 3700, epoch: 1 | loss: 0.0636060
	speed: 0.0513s/iter; left time: 15079.7788s
	iters: 3800, epoch: 1 | loss: 0.0878578
	speed: 0.0513s/iter; left time: 15079.0206s
	iters: 3900, epoch: 1 | loss: 0.0706955
	speed: 0.0512s/iter; left time: 15022.8208s
	iters: 4000, epoch: 1 | loss: 0.0604290
	speed: 0.0513s/iter; left time: 15044.6231s
	iters: 4100, epoch: 1 | loss: 0.0733844
	speed: 0.0510s/iter; left time: 14949.2714s
	iters: 4200, epoch: 1 | loss: 0.0448585
	speed: 0.0512s/iter; left time: 15002.9986s
	iters: 4300, epoch: 1 | loss: 0.0714551
	speed: 0.0507s/iter; left time: 14856.3197s
	iters: 4400, epoch: 1 | loss: 0.0438714
	speed: 0.0510s/iter; left time: 14953.3743s
	iters: 4500, epoch: 1 | loss: 0.0439426
	speed: 0.0515s/iter; left time: 15083.7173s
	iters: 4600, epoch: 1 | loss: 0.0503017
	speed: 0.0511s/iter; left time: 14972.0076s
	iters: 4700, epoch: 1 | loss: 0.0665972
	speed: 0.0510s/iter; left time: 14929.2772s
	iters: 4800, epoch: 1 | loss: 0.0529490
	speed: 0.0513s/iter; left time: 15027.6861s
	iters: 4900, epoch: 1 | loss: 0.0646536
	speed: 0.0512s/iter; left time: 14967.2786s
	iters: 5000, epoch: 1 | loss: 0.0754310
	speed: 0.0511s/iter; left time: 14946.5163s
	iters: 5100, epoch: 1 | loss: 0.0565977
	speed: 0.0514s/iter; left time: 15041.8061s
	iters: 5200, epoch: 1 | loss: 0.0582877
	speed: 0.0512s/iter; left time: 14963.7961s
	iters: 5300, epoch: 1 | loss: 0.0792493
	speed: 0.0508s/iter; left time: 14848.3911s
	iters: 5400, epoch: 1 | loss: 0.0708529
	speed: 0.0514s/iter; left time: 15000.3404s
	iters: 5500, epoch: 1 | loss: 0.0712522
	speed: 0.0512s/iter; left time: 14945.8073s
	iters: 5600, epoch: 1 | loss: 0.0719301
	speed: 0.0510s/iter; left time: 14894.3660s
	iters: 5700, epoch: 1 | loss: 0.0418483
	speed: 0.0514s/iter; left time: 14995.1913s
	iters: 5800, epoch: 1 | loss: 0.0789698
	speed: 0.0509s/iter; left time: 14841.2102s
	iters: 5900, epoch: 1 | loss: 0.1101431
	speed: 0.0511s/iter; left time: 14895.4075s
Epoch: 1 cost time: 304.59595346450806
Epoch: 1, Steps: 5950 | Train Loss: 0.1012604 Vali Loss: 0.9876598 Test Loss: 0.4971249
Validation loss decreased (inf --> 0.987660).  Saving model ...
Updating learning rate to 7e-05
	iters: 100, epoch: 2 | loss: 0.0394166
	speed: 0.6235s/iter; left time: 181708.4482s
	iters: 200, epoch: 2 | loss: 0.0373296
	speed: 0.0515s/iter; left time: 15008.4320s
	iters: 300, epoch: 2 | loss: 0.0475152
	speed: 0.0512s/iter; left time: 14913.1918s
	iters: 400, epoch: 2 | loss: 0.0406051
	speed: 0.0509s/iter; left time: 14833.6465s
	iters: 500, epoch: 2 | loss: 0.0710629
	speed: 0.0513s/iter; left time: 14934.6020s
	iters: 600, epoch: 2 | loss: 0.0462112
	speed: 0.0509s/iter; left time: 14810.1021s
	iters: 700, epoch: 2 | loss: 0.0735239
	speed: 0.0518s/iter; left time: 15062.5454s
	iters: 800, epoch: 2 | loss: 0.0380173
	speed: 0.0508s/iter; left time: 14756.8445s
	iters: 900, epoch: 2 | loss: 0.0405929
	speed: 0.0510s/iter; left time: 14810.0815s
	iters: 1000, epoch: 2 | loss: 0.0346958
	speed: 0.0515s/iter; left time: 14959.3354s
	iters: 1100, epoch: 2 | loss: 0.0397912
	speed: 0.0508s/iter; left time: 14762.1879s
	iters: 1200, epoch: 2 | loss: 0.0388364
	speed: 0.0510s/iter; left time: 14798.5886s
	iters: 1300, epoch: 2 | loss: 0.0453713
	speed: 0.0515s/iter; left time: 14938.3237s
	iters: 1400, epoch: 2 | loss: 0.0399098
	speed: 0.0508s/iter; left time: 14733.1063s
	iters: 1500, epoch: 2 | loss: 0.0617600
	speed: 0.0510s/iter; left time: 14787.5124s
	iters: 1600, epoch: 2 | loss: 0.0499371
	speed: 0.0512s/iter; left time: 14832.3424s
	iters: 1700, epoch: 2 | loss: 0.0354093
	speed: 0.0514s/iter; left time: 14894.2292s
	iters: 1800, epoch: 2 | loss: 0.0476567
	speed: 0.0508s/iter; left time: 14710.6898s
	iters: 1900, epoch: 2 | loss: 0.0344830
	speed: 0.0513s/iter; left time: 14858.4827s
	iters: 2000, epoch: 2 | loss: 0.0411228
	speed: 0.0515s/iter; left time: 14925.5628s
	iters: 2100, epoch: 2 | loss: 0.0552167
	speed: 0.0514s/iter; left time: 14877.3559s
	iters: 2200, epoch: 2 | loss: 0.0276952
	speed: 0.0510s/iter; left time: 14762.5121s
	iters: 2300, epoch: 2 | loss: 0.0459390
	speed: 0.0515s/iter; left time: 14886.2465s
	iters: 2400, epoch: 2 | loss: 0.0531339
	speed: 0.0513s/iter; left time: 14841.3126s
	iters: 2500, epoch: 2 | loss: 0.0438416
	speed: 0.0513s/iter; left time: 14839.5319s
	iters: 2600, epoch: 2 | loss: 0.0400333
	speed: 0.0512s/iter; left time: 14784.9458s
	iters: 2700, epoch: 2 | loss: 0.0435281
	speed: 0.0514s/iter; left time: 14841.7884s
	iters: 2800, epoch: 2 | loss: 0.0261972
	speed: 0.0512s/iter; left time: 14771.5179s
	iters: 2900, epoch: 2 | loss: 0.0416603
	speed: 0.0512s/iter; left time: 14782.8302s
	iters: 3000, epoch: 2 | loss: 0.0491369
	speed: 0.0511s/iter; left time: 14732.0222s
	iters: 3100, epoch: 2 | loss: 0.0388980
	speed: 0.0512s/iter; left time: 14781.5643s
	iters: 3200, epoch: 2 | loss: 0.0405241
	speed: 0.0511s/iter; left time: 14721.9424s
	iters: 3300, epoch: 2 | loss: 0.0426522
	speed: 0.0509s/iter; left time: 14661.4533s
	iters: 3400, epoch: 2 | loss: 0.0410629
	speed: 0.0514s/iter; left time: 14810.7364s
	iters: 3500, epoch: 2 | loss: 0.0523574
	speed: 0.0510s/iter; left time: 14701.4970s
	iters: 3600, epoch: 2 | loss: 0.0359973
	speed: 0.0511s/iter; left time: 14728.3257s
	iters: 3700, epoch: 2 | loss: 0.0328669
	speed: 0.0514s/iter; left time: 14805.5876s
	iters: 3800, epoch: 2 | loss: 0.0276150
	speed: 0.0513s/iter; left time: 14748.1080s
	iters: 3900, epoch: 2 | loss: 0.0243216
	speed: 0.0513s/iter; left time: 14757.2092s
	iters: 4000, epoch: 2 | loss: 0.0379589
	speed: 0.0512s/iter; left time: 14733.8920s
	iters: 4100, epoch: 2 | loss: 0.0733497
	speed: 0.0512s/iter; left time: 14706.0786s
	iters: 4200, epoch: 2 | loss: 0.0247080
	speed: 0.0511s/iter; left time: 14687.0325s
	iters: 4300, epoch: 2 | loss: 0.0283053
	speed: 0.0512s/iter; left time: 14694.4639s
	iters: 4400, epoch: 2 | loss: 0.0443587
	speed: 0.0510s/iter; left time: 14632.3303s
	iters: 4500, epoch: 2 | loss: 0.0457941
	speed: 0.0513s/iter; left time: 14731.5708s
	iters: 4600, epoch: 2 | loss: 0.0289668
	speed: 0.0515s/iter; left time: 14788.8266s
	iters: 4700, epoch: 2 | loss: 0.0385032
	speed: 0.0515s/iter; left time: 14762.0860s
	iters: 4800, epoch: 2 | loss: 0.0278847
	speed: 0.0508s/iter; left time: 14554.4853s
	iters: 4900, epoch: 2 | loss: 0.0327221
	speed: 0.0512s/iter; left time: 14680.7094s
	iters: 5000, epoch: 2 | loss: 0.0262968
	speed: 0.0508s/iter; left time: 14557.3986s
	iters: 5100, epoch: 2 | loss: 0.0256752
	speed: 0.0513s/iter; left time: 14700.7199s
	iters: 5200, epoch: 2 | loss: 0.0347565
	speed: 0.0511s/iter; left time: 14640.8963s
	iters: 5300, epoch: 2 | loss: 0.0285185
	speed: 0.0516s/iter; left time: 14758.3301s
	iters: 5400, epoch: 2 | loss: 0.0248874
	speed: 0.0512s/iter; left time: 14645.2785s
	iters: 5500, epoch: 2 | loss: 0.0323253
	speed: 0.0511s/iter; left time: 14607.8495s
	iters: 5600, epoch: 2 | loss: 0.0373778
	speed: 0.0512s/iter; left time: 14650.8007s
	iters: 5700, epoch: 2 | loss: 0.0294217
	speed: 0.0511s/iter; left time: 14620.7151s
	iters: 5800, epoch: 2 | loss: 0.0275659
	speed: 0.0510s/iter; left time: 14562.7572s
	iters: 5900, epoch: 2 | loss: 0.0289964
	speed: 0.0513s/iter; left time: 14646.8090s
Epoch: 2 cost time: 304.5349295139313
Epoch: 2, Steps: 5950 | Train Loss: 0.0409378 Vali Loss: 1.0021865 Test Loss: 0.5195663
EarlyStopping counter: 1 out of 10
Updating learning rate to 3.5e-05
	iters: 100, epoch: 3 | loss: 0.0208278
	speed: 0.6229s/iter; left time: 177840.5638s
	iters: 200, epoch: 3 | loss: 0.0285540
	speed: 0.0513s/iter; left time: 14632.0965s
	iters: 300, epoch: 3 | loss: 0.0336197
	speed: 0.0510s/iter; left time: 14544.4472s
	iters: 400, epoch: 3 | loss: 0.0321257
	speed: 0.0512s/iter; left time: 14601.3994s
	iters: 500, epoch: 3 | loss: 0.0292328
	speed: 0.0508s/iter; left time: 14497.2867s
	iters: 600, epoch: 3 | loss: 0.0286801
	speed: 0.0512s/iter; left time: 14580.8888s
	iters: 700, epoch: 3 | loss: 0.0228570
	speed: 0.0508s/iter; left time: 14473.9969s
	iters: 800, epoch: 3 | loss: 0.0353495
	speed: 0.0513s/iter; left time: 14601.3829s
	iters: 900, epoch: 3 | loss: 0.0213420
	speed: 0.0512s/iter; left time: 14580.3882s
	iters: 1000, epoch: 3 | loss: 0.0173124
	speed: 0.0510s/iter; left time: 14526.6256s
	iters: 1100, epoch: 3 | loss: 0.0225358
	speed: 0.0512s/iter; left time: 14562.0053s
	iters: 1200, epoch: 3 | loss: 0.0204474
	speed: 0.0510s/iter; left time: 14492.0293s
	iters: 1300, epoch: 3 | loss: 0.0243236
	speed: 0.0510s/iter; left time: 14512.8164s
	iters: 1400, epoch: 3 | loss: 0.0183629
	speed: 0.0510s/iter; left time: 14491.4686s
	iters: 1500, epoch: 3 | loss: 0.0214117
	speed: 0.0513s/iter; left time: 14575.7858s
	iters: 1600, epoch: 3 | loss: 0.0233992
	speed: 0.0518s/iter; left time: 14709.6357s
	iters: 1700, epoch: 3 | loss: 0.0193234
	speed: 0.0511s/iter; left time: 14503.1124s
	iters: 1800, epoch: 3 | loss: 0.0207364
	speed: 0.0513s/iter; left time: 14552.9466s
	iters: 1900, epoch: 3 | loss: 0.0189803
	speed: 0.0513s/iter; left time: 14545.8247s
	iters: 2000, epoch: 3 | loss: 0.0316582
	speed: 0.0510s/iter; left time: 14466.6380s
	iters: 2100, epoch: 3 | loss: 0.0290432
	speed: 0.0511s/iter; left time: 14489.0658s
	iters: 2200, epoch: 3 | loss: 0.0352456
	speed: 0.0511s/iter; left time: 14489.7719s
	iters: 2300, epoch: 3 | loss: 0.0220286
	speed: 0.0511s/iter; left time: 14484.3288s
	iters: 2400, epoch: 3 | loss: 0.0240466
	speed: 0.0512s/iter; left time: 14506.9717s
	iters: 2500, epoch: 3 | loss: 0.0313674
	speed: 0.0509s/iter; left time: 14419.4549s
	iters: 2600, epoch: 3 | loss: 0.0340369
	speed: 0.0511s/iter; left time: 14457.5001s
	iters: 2700, epoch: 3 | loss: 0.0258824
	speed: 0.0515s/iter; left time: 14561.7436s
	iters: 2800, epoch: 3 | loss: 0.0278688
	speed: 0.0514s/iter; left time: 14546.6383s
	iters: 2900, epoch: 3 | loss: 0.0167879
	speed: 0.0511s/iter; left time: 14451.2835s
	iters: 3000, epoch: 3 | loss: 0.0259434
	speed: 0.0512s/iter; left time: 14461.9305s
	iters: 3100, epoch: 3 | loss: 0.0294786
	speed: 0.0512s/iter; left time: 14466.9067s
	iters: 3200, epoch: 3 | loss: 0.0181728
	speed: 0.0510s/iter; left time: 14405.7768s
	iters: 3300, epoch: 3 | loss: 0.0128190
	speed: 0.0510s/iter; left time: 14396.8601s
	iters: 3400, epoch: 3 | loss: 0.0219243
	speed: 0.0515s/iter; left time: 14547.0854s
	iters: 3500, epoch: 3 | loss: 0.0259818
	speed: 0.0511s/iter; left time: 14424.8731s
	iters: 3600, epoch: 3 | loss: 0.0274328
	speed: 0.0511s/iter; left time: 14410.3032s
	iters: 3700, epoch: 3 | loss: 0.0245810
	speed: 0.0513s/iter; left time: 14473.8742s
	iters: 3800, epoch: 3 | loss: 0.0260578
	speed: 0.0511s/iter; left time: 14405.0510s
	iters: 3900, epoch: 3 | loss: 0.0207756
	speed: 0.0509s/iter; left time: 14352.3974s
	iters: 4000, epoch: 3 | loss: 0.0157527
	speed: 0.0507s/iter; left time: 14283.3990s
	iters: 4100, epoch: 3 | loss: 0.0112686
	speed: 0.0512s/iter; left time: 14401.3863s
	iters: 4200, epoch: 3 | loss: 0.0204371
	speed: 0.0511s/iter; left time: 14390.1973s
	iters: 4300, epoch: 3 | loss: 0.0188558
	speed: 0.0508s/iter; left time: 14297.3734s
	iters: 4400, epoch: 3 | loss: 0.0165944
	speed: 0.0512s/iter; left time: 14407.0084s
	iters: 4500, epoch: 3 | loss: 0.0215570
	speed: 0.0509s/iter; left time: 14305.7573s
	iters: 4600, epoch: 3 | loss: 0.0137857
	speed: 0.0510s/iter; left time: 14336.4761s
	iters: 4700, epoch: 3 | loss: 0.0183437
	speed: 0.0509s/iter; left time: 14300.3567s
	iters: 4800, epoch: 3 | loss: 0.0196640
	speed: 0.0514s/iter; left time: 14442.5967s
	iters: 4900, epoch: 3 | loss: 0.0289133
	speed: 0.0510s/iter; left time: 14323.3139s
	iters: 5000, epoch: 3 | loss: 0.0116475
	speed: 0.0512s/iter; left time: 14356.3317s
	iters: 5100, epoch: 3 | loss: 0.0147780
	speed: 0.0511s/iter; left time: 14321.8653s
	iters: 5200, epoch: 3 | loss: 0.0199204
	speed: 0.0513s/iter; left time: 14396.2334s
	iters: 5300, epoch: 3 | loss: 0.0182030
	speed: 0.0513s/iter; left time: 14391.3125s
	iters: 5400, epoch: 3 | loss: 0.0212261
	speed: 0.0506s/iter; left time: 14192.1193s
	iters: 5500, epoch: 3 | loss: 0.0128308
	speed: 0.0512s/iter; left time: 14353.0105s
	iters: 5600, epoch: 3 | loss: 0.0204205
	speed: 0.0512s/iter; left time: 14340.4495s
	iters: 5700, epoch: 3 | loss: 0.0184006
	speed: 0.0510s/iter; left time: 14282.4956s
	iters: 5800, epoch: 3 | loss: 0.0229539
	speed: 0.0514s/iter; left time: 14372.1995s
	iters: 5900, epoch: 3 | loss: 0.0236781
	speed: 0.0514s/iter; left time: 14369.7277s
Epoch: 3 cost time: 304.2675280570984
Epoch: 3, Steps: 5950 | Train Loss: 0.0229679 Vali Loss: 0.9054219 Test Loss: 0.4419619
Validation loss decreased (0.987660 --> 0.905422).  Saving model ...
Updating learning rate to 1.75e-05
	iters: 100, epoch: 4 | loss: 0.0251283
	speed: 0.6218s/iter; left time: 173836.9263s
	iters: 200, epoch: 4 | loss: 0.0188930
	speed: 0.0510s/iter; left time: 14258.9199s
	iters: 300, epoch: 4 | loss: 0.0142045
	speed: 0.0510s/iter; left time: 14240.2745s
	iters: 400, epoch: 4 | loss: 0.0160722
	speed: 0.0507s/iter; left time: 14144.5453s
	iters: 500, epoch: 4 | loss: 0.0191634
	speed: 0.0513s/iter; left time: 14313.5735s
	iters: 600, epoch: 4 | loss: 0.0125902
	speed: 0.0510s/iter; left time: 14240.4128s
	iters: 700, epoch: 4 | loss: 0.0188283
	speed: 0.0511s/iter; left time: 14245.6634s
	iters: 800, epoch: 4 | loss: 0.0157093
	speed: 0.0509s/iter; left time: 14185.7238s
	iters: 900, epoch: 4 | loss: 0.0217415
	speed: 0.0511s/iter; left time: 14256.3957s
	iters: 1000, epoch: 4 | loss: 0.0222394
	speed: 0.0509s/iter; left time: 14181.6429s
	iters: 1100, epoch: 4 | loss: 0.0263899
	speed: 0.0514s/iter; left time: 14309.9282s
	iters: 1200, epoch: 4 | loss: 0.0240503
	speed: 0.0508s/iter; left time: 14140.6103s
	iters: 1300, epoch: 4 | loss: 0.0190739
	speed: 0.0514s/iter; left time: 14294.1029s
	iters: 1400, epoch: 4 | loss: 0.0136451
	speed: 0.0513s/iter; left time: 14262.2027s
	iters: 1500, epoch: 4 | loss: 0.0157296
	speed: 0.0507s/iter; left time: 14107.0668s
	iters: 1600, epoch: 4 | loss: 0.0197906
	speed: 0.0512s/iter; left time: 14235.0634s
	iters: 1700, epoch: 4 | loss: 0.0180451
	speed: 0.0513s/iter; left time: 14256.7282s
	iters: 1800, epoch: 4 | loss: 0.0236944
	speed: 0.0511s/iter; left time: 14189.8284s
	iters: 1900, epoch: 4 | loss: 0.0161620
	speed: 0.0508s/iter; left time: 14110.0294s
	iters: 2000, epoch: 4 | loss: 0.0203821
	speed: 0.0515s/iter; left time: 14294.4916s
	iters: 2100, epoch: 4 | loss: 0.0131962
	speed: 0.0512s/iter; left time: 14203.5952s
	iters: 2200, epoch: 4 | loss: 0.0211780
	speed: 0.0513s/iter; left time: 14229.1592s
	iters: 2300, epoch: 4 | loss: 0.0273741
	speed: 0.0514s/iter; left time: 14267.5175s
	iters: 2400, epoch: 4 | loss: 0.0167688
	speed: 0.0510s/iter; left time: 14147.3053s
	iters: 2500, epoch: 4 | loss: 0.0288209
	speed: 0.0509s/iter; left time: 14104.8104s
	iters: 2600, epoch: 4 | loss: 0.0163629
	speed: 0.0509s/iter; left time: 14113.2457s
	iters: 2700, epoch: 4 | loss: 0.0240653
	speed: 0.0512s/iter; left time: 14168.2511s
	iters: 2800, epoch: 4 | loss: 0.0105877
	speed: 0.0513s/iter; left time: 14196.4441s
	iters: 2900, epoch: 4 | loss: 0.0198133
	speed: 0.0513s/iter; left time: 14203.2690s
	iters: 3000, epoch: 4 | loss: 0.0149657
	speed: 0.0510s/iter; left time: 14111.3028s
	iters: 3100, epoch: 4 | loss: 0.0205532
	speed: 0.0516s/iter; left time: 14282.5898s
	iters: 3200, epoch: 4 | loss: 0.0226049
	speed: 0.0507s/iter; left time: 14029.3842s
	iters: 3300, epoch: 4 | loss: 0.0207580
	speed: 0.0508s/iter; left time: 14048.8589s
	iters: 3400, epoch: 4 | loss: 0.0157470
	speed: 0.0514s/iter; left time: 14185.6015s
	iters: 3500, epoch: 4 | loss: 0.0155555
	speed: 0.0512s/iter; left time: 14129.6021s
	iters: 3600, epoch: 4 | loss: 0.0134236
	speed: 0.0512s/iter; left time: 14121.8640s
	iters: 3700, epoch: 4 | loss: 0.0182816
	speed: 0.0514s/iter; left time: 14182.6606s
	iters: 3800, epoch: 4 | loss: 0.0126244
	speed: 0.0512s/iter; left time: 14109.7945s
	iters: 3900, epoch: 4 | loss: 0.0156095
	speed: 0.0510s/iter; left time: 14068.3091s
	iters: 4000, epoch: 4 | loss: 0.0153924
	speed: 0.0509s/iter; left time: 14023.2888s
	iters: 4100, epoch: 4 | loss: 0.0168252
	speed: 0.0511s/iter; left time: 14070.6305s
	iters: 4200, epoch: 4 | loss: 0.0225441
	speed: 0.0507s/iter; left time: 13963.2292s
	iters: 4300, epoch: 4 | loss: 0.0219101
	speed: 0.0513s/iter; left time: 14134.6377s
	iters: 4400, epoch: 4 | loss: 0.0182277
	speed: 0.0511s/iter; left time: 14073.6064s
	iters: 4500, epoch: 4 | loss: 0.0225891
	speed: 0.0515s/iter; left time: 14159.7425s
	iters: 4600, epoch: 4 | loss: 0.0188399
	speed: 0.0514s/iter; left time: 14139.1523s
	iters: 4700, epoch: 4 | loss: 0.0139424
	speed: 0.0511s/iter; left time: 14040.0618s
	iters: 4800, epoch: 4 | loss: 0.0134483
	speed: 0.0509s/iter; left time: 13999.8722s
	iters: 4900, epoch: 4 | loss: 0.0195272
	speed: 0.0511s/iter; left time: 14028.0712s
	iters: 5000, epoch: 4 | loss: 0.0147737
	speed: 0.0510s/iter; left time: 14002.2700s
	iters: 5100, epoch: 4 | loss: 0.0171408
	speed: 0.0509s/iter; left time: 13970.5349s
	iters: 5200, epoch: 4 | loss: 0.0209320
	speed: 0.0509s/iter; left time: 13980.4289s
	iters: 5300, epoch: 4 | loss: 0.0128020
	speed: 0.0512s/iter; left time: 14040.7302s
	iters: 5400, epoch: 4 | loss: 0.0217633
	speed: 0.0511s/iter; left time: 14007.8572s
	iters: 5500, epoch: 4 | loss: 0.0114892
	speed: 0.0514s/iter; left time: 14097.8836s
	iters: 5600, epoch: 4 | loss: 0.0167337
	speed: 0.0512s/iter; left time: 14022.2968s
	iters: 5700, epoch: 4 | loss: 0.0180712
	speed: 0.0511s/iter; left time: 13996.7888s
	iters: 5800, epoch: 4 | loss: 0.0218415
	speed: 0.0510s/iter; left time: 13968.0337s
	iters: 5900, epoch: 4 | loss: 0.0198731
	speed: 0.0511s/iter; left time: 13977.8695s
Epoch: 4 cost time: 304.06889843940735
Epoch: 4, Steps: 5950 | Train Loss: 0.0175395 Vali Loss: 0.8915212 Test Loss: 0.4803219
Validation loss decreased (0.905422 --> 0.891521).  Saving model ...
Updating learning rate to 8.75e-06
	iters: 100, epoch: 5 | loss: 0.0126271
	speed: 0.6233s/iter; left time: 170525.6068s
	iters: 200, epoch: 5 | loss: 0.0181917
	speed: 0.0510s/iter; left time: 13958.8920s
	iters: 300, epoch: 5 | loss: 0.0182734
	speed: 0.0512s/iter; left time: 13991.6940s
	iters: 400, epoch: 5 | loss: 0.0134404
	speed: 0.0510s/iter; left time: 13946.0527s
	iters: 500, epoch: 5 | loss: 0.0208499
	speed: 0.0516s/iter; left time: 14089.4838s
	iters: 600, epoch: 5 | loss: 0.0182909
	speed: 0.0512s/iter; left time: 13981.8209s
	iters: 700, epoch: 5 | loss: 0.0194995
	speed: 0.0512s/iter; left time: 13986.5355s
	iters: 800, epoch: 5 | loss: 0.0138140
	speed: 0.0512s/iter; left time: 13979.4577s
	iters: 900, epoch: 5 | loss: 0.0116409
	speed: 0.0509s/iter; left time: 13873.1758s
	iters: 1000, epoch: 5 | loss: 0.0178445
	speed: 0.0514s/iter; left time: 14012.0133s
	iters: 1100, epoch: 5 | loss: 0.0136968
	speed: 0.0510s/iter; left time: 13897.6177s
	iters: 1200, epoch: 5 | loss: 0.0149677
	speed: 0.0513s/iter; left time: 13977.0771s
	iters: 1300, epoch: 5 | loss: 0.0150758
	speed: 0.0513s/iter; left time: 13964.1317s
	iters: 1400, epoch: 5 | loss: 0.0138959
	speed: 0.0515s/iter; left time: 14036.8828s
	iters: 1500, epoch: 5 | loss: 0.0187897
	speed: 0.0508s/iter; left time: 13838.4623s
	iters: 1600, epoch: 5 | loss: 0.0156909
	speed: 0.0511s/iter; left time: 13892.5135s
	iters: 1700, epoch: 5 | loss: 0.0129618
	speed: 0.0508s/iter; left time: 13824.7510s
	iters: 1800, epoch: 5 | loss: 0.0159520
	speed: 0.0514s/iter; left time: 13974.8326s
	iters: 1900, epoch: 5 | loss: 0.0122429
	speed: 0.0507s/iter; left time: 13771.4216s
	iters: 2000, epoch: 5 | loss: 0.0217027
	speed: 0.0512s/iter; left time: 13915.3760s
	iters: 2100, epoch: 5 | loss: 0.0184887
	speed: 0.0510s/iter; left time: 13854.3232s
	iters: 2200, epoch: 5 | loss: 0.0111746
	speed: 0.0511s/iter; left time: 13875.7508s
	iters: 2300, epoch: 5 | loss: 0.0126779
	speed: 0.0515s/iter; left time: 13978.0984s
	iters: 2400, epoch: 5 | loss: 0.0141219
	speed: 0.0510s/iter; left time: 13832.9038s
	iters: 2500, epoch: 5 | loss: 0.0107329
	speed: 0.0510s/iter; left time: 13836.2961s
	iters: 2600, epoch: 5 | loss: 0.0166595
	speed: 0.0513s/iter; left time: 13903.2816s
	iters: 2700, epoch: 5 | loss: 0.0163120
	speed: 0.0512s/iter; left time: 13887.1640s
	iters: 2800, epoch: 5 | loss: 0.0131076
	speed: 0.0510s/iter; left time: 13826.9094s
	iters: 2900, epoch: 5 | loss: 0.0159184
	speed: 0.0511s/iter; left time: 13829.0662s
	iters: 3000, epoch: 5 | loss: 0.0156205
	speed: 0.0511s/iter; left time: 13845.7908s
	iters: 3100, epoch: 5 | loss: 0.0120430
	speed: 0.0507s/iter; left time: 13720.8363s
	iters: 3200, epoch: 5 | loss: 0.0138417
	speed: 0.0515s/iter; left time: 13925.8907s
	iters: 3300, epoch: 5 | loss: 0.0216083
	speed: 0.0507s/iter; left time: 13702.1345s
	iters: 3400, epoch: 5 | loss: 0.0126712
	speed: 0.0513s/iter; left time: 13868.2686s
	iters: 3500, epoch: 5 | loss: 0.0195918
	speed: 0.0511s/iter; left time: 13813.1763s
	iters: 3600, epoch: 5 | loss: 0.0188117
	speed: 0.0510s/iter; left time: 13786.5683s
	iters: 3700, epoch: 5 | loss: 0.0109337
	speed: 0.0510s/iter; left time: 13760.2821s
	iters: 3800, epoch: 5 | loss: 0.0113927
	speed: 0.0517s/iter; left time: 13959.9977s
	iters: 3900, epoch: 5 | loss: 0.0154409
	speed: 0.0511s/iter; left time: 13785.4414s
	iters: 4000, epoch: 5 | loss: 0.0192477
	speed: 0.0511s/iter; left time: 13779.7358s
	iters: 4100, epoch: 5 | loss: 0.0156969
	speed: 0.0514s/iter; left time: 13869.9847s
	iters: 4200, epoch: 5 | loss: 0.0126110
	speed: 0.0511s/iter; left time: 13781.5193s
	iters: 4300, epoch: 5 | loss: 0.0156132
	speed: 0.0513s/iter; left time: 13829.6132s
	iters: 4400, epoch: 5 | loss: 0.0185653
	speed: 0.0509s/iter; left time: 13714.4699s
	iters: 4500, epoch: 5 | loss: 0.0124720
	speed: 0.0512s/iter; left time: 13792.8941s
	iters: 4600, epoch: 5 | loss: 0.0169979
	speed: 0.0511s/iter; left time: 13750.0022s
	iters: 4700, epoch: 5 | loss: 0.0134431
	speed: 0.0507s/iter; left time: 13639.4126s
	iters: 4800, epoch: 5 | loss: 0.0103137
	speed: 0.0511s/iter; left time: 13728.5584s
	iters: 4900, epoch: 5 | loss: 0.0184187
	speed: 0.0515s/iter; left time: 13849.8290s
	iters: 5000, epoch: 5 | loss: 0.0210634
	speed: 0.0511s/iter; left time: 13730.6740s
	iters: 5100, epoch: 5 | loss: 0.0143088
	speed: 0.0514s/iter; left time: 13816.6601s
	iters: 5200, epoch: 5 | loss: 0.0151608
	speed: 0.0515s/iter; left time: 13835.9996s
	iters: 5300, epoch: 5 | loss: 0.0142009
	speed: 0.0512s/iter; left time: 13743.8241s
	iters: 5400, epoch: 5 | loss: 0.0086192
	speed: 0.0513s/iter; left time: 13757.1295s
	iters: 5500, epoch: 5 | loss: 0.0188032
	speed: 0.0512s/iter; left time: 13725.5598s
	iters: 5600, epoch: 5 | loss: 0.0114908
	speed: 0.0513s/iter; left time: 13748.7505s
	iters: 5700, epoch: 5 | loss: 0.0140668
	speed: 0.0509s/iter; left time: 13634.8713s
	iters: 5800, epoch: 5 | loss: 0.0182745
	speed: 0.0514s/iter; left time: 13779.7194s
	iters: 5900, epoch: 5 | loss: 0.0140014
	speed: 0.0514s/iter; left time: 13766.0431s
Epoch: 5 cost time: 304.40409231185913
Epoch: 5, Steps: 5950 | Train Loss: 0.0154071 Vali Loss: 0.9508727 Test Loss: 0.4989451
EarlyStopping counter: 1 out of 10
Updating learning rate to 4.375e-06
	iters: 100, epoch: 6 | loss: 0.0141457
	speed: 0.6227s/iter; left time: 166667.2055s
	iters: 200, epoch: 6 | loss: 0.0115213
	speed: 0.0509s/iter; left time: 13617.7365s
	iters: 300, epoch: 6 | loss: 0.0149512
	speed: 0.0514s/iter; left time: 13755.7705s
	iters: 400, epoch: 6 | loss: 0.0134207
	speed: 0.0510s/iter; left time: 13638.4970s
	iters: 500, epoch: 6 | loss: 0.0164436
	speed: 0.0507s/iter; left time: 13542.3369s
	iters: 600, epoch: 6 | loss: 0.0111923
	speed: 0.0511s/iter; left time: 13653.3534s
	iters: 700, epoch: 6 | loss: 0.0181153
	speed: 0.0512s/iter; left time: 13683.2885s
	iters: 800, epoch: 6 | loss: 0.0145134
	speed: 0.0511s/iter; left time: 13636.1710s
	iters: 900, epoch: 6 | loss: 0.0148636
	speed: 0.0513s/iter; left time: 13678.1051s
	iters: 1000, epoch: 6 | loss: 0.0121760
	speed: 0.0509s/iter; left time: 13583.4392s
	iters: 1100, epoch: 6 | loss: 0.0163570
	speed: 0.0509s/iter; left time: 13583.7636s
	iters: 1200, epoch: 6 | loss: 0.0121389
	speed: 0.0509s/iter; left time: 13556.7450s
	iters: 1300, epoch: 6 | loss: 0.0175938
	speed: 0.0513s/iter; left time: 13665.1472s
	iters: 1400, epoch: 6 | loss: 0.0088849
	speed: 0.0512s/iter; left time: 13645.6809s
	iters: 1500, epoch: 6 | loss: 0.0154912
	speed: 0.0508s/iter; left time: 13517.7972s
	iters: 1600, epoch: 6 | loss: 0.0140572
	speed: 0.0509s/iter; left time: 13557.1395s
	iters: 1700, epoch: 6 | loss: 0.0098999
	speed: 0.0513s/iter; left time: 13652.8302s
	iters: 1800, epoch: 6 | loss: 0.0143635
	speed: 0.0512s/iter; left time: 13608.0021s
	iters: 1900, epoch: 6 | loss: 0.0124723
	speed: 0.0512s/iter; left time: 13609.4374s
	iters: 2000, epoch: 6 | loss: 0.0117929
	speed: 0.0510s/iter; left time: 13558.7389s
	iters: 2100, epoch: 6 | loss: 0.0152266
	speed: 0.0511s/iter; left time: 13571.1949s
	iters: 2200, epoch: 6 | loss: 0.0175104
	speed: 0.0509s/iter; left time: 13517.4833s
	iters: 2300, epoch: 6 | loss: 0.0137956
	speed: 0.0514s/iter; left time: 13634.1783s
	iters: 2400, epoch: 6 | loss: 0.0162065
	speed: 0.0510s/iter; left time: 13536.2658s
	iters: 2500, epoch: 6 | loss: 0.0178346
	speed: 0.0509s/iter; left time: 13498.8542s
	iters: 2600, epoch: 6 | loss: 0.0159614
	speed: 0.0511s/iter; left time: 13549.3505s
	iters: 2700, epoch: 6 | loss: 0.0115809
	speed: 0.0514s/iter; left time: 13618.0417s
	iters: 2800, epoch: 6 | loss: 0.0145200
	speed: 0.0512s/iter; left time: 13572.0327s
	iters: 2900, epoch: 6 | loss: 0.0129181
	speed: 0.0510s/iter; left time: 13516.4419s
	iters: 3000, epoch: 6 | loss: 0.0226193
	speed: 0.0511s/iter; left time: 13526.6909s
	iters: 3100, epoch: 6 | loss: 0.0142574
	speed: 0.0514s/iter; left time: 13599.4222s
	iters: 3200, epoch: 6 | loss: 0.0095753
	speed: 0.0512s/iter; left time: 13536.6530s
	iters: 3300, epoch: 6 | loss: 0.0143910
	speed: 0.0512s/iter; left time: 13538.7995s
	iters: 3400, epoch: 6 | loss: 0.0139394
	speed: 0.0513s/iter; left time: 13567.2281s
	iters: 3500, epoch: 6 | loss: 0.0135369
	speed: 0.0513s/iter; left time: 13560.5674s
	iters: 3600, epoch: 6 | loss: 0.0146587
	speed: 0.0507s/iter; left time: 13398.5657s
	iters: 3700, epoch: 6 | loss: 0.0163625
	speed: 0.0515s/iter; left time: 13607.3132s
	iters: 3800, epoch: 6 | loss: 0.0106855
	speed: 0.0517s/iter; left time: 13636.0507s
	iters: 3900, epoch: 6 | loss: 0.0142517
	speed: 0.0510s/iter; left time: 13446.2991s
	iters: 4000, epoch: 6 | loss: 0.0157660
	speed: 0.0510s/iter; left time: 13457.6369s
	iters: 4100, epoch: 6 | loss: 0.0111902
	speed: 0.0513s/iter; left time: 13530.0374s
	iters: 4200, epoch: 6 | loss: 0.0130855
	speed: 0.0510s/iter; left time: 13448.3438s
	iters: 4300, epoch: 6 | loss: 0.0142334
	speed: 0.0507s/iter; left time: 13353.4644s
	iters: 4400, epoch: 6 | loss: 0.0108359
	speed: 0.0517s/iter; left time: 13604.1190s
	iters: 4500, epoch: 6 | loss: 0.0126516
	speed: 0.0510s/iter; left time: 13412.7898s
	iters: 4600, epoch: 6 | loss: 0.0150874
	speed: 0.0509s/iter; left time: 13391.5699s
	iters: 4700, epoch: 6 | loss: 0.0114275
	speed: 0.0508s/iter; left time: 13366.7222s
	iters: 4800, epoch: 6 | loss: 0.0149479
	speed: 0.0513s/iter; left time: 13488.6970s
	iters: 4900, epoch: 6 | loss: 0.0154187
	speed: 0.0508s/iter; left time: 13353.9586s
	iters: 5000, epoch: 6 | loss: 0.0139878
	speed: 0.0512s/iter; left time: 13451.0492s
	iters: 5100, epoch: 6 | loss: 0.0158941
	speed: 0.0511s/iter; left time: 13418.6629s
	iters: 5200, epoch: 6 | loss: 0.0091206
	speed: 0.0512s/iter; left time: 13430.6880s
	iters: 5300, epoch: 6 | loss: 0.0118178
	speed: 0.0511s/iter; left time: 13413.1036s
	iters: 5400, epoch: 6 | loss: 0.0165682
	speed: 0.0509s/iter; left time: 13341.3635s
	iters: 5500, epoch: 6 | loss: 0.0129583
	speed: 0.0515s/iter; left time: 13514.1676s
	iters: 5600, epoch: 6 | loss: 0.0132539
	speed: 0.0510s/iter; left time: 13369.4851s
	iters: 5700, epoch: 6 | loss: 0.0127006
	speed: 0.0510s/iter; left time: 13367.6565s
	iters: 5800, epoch: 6 | loss: 0.0123466
	speed: 0.0515s/iter; left time: 13483.3451s
	iters: 5900, epoch: 6 | loss: 0.0106450
	speed: 0.0510s/iter; left time: 13355.8073s
Epoch: 6 cost time: 304.11378931999207
Epoch: 6, Steps: 5950 | Train Loss: 0.0144183 Vali Loss: 0.9315314 Test Loss: 0.5082882
EarlyStopping counter: 2 out of 10
Updating learning rate to 2.1875e-06
	iters: 100, epoch: 7 | loss: 0.0152071
	speed: 0.6234s/iter; left time: 163146.2295s
	iters: 200, epoch: 7 | loss: 0.0144781
	speed: 0.0512s/iter; left time: 13383.0161s
	iters: 300, epoch: 7 | loss: 0.0160352
	speed: 0.0512s/iter; left time: 13385.7660s
	iters: 400, epoch: 7 | loss: 0.0144113
	speed: 0.0508s/iter; left time: 13280.0338s
	iters: 500, epoch: 7 | loss: 0.0145441
	speed: 0.0510s/iter; left time: 13339.2685s
	iters: 600, epoch: 7 | loss: 0.0103151
	speed: 0.0511s/iter; left time: 13350.7592s
	iters: 700, epoch: 7 | loss: 0.0141105
	speed: 0.0511s/iter; left time: 13337.7283s
	iters: 800, epoch: 7 | loss: 0.0137847
	speed: 0.0510s/iter; left time: 13304.7415s
	iters: 900, epoch: 7 | loss: 0.0155409
	speed: 0.0512s/iter; left time: 13361.5341s
	iters: 1000, epoch: 7 | loss: 0.0115650
	speed: 0.0513s/iter; left time: 13373.2604s
	iters: 1100, epoch: 7 | loss: 0.0101779
	speed: 0.0510s/iter; left time: 13300.8556s
	iters: 1200, epoch: 7 | loss: 0.0131298
	speed: 0.0510s/iter; left time: 13291.5921s
	iters: 1300, epoch: 7 | loss: 0.0108626
	speed: 0.0513s/iter; left time: 13372.8998s
	iters: 1400, epoch: 7 | loss: 0.0093294
	speed: 0.0509s/iter; left time: 13264.3374s
	iters: 1500, epoch: 7 | loss: 0.0198732
	speed: 0.0516s/iter; left time: 13432.5738s
	iters: 1600, epoch: 7 | loss: 0.0104021
	speed: 0.0513s/iter; left time: 13339.4236s
	iters: 1700, epoch: 7 | loss: 0.0135397
	speed: 0.0511s/iter; left time: 13290.8272s
	iters: 1800, epoch: 7 | loss: 0.0124270
	speed: 0.0516s/iter; left time: 13406.0524s
	iters: 1900, epoch: 7 | loss: 0.0124276
	speed: 0.0509s/iter; left time: 13219.6454s
	iters: 2000, epoch: 7 | loss: 0.0141178
	speed: 0.0512s/iter; left time: 13298.5522s
	iters: 2100, epoch: 7 | loss: 0.0131136
	speed: 0.0511s/iter; left time: 13268.6187s
	iters: 2200, epoch: 7 | loss: 0.0089753
	speed: 0.0512s/iter; left time: 13297.9026s
	iters: 2300, epoch: 7 | loss: 0.0220300
	speed: 0.0512s/iter; left time: 13273.8276s
	iters: 2400, epoch: 7 | loss: 0.0128126
	speed: 0.0509s/iter; left time: 13202.8811s
	iters: 2500, epoch: 7 | loss: 0.0118205
	speed: 0.0509s/iter; left time: 13190.5328s
	iters: 2600, epoch: 7 | loss: 0.0095932
	speed: 0.0511s/iter; left time: 13247.7559s
	iters: 2700, epoch: 7 | loss: 0.0125223
	speed: 0.0514s/iter; left time: 13310.9798s
	iters: 2800, epoch: 7 | loss: 0.0143299
	speed: 0.0505s/iter; left time: 13087.2186s
	iters: 2900, epoch: 7 | loss: 0.0171179
	speed: 0.0510s/iter; left time: 13201.1014s
	iters: 3000, epoch: 7 | loss: 0.0114741
	speed: 0.0511s/iter; left time: 13211.9355s
	iters: 3100, epoch: 7 | loss: 0.0178256
	speed: 0.0513s/iter; left time: 13272.2942s
	iters: 3200, epoch: 7 | loss: 0.0194694
	speed: 0.0513s/iter; left time: 13257.4876s
	iters: 3300, epoch: 7 | loss: 0.0127558
	speed: 0.0510s/iter; left time: 13175.8647s
	iters: 3400, epoch: 7 | loss: 0.0120420
	speed: 0.0514s/iter; left time: 13274.3017s
	iters: 3500, epoch: 7 | loss: 0.0117029
	speed: 0.0512s/iter; left time: 13236.0640s
	iters: 3600, epoch: 7 | loss: 0.0118522
	speed: 0.0510s/iter; left time: 13180.0678s
	iters: 3700, epoch: 7 | loss: 0.0216493
	speed: 0.0514s/iter; left time: 13268.6827s
	iters: 3800, epoch: 7 | loss: 0.0112475
	speed: 0.0512s/iter; left time: 13218.5880s
	iters: 3900, epoch: 7 | loss: 0.0163768
	speed: 0.0513s/iter; left time: 13233.7490s
	iters: 4000, epoch: 7 | loss: 0.0187393
	speed: 0.0510s/iter; left time: 13150.7802s
	iters: 4100, epoch: 7 | loss: 0.0142516
	speed: 0.0516s/iter; left time: 13298.5128s
	iters: 4200, epoch: 7 | loss: 0.0110416
	speed: 0.0511s/iter; left time: 13165.7815s
	iters: 4300, epoch: 7 | loss: 0.0133555
	speed: 0.0506s/iter; left time: 13022.2889s
	iters: 4400, epoch: 7 | loss: 0.0135090
	speed: 0.0512s/iter; left time: 13183.2102s
	iters: 4500, epoch: 7 | loss: 0.0225366
	speed: 0.0510s/iter; left time: 13113.0980s
	iters: 4600, epoch: 7 | loss: 0.0101160
	speed: 0.0511s/iter; left time: 13130.3674s
	iters: 4700, epoch: 7 | loss: 0.0127275
	speed: 0.0513s/iter; left time: 13178.5122s
	iters: 4800, epoch: 7 | loss: 0.0133204
	speed: 0.0511s/iter; left time: 13125.9286s
	iters: 4900, epoch: 7 | loss: 0.0158445
	speed: 0.0512s/iter; left time: 13155.9542s
	iters: 5000, epoch: 7 | loss: 0.0128850
	speed: 0.0513s/iter; left time: 13175.4743s
	iters: 5100, epoch: 7 | loss: 0.0151712
	speed: 0.0511s/iter; left time: 13121.9547s
	iters: 5200, epoch: 7 | loss: 0.0172502
	speed: 0.0509s/iter; left time: 13063.4121s
	iters: 5300, epoch: 7 | loss: 0.0130995
	speed: 0.0509s/iter; left time: 13061.1539s
	iters: 5400, epoch: 7 | loss: 0.0144361
	speed: 0.0511s/iter; left time: 13111.6877s
	iters: 5500, epoch: 7 | loss: 0.0091925
	speed: 0.0511s/iter; left time: 13089.5032s
	iters: 5600, epoch: 7 | loss: 0.0111221
	speed: 0.0511s/iter; left time: 13101.7620s
	iters: 5700, epoch: 7 | loss: 0.0113386
	speed: 0.0512s/iter; left time: 13119.6192s
	iters: 5800, epoch: 7 | loss: 0.0134778
	speed: 0.0509s/iter; left time: 13040.0320s
	iters: 5900, epoch: 7 | loss: 0.0106027
	speed: 0.0512s/iter; left time: 13097.3555s
Epoch: 7 cost time: 304.15612149238586
Epoch: 7, Steps: 5950 | Train Loss: 0.0139545 Vali Loss: 0.9333271 Test Loss: 0.5029754
EarlyStopping counter: 3 out of 10
Updating learning rate to 1.09375e-06
	iters: 100, epoch: 8 | loss: 0.0124418
	speed: 0.6249s/iter; left time: 159825.4701s
	iters: 200, epoch: 8 | loss: 0.0087226
	speed: 0.0508s/iter; left time: 12998.3431s
	iters: 300, epoch: 8 | loss: 0.0112290
	speed: 0.0512s/iter; left time: 13077.0720s
	iters: 400, epoch: 8 | loss: 0.0282446
	speed: 0.0509s/iter; left time: 12993.4242s
	iters: 500, epoch: 8 | loss: 0.0139499
	speed: 0.0511s/iter; left time: 13040.5518s
	iters: 600, epoch: 8 | loss: 0.0098463
	speed: 0.0512s/iter; left time: 13057.4433s
	iters: 700, epoch: 8 | loss: 0.0189735
	speed: 0.0509s/iter; left time: 12977.6617s
	iters: 800, epoch: 8 | loss: 0.0116488
	speed: 0.0507s/iter; left time: 12940.0846s
	iters: 900, epoch: 8 | loss: 0.0218736
	speed: 0.0514s/iter; left time: 13100.7391s
	iters: 1000, epoch: 8 | loss: 0.0133188
	speed: 0.0511s/iter; left time: 13023.7316s
	iters: 1100, epoch: 8 | loss: 0.0135675
	speed: 0.0507s/iter; left time: 12907.7780s
	iters: 1200, epoch: 8 | loss: 0.0112794
	speed: 0.0513s/iter; left time: 13071.8907s
	iters: 1300, epoch: 8 | loss: 0.0118656
	speed: 0.0513s/iter; left time: 13062.0358s
	iters: 1400, epoch: 8 | loss: 0.0096025
	speed: 0.0507s/iter; left time: 12904.9813s
	iters: 1500, epoch: 8 | loss: 0.0172973
	speed: 0.0515s/iter; left time: 13096.9615s
	iters: 1600, epoch: 8 | loss: 0.0144881
	speed: 0.0513s/iter; left time: 13030.3947s
	iters: 1700, epoch: 8 | loss: 0.0110519
	speed: 0.0510s/iter; left time: 12953.7738s
	iters: 1800, epoch: 8 | loss: 0.0131417
	speed: 0.0513s/iter; left time: 13039.4061s
	iters: 1900, epoch: 8 | loss: 0.0129690
	speed: 0.0508s/iter; left time: 12896.0304s
	iters: 2000, epoch: 8 | loss: 0.0119758
	speed: 0.0513s/iter; left time: 13019.7974s
	iters: 2100, epoch: 8 | loss: 0.0140335
	speed: 0.0510s/iter; left time: 12940.7097s
	iters: 2200, epoch: 8 | loss: 0.0094473
	speed: 0.0510s/iter; left time: 12939.0721s
	iters: 2300, epoch: 8 | loss: 0.0114208
	speed: 0.0510s/iter; left time: 12929.2667s
	iters: 2400, epoch: 8 | loss: 0.0208687
	speed: 0.0515s/iter; left time: 13044.1841s
	iters: 2500, epoch: 8 | loss: 0.0199819
	speed: 0.0508s/iter; left time: 12874.4009s
	iters: 2600, epoch: 8 | loss: 0.0149757
	speed: 0.0509s/iter; left time: 12893.2272s
	iters: 2700, epoch: 8 | loss: 0.0112215
	speed: 0.0513s/iter; left time: 12987.4807s
	iters: 2800, epoch: 8 | loss: 0.0091586
	speed: 0.0512s/iter; left time: 12963.5648s
	iters: 2900, epoch: 8 | loss: 0.0149778
	speed: 0.0511s/iter; left time: 12925.4280s
	iters: 3000, epoch: 8 | loss: 0.0171598
	speed: 0.0516s/iter; left time: 13047.0853s
	iters: 3100, epoch: 8 | loss: 0.0113570
	speed: 0.0509s/iter; left time: 12854.2939s
	iters: 3200, epoch: 8 | loss: 0.0112573
	speed: 0.0510s/iter; left time: 12873.9606s
	iters: 3300, epoch: 8 | loss: 0.0098126
	speed: 0.0513s/iter; left time: 12966.8061s
	iters: 3400, epoch: 8 | loss: 0.0125414
	speed: 0.0508s/iter; left time: 12835.1978s
	iters: 3500, epoch: 8 | loss: 0.0181082
	speed: 0.0512s/iter; left time: 12920.5725s
	iters: 3600, epoch: 8 | loss: 0.0172057
	speed: 0.0511s/iter; left time: 12880.0809s
	iters: 3700, epoch: 8 | loss: 0.0180384
	speed: 0.0512s/iter; left time: 12914.9211s
	iters: 3800, epoch: 8 | loss: 0.0118049
	speed: 0.0514s/iter; left time: 12956.7660s
	iters: 3900, epoch: 8 | loss: 0.0183750
	speed: 0.0508s/iter; left time: 12800.1732s
	iters: 4000, epoch: 8 | loss: 0.0136055
	speed: 0.0510s/iter; left time: 12849.5875s
	iters: 4100, epoch: 8 | loss: 0.0096705
	speed: 0.0512s/iter; left time: 12881.6031s
	iters: 4200, epoch: 8 | loss: 0.0175209
	speed: 0.0509s/iter; left time: 12805.1826s
	iters: 4300, epoch: 8 | loss: 0.0126590
	speed: 0.0509s/iter; left time: 12805.1140s
	iters: 4400, epoch: 8 | loss: 0.0166058
	speed: 0.0515s/iter; left time: 12944.6429s
	iters: 4500, epoch: 8 | loss: 0.0209137
	speed: 0.0509s/iter; left time: 12803.8843s
	iters: 4600, epoch: 8 | loss: 0.0135191
	speed: 0.0510s/iter; left time: 12822.6904s
	iters: 4700, epoch: 8 | loss: 0.0090161
	speed: 0.0512s/iter; left time: 12854.0568s
	iters: 4800, epoch: 8 | loss: 0.0117548
	speed: 0.0512s/iter; left time: 12859.6426s
	iters: 4900, epoch: 8 | loss: 0.0187085
	speed: 0.0510s/iter; left time: 12786.8462s
	iters: 5000, epoch: 8 | loss: 0.0131941
	speed: 0.0510s/iter; left time: 12790.7585s
	iters: 5100, epoch: 8 | loss: 0.0156625
	speed: 0.0508s/iter; left time: 12726.1951s
	iters: 5200, epoch: 8 | loss: 0.0121441
	speed: 0.0510s/iter; left time: 12788.7596s
	iters: 5300, epoch: 8 | loss: 0.0141164
	speed: 0.0509s/iter; left time: 12752.7882s
	iters: 5400, epoch: 8 | loss: 0.0129104
	speed: 0.0511s/iter; left time: 12808.1557s
	iters: 5500, epoch: 8 | loss: 0.0115610
	speed: 0.0511s/iter; left time: 12789.0513s
	iters: 5600, epoch: 8 | loss: 0.0177727
	speed: 0.0510s/iter; left time: 12753.0910s
	iters: 5700, epoch: 8 | loss: 0.0116404
	speed: 0.0508s/iter; left time: 12711.5884s
	iters: 5800, epoch: 8 | loss: 0.0180329
	speed: 0.0513s/iter; left time: 12823.5787s
	iters: 5900, epoch: 8 | loss: 0.0127675
	speed: 0.0512s/iter; left time: 12792.2098s
Epoch: 8 cost time: 303.8410499095917
Epoch: 8, Steps: 5950 | Train Loss: 0.0137359 Vali Loss: 0.9269200 Test Loss: 0.4955578
EarlyStopping counter: 4 out of 10
Updating learning rate to 5.46875e-07
	iters: 100, epoch: 9 | loss: 0.0143192
	speed: 0.6216s/iter; left time: 155287.5343s
	iters: 200, epoch: 9 | loss: 0.0142203
	speed: 0.0507s/iter; left time: 12651.3624s
	iters: 300, epoch: 9 | loss: 0.0228028
	speed: 0.0513s/iter; left time: 12800.3743s
	iters: 400, epoch: 9 | loss: 0.0219687
	speed: 0.0509s/iter; left time: 12709.8043s
	iters: 500, epoch: 9 | loss: 0.0191626
	speed: 0.0511s/iter; left time: 12749.2679s
	iters: 600, epoch: 9 | loss: 0.0120762
	speed: 0.0513s/iter; left time: 12790.1722s
	iters: 700, epoch: 9 | loss: 0.0187821
	speed: 0.0510s/iter; left time: 12713.4882s
	iters: 800, epoch: 9 | loss: 0.0159105
	speed: 0.0512s/iter; left time: 12765.9939s
	iters: 900, epoch: 9 | loss: 0.0099827
	speed: 0.0509s/iter; left time: 12671.5018s
	iters: 1000, epoch: 9 | loss: 0.0168368
	speed: 0.0508s/iter; left time: 12635.4265s
	iters: 1100, epoch: 9 | loss: 0.0157346
	speed: 0.0507s/iter; left time: 12611.4059s
	iters: 1200, epoch: 9 | loss: 0.0222264
	speed: 0.0514s/iter; left time: 12776.1684s
	iters: 1300, epoch: 9 | loss: 0.0170631
	speed: 0.0512s/iter; left time: 12722.4877s
	iters: 1400, epoch: 9 | loss: 0.0091747
	speed: 0.0510s/iter; left time: 12680.1817s
	iters: 1500, epoch: 9 | loss: 0.0159264
	speed: 0.0511s/iter; left time: 12684.7177s
	iters: 1600, epoch: 9 | loss: 0.0161388
	speed: 0.0511s/iter; left time: 12696.6997s
	iters: 1700, epoch: 9 | loss: 0.0115992
	speed: 0.0509s/iter; left time: 12629.3014s
	iters: 1800, epoch: 9 | loss: 0.0117975
	speed: 0.0514s/iter; left time: 12764.4930s
	iters: 1900, epoch: 9 | loss: 0.0208961
	speed: 0.0511s/iter; left time: 12670.1830s
	iters: 2000, epoch: 9 | loss: 0.0096310
	speed: 0.0512s/iter; left time: 12688.4190s
	iters: 2100, epoch: 9 | loss: 0.0156163
	speed: 0.0515s/iter; left time: 12764.3436s
	iters: 2200, epoch: 9 | loss: 0.0099840
	speed: 0.0509s/iter; left time: 12600.9518s
	iters: 2300, epoch: 9 | loss: 0.0195737
	speed: 0.0515s/iter; left time: 12757.9495s
	iters: 2400, epoch: 9 | loss: 0.0092671
	speed: 0.0510s/iter; left time: 12625.9361s
	iters: 2500, epoch: 9 | loss: 0.0105049
	speed: 0.0508s/iter; left time: 12557.5963s
	iters: 2600, epoch: 9 | loss: 0.0113079
	speed: 0.0510s/iter; left time: 12611.6786s
	iters: 2700, epoch: 9 | loss: 0.0107271
	speed: 0.0513s/iter; left time: 12688.2218s
	iters: 2800, epoch: 9 | loss: 0.0140734
	speed: 0.0510s/iter; left time: 12594.1633s
	iters: 2900, epoch: 9 | loss: 0.0110341
	speed: 0.0510s/iter; left time: 12591.9056s
	iters: 3000, epoch: 9 | loss: 0.0137622
	speed: 0.0511s/iter; left time: 12624.9397s
	iters: 3100, epoch: 9 | loss: 0.0099279
	speed: 0.0514s/iter; left time: 12677.9346s
	iters: 3200, epoch: 9 | loss: 0.0163051
	speed: 0.0511s/iter; left time: 12596.0124s
	iters: 3300, epoch: 9 | loss: 0.0134863
	speed: 0.0511s/iter; left time: 12612.7187s
	iters: 3400, epoch: 9 | loss: 0.0134072
	speed: 0.0511s/iter; left time: 12594.6229s
	iters: 3500, epoch: 9 | loss: 0.0152278
	speed: 0.0511s/iter; left time: 12592.5331s
	iters: 3600, epoch: 9 | loss: 0.0176608
	speed: 0.0513s/iter; left time: 12628.1496s
	iters: 3700, epoch: 9 | loss: 0.0172971
	speed: 0.0511s/iter; left time: 12590.5086s
	iters: 3800, epoch: 9 | loss: 0.0111907
	speed: 0.0509s/iter; left time: 12535.7732s
	iters: 3900, epoch: 9 | loss: 0.0142317
	speed: 0.0515s/iter; left time: 12669.3004s
	iters: 4000, epoch: 9 | loss: 0.0193284
	speed: 0.0509s/iter; left time: 12506.0247s
	iters: 4100, epoch: 9 | loss: 0.0157390
	speed: 0.0511s/iter; left time: 12562.8922s
	iters: 4200, epoch: 9 | loss: 0.0099661
	speed: 0.0510s/iter; left time: 12528.9061s
	iters: 4300, epoch: 9 | loss: 0.0224535
	speed: 0.0511s/iter; left time: 12544.3617s
	iters: 4400, epoch: 9 | loss: 0.0142933
	speed: 0.0513s/iter; left time: 12603.1710s
	iters: 4500, epoch: 9 | loss: 0.0128882
	speed: 0.0511s/iter; left time: 12532.2198s
	iters: 4600, epoch: 9 | loss: 0.0143798
	speed: 0.0507s/iter; left time: 12426.6381s
	iters: 4700, epoch: 9 | loss: 0.0122782
	speed: 0.0513s/iter; left time: 12574.3493s
	iters: 4800, epoch: 9 | loss: 0.0128597
	speed: 0.0515s/iter; left time: 12623.8903s
	iters: 4900, epoch: 9 | loss: 0.0196689
	speed: 0.0514s/iter; left time: 12602.0601s
	iters: 5000, epoch: 9 | loss: 0.0092562
	speed: 0.0511s/iter; left time: 12505.0823s
	iters: 5100, epoch: 9 | loss: 0.0103336
	speed: 0.0514s/iter; left time: 12571.4646s
	iters: 5200, epoch: 9 | loss: 0.0161193
	speed: 0.0510s/iter; left time: 12473.0835s
	iters: 5300, epoch: 9 | loss: 0.0183450
	speed: 0.0509s/iter; left time: 12459.6731s
	iters: 5400, epoch: 9 | loss: 0.0207729
	speed: 0.0511s/iter; left time: 12501.5767s
	iters: 5500, epoch: 9 | loss: 0.0210276
	speed: 0.0513s/iter; left time: 12539.6310s
	iters: 5600, epoch: 9 | loss: 0.0141111
	speed: 0.0514s/iter; left time: 12567.2542s
	iters: 5700, epoch: 9 | loss: 0.0139452
	speed: 0.0509s/iter; left time: 12418.8756s
	iters: 5800, epoch: 9 | loss: 0.0117045
	speed: 0.0511s/iter; left time: 12465.0930s
	iters: 5900, epoch: 9 | loss: 0.0147820
	speed: 0.0513s/iter; left time: 12523.0201s
Epoch: 9 cost time: 304.1227533817291
Epoch: 9, Steps: 5950 | Train Loss: 0.0136139 Vali Loss: 0.9453284 Test Loss: 0.5073816
EarlyStopping counter: 5 out of 10
Updating learning rate to 2.734375e-07
	iters: 100, epoch: 10 | loss: 0.0124442
	speed: 0.6214s/iter; left time: 151520.1973s
	iters: 200, epoch: 10 | loss: 0.0166250
	speed: 0.0507s/iter; left time: 12355.0908s
	iters: 300, epoch: 10 | loss: 0.0136301
	speed: 0.0512s/iter; left time: 12483.9925s
	iters: 400, epoch: 10 | loss: 0.0135194
	speed: 0.0512s/iter; left time: 12475.2350s
	iters: 500, epoch: 10 | loss: 0.0112085
	speed: 0.0509s/iter; left time: 12389.8018s
	iters: 600, epoch: 10 | loss: 0.0126651
	speed: 0.0514s/iter; left time: 12519.9459s
	iters: 700, epoch: 10 | loss: 0.0152008
	speed: 0.0512s/iter; left time: 12460.7394s
	iters: 800, epoch: 10 | loss: 0.0130497
	speed: 0.0508s/iter; left time: 12343.3082s
	iters: 900, epoch: 10 | loss: 0.0119184
	speed: 0.0514s/iter; left time: 12486.9214s
	iters: 1000, epoch: 10 | loss: 0.0070235
	speed: 0.0511s/iter; left time: 12406.7328s
	iters: 1100, epoch: 10 | loss: 0.0137820
	speed: 0.0509s/iter; left time: 12359.2774s
	iters: 1200, epoch: 10 | loss: 0.0130771
	speed: 0.0508s/iter; left time: 12327.0586s
	iters: 1300, epoch: 10 | loss: 0.0147134
	speed: 0.0515s/iter; left time: 12487.8708s
	iters: 1400, epoch: 10 | loss: 0.0088602
	speed: 0.0508s/iter; left time: 12313.1025s
	iters: 1500, epoch: 10 | loss: 0.0101342
	speed: 0.0510s/iter; left time: 12375.1501s
	iters: 1600, epoch: 10 | loss: 0.0159526
	speed: 0.0511s/iter; left time: 12392.8446s
	iters: 1700, epoch: 10 | loss: 0.0137672
	speed: 0.0510s/iter; left time: 12366.3955s
	iters: 1800, epoch: 10 | loss: 0.0102142
	speed: 0.0510s/iter; left time: 12349.1240s
	iters: 1900, epoch: 10 | loss: 0.0134634
	speed: 0.0511s/iter; left time: 12366.0589s
	iters: 2000, epoch: 10 | loss: 0.0201412
	speed: 0.0512s/iter; left time: 12380.7737s
	iters: 2100, epoch: 10 | loss: 0.0177761
	speed: 0.0510s/iter; left time: 12343.5632s
	iters: 2200, epoch: 10 | loss: 0.0166316
	speed: 0.0514s/iter; left time: 12421.6869s
	iters: 2300, epoch: 10 | loss: 0.0113821
	speed: 0.0509s/iter; left time: 12300.2391s
	iters: 2400, epoch: 10 | loss: 0.0106585
	speed: 0.0510s/iter; left time: 12313.0181s
	iters: 2500, epoch: 10 | loss: 0.0143479
	speed: 0.0509s/iter; left time: 12301.8381s
	iters: 2600, epoch: 10 | loss: 0.0118741
	speed: 0.0510s/iter; left time: 12316.9153s
	iters: 2700, epoch: 10 | loss: 0.0126792
	speed: 0.0512s/iter; left time: 12340.4874s
	iters: 2800, epoch: 10 | loss: 0.0127310
	speed: 0.0509s/iter; left time: 12276.5681s
	iters: 2900, epoch: 10 | loss: 0.0097412
	speed: 0.0510s/iter; left time: 12288.8272s
	iters: 3000, epoch: 10 | loss: 0.0094944
	speed: 0.0514s/iter; left time: 12377.3360s
	iters: 3100, epoch: 10 | loss: 0.0087413
	speed: 0.0514s/iter; left time: 12373.0426s
	iters: 3200, epoch: 10 | loss: 0.0103714
	speed: 0.0509s/iter; left time: 12249.9896s
	iters: 3300, epoch: 10 | loss: 0.0126845
	speed: 0.0510s/iter; left time: 12276.4018s
	iters: 3400, epoch: 10 | loss: 0.0134999
	speed: 0.0512s/iter; left time: 12318.7746s
	iters: 3500, epoch: 10 | loss: 0.0132512
	speed: 0.0508s/iter; left time: 12214.2852s
	iters: 3600, epoch: 10 | loss: 0.0129335
	speed: 0.0512s/iter; left time: 12315.2095s
	iters: 3700, epoch: 10 | loss: 0.0234763
	speed: 0.0511s/iter; left time: 12279.3519s
	iters: 3800, epoch: 10 | loss: 0.0105100
	speed: 0.0510s/iter; left time: 12253.2363s
	iters: 3900, epoch: 10 | loss: 0.0126680
	speed: 0.0515s/iter; left time: 12366.1465s
	iters: 4000, epoch: 10 | loss: 0.0102567
	speed: 0.0509s/iter; left time: 12221.5887s
	iters: 4100, epoch: 10 | loss: 0.0158942
	speed: 0.0512s/iter; left time: 12272.2764s
	iters: 4200, epoch: 10 | loss: 0.0173303
	speed: 0.0510s/iter; left time: 12217.4702s
	iters: 4300, epoch: 10 | loss: 0.0165583
	speed: 0.0512s/iter; left time: 12259.5388s
	iters: 4400, epoch: 10 | loss: 0.0167786
	speed: 0.0509s/iter; left time: 12187.6748s
	iters: 4500, epoch: 10 | loss: 0.0121382
	speed: 0.0519s/iter; left time: 12431.7345s
	iters: 4600, epoch: 10 | loss: 0.0156439
	speed: 0.0509s/iter; left time: 12192.4038s
	iters: 4700, epoch: 10 | loss: 0.0174942
	speed: 0.0506s/iter; left time: 12097.4683s
	iters: 4800, epoch: 10 | loss: 0.0148867
	speed: 0.0513s/iter; left time: 12273.4448s
	iters: 4900, epoch: 10 | loss: 0.0140460
	speed: 0.0509s/iter; left time: 12178.9310s
	iters: 5000, epoch: 10 | loss: 0.0127782
	speed: 0.0512s/iter; left time: 12233.7976s
	iters: 5100, epoch: 10 | loss: 0.0074400
	speed: 0.0511s/iter; left time: 12194.1727s
	iters: 5200, epoch: 10 | loss: 0.0183385
	speed: 0.0511s/iter; left time: 12189.7749s
	iters: 5300, epoch: 10 | loss: 0.0091506
	speed: 0.0511s/iter; left time: 12195.5239s
	iters: 5400, epoch: 10 | loss: 0.0122065
	speed: 0.0516s/iter; left time: 12310.0787s
	iters: 5500, epoch: 10 | loss: 0.0126834
	speed: 0.0515s/iter; left time: 12268.4574s
	iters: 5600, epoch: 10 | loss: 0.0141121
	speed: 0.0510s/iter; left time: 12151.9030s
	iters: 5700, epoch: 10 | loss: 0.0179409
	speed: 0.0513s/iter; left time: 12210.9483s
	iters: 5800, epoch: 10 | loss: 0.0146442
	speed: 0.0513s/iter; left time: 12223.3526s
	iters: 5900, epoch: 10 | loss: 0.0162791
	speed: 0.0510s/iter; left time: 12137.8935s
Epoch: 10 cost time: 304.1097674369812
Epoch: 10, Steps: 5950 | Train Loss: 0.0135574 Vali Loss: 0.9402195 Test Loss: 0.5064043
EarlyStopping counter: 6 out of 10
Updating learning rate to 1.3671875e-07
	iters: 100, epoch: 11 | loss: 0.0192700
	speed: 0.6218s/iter; left time: 147916.7186s
	iters: 200, epoch: 11 | loss: 0.0081765
	speed: 0.0513s/iter; left time: 12192.7628s
	iters: 300, epoch: 11 | loss: 0.0117987
	speed: 0.0509s/iter; left time: 12106.3759s
	iters: 400, epoch: 11 | loss: 0.0085006
	speed: 0.0512s/iter; left time: 12160.0006s
	iters: 500, epoch: 11 | loss: 0.0135271
	speed: 0.0510s/iter; left time: 12122.8848s
	iters: 600, epoch: 11 | loss: 0.0087930
	speed: 0.0514s/iter; left time: 12205.0753s
	iters: 700, epoch: 11 | loss: 0.0185973
	speed: 0.0507s/iter; left time: 12026.1603s
	iters: 800, epoch: 11 | loss: 0.0139189
	speed: 0.0513s/iter; left time: 12174.0708s
	iters: 900, epoch: 11 | loss: 0.0100179
	speed: 0.0511s/iter; left time: 12115.9536s
	iters: 1000, epoch: 11 | loss: 0.0180854
	speed: 0.0513s/iter; left time: 12163.6987s
	iters: 1100, epoch: 11 | loss: 0.0178806
	speed: 0.0511s/iter; left time: 12108.2334s
	iters: 1200, epoch: 11 | loss: 0.0077490
	speed: 0.0514s/iter; left time: 12176.0041s
	iters: 1300, epoch: 11 | loss: 0.0073924
	speed: 0.0512s/iter; left time: 12130.7163s
	iters: 1400, epoch: 11 | loss: 0.0152601
	speed: 0.0512s/iter; left time: 12118.3845s
	iters: 1500, epoch: 11 | loss: 0.0109245
	speed: 0.0510s/iter; left time: 12063.7871s
	iters: 1600, epoch: 11 | loss: 0.0185525
	speed: 0.0513s/iter; left time: 12132.6803s
	iters: 1700, epoch: 11 | loss: 0.0157213
	speed: 0.0510s/iter; left time: 12048.8285s
	iters: 1800, epoch: 11 | loss: 0.0141598
	speed: 0.0511s/iter; left time: 12075.1109s
	iters: 1900, epoch: 11 | loss: 0.0141664
	speed: 0.0510s/iter; left time: 12049.7954s
	iters: 2000, epoch: 11 | loss: 0.0112356
	speed: 0.0508s/iter; left time: 11999.5684s
	iters: 2100, epoch: 11 | loss: 0.0106027
	speed: 0.0509s/iter; left time: 12017.1397s
	iters: 2200, epoch: 11 | loss: 0.0195724
	speed: 0.0512s/iter; left time: 12076.3217s
	iters: 2300, epoch: 11 | loss: 0.0148305
	speed: 0.0512s/iter; left time: 12075.6246s
	iters: 2400, epoch: 11 | loss: 0.0159723
	speed: 0.0510s/iter; left time: 12019.6002s
	iters: 2500, epoch: 11 | loss: 0.0079475
	speed: 0.0512s/iter; left time: 12057.8003s
	iters: 2600, epoch: 11 | loss: 0.0128046
	speed: 0.0510s/iter; left time: 12014.8111s
	iters: 2700, epoch: 11 | loss: 0.0148598
	speed: 0.0513s/iter; left time: 12080.3159s
	iters: 2800, epoch: 11 | loss: 0.0115712
	speed: 0.0511s/iter; left time: 12015.1623s
	iters: 2900, epoch: 11 | loss: 0.0116417
	speed: 0.0514s/iter; left time: 12093.4868s
	iters: 3000, epoch: 11 | loss: 0.0169355
	speed: 0.0510s/iter; left time: 11992.2622s
	iters: 3100, epoch: 11 | loss: 0.0190148
	speed: 0.0513s/iter; left time: 12050.2788s
	iters: 3200, epoch: 11 | loss: 0.0156738
	speed: 0.0509s/iter; left time: 11950.5702s
	iters: 3300, epoch: 11 | loss: 0.0149607
	speed: 0.0514s/iter; left time: 12070.4366s
	iters: 3400, epoch: 11 | loss: 0.0134137
	speed: 0.0509s/iter; left time: 11952.5949s
	iters: 3500, epoch: 11 | loss: 0.0117470
	speed: 0.0507s/iter; left time: 11898.2484s
	iters: 3600, epoch: 11 | loss: 0.0176421
	speed: 0.0509s/iter; left time: 11942.0263s
	iters: 3700, epoch: 11 | loss: 0.0230641
	speed: 0.0511s/iter; left time: 11970.1581s
	iters: 3800, epoch: 11 | loss: 0.0131138
	speed: 0.0511s/iter; left time: 11968.1243s
	iters: 3900, epoch: 11 | loss: 0.0111312
	speed: 0.0511s/iter; left time: 11962.2991s
	iters: 4000, epoch: 11 | loss: 0.0206686
	speed: 0.0510s/iter; left time: 11942.9142s
	iters: 4100, epoch: 11 | loss: 0.0152854
	speed: 0.0514s/iter; left time: 12020.7026s
	iters: 4200, epoch: 11 | loss: 0.0149591
	speed: 0.0510s/iter; left time: 11917.7877s
	iters: 4300, epoch: 11 | loss: 0.0125168
	speed: 0.0508s/iter; left time: 11873.9385s
	iters: 4400, epoch: 11 | loss: 0.0130218
	speed: 0.0509s/iter; left time: 11895.9738s
	iters: 4500, epoch: 11 | loss: 0.0130392
	speed: 0.0511s/iter; left time: 11922.0438s
	iters: 4600, epoch: 11 | loss: 0.0089658
	speed: 0.0509s/iter; left time: 11889.9853s
	iters: 4700, epoch: 11 | loss: 0.0087682
	speed: 0.0513s/iter; left time: 11968.5006s
	iters: 4800, epoch: 11 | loss: 0.0153588
	speed: 0.0514s/iter; left time: 11978.8917s
	iters: 4900, epoch: 11 | loss: 0.0097246
	speed: 0.0507s/iter; left time: 11817.0184s
	iters: 5000, epoch: 11 | loss: 0.0190951
	speed: 0.0510s/iter; left time: 11885.3006s
	iters: 5100, epoch: 11 | loss: 0.0149919
	speed: 0.0514s/iter; left time: 11962.9285s
	iters: 5200, epoch: 11 | loss: 0.0128878
	speed: 0.0512s/iter; left time: 11917.1586s
	iters: 5300, epoch: 11 | loss: 0.0168801
	speed: 0.0511s/iter; left time: 11886.2962s
	iters: 5400, epoch: 11 | loss: 0.0145013
	speed: 0.0518s/iter; left time: 12046.9507s
	iters: 5500, epoch: 11 | loss: 0.0119930
	speed: 0.0512s/iter; left time: 11913.6629s
	iters: 5600, epoch: 11 | loss: 0.0123575
	speed: 0.0509s/iter; left time: 11834.1232s
	iters: 5700, epoch: 11 | loss: 0.0105432
	speed: 0.0513s/iter; left time: 11919.5743s
	iters: 5800, epoch: 11 | loss: 0.0151962
	speed: 0.0511s/iter; left time: 11867.2596s
	iters: 5900, epoch: 11 | loss: 0.0151606
	speed: 0.0509s/iter; left time: 11802.9424s
Epoch: 11 cost time: 304.15842604637146
Epoch: 11, Steps: 5950 | Train Loss: 0.0135246 Vali Loss: 0.9338328 Test Loss: 0.5004283
EarlyStopping counter: 7 out of 10
Updating learning rate to 6.8359375e-08
	iters: 100, epoch: 12 | loss: 0.0129288
	speed: 0.6218s/iter; left time: 144221.7539s
	iters: 200, epoch: 12 | loss: 0.0105104
	speed: 0.0511s/iter; left time: 11838.5187s
	iters: 300, epoch: 12 | loss: 0.0163294
	speed: 0.0512s/iter; left time: 11865.8255s
	iters: 400, epoch: 12 | loss: 0.0175724
	speed: 0.0514s/iter; left time: 11911.2911s
	iters: 500, epoch: 12 | loss: 0.0185209
	speed: 0.0512s/iter; left time: 11855.4341s
	iters: 600, epoch: 12 | loss: 0.0122796
	speed: 0.0514s/iter; left time: 11893.7044s
	iters: 700, epoch: 12 | loss: 0.0180055
	speed: 0.0511s/iter; left time: 11829.3488s
	iters: 800, epoch: 12 | loss: 0.0138204
	speed: 0.0512s/iter; left time: 11830.2243s
	iters: 900, epoch: 12 | loss: 0.0178529
	speed: 0.0509s/iter; left time: 11759.2232s
	iters: 1000, epoch: 12 | loss: 0.0108563
	speed: 0.0513s/iter; left time: 11855.9221s
	iters: 1100, epoch: 12 | loss: 0.0185960
	speed: 0.0508s/iter; left time: 11726.6579s
	iters: 1200, epoch: 12 | loss: 0.0201104
	speed: 0.0515s/iter; left time: 11884.1968s
	iters: 1300, epoch: 12 | loss: 0.0100845
	speed: 0.0510s/iter; left time: 11774.2743s
	iters: 1400, epoch: 12 | loss: 0.0173171
	speed: 0.0511s/iter; left time: 11790.9511s
	iters: 1500, epoch: 12 | loss: 0.0079694
	speed: 0.0510s/iter; left time: 11751.3002s
	iters: 1600, epoch: 12 | loss: 0.0139254
	speed: 0.0518s/iter; left time: 11934.7208s
	iters: 1700, epoch: 12 | loss: 0.0181828
	speed: 0.0507s/iter; left time: 11680.2597s
	iters: 1800, epoch: 12 | loss: 0.0148043
	speed: 0.0508s/iter; left time: 11695.7905s
	iters: 1900, epoch: 12 | loss: 0.0195279
	speed: 0.0513s/iter; left time: 11802.5093s
	iters: 2000, epoch: 12 | loss: 0.0175055
	speed: 0.0512s/iter; left time: 11790.1017s
	iters: 2100, epoch: 12 | loss: 0.0150614
	speed: 0.0509s/iter; left time: 11710.8999s
	iters: 2200, epoch: 12 | loss: 0.0116159
	speed: 0.0515s/iter; left time: 11827.3946s
	iters: 2300, epoch: 12 | loss: 0.0163788
	speed: 0.0512s/iter; left time: 11771.1865s
	iters: 2400, epoch: 12 | loss: 0.0127519
	speed: 0.0510s/iter; left time: 11712.3798s
	iters: 2500, epoch: 12 | loss: 0.0179888
	speed: 0.0513s/iter; left time: 11767.5530s
	iters: 2600, epoch: 12 | loss: 0.0115471
	speed: 0.0511s/iter; left time: 11727.4229s
	iters: 2700, epoch: 12 | loss: 0.0149764
	speed: 0.0510s/iter; left time: 11700.2528s
	iters: 2800, epoch: 12 | loss: 0.0148932
	speed: 0.0508s/iter; left time: 11643.7485s
	iters: 2900, epoch: 12 | loss: 0.0137493
	speed: 0.0511s/iter; left time: 11706.2919s
	iters: 3000, epoch: 12 | loss: 0.0145081
	speed: 0.0513s/iter; left time: 11744.4154s
	iters: 3100, epoch: 12 | loss: 0.0118716
	speed: 0.0509s/iter; left time: 11652.9818s
	iters: 3200, epoch: 12 | loss: 0.0198284
	speed: 0.0511s/iter; left time: 11692.4242s
	iters: 3300, epoch: 12 | loss: 0.0163509
	speed: 0.0509s/iter; left time: 11649.4538s
	iters: 3400, epoch: 12 | loss: 0.0156245
	speed: 0.0513s/iter; left time: 11733.9342s
	iters: 3500, epoch: 12 | loss: 0.0153872
	speed: 0.0512s/iter; left time: 11700.4100s
	iters: 3600, epoch: 12 | loss: 0.0128680
	speed: 0.0508s/iter; left time: 11614.7138s
	iters: 3700, epoch: 12 | loss: 0.0151254
	speed: 0.0516s/iter; left time: 11781.5186s
	iters: 3800, epoch: 12 | loss: 0.0121740
	speed: 0.0510s/iter; left time: 11634.4517s
	iters: 3900, epoch: 12 | loss: 0.0125649
	speed: 0.0510s/iter; left time: 11626.6826s
	iters: 4000, epoch: 12 | loss: 0.0203379
	speed: 0.0515s/iter; left time: 11743.1239s
	iters: 4100, epoch: 12 | loss: 0.0136899
	speed: 0.0511s/iter; left time: 11657.2285s
	iters: 4200, epoch: 12 | loss: 0.0134906
	speed: 0.0513s/iter; left time: 11687.1556s
	iters: 4300, epoch: 12 | loss: 0.0143612
	speed: 0.0510s/iter; left time: 11624.9586s
	iters: 4400, epoch: 12 | loss: 0.0138287
	speed: 0.0512s/iter; left time: 11661.1510s
	iters: 4500, epoch: 12 | loss: 0.0155113
	speed: 0.0512s/iter; left time: 11641.5633s
	iters: 4600, epoch: 12 | loss: 0.0108687
	speed: 0.0510s/iter; left time: 11597.5957s
	iters: 4700, epoch: 12 | loss: 0.0120886
	speed: 0.0510s/iter; left time: 11599.0962s
	iters: 4800, epoch: 12 | loss: 0.0092097
	speed: 0.0511s/iter; left time: 11623.3637s
	iters: 4900, epoch: 12 | loss: 0.0138855
	speed: 0.0509s/iter; left time: 11570.8203s
	iters: 5000, epoch: 12 | loss: 0.0178019
	speed: 0.0512s/iter; left time: 11626.7102s
	iters: 5100, epoch: 12 | loss: 0.0110219
	speed: 0.0512s/iter; left time: 11617.3548s
	iters: 5200, epoch: 12 | loss: 0.0148354
	speed: 0.0509s/iter; left time: 11547.1716s
	iters: 5300, epoch: 12 | loss: 0.0087760
	speed: 0.0510s/iter; left time: 11555.0844s
	iters: 5400, epoch: 12 | loss: 0.0110094
	speed: 0.0514s/iter; left time: 11652.9569s
	iters: 5500, epoch: 12 | loss: 0.0114130
	speed: 0.0510s/iter; left time: 11558.5920s
	iters: 5600, epoch: 12 | loss: 0.0130813
	speed: 0.0508s/iter; left time: 11511.4177s
	iters: 5700, epoch: 12 | loss: 0.0111315
	speed: 0.0511s/iter; left time: 11574.6761s
	iters: 5800, epoch: 12 | loss: 0.0162130
	speed: 0.0513s/iter; left time: 11601.0450s
	iters: 5900, epoch: 12 | loss: 0.0125096
	speed: 0.0512s/iter; left time: 11573.0808s
Epoch: 12 cost time: 304.2084946632385
Epoch: 12, Steps: 5950 | Train Loss: 0.0135186 Vali Loss: 0.9372001 Test Loss: 0.5056161
EarlyStopping counter: 8 out of 10
Updating learning rate to 3.41796875e-08
	iters: 100, epoch: 13 | loss: 0.0114483
	speed: 0.6208s/iter; left time: 140302.1788s
	iters: 200, epoch: 13 | loss: 0.0098194
	speed: 0.0509s/iter; left time: 11488.1399s
	iters: 300, epoch: 13 | loss: 0.0131897
	speed: 0.0513s/iter; left time: 11580.7351s
	iters: 400, epoch: 13 | loss: 0.0127681
	speed: 0.0509s/iter; left time: 11494.0763s
	iters: 500, epoch: 13 | loss: 0.0126610
	speed: 0.0515s/iter; left time: 11609.3240s
	iters: 600, epoch: 13 | loss: 0.0114925
	speed: 0.0511s/iter; left time: 11528.1396s
	iters: 700, epoch: 13 | loss: 0.0187557
	speed: 0.0513s/iter; left time: 11555.7146s
	iters: 800, epoch: 13 | loss: 0.0089231
	speed: 0.0510s/iter; left time: 11484.8449s
	iters: 900, epoch: 13 | loss: 0.0134314
	speed: 0.0508s/iter; left time: 11439.0342s
	iters: 1000, epoch: 13 | loss: 0.0184235
	speed: 0.0507s/iter; left time: 11418.9657s
	iters: 1100, epoch: 13 | loss: 0.0150506
	speed: 0.0509s/iter; left time: 11456.2742s
	iters: 1200, epoch: 13 | loss: 0.0169206
	speed: 0.0509s/iter; left time: 11457.0046s
	iters: 1300, epoch: 13 | loss: 0.0122008
	speed: 0.0511s/iter; left time: 11492.6846s
	iters: 1400, epoch: 13 | loss: 0.0100779
	speed: 0.0511s/iter; left time: 11479.2245s
	iters: 1500, epoch: 13 | loss: 0.0165364
	speed: 0.0512s/iter; left time: 11491.1241s
	iters: 1600, epoch: 13 | loss: 0.0122978
	speed: 0.0509s/iter; left time: 11429.2781s
	iters: 1700, epoch: 13 | loss: 0.0130014
	speed: 0.0510s/iter; left time: 11445.1789s
	iters: 1800, epoch: 13 | loss: 0.0074437
	speed: 0.0508s/iter; left time: 11399.4368s
	iters: 1900, epoch: 13 | loss: 0.0113997
	speed: 0.0512s/iter; left time: 11487.7804s
	iters: 2000, epoch: 13 | loss: 0.0127412
	speed: 0.0508s/iter; left time: 11394.7591s
	iters: 2100, epoch: 13 | loss: 0.0159442
	speed: 0.0508s/iter; left time: 11385.1926s
	iters: 2200, epoch: 13 | loss: 0.0105881
	speed: 0.0510s/iter; left time: 11418.3155s
	iters: 2300, epoch: 13 | loss: 0.0122372
	speed: 0.0509s/iter; left time: 11385.7977s
	iters: 2400, epoch: 13 | loss: 0.0126006
	speed: 0.0512s/iter; left time: 11450.8594s
	iters: 2500, epoch: 13 | loss: 0.0116380
	speed: 0.0512s/iter; left time: 11445.3184s
	iters: 2600, epoch: 13 | loss: 0.0133515
	speed: 0.0512s/iter; left time: 11439.8475s
	iters: 2700, epoch: 13 | loss: 0.0119549
	speed: 0.0508s/iter; left time: 11341.2813s
	iters: 2800, epoch: 13 | loss: 0.0107283
	speed: 0.0509s/iter; left time: 11354.9677s
	iters: 2900, epoch: 13 | loss: 0.0096870
	speed: 0.0511s/iter; left time: 11399.4857s
	iters: 3000, epoch: 13 | loss: 0.0098357
	speed: 0.0508s/iter; left time: 11331.1237s
	iters: 3100, epoch: 13 | loss: 0.0142951
	speed: 0.0515s/iter; left time: 11478.0392s
	iters: 3200, epoch: 13 | loss: 0.0136467
	speed: 0.0508s/iter; left time: 11331.3735s
	iters: 3300, epoch: 13 | loss: 0.0159407
	speed: 0.0511s/iter; left time: 11392.0460s
	iters: 3400, epoch: 13 | loss: 0.0128461
	speed: 0.0514s/iter; left time: 11457.9441s
	iters: 3500, epoch: 13 | loss: 0.0100448
	speed: 0.0509s/iter; left time: 11321.5218s
	iters: 3600, epoch: 13 | loss: 0.0083056
	speed: 0.0509s/iter; left time: 11318.8739s
	iters: 3700, epoch: 13 | loss: 0.0092632
	speed: 0.0513s/iter; left time: 11406.4482s
	iters: 3800, epoch: 13 | loss: 0.0097070
	speed: 0.0508s/iter; left time: 11297.6342s
	iters: 3900, epoch: 13 | loss: 0.0125709
	speed: 0.0509s/iter; left time: 11306.3938s
	iters: 4000, epoch: 13 | loss: 0.0150503
	speed: 0.0511s/iter; left time: 11350.9643s
	iters: 4100, epoch: 13 | loss: 0.0127637
	speed: 0.0509s/iter; left time: 11307.2714s
	iters: 4200, epoch: 13 | loss: 0.0159098
	speed: 0.0508s/iter; left time: 11274.7175s
	iters: 4300, epoch: 13 | loss: 0.0123510
	speed: 0.0513s/iter; left time: 11381.9473s
	iters: 4400, epoch: 13 | loss: 0.0099336
	speed: 0.0511s/iter; left time: 11330.6498s
	iters: 4500, epoch: 13 | loss: 0.0087024
	speed: 0.0509s/iter; left time: 11277.4894s
	iters: 4600, epoch: 13 | loss: 0.0112849
	speed: 0.0512s/iter; left time: 11350.6857s
	iters: 4700, epoch: 13 | loss: 0.0198143
	speed: 0.0512s/iter; left time: 11341.4614s
	iters: 4800, epoch: 13 | loss: 0.0099200
	speed: 0.0509s/iter; left time: 11266.6509s
	iters: 4900, epoch: 13 | loss: 0.0107686
	speed: 0.0513s/iter; left time: 11355.5318s
	iters: 5000, epoch: 13 | loss: 0.0097130
	speed: 0.0508s/iter; left time: 11221.4373s
	iters: 5100, epoch: 13 | loss: 0.0099471
	speed: 0.0512s/iter; left time: 11314.7240s
	iters: 5200, epoch: 13 | loss: 0.0178104
	speed: 0.0510s/iter; left time: 11269.6227s
	iters: 5300, epoch: 13 | loss: 0.0157158
	speed: 0.0511s/iter; left time: 11276.5389s
	iters: 5400, epoch: 13 | loss: 0.0095298
	speed: 0.0511s/iter; left time: 11280.2145s
	iters: 5500, epoch: 13 | loss: 0.0140444
	speed: 0.0514s/iter; left time: 11347.6140s
	iters: 5600, epoch: 13 | loss: 0.0173362
	speed: 0.0507s/iter; left time: 11172.1625s
	iters: 5700, epoch: 13 | loss: 0.0153759
	speed: 0.0510s/iter; left time: 11234.2759s
	iters: 5800, epoch: 13 | loss: 0.0160682
	speed: 0.0508s/iter; left time: 11194.1374s
	iters: 5900, epoch: 13 | loss: 0.0083696
	speed: 0.0511s/iter; left time: 11247.4724s
Epoch: 13 cost time: 303.60958456993103
Epoch: 13, Steps: 5950 | Train Loss: 0.0135044 Vali Loss: 0.9379054 Test Loss: 0.5040519
EarlyStopping counter: 9 out of 10
Updating learning rate to 1.708984375e-08
	iters: 100, epoch: 14 | loss: 0.0108840
	speed: 0.6223s/iter; left time: 136929.6919s
	iters: 200, epoch: 14 | loss: 0.0071475
	speed: 0.0513s/iter; left time: 11293.1760s
	iters: 300, epoch: 14 | loss: 0.0145404
	speed: 0.0508s/iter; left time: 11166.4011s
	iters: 400, epoch: 14 | loss: 0.0192785
	speed: 0.0508s/iter; left time: 11157.3700s
	iters: 500, epoch: 14 | loss: 0.0131178
	speed: 0.0508s/iter; left time: 11168.7130s
	iters: 600, epoch: 14 | loss: 0.0132017
	speed: 0.0509s/iter; left time: 11177.7546s
	iters: 700, epoch: 14 | loss: 0.0110537
	speed: 0.0519s/iter; left time: 11398.7077s
	iters: 800, epoch: 14 | loss: 0.0141358
	speed: 0.0511s/iter; left time: 11218.5051s
	iters: 900, epoch: 14 | loss: 0.0129424
	speed: 0.0509s/iter; left time: 11155.9170s
	iters: 1000, epoch: 14 | loss: 0.0133212
	speed: 0.0508s/iter; left time: 11140.0058s
	iters: 1100, epoch: 14 | loss: 0.0152684
	speed: 0.0513s/iter; left time: 11234.5653s
	iters: 1200, epoch: 14 | loss: 0.0123814
	speed: 0.0509s/iter; left time: 11149.4151s
	iters: 1300, epoch: 14 | loss: 0.0117217
	speed: 0.0509s/iter; left time: 11138.4461s
	iters: 1400, epoch: 14 | loss: 0.0127676
	speed: 0.0514s/iter; left time: 11251.8944s
	iters: 1500, epoch: 14 | loss: 0.0107494
	speed: 0.0506s/iter; left time: 11063.8656s
	iters: 1600, epoch: 14 | loss: 0.0135435
	speed: 0.0512s/iter; left time: 11191.9624s
	iters: 1700, epoch: 14 | loss: 0.0090110
	speed: 0.0512s/iter; left time: 11192.7966s
	iters: 1800, epoch: 14 | loss: 0.0152876
	speed: 0.0512s/iter; left time: 11168.8296s
	iters: 1900, epoch: 14 | loss: 0.0084243
	speed: 0.0515s/iter; left time: 11243.8569s
	iters: 2000, epoch: 14 | loss: 0.0115039
	speed: 0.0515s/iter; left time: 11245.0468s
	iters: 2100, epoch: 14 | loss: 0.0101890
	speed: 0.0510s/iter; left time: 11120.3653s
	iters: 2200, epoch: 14 | loss: 0.0122749
	speed: 0.0511s/iter; left time: 11137.6539s
	iters: 2300, epoch: 14 | loss: 0.0100266
	speed: 0.0515s/iter; left time: 11215.1056s
	iters: 2400, epoch: 14 | loss: 0.0132559
	speed: 0.0514s/iter; left time: 11201.3057s
	iters: 2500, epoch: 14 | loss: 0.0156943
	speed: 0.0506s/iter; left time: 11013.4918s
	iters: 2600, epoch: 14 | loss: 0.0117144
	speed: 0.0515s/iter; left time: 11196.7822s
	iters: 2700, epoch: 14 | loss: 0.0113742
	speed: 0.0507s/iter; left time: 11032.0295s
	iters: 2800, epoch: 14 | loss: 0.0113049
	speed: 0.0511s/iter; left time: 11099.3618s
	iters: 2900, epoch: 14 | loss: 0.0110043
	speed: 0.0510s/iter; left time: 11069.7377s
	iters: 3000, epoch: 14 | loss: 0.0092060
	speed: 0.0510s/iter; left time: 11074.2121s
	iters: 3100, epoch: 14 | loss: 0.0080350
	speed: 0.0508s/iter; left time: 11024.2992s
	iters: 3200, epoch: 14 | loss: 0.0091979
	speed: 0.0509s/iter; left time: 11037.6953s
	iters: 3300, epoch: 14 | loss: 0.0140342
	speed: 0.0512s/iter; left time: 11112.6800s
	iters: 3400, epoch: 14 | loss: 0.0151073
	speed: 0.0514s/iter; left time: 11150.2839s
	iters: 3500, epoch: 14 | loss: 0.0115938
	speed: 0.0509s/iter; left time: 11026.5806s
	iters: 3600, epoch: 14 | loss: 0.0167494
	speed: 0.0515s/iter; left time: 11152.0612s
	iters: 3700, epoch: 14 | loss: 0.0107868
	speed: 0.0509s/iter; left time: 11025.3433s
	iters: 3800, epoch: 14 | loss: 0.0173963
	speed: 0.0512s/iter; left time: 11075.0891s
	iters: 3900, epoch: 14 | loss: 0.0081908
	speed: 0.0508s/iter; left time: 10983.2285s
	iters: 4000, epoch: 14 | loss: 0.0191338
	speed: 0.0516s/iter; left time: 11149.2278s
	iters: 4100, epoch: 14 | loss: 0.0158903
	speed: 0.0514s/iter; left time: 11097.7592s
	iters: 4200, epoch: 14 | loss: 0.0170903
	speed: 0.0512s/iter; left time: 11061.6326s
	iters: 4300, epoch: 14 | loss: 0.0091351
	speed: 0.0511s/iter; left time: 11037.0080s
	iters: 4400, epoch: 14 | loss: 0.0096340
	speed: 0.0514s/iter; left time: 11097.3309s
	iters: 4500, epoch: 14 | loss: 0.0136264
	speed: 0.0507s/iter; left time: 10924.2894s
	iters: 4600, epoch: 14 | loss: 0.0119912
	speed: 0.0511s/iter; left time: 11024.8046s
	iters: 4700, epoch: 14 | loss: 0.0127848
	speed: 0.0512s/iter; left time: 11025.5330s
	iters: 4800, epoch: 14 | loss: 0.0130429
	speed: 0.0512s/iter; left time: 11020.4556s
	iters: 4900, epoch: 14 | loss: 0.0119809
	speed: 0.0514s/iter; left time: 11068.9849s
	iters: 5000, epoch: 14 | loss: 0.0127983
	speed: 0.0513s/iter; left time: 11044.1279s
	iters: 5100, epoch: 14 | loss: 0.0093334
	speed: 0.0514s/iter; left time: 11043.6292s
	iters: 5200, epoch: 14 | loss: 0.0119054
	speed: 0.0511s/iter; left time: 10980.4628s
	iters: 5300, epoch: 14 | loss: 0.0170126
	speed: 0.0508s/iter; left time: 10919.2929s
	iters: 5400, epoch: 14 | loss: 0.0141935
	speed: 0.0511s/iter; left time: 10981.3899s
	iters: 5500, epoch: 14 | loss: 0.0127165
	speed: 0.0516s/iter; left time: 11072.0583s
	iters: 5600, epoch: 14 | loss: 0.0183883
	speed: 0.0509s/iter; left time: 10931.2272s
	iters: 5700, epoch: 14 | loss: 0.0151925
	speed: 0.0511s/iter; left time: 10952.5906s
	iters: 5800, epoch: 14 | loss: 0.0121161
	speed: 0.0512s/iter; left time: 10972.1201s
	iters: 5900, epoch: 14 | loss: 0.0144646
	speed: 0.0511s/iter; left time: 10956.1440s
Epoch: 14 cost time: 304.23343420028687
Epoch: 14, Steps: 5950 | Train Loss: 0.0135087 Vali Loss: 0.9309058 Test Loss: 0.5014306
EarlyStopping counter: 10 out of 10
Early stopping
>>>>>>>testing : informerstack_custom_ftMS_sl1008_ll504_pl168_dm256_nh8_el4_dl2_df1024_atprob_fc5_ebtimeF_dtTrue_mxTrue_exp_149_0<<<<<<<<<<<<<<<<<<<<<<<<<<<<<<<<<
test 13769
test shape: (1721, 8, 168, 1) (1721, 8, 168, 1)
test shape: (13768, 168, 1) (13768, 168, 1)
mse:0.4799261689186096, mae:0.5511538982391357, r2:-1.813739538192749

======================================================================
Completed: 2025-11-09 15:19:35
Return code: 0
======================================================================
