======================================================================
Informer Native Training Log
Experiment: exp_146
Started: 2025-11-09 06:10:43
======================================================================

Command:
C:\ProgramData\anaconda3\python.exe E:\ANUS_learning\MSI5001-power-transformer-oil-temperature-prediction\external\Informer2020\main_informer.py --model informerstack --data custom --root_path ./data/ --data_path TX1.csv --features MS --target OT --freq h --seq_len 1008 --label_len 504 --pred_len 168 --enc_in 6 --dec_in 1 --c_out 1 --d_model 256 --n_heads 8 --e_layers 4 --d_layers 4 --d_ff 1024 --factor 5 --dropout 0.05 --attn prob --embed timeF --activation gelu --batch_size 8 --train_epochs 50 --patience 10 --learning_rate 5e-05 --des exp_146 --itr 1

======================================================================

Args in experiment:
Namespace(model='informerstack', data='custom', root_path='./data/', data_path='TX1.csv', features='MS', target='OT', freq='h', checkpoints='./checkpoints/', seq_len=1008, label_len=504, pred_len=168, enc_in=6, dec_in=1, c_out=1, d_model=256, n_heads=8, e_layers=4, d_layers=4, s_layers=[3, 2, 1], d_ff=1024, factor=5, padding=0, distil=True, dropout=0.05, attn='prob', embed='timeF', activation='gelu', output_attention=False, do_predict=False, mix=True, cols=None, num_workers=0, itr=1, train_epochs=50, batch_size=8, patience=10, learning_rate=5e-05, des='exp_146', loss='mse', lradj='type1', use_amp=False, inverse=False, use_gpu=True, gpu=0, use_multi_gpu=False, devices='0,1,2,3', detail_freq='h')
Use GPU: cuda:0
>>>>>>>start training : informerstack_custom_ftMS_sl1008_ll504_pl168_dm256_nh8_el4_dl4_df1024_atprob_fc5_ebtimeF_dtTrue_mxTrue_exp_146_0>>>>>>>>>>>>>>>>>>>>>>>>>>
train 47601
val 6801
test 13769
	iters: 100, epoch: 1 | loss: 0.2518418
	speed: 0.0827s/iter; left time: 24599.4843s
	iters: 200, epoch: 1 | loss: 0.3064642
	speed: 0.0722s/iter; left time: 21464.0010s
	iters: 300, epoch: 1 | loss: 0.1474283
	speed: 0.0714s/iter; left time: 21218.6885s
	iters: 400, epoch: 1 | loss: 0.1584825
	speed: 0.0718s/iter; left time: 21341.5662s
	iters: 500, epoch: 1 | loss: 0.2332775
	speed: 0.0722s/iter; left time: 21440.2200s
	iters: 600, epoch: 1 | loss: 0.1658599
	speed: 0.0711s/iter; left time: 21101.5826s
	iters: 700, epoch: 1 | loss: 0.1188094
	speed: 0.0726s/iter; left time: 21548.0583s
	iters: 800, epoch: 1 | loss: 0.1266545
	speed: 0.0714s/iter; left time: 21193.5113s
	iters: 900, epoch: 1 | loss: 0.1074532
	speed: 0.0718s/iter; left time: 21286.2944s
	iters: 1000, epoch: 1 | loss: 0.2379225
	speed: 0.0720s/iter; left time: 21333.5111s
	iters: 1100, epoch: 1 | loss: 0.1356815
	speed: 0.0712s/iter; left time: 21094.6404s
	iters: 1200, epoch: 1 | loss: 0.1759441
	speed: 0.0723s/iter; left time: 21413.4649s
	iters: 1300, epoch: 1 | loss: 0.1625170
	speed: 0.0713s/iter; left time: 21128.5982s
	iters: 1400, epoch: 1 | loss: 0.1513529
	speed: 0.0717s/iter; left time: 21236.5082s
	iters: 1500, epoch: 1 | loss: 0.0634800
	speed: 0.0724s/iter; left time: 21441.3476s
	iters: 1600, epoch: 1 | loss: 0.1247797
	speed: 0.0709s/iter; left time: 20988.9921s
	iters: 1700, epoch: 1 | loss: 0.1473602
	speed: 0.0717s/iter; left time: 21220.1129s
	iters: 1800, epoch: 1 | loss: 0.0802135
	speed: 0.0716s/iter; left time: 21167.5501s
	iters: 1900, epoch: 1 | loss: 0.1628813
	speed: 0.0720s/iter; left time: 21274.3230s
	iters: 2000, epoch: 1 | loss: 0.0672619
	speed: 0.0726s/iter; left time: 21466.1041s
	iters: 2100, epoch: 1 | loss: 0.1341380
	speed: 0.0711s/iter; left time: 21015.8021s
	iters: 2200, epoch: 1 | loss: 0.0913788
	speed: 0.0716s/iter; left time: 21149.6687s
	iters: 2300, epoch: 1 | loss: 0.0947271
	speed: 0.0715s/iter; left time: 21115.8046s
	iters: 2400, epoch: 1 | loss: 0.1079461
	speed: 0.0711s/iter; left time: 20978.4204s
	iters: 2500, epoch: 1 | loss: 0.1005392
	speed: 0.0720s/iter; left time: 21249.3597s
	iters: 2600, epoch: 1 | loss: 0.1356926
	speed: 0.0718s/iter; left time: 21186.7313s
	iters: 2700, epoch: 1 | loss: 0.1383581
	speed: 0.0718s/iter; left time: 21158.2278s
	iters: 2800, epoch: 1 | loss: 0.1030776
	speed: 0.0722s/iter; left time: 21265.7509s
	iters: 2900, epoch: 1 | loss: 0.1164348
	speed: 0.0713s/iter; left time: 21006.2654s
	iters: 3000, epoch: 1 | loss: 0.0733769
	speed: 0.0725s/iter; left time: 21362.4691s
	iters: 3100, epoch: 1 | loss: 0.0613188
	speed: 0.0714s/iter; left time: 21009.7382s
	iters: 3200, epoch: 1 | loss: 0.0817545
	speed: 0.0716s/iter; left time: 21086.4294s
	iters: 3300, epoch: 1 | loss: 0.0802479
	speed: 0.0722s/iter; left time: 21243.7182s
	iters: 3400, epoch: 1 | loss: 0.0960908
	speed: 0.0714s/iter; left time: 21011.1562s
	iters: 3500, epoch: 1 | loss: 0.1479347
	speed: 0.0719s/iter; left time: 21134.3521s
	iters: 3600, epoch: 1 | loss: 0.0757453
	speed: 0.0718s/iter; left time: 21103.3140s
	iters: 3700, epoch: 1 | loss: 0.0663842
	speed: 0.0718s/iter; left time: 21096.2107s
	iters: 3800, epoch: 1 | loss: 0.0577894
	speed: 0.0715s/iter; left time: 21011.9509s
	iters: 3900, epoch: 1 | loss: 0.0863932
	speed: 0.0716s/iter; left time: 21009.0751s
	iters: 4000, epoch: 1 | loss: 0.0483620
	speed: 0.0720s/iter; left time: 21130.8616s
	iters: 4100, epoch: 1 | loss: 0.0546755
	speed: 0.0716s/iter; left time: 21018.2397s
	iters: 4200, epoch: 1 | loss: 0.0566295
	speed: 0.0716s/iter; left time: 20992.9961s
	iters: 4300, epoch: 1 | loss: 0.0918165
	speed: 0.0721s/iter; left time: 21137.4539s
	iters: 4400, epoch: 1 | loss: 0.0446125
	speed: 0.0720s/iter; left time: 21091.0074s
	iters: 4500, epoch: 1 | loss: 0.0886281
	speed: 0.0719s/iter; left time: 21058.3299s
	iters: 4600, epoch: 1 | loss: 0.0449927
	speed: 0.0720s/iter; left time: 21085.0460s
	iters: 4700, epoch: 1 | loss: 0.0604164
	speed: 0.0715s/iter; left time: 20937.0763s
	iters: 4800, epoch: 1 | loss: 0.0588629
	speed: 0.0710s/iter; left time: 20794.0788s
	iters: 4900, epoch: 1 | loss: 0.0437914
	speed: 0.0725s/iter; left time: 21227.7578s
	iters: 5000, epoch: 1 | loss: 0.0710677
	speed: 0.0714s/iter; left time: 20898.6245s
	iters: 5100, epoch: 1 | loss: 0.0701759
	speed: 0.0715s/iter; left time: 20897.8362s
	iters: 5200, epoch: 1 | loss: 0.0599261
	speed: 0.0719s/iter; left time: 21011.8997s
	iters: 5300, epoch: 1 | loss: 0.0603324
	speed: 0.0712s/iter; left time: 20804.4684s
	iters: 5400, epoch: 1 | loss: 0.0603327
	speed: 0.0724s/iter; left time: 21139.8118s
	iters: 5500, epoch: 1 | loss: 0.0629856
	speed: 0.0715s/iter; left time: 20871.3647s
	iters: 5600, epoch: 1 | loss: 0.0751741
	speed: 0.0715s/iter; left time: 20871.6901s
	iters: 5700, epoch: 1 | loss: 0.0886395
	speed: 0.0726s/iter; left time: 21183.3500s
	iters: 5800, epoch: 1 | loss: 0.0529505
	speed: 0.0717s/iter; left time: 20906.7728s
	iters: 5900, epoch: 1 | loss: 0.0771467
	speed: 0.0722s/iter; left time: 21060.0107s
Epoch: 1 cost time: 427.4794433116913
Epoch: 1, Steps: 5950 | Train Loss: 0.1068988 Vali Loss: 0.6932169 Test Loss: 0.4169880
Validation loss decreased (inf --> 0.693217).  Saving model ...
Updating learning rate to 5e-05
	iters: 100, epoch: 2 | loss: 0.0585857
	speed: 0.8422s/iter; left time: 245450.2450s
	iters: 200, epoch: 2 | loss: 0.0569589
	speed: 0.0720s/iter; left time: 20983.0821s
	iters: 300, epoch: 2 | loss: 0.0601384
	speed: 0.0718s/iter; left time: 20914.3225s
	iters: 400, epoch: 2 | loss: 0.0517740
	speed: 0.0714s/iter; left time: 20781.0631s
	iters: 500, epoch: 2 | loss: 0.0552764
	speed: 0.0724s/iter; left time: 21069.4493s
	iters: 600, epoch: 2 | loss: 0.0534070
	speed: 0.0707s/iter; left time: 20583.7137s
	iters: 700, epoch: 2 | loss: 0.0439429
	speed: 0.0722s/iter; left time: 21011.2807s
	iters: 800, epoch: 2 | loss: 0.0463709
	speed: 0.0719s/iter; left time: 20918.1257s
	iters: 900, epoch: 2 | loss: 0.0461602
	speed: 0.0709s/iter; left time: 20601.2828s
	iters: 1000, epoch: 2 | loss: 0.0436715
	speed: 0.0719s/iter; left time: 20899.1161s
	iters: 1100, epoch: 2 | loss: 0.0481437
	speed: 0.0712s/iter; left time: 20691.7945s
	iters: 1200, epoch: 2 | loss: 0.0492077
	speed: 0.0722s/iter; left time: 20949.5236s
	iters: 1300, epoch: 2 | loss: 0.0629439
	speed: 0.0717s/iter; left time: 20808.3112s
	iters: 1400, epoch: 2 | loss: 0.0511278
	speed: 0.0714s/iter; left time: 20718.6758s
	iters: 1500, epoch: 2 | loss: 0.0608274
	speed: 0.0728s/iter; left time: 21111.5566s
	iters: 1600, epoch: 2 | loss: 0.1141623
	speed: 0.0710s/iter; left time: 20598.1732s
	iters: 1700, epoch: 2 | loss: 0.0474616
	speed: 0.0720s/iter; left time: 20862.8446s
	iters: 1800, epoch: 2 | loss: 0.0464458
	speed: 0.0721s/iter; left time: 20883.6582s
	iters: 1900, epoch: 2 | loss: 0.0551895
	speed: 0.0711s/iter; left time: 20608.4567s
	iters: 2000, epoch: 2 | loss: 0.0657852
	speed: 0.0719s/iter; left time: 20820.8958s
	iters: 2100, epoch: 2 | loss: 0.0489148
	speed: 0.0722s/iter; left time: 20885.8314s
	iters: 2200, epoch: 2 | loss: 0.0464086
	speed: 0.0719s/iter; left time: 20792.1933s
	iters: 2300, epoch: 2 | loss: 0.0667980
	speed: 0.0723s/iter; left time: 20901.5843s
	iters: 2400, epoch: 2 | loss: 0.0354286
	speed: 0.0710s/iter; left time: 20525.8140s
	iters: 2500, epoch: 2 | loss: 0.0456198
	speed: 0.0724s/iter; left time: 20916.1234s
	iters: 2600, epoch: 2 | loss: 0.0456509
	speed: 0.0718s/iter; left time: 20742.4121s
	iters: 2700, epoch: 2 | loss: 0.0624067
	speed: 0.0715s/iter; left time: 20648.8373s
	iters: 2800, epoch: 2 | loss: 0.0702470
	speed: 0.0724s/iter; left time: 20905.0389s
	iters: 2900, epoch: 2 | loss: 0.0395709
	speed: 0.0715s/iter; left time: 20643.9718s
	iters: 3000, epoch: 2 | loss: 0.0360163
	speed: 0.0724s/iter; left time: 20889.6168s
	iters: 3100, epoch: 2 | loss: 0.0437976
	speed: 0.0722s/iter; left time: 20840.1904s
	iters: 3200, epoch: 2 | loss: 0.0442543
	speed: 0.0718s/iter; left time: 20697.4050s
	iters: 3300, epoch: 2 | loss: 0.0422153
	speed: 0.0717s/iter; left time: 20677.2692s
	iters: 3400, epoch: 2 | loss: 0.0343457
	speed: 0.0719s/iter; left time: 20718.1237s
	iters: 3500, epoch: 2 | loss: 0.0255051
	speed: 0.0719s/iter; left time: 20710.0320s
	iters: 3600, epoch: 2 | loss: 0.0321484
	speed: 0.0721s/iter; left time: 20764.7932s
	iters: 3700, epoch: 2 | loss: 0.0526624
	speed: 0.0715s/iter; left time: 20595.2661s
	iters: 3800, epoch: 2 | loss: 0.0728452
	speed: 0.0721s/iter; left time: 20751.9130s
	iters: 3900, epoch: 2 | loss: 0.0467791
	speed: 0.0713s/iter; left time: 20523.8563s
	iters: 4000, epoch: 2 | loss: 0.0453543
	speed: 0.0718s/iter; left time: 20635.6857s
	iters: 4100, epoch: 2 | loss: 0.0330431
	speed: 0.0720s/iter; left time: 20693.7383s
	iters: 4200, epoch: 2 | loss: 0.0268504
	speed: 0.0719s/iter; left time: 20649.9146s
	iters: 4300, epoch: 2 | loss: 0.0248346
	speed: 0.0710s/iter; left time: 20401.3892s
	iters: 4400, epoch: 2 | loss: 0.0268952
	speed: 0.0717s/iter; left time: 20593.5309s
	iters: 4500, epoch: 2 | loss: 0.0518621
	speed: 0.0717s/iter; left time: 20595.2788s
	iters: 4600, epoch: 2 | loss: 0.0375544
	speed: 0.0723s/iter; left time: 20751.0467s
	iters: 4700, epoch: 2 | loss: 0.0390917
	speed: 0.0715s/iter; left time: 20511.4840s
	iters: 4800, epoch: 2 | loss: 0.0258059
	speed: 0.0716s/iter; left time: 20524.9741s
	iters: 4900, epoch: 2 | loss: 0.0185748
	speed: 0.0721s/iter; left time: 20670.3502s
	iters: 5000, epoch: 2 | loss: 0.0211317
	speed: 0.0723s/iter; left time: 20707.3499s
	iters: 5100, epoch: 2 | loss: 0.0356463
	speed: 0.0717s/iter; left time: 20531.8959s
	iters: 5200, epoch: 2 | loss: 0.0368403
	speed: 0.0718s/iter; left time: 20553.5142s
	iters: 5300, epoch: 2 | loss: 0.0434490
	speed: 0.0710s/iter; left time: 20316.2685s
	iters: 5400, epoch: 2 | loss: 0.0257460
	speed: 0.0715s/iter; left time: 20461.6204s
	iters: 5500, epoch: 2 | loss: 0.0241906
	speed: 0.0721s/iter; left time: 20632.2661s
	iters: 5600, epoch: 2 | loss: 0.0371265
	speed: 0.0715s/iter; left time: 20440.0775s
	iters: 5700, epoch: 2 | loss: 0.0304537
	speed: 0.0717s/iter; left time: 20500.0702s
	iters: 5800, epoch: 2 | loss: 0.0185967
	speed: 0.0715s/iter; left time: 20439.5309s
	iters: 5900, epoch: 2 | loss: 0.0434585
	speed: 0.0714s/iter; left time: 20381.8669s
Epoch: 2 cost time: 427.0228910446167
Epoch: 2, Steps: 5950 | Train Loss: 0.0431773 Vali Loss: 0.5432855 Test Loss: 0.3815226
Validation loss decreased (0.693217 --> 0.543285).  Saving model ...
Updating learning rate to 2.5e-05
	iters: 100, epoch: 3 | loss: 0.0254392
	speed: 0.8431s/iter; left time: 240693.9448s
	iters: 200, epoch: 3 | loss: 0.0252154
	speed: 0.0721s/iter; left time: 20564.2306s
	iters: 300, epoch: 3 | loss: 0.0250989
	speed: 0.0729s/iter; left time: 20790.1449s
	iters: 400, epoch: 3 | loss: 0.0187913
	speed: 0.0713s/iter; left time: 20329.3402s
	iters: 500, epoch: 3 | loss: 0.0106522
	speed: 0.0723s/iter; left time: 20599.0466s
	iters: 600, epoch: 3 | loss: 0.0147045
	speed: 0.0713s/iter; left time: 20316.0312s
	iters: 700, epoch: 3 | loss: 0.0249686
	speed: 0.0715s/iter; left time: 20356.7993s
	iters: 800, epoch: 3 | loss: 0.0179101
	speed: 0.0721s/iter; left time: 20529.3570s
	iters: 900, epoch: 3 | loss: 0.0234533
	speed: 0.0714s/iter; left time: 20329.1823s
	iters: 1000, epoch: 3 | loss: 0.0337570
	speed: 0.0715s/iter; left time: 20338.7882s
	iters: 1100, epoch: 3 | loss: 0.0208209
	speed: 0.0715s/iter; left time: 20346.3318s
	iters: 1200, epoch: 3 | loss: 0.0271990
	speed: 0.0720s/iter; left time: 20483.3599s
	iters: 1300, epoch: 3 | loss: 0.0209157
	speed: 0.0726s/iter; left time: 20634.2450s
	iters: 1400, epoch: 3 | loss: 0.0225331
	speed: 0.0708s/iter; left time: 20110.9815s
	iters: 1500, epoch: 3 | loss: 0.0203790
	speed: 0.0723s/iter; left time: 20532.2102s
	iters: 1600, epoch: 3 | loss: 0.0211162
	speed: 0.0721s/iter; left time: 20479.0344s
	iters: 1700, epoch: 3 | loss: 0.0278525
	speed: 0.0711s/iter; left time: 20188.6998s
	iters: 1800, epoch: 3 | loss: 0.0222456
	speed: 0.0723s/iter; left time: 20510.2245s
	iters: 1900, epoch: 3 | loss: 0.0246880
	speed: 0.0714s/iter; left time: 20248.3372s
	iters: 2000, epoch: 3 | loss: 0.0142288
	speed: 0.0718s/iter; left time: 20357.1738s
	iters: 2100, epoch: 3 | loss: 0.0152067
	speed: 0.0719s/iter; left time: 20390.0656s
	iters: 2200, epoch: 3 | loss: 0.0163606
	speed: 0.0710s/iter; left time: 20118.0025s
	iters: 2300, epoch: 3 | loss: 0.0267217
	speed: 0.0723s/iter; left time: 20483.7140s
	iters: 2400, epoch: 3 | loss: 0.0185635
	speed: 0.0710s/iter; left time: 20094.6843s
	iters: 2500, epoch: 3 | loss: 0.0233890
	speed: 0.0719s/iter; left time: 20363.8419s
	iters: 2600, epoch: 3 | loss: 0.0226818
	speed: 0.0725s/iter; left time: 20524.8757s
	iters: 2700, epoch: 3 | loss: 0.0179633
	speed: 0.0724s/iter; left time: 20470.7894s
	iters: 2800, epoch: 3 | loss: 0.0208269
	speed: 0.0723s/iter; left time: 20453.6284s
	iters: 2900, epoch: 3 | loss: 0.0237027
	speed: 0.0719s/iter; left time: 20320.9616s
	iters: 3000, epoch: 3 | loss: 0.0231518
	speed: 0.0717s/iter; left time: 20257.9655s
	iters: 3100, epoch: 3 | loss: 0.0192522
	speed: 0.0722s/iter; left time: 20409.9137s
	iters: 3200, epoch: 3 | loss: 0.0258346
	speed: 0.0710s/iter; left time: 20061.1230s
	iters: 3300, epoch: 3 | loss: 0.0243225
	speed: 0.0737s/iter; left time: 20801.8923s
	iters: 3400, epoch: 3 | loss: 0.0191979
	speed: 0.0718s/iter; left time: 20275.4103s
	iters: 3500, epoch: 3 | loss: 0.0184925
	speed: 0.0715s/iter; left time: 20177.8381s
	iters: 3600, epoch: 3 | loss: 0.0179340
	speed: 0.0720s/iter; left time: 20315.0239s
	iters: 3700, epoch: 3 | loss: 0.0176363
	speed: 0.0721s/iter; left time: 20312.1302s
	iters: 3800, epoch: 3 | loss: 0.0213248
	speed: 0.0721s/iter; left time: 20320.5786s
	iters: 3900, epoch: 3 | loss: 0.0162323
	speed: 0.0717s/iter; left time: 20206.5910s
	iters: 4000, epoch: 3 | loss: 0.0221456
	speed: 0.0713s/iter; left time: 20075.7353s
	iters: 4100, epoch: 3 | loss: 0.0215607
	speed: 0.0722s/iter; left time: 20311.0030s
	iters: 4200, epoch: 3 | loss: 0.0292322
	speed: 0.0715s/iter; left time: 20106.2416s
	iters: 4300, epoch: 3 | loss: 0.0178736
	speed: 0.0718s/iter; left time: 20194.9533s
	iters: 4400, epoch: 3 | loss: 0.0245127
	speed: 0.0718s/iter; left time: 20191.0164s
	iters: 4500, epoch: 3 | loss: 0.0191585
	speed: 0.0718s/iter; left time: 20170.8745s
	iters: 4600, epoch: 3 | loss: 0.0169713
	speed: 0.0717s/iter; left time: 20150.8845s
	iters: 4700, epoch: 3 | loss: 0.0164114
	speed: 0.0722s/iter; left time: 20271.0647s
	iters: 4800, epoch: 3 | loss: 0.0187525
	speed: 0.0718s/iter; left time: 20150.5512s
	iters: 4900, epoch: 3 | loss: 0.0154053
	speed: 0.0717s/iter; left time: 20121.7345s
	iters: 5000, epoch: 3 | loss: 0.0317625
	speed: 0.0722s/iter; left time: 20245.7252s
	iters: 5100, epoch: 3 | loss: 0.0150140
	speed: 0.0719s/iter; left time: 20181.1493s
	iters: 5200, epoch: 3 | loss: 0.0206649
	speed: 0.0724s/iter; left time: 20301.4282s
	iters: 5300, epoch: 3 | loss: 0.0190432
	speed: 0.0716s/iter; left time: 20083.1876s
	iters: 5400, epoch: 3 | loss: 0.0124520
	speed: 0.0717s/iter; left time: 20097.1105s
	iters: 5500, epoch: 3 | loss: 0.0157286
	speed: 0.0719s/iter; left time: 20144.1805s
	iters: 5600, epoch: 3 | loss: 0.0210128
	speed: 0.0717s/iter; left time: 20069.4683s
	iters: 5700, epoch: 3 | loss: 0.0267428
	speed: 0.0721s/iter; left time: 20179.2599s
	iters: 5800, epoch: 3 | loss: 0.0206206
	speed: 0.0717s/iter; left time: 20074.0685s
	iters: 5900, epoch: 3 | loss: 0.0149947
	speed: 0.0715s/iter; left time: 19997.3767s
Epoch: 3 cost time: 427.5138249397278
Epoch: 3, Steps: 5950 | Train Loss: 0.0214263 Vali Loss: 0.6216210 Test Loss: 0.4109797
EarlyStopping counter: 1 out of 10
Updating learning rate to 1.25e-05
	iters: 100, epoch: 4 | loss: 0.0203395
	speed: 0.8422s/iter; left time: 235437.3784s
	iters: 200, epoch: 4 | loss: 0.0126566
	speed: 0.0716s/iter; left time: 20008.0735s
	iters: 300, epoch: 4 | loss: 0.0191152
	speed: 0.0718s/iter; left time: 20061.0431s
	iters: 400, epoch: 4 | loss: 0.0159215
	speed: 0.0713s/iter; left time: 19920.0794s
	iters: 500, epoch: 4 | loss: 0.0159318
	speed: 0.0720s/iter; left time: 20110.3675s
	iters: 600, epoch: 4 | loss: 0.0178781
	speed: 0.0716s/iter; left time: 19982.4343s
	iters: 700, epoch: 4 | loss: 0.0208856
	speed: 0.0715s/iter; left time: 19943.2490s
	iters: 800, epoch: 4 | loss: 0.0156105
	speed: 0.0724s/iter; left time: 20197.1268s
	iters: 900, epoch: 4 | loss: 0.0139134
	speed: 0.0712s/iter; left time: 19843.8429s
	iters: 1000, epoch: 4 | loss: 0.0187984
	speed: 0.0717s/iter; left time: 19973.9893s
	iters: 1100, epoch: 4 | loss: 0.0203352
	speed: 0.0722s/iter; left time: 20114.2612s
	iters: 1200, epoch: 4 | loss: 0.0182637
	speed: 0.0711s/iter; left time: 19801.3532s
	iters: 1300, epoch: 4 | loss: 0.0155596
	speed: 0.0727s/iter; left time: 20222.6106s
	iters: 1400, epoch: 4 | loss: 0.0167689
	speed: 0.0714s/iter; left time: 19866.2473s
	iters: 1500, epoch: 4 | loss: 0.0155195
	speed: 0.0718s/iter; left time: 19975.9922s
	iters: 1600, epoch: 4 | loss: 0.0145211
	speed: 0.0721s/iter; left time: 20047.9525s
	iters: 1700, epoch: 4 | loss: 0.0125526
	speed: 0.0712s/iter; left time: 19789.5350s
	iters: 1800, epoch: 4 | loss: 0.0158915
	speed: 0.0727s/iter; left time: 20213.6413s
	iters: 1900, epoch: 4 | loss: 0.0145728
	speed: 0.0718s/iter; left time: 19943.2835s
	iters: 2000, epoch: 4 | loss: 0.0211700
	speed: 0.0719s/iter; left time: 19964.3158s
	iters: 2100, epoch: 4 | loss: 0.0144152
	speed: 0.0723s/iter; left time: 20075.2620s
	iters: 2200, epoch: 4 | loss: 0.0205642
	speed: 0.0713s/iter; left time: 19771.9055s
	iters: 2300, epoch: 4 | loss: 0.0146301
	speed: 0.0720s/iter; left time: 19970.5378s
	iters: 2400, epoch: 4 | loss: 0.0099524
	speed: 0.0716s/iter; left time: 19863.1766s
	iters: 2500, epoch: 4 | loss: 0.0159075
	speed: 0.0712s/iter; left time: 19723.4460s
	iters: 2600, epoch: 4 | loss: 0.0200990
	speed: 0.0727s/iter; left time: 20147.9891s
	iters: 2700, epoch: 4 | loss: 0.0141646
	speed: 0.0715s/iter; left time: 19790.9116s
	iters: 2800, epoch: 4 | loss: 0.0192455
	speed: 0.0719s/iter; left time: 19911.1375s
	iters: 2900, epoch: 4 | loss: 0.0218391
	speed: 0.0719s/iter; left time: 19897.2384s
	iters: 3000, epoch: 4 | loss: 0.0153144
	speed: 0.0713s/iter; left time: 19716.3036s
	iters: 3100, epoch: 4 | loss: 0.0141318
	speed: 0.0720s/iter; left time: 19905.3364s
	iters: 3200, epoch: 4 | loss: 0.0151507
	speed: 0.0715s/iter; left time: 19777.0410s
	iters: 3300, epoch: 4 | loss: 0.0171541
	speed: 0.0717s/iter; left time: 19819.8955s
	iters: 3400, epoch: 4 | loss: 0.0105372
	speed: 0.0725s/iter; left time: 20036.5266s
	iters: 3500, epoch: 4 | loss: 0.0087396
	speed: 0.0717s/iter; left time: 19792.0827s
	iters: 3600, epoch: 4 | loss: 0.0171454
	speed: 0.0725s/iter; left time: 20013.0229s
	iters: 3700, epoch: 4 | loss: 0.0233254
	speed: 0.0714s/iter; left time: 19713.9047s
	iters: 3800, epoch: 4 | loss: 0.0174512
	speed: 0.0712s/iter; left time: 19632.8553s
	iters: 3900, epoch: 4 | loss: 0.0132812
	speed: 0.0725s/iter; left time: 19992.1112s
	iters: 4000, epoch: 4 | loss: 0.0126484
	speed: 0.0720s/iter; left time: 19856.9766s
	iters: 4100, epoch: 4 | loss: 0.0152339
	speed: 0.0724s/iter; left time: 19961.1009s
	iters: 4200, epoch: 4 | loss: 0.0152658
	speed: 0.0712s/iter; left time: 19609.1839s
	iters: 4300, epoch: 4 | loss: 0.0097038
	speed: 0.0717s/iter; left time: 19732.7290s
	iters: 4400, epoch: 4 | loss: 0.0132811
	speed: 0.0720s/iter; left time: 19816.3600s
	iters: 4500, epoch: 4 | loss: 0.0171064
	speed: 0.0716s/iter; left time: 19702.1127s
	iters: 4600, epoch: 4 | loss: 0.0100493
	speed: 0.0713s/iter; left time: 19608.7667s
	iters: 4700, epoch: 4 | loss: 0.0150878
	speed: 0.0714s/iter; left time: 19623.9526s
	iters: 4800, epoch: 4 | loss: 0.0135857
	speed: 0.0717s/iter; left time: 19703.8006s
	iters: 4900, epoch: 4 | loss: 0.0146886
	speed: 0.0713s/iter; left time: 19595.1266s
	iters: 5000, epoch: 4 | loss: 0.0146955
	speed: 0.0717s/iter; left time: 19682.8471s
	iters: 5100, epoch: 4 | loss: 0.0165095
	speed: 0.0714s/iter; left time: 19602.5057s
	iters: 5200, epoch: 4 | loss: 0.0137101
	speed: 0.0715s/iter; left time: 19630.0545s
	iters: 5300, epoch: 4 | loss: 0.0150212
	speed: 0.0721s/iter; left time: 19771.6328s
	iters: 5400, epoch: 4 | loss: 0.0137365
	speed: 0.0710s/iter; left time: 19476.3873s
	iters: 5500, epoch: 4 | loss: 0.0133387
	speed: 0.0720s/iter; left time: 19738.0512s
	iters: 5600, epoch: 4 | loss: 0.0093111
	speed: 0.0713s/iter; left time: 19548.3731s
	iters: 5700, epoch: 4 | loss: 0.0137235
	speed: 0.0717s/iter; left time: 19655.6621s
	iters: 5800, epoch: 4 | loss: 0.0168386
	speed: 0.0722s/iter; left time: 19769.5096s
	iters: 5900, epoch: 4 | loss: 0.0221290
	speed: 0.0709s/iter; left time: 19414.7349s
Epoch: 4 cost time: 426.9310829639435
Epoch: 4, Steps: 5950 | Train Loss: 0.0156564 Vali Loss: 0.5990044 Test Loss: 0.4049166
EarlyStopping counter: 2 out of 10
Updating learning rate to 6.25e-06
	iters: 100, epoch: 5 | loss: 0.0081548
	speed: 0.8430s/iter; left time: 230641.1817s
	iters: 200, epoch: 5 | loss: 0.0103158
	speed: 0.0710s/iter; left time: 19406.9194s
	iters: 300, epoch: 5 | loss: 0.0150787
	speed: 0.0726s/iter; left time: 19857.6133s
	iters: 400, epoch: 5 | loss: 0.0133074
	speed: 0.0716s/iter; left time: 19566.9828s
	iters: 500, epoch: 5 | loss: 0.0155078
	speed: 0.0715s/iter; left time: 19540.4056s
	iters: 600, epoch: 5 | loss: 0.0120093
	speed: 0.0725s/iter; left time: 19789.2339s
	iters: 700, epoch: 5 | loss: 0.0145358
	speed: 0.0711s/iter; left time: 19408.8940s
	iters: 800, epoch: 5 | loss: 0.0206688
	speed: 0.0720s/iter; left time: 19661.3938s
	iters: 900, epoch: 5 | loss: 0.0129957
	speed: 0.0718s/iter; left time: 19585.6219s
	iters: 1000, epoch: 5 | loss: 0.0161745
	speed: 0.0717s/iter; left time: 19545.5796s
	iters: 1100, epoch: 5 | loss: 0.0156545
	speed: 0.0721s/iter; left time: 19663.7788s
	iters: 1200, epoch: 5 | loss: 0.0159429
	speed: 0.0711s/iter; left time: 19369.3952s
	iters: 1300, epoch: 5 | loss: 0.0151051
	speed: 0.0723s/iter; left time: 19688.1309s
	iters: 1400, epoch: 5 | loss: 0.0171879
	speed: 0.0716s/iter; left time: 19506.9939s
	iters: 1500, epoch: 5 | loss: 0.0120750
	speed: 0.0716s/iter; left time: 19489.9747s
	iters: 1600, epoch: 5 | loss: 0.0114310
	speed: 0.0727s/iter; left time: 19791.4698s
	iters: 1700, epoch: 5 | loss: 0.0121006
	speed: 0.0715s/iter; left time: 19436.8696s
	iters: 1800, epoch: 5 | loss: 0.0099339
	speed: 0.0722s/iter; left time: 19619.4429s
	iters: 1900, epoch: 5 | loss: 0.0117776
	speed: 0.0719s/iter; left time: 19545.6434s
	iters: 2000, epoch: 5 | loss: 0.0096991
	speed: 0.0718s/iter; left time: 19512.2150s
	iters: 2100, epoch: 5 | loss: 0.0148176
	speed: 0.0721s/iter; left time: 19593.5733s
	iters: 2200, epoch: 5 | loss: 0.0131462
	speed: 0.0714s/iter; left time: 19385.0137s
	iters: 2300, epoch: 5 | loss: 0.0114499
	speed: 0.0718s/iter; left time: 19498.7918s
	iters: 2400, epoch: 5 | loss: 0.0158599
	speed: 0.0724s/iter; left time: 19635.3231s
	iters: 2500, epoch: 5 | loss: 0.0133384
	speed: 0.0714s/iter; left time: 19369.0589s
	iters: 2600, epoch: 5 | loss: 0.0118387
	speed: 0.0724s/iter; left time: 19617.9137s
	iters: 2700, epoch: 5 | loss: 0.0172529
	speed: 0.0715s/iter; left time: 19370.3619s
	iters: 2800, epoch: 5 | loss: 0.0121386
	speed: 0.0716s/iter; left time: 19400.2715s
	iters: 2900, epoch: 5 | loss: 0.0120399
	speed: 0.0722s/iter; left time: 19557.2808s
	iters: 3000, epoch: 5 | loss: 0.0114429
	speed: 0.0713s/iter; left time: 19290.8701s
	iters: 3100, epoch: 5 | loss: 0.0137226
	speed: 0.0717s/iter; left time: 19396.2080s
	iters: 3200, epoch: 5 | loss: 0.0098937
	speed: 0.0718s/iter; left time: 19419.0917s
	iters: 3300, epoch: 5 | loss: 0.0094701
	speed: 0.0719s/iter; left time: 19431.6492s
	iters: 3400, epoch: 5 | loss: 0.0191030
	speed: 0.0722s/iter; left time: 19509.5301s
	iters: 3500, epoch: 5 | loss: 0.0110201
	speed: 0.0716s/iter; left time: 19339.3564s
	iters: 3600, epoch: 5 | loss: 0.0127934
	speed: 0.0718s/iter; left time: 19398.7921s
	iters: 3700, epoch: 5 | loss: 0.0117087
	speed: 0.0723s/iter; left time: 19517.2009s
	iters: 3800, epoch: 5 | loss: 0.0141152
	speed: 0.0718s/iter; left time: 19368.0948s
	iters: 3900, epoch: 5 | loss: 0.0143852
	speed: 0.0716s/iter; left time: 19310.0707s
	iters: 4000, epoch: 5 | loss: 0.0143288
	speed: 0.0711s/iter; left time: 19188.6166s
	iters: 4100, epoch: 5 | loss: 0.0179189
	speed: 0.0718s/iter; left time: 19362.9712s
	iters: 4200, epoch: 5 | loss: 0.0153851
	speed: 0.0719s/iter; left time: 19366.0434s
	iters: 4300, epoch: 5 | loss: 0.0143022
	speed: 0.0717s/iter; left time: 19307.5851s
	iters: 4400, epoch: 5 | loss: 0.0115223
	speed: 0.0717s/iter; left time: 19308.7766s
	iters: 4500, epoch: 5 | loss: 0.0102999
	speed: 0.0721s/iter; left time: 19411.5166s
	iters: 4600, epoch: 5 | loss: 0.0080715
	speed: 0.0719s/iter; left time: 19341.2404s
	iters: 4700, epoch: 5 | loss: 0.0121967
	speed: 0.0718s/iter; left time: 19310.2122s
	iters: 4800, epoch: 5 | loss: 0.0105087
	speed: 0.0717s/iter; left time: 19267.8509s
	iters: 4900, epoch: 5 | loss: 0.0157682
	speed: 0.0711s/iter; left time: 19124.8336s
	iters: 5000, epoch: 5 | loss: 0.0092153
	speed: 0.0718s/iter; left time: 19282.5248s
	iters: 5100, epoch: 5 | loss: 0.0138883
	speed: 0.0710s/iter; left time: 19066.2565s
	iters: 5200, epoch: 5 | loss: 0.0140016
	speed: 0.0711s/iter; left time: 19103.7188s
	iters: 5300, epoch: 5 | loss: 0.0128428
	speed: 0.0724s/iter; left time: 19443.0784s
	iters: 5400, epoch: 5 | loss: 0.0143812
	speed: 0.0713s/iter; left time: 19132.0525s
	iters: 5500, epoch: 5 | loss: 0.0113698
	speed: 0.0719s/iter; left time: 19278.4617s
	iters: 5600, epoch: 5 | loss: 0.0151600
	speed: 0.0718s/iter; left time: 19251.7735s
	iters: 5700, epoch: 5 | loss: 0.0119011
	speed: 0.0717s/iter; left time: 19208.0599s
	iters: 5800, epoch: 5 | loss: 0.0173905
	speed: 0.0724s/iter; left time: 19392.7059s
	iters: 5900, epoch: 5 | loss: 0.0114951
	speed: 0.0719s/iter; left time: 19267.5692s
Epoch: 5 cost time: 427.15351963043213
Epoch: 5, Steps: 5950 | Train Loss: 0.0134147 Vali Loss: 0.6093051 Test Loss: 0.3952346
EarlyStopping counter: 3 out of 10
Updating learning rate to 3.125e-06
	iters: 100, epoch: 6 | loss: 0.0129311
	speed: 0.8431s/iter; left time: 225644.3250s
	iters: 200, epoch: 6 | loss: 0.0104476
	speed: 0.0715s/iter; left time: 19142.4517s
	iters: 300, epoch: 6 | loss: 0.0120314
	speed: 0.0716s/iter; left time: 19145.5148s
	iters: 400, epoch: 6 | loss: 0.0153480
	speed: 0.0718s/iter; left time: 19184.3088s
	iters: 500, epoch: 6 | loss: 0.0170157
	speed: 0.0713s/iter; left time: 19054.3288s
	iters: 600, epoch: 6 | loss: 0.0133047
	speed: 0.0723s/iter; left time: 19302.6436s
	iters: 700, epoch: 6 | loss: 0.0102264
	speed: 0.0713s/iter; left time: 19043.4821s
	iters: 800, epoch: 6 | loss: 0.0094404
	speed: 0.0717s/iter; left time: 19147.4643s
	iters: 900, epoch: 6 | loss: 0.0121931
	speed: 0.0718s/iter; left time: 19167.0296s
	iters: 1000, epoch: 6 | loss: 0.0136516
	speed: 0.0717s/iter; left time: 19114.0344s
	iters: 1100, epoch: 6 | loss: 0.0092109
	speed: 0.0724s/iter; left time: 19297.3383s
	iters: 1200, epoch: 6 | loss: 0.0120366
	speed: 0.0714s/iter; left time: 19039.1015s
	iters: 1300, epoch: 6 | loss: 0.0129923
	speed: 0.0716s/iter; left time: 19082.8171s
	iters: 1400, epoch: 6 | loss: 0.0102322
	speed: 0.0716s/iter; left time: 19074.6500s
	iters: 1500, epoch: 6 | loss: 0.0123861
	speed: 0.0709s/iter; left time: 18874.6590s
	iters: 1600, epoch: 6 | loss: 0.0123225
	speed: 0.0727s/iter; left time: 19337.0558s
	iters: 1700, epoch: 6 | loss: 0.0134663
	speed: 0.0714s/iter; left time: 18985.3795s
	iters: 1800, epoch: 6 | loss: 0.0149725
	speed: 0.0713s/iter; left time: 18971.2414s
	iters: 1900, epoch: 6 | loss: 0.0080118
	speed: 0.0725s/iter; left time: 19265.1735s
	iters: 2000, epoch: 6 | loss: 0.0170636
	speed: 0.0712s/iter; left time: 18926.2831s
	iters: 2100, epoch: 6 | loss: 0.0094085
	speed: 0.0722s/iter; left time: 19177.4992s
	iters: 2200, epoch: 6 | loss: 0.0111671
	speed: 0.0715s/iter; left time: 18993.6306s
	iters: 2300, epoch: 6 | loss: 0.0120378
	speed: 0.0713s/iter; left time: 18928.1205s
	iters: 2400, epoch: 6 | loss: 0.0121443
	speed: 0.0727s/iter; left time: 19299.3559s
	iters: 2500, epoch: 6 | loss: 0.0207816
	speed: 0.0709s/iter; left time: 18811.7970s
	iters: 2600, epoch: 6 | loss: 0.0106102
	speed: 0.0717s/iter; left time: 19007.2640s
	iters: 2700, epoch: 6 | loss: 0.0091783
	speed: 0.0722s/iter; left time: 19139.3048s
	iters: 2800, epoch: 6 | loss: 0.0100565
	speed: 0.0715s/iter; left time: 18937.9666s
	iters: 2900, epoch: 6 | loss: 0.0120109
	speed: 0.0724s/iter; left time: 19165.7766s
	iters: 3000, epoch: 6 | loss: 0.0120485
	speed: 0.0713s/iter; left time: 18878.7305s
	iters: 3100, epoch: 6 | loss: 0.0109621
	speed: 0.0717s/iter; left time: 18984.3831s
	iters: 3200, epoch: 6 | loss: 0.0182969
	speed: 0.0719s/iter; left time: 19025.2292s
	iters: 3300, epoch: 6 | loss: 0.0147312
	speed: 0.0712s/iter; left time: 18815.7019s
	iters: 3400, epoch: 6 | loss: 0.0138120
	speed: 0.0717s/iter; left time: 18960.9181s
	iters: 3500, epoch: 6 | loss: 0.0106535
	speed: 0.0713s/iter; left time: 18849.5881s
	iters: 3600, epoch: 6 | loss: 0.0097754
	speed: 0.0715s/iter; left time: 18877.7146s
	iters: 3700, epoch: 6 | loss: 0.0092403
	speed: 0.0719s/iter; left time: 18985.3306s
	iters: 3800, epoch: 6 | loss: 0.0150195
	speed: 0.0713s/iter; left time: 18807.6503s
	iters: 3900, epoch: 6 | loss: 0.0122889
	speed: 0.0720s/iter; left time: 18985.9369s
	iters: 4000, epoch: 6 | loss: 0.0146706
	speed: 0.0719s/iter; left time: 18954.5696s
	iters: 4100, epoch: 6 | loss: 0.0116753
	speed: 0.0717s/iter; left time: 18895.6869s
	iters: 4200, epoch: 6 | loss: 0.0110406
	speed: 0.0716s/iter; left time: 18864.4358s
	iters: 4300, epoch: 6 | loss: 0.0152386
	speed: 0.0720s/iter; left time: 18965.6048s
	iters: 4400, epoch: 6 | loss: 0.0160581
	speed: 0.0714s/iter; left time: 18809.8431s
	iters: 4500, epoch: 6 | loss: 0.0111872
	speed: 0.0717s/iter; left time: 18869.4940s
	iters: 4600, epoch: 6 | loss: 0.0136513
	speed: 0.0718s/iter; left time: 18898.7718s
	iters: 4700, epoch: 6 | loss: 0.0129724
	speed: 0.0716s/iter; left time: 18845.3971s
	iters: 4800, epoch: 6 | loss: 0.0084669
	speed: 0.0720s/iter; left time: 18933.9981s
	iters: 4900, epoch: 6 | loss: 0.0144020
	speed: 0.0717s/iter; left time: 18858.3465s
	iters: 5000, epoch: 6 | loss: 0.0073781
	speed: 0.0718s/iter; left time: 18866.9465s
	iters: 5100, epoch: 6 | loss: 0.0141272
	speed: 0.0718s/iter; left time: 18849.1066s
	iters: 5200, epoch: 6 | loss: 0.0096728
	speed: 0.0715s/iter; left time: 18771.8371s
	iters: 5300, epoch: 6 | loss: 0.0102086
	speed: 0.0723s/iter; left time: 18969.7672s
	iters: 5400, epoch: 6 | loss: 0.0108587
	speed: 0.0715s/iter; left time: 18763.5586s
	iters: 5500, epoch: 6 | loss: 0.0086201
	speed: 0.0712s/iter; left time: 18671.1173s
	iters: 5600, epoch: 6 | loss: 0.0145968
	speed: 0.0725s/iter; left time: 18993.4778s
	iters: 5700, epoch: 6 | loss: 0.0116207
	speed: 0.0709s/iter; left time: 18584.7644s
	iters: 5800, epoch: 6 | loss: 0.0141687
	speed: 0.0720s/iter; left time: 18869.5061s
	iters: 5900, epoch: 6 | loss: 0.0135512
	speed: 0.0718s/iter; left time: 18792.8928s
Epoch: 6 cost time: 426.6576318740845
Epoch: 6, Steps: 5950 | Train Loss: 0.0124049 Vali Loss: 0.6101853 Test Loss: 0.3992053
EarlyStopping counter: 4 out of 10
Updating learning rate to 1.5625e-06
	iters: 100, epoch: 7 | loss: 0.0099155
	speed: 0.8421s/iter; left time: 220381.4021s
	iters: 200, epoch: 7 | loss: 0.0108427
	speed: 0.0714s/iter; left time: 18669.7682s
	iters: 300, epoch: 7 | loss: 0.0126255
	speed: 0.0719s/iter; left time: 18794.3338s
	iters: 400, epoch: 7 | loss: 0.0086022
	speed: 0.0726s/iter; left time: 18968.7686s
	iters: 500, epoch: 7 | loss: 0.0112105
	speed: 0.0712s/iter; left time: 18598.1562s
	iters: 600, epoch: 7 | loss: 0.0129220
	speed: 0.0724s/iter; left time: 18915.6872s
	iters: 700, epoch: 7 | loss: 0.0157860
	speed: 0.0720s/iter; left time: 18792.4263s
	iters: 800, epoch: 7 | loss: 0.0101034
	speed: 0.0714s/iter; left time: 18629.6621s
	iters: 900, epoch: 7 | loss: 0.0122933
	speed: 0.0727s/iter; left time: 18970.3839s
	iters: 1000, epoch: 7 | loss: 0.0104930
	speed: 0.0712s/iter; left time: 18564.4824s
	iters: 1100, epoch: 7 | loss: 0.0174153
	speed: 0.0721s/iter; left time: 18790.6330s
	iters: 1200, epoch: 7 | loss: 0.0106147
	speed: 0.0720s/iter; left time: 18750.8115s
	iters: 1300, epoch: 7 | loss: 0.0079524
	speed: 0.0712s/iter; left time: 18559.2336s
	iters: 1400, epoch: 7 | loss: 0.0101254
	speed: 0.0726s/iter; left time: 18896.8889s
	iters: 1500, epoch: 7 | loss: 0.0129356
	speed: 0.0709s/iter; left time: 18453.8804s
	iters: 1600, epoch: 7 | loss: 0.0107889
	speed: 0.0720s/iter; left time: 18742.3477s
	iters: 1700, epoch: 7 | loss: 0.0118238
	speed: 0.0718s/iter; left time: 18669.0879s
	iters: 1800, epoch: 7 | loss: 0.0118814
	speed: 0.0715s/iter; left time: 18592.7472s
	iters: 1900, epoch: 7 | loss: 0.0130418
	speed: 0.0722s/iter; left time: 18774.3577s
	iters: 2000, epoch: 7 | loss: 0.0148009
	speed: 0.0715s/iter; left time: 18564.3950s
	iters: 2100, epoch: 7 | loss: 0.0086476
	speed: 0.0716s/iter; left time: 18603.8832s
	iters: 2200, epoch: 7 | loss: 0.0161149
	speed: 0.0720s/iter; left time: 18702.6408s
	iters: 2300, epoch: 7 | loss: 0.0125836
	speed: 0.0712s/iter; left time: 18466.2048s
	iters: 2400, epoch: 7 | loss: 0.0113249
	speed: 0.0725s/iter; left time: 18812.2036s
	iters: 2500, epoch: 7 | loss: 0.0172143
	speed: 0.0719s/iter; left time: 18656.1949s
	iters: 2600, epoch: 7 | loss: 0.0100789
	speed: 0.0724s/iter; left time: 18757.1768s
	iters: 2700, epoch: 7 | loss: 0.0112937
	speed: 0.0723s/iter; left time: 18742.9592s
	iters: 2800, epoch: 7 | loss: 0.0101508
	speed: 0.0714s/iter; left time: 18489.7293s
	iters: 2900, epoch: 7 | loss: 0.0097116
	speed: 0.0717s/iter; left time: 18569.9443s
	iters: 3000, epoch: 7 | loss: 0.0140154
	speed: 0.0721s/iter; left time: 18668.0197s
	iters: 3100, epoch: 7 | loss: 0.0101242
	speed: 0.0718s/iter; left time: 18566.5293s
	iters: 3200, epoch: 7 | loss: 0.0112946
	speed: 0.0727s/iter; left time: 18788.2218s
	iters: 3300, epoch: 7 | loss: 0.0161269
	speed: 0.0720s/iter; left time: 18612.8795s
	iters: 3400, epoch: 7 | loss: 0.0091353
	speed: 0.0725s/iter; left time: 18723.9023s
	iters: 3500, epoch: 7 | loss: 0.0099072
	speed: 0.0719s/iter; left time: 18570.9503s
	iters: 3600, epoch: 7 | loss: 0.0099288
	speed: 0.0725s/iter; left time: 18706.8351s
	iters: 3700, epoch: 7 | loss: 0.0154235
	speed: 0.0716s/iter; left time: 18473.9822s
	iters: 3800, epoch: 7 | loss: 0.0129360
	speed: 0.0717s/iter; left time: 18494.3365s
	iters: 3900, epoch: 7 | loss: 0.0093398
	speed: 0.0719s/iter; left time: 18550.9895s
	iters: 4000, epoch: 7 | loss: 0.0132490
	speed: 0.0720s/iter; left time: 18569.2218s
	iters: 4100, epoch: 7 | loss: 0.0095641
	speed: 0.0718s/iter; left time: 18490.4945s
	iters: 4200, epoch: 7 | loss: 0.0180316
	speed: 0.0719s/iter; left time: 18520.6350s
	iters: 4300, epoch: 7 | loss: 0.0094207
	speed: 0.0717s/iter; left time: 18475.1564s
	iters: 4400, epoch: 7 | loss: 0.0083835
	speed: 0.0714s/iter; left time: 18382.0574s
	iters: 4500, epoch: 7 | loss: 0.0124860
	speed: 0.0717s/iter; left time: 18447.8562s
	iters: 4600, epoch: 7 | loss: 0.0117504
	speed: 0.0718s/iter; left time: 18464.5215s
	iters: 4700, epoch: 7 | loss: 0.0147541
	speed: 0.0713s/iter; left time: 18327.3491s
	iters: 4800, epoch: 7 | loss: 0.0122899
	speed: 0.0720s/iter; left time: 18506.4416s
	iters: 4900, epoch: 7 | loss: 0.0146638
	speed: 0.0718s/iter; left time: 18451.1196s
	iters: 5000, epoch: 7 | loss: 0.0141196
	speed: 0.0719s/iter; left time: 18451.3880s
	iters: 5100, epoch: 7 | loss: 0.0073984
	speed: 0.0718s/iter; left time: 18443.1760s
	iters: 5200, epoch: 7 | loss: 0.0144264
	speed: 0.0716s/iter; left time: 18361.6056s
	iters: 5300, epoch: 7 | loss: 0.0097040
	speed: 0.0719s/iter; left time: 18447.0459s
	iters: 5400, epoch: 7 | loss: 0.0096487
	speed: 0.0724s/iter; left time: 18555.2837s
	iters: 5500, epoch: 7 | loss: 0.0156240
	speed: 0.0717s/iter; left time: 18369.3806s
	iters: 5600, epoch: 7 | loss: 0.0117781
	speed: 0.0728s/iter; left time: 18659.7229s
	iters: 5700, epoch: 7 | loss: 0.0123940
	speed: 0.0718s/iter; left time: 18398.8344s
	iters: 5800, epoch: 7 | loss: 0.0121963
	speed: 0.0717s/iter; left time: 18367.7579s
	iters: 5900, epoch: 7 | loss: 0.0106109
	speed: 0.0723s/iter; left time: 18505.2774s
Epoch: 7 cost time: 427.82417035102844
Epoch: 7, Steps: 5950 | Train Loss: 0.0119360 Vali Loss: 0.5980748 Test Loss: 0.3888425
EarlyStopping counter: 5 out of 10
Updating learning rate to 7.8125e-07
	iters: 100, epoch: 8 | loss: 0.0110377
	speed: 0.8429s/iter; left time: 215576.8971s
	iters: 200, epoch: 8 | loss: 0.0117487
	speed: 0.0715s/iter; left time: 18281.3209s
	iters: 300, epoch: 8 | loss: 0.0109125
	speed: 0.0716s/iter; left time: 18300.8437s
	iters: 400, epoch: 8 | loss: 0.0146857
	speed: 0.0728s/iter; left time: 18607.2583s
	iters: 500, epoch: 8 | loss: 0.0121100
	speed: 0.0720s/iter; left time: 18374.7483s
	iters: 600, epoch: 8 | loss: 0.0118599
	speed: 0.0719s/iter; left time: 18359.9947s
	iters: 700, epoch: 8 | loss: 0.0102807
	speed: 0.0723s/iter; left time: 18456.2284s
	iters: 800, epoch: 8 | loss: 0.0127818
	speed: 0.0719s/iter; left time: 18346.0096s
	iters: 900, epoch: 8 | loss: 0.0079704
	speed: 0.0727s/iter; left time: 18539.5439s
	iters: 1000, epoch: 8 | loss: 0.0106127
	speed: 0.0717s/iter; left time: 18266.3683s
	iters: 1100, epoch: 8 | loss: 0.0146647
	speed: 0.0716s/iter; left time: 18244.2187s
	iters: 1200, epoch: 8 | loss: 0.0099110
	speed: 0.0722s/iter; left time: 18384.9298s
	iters: 1300, epoch: 8 | loss: 0.0140114
	speed: 0.0714s/iter; left time: 18171.3282s
	iters: 1400, epoch: 8 | loss: 0.0128295
	speed: 0.0722s/iter; left time: 18382.1565s
	iters: 1500, epoch: 8 | loss: 0.0141867
	speed: 0.0711s/iter; left time: 18091.2945s
	iters: 1600, epoch: 8 | loss: 0.0129045
	speed: 0.0720s/iter; left time: 18309.0012s
	iters: 1700, epoch: 8 | loss: 0.0100883
	speed: 0.0724s/iter; left time: 18410.7214s
	iters: 1800, epoch: 8 | loss: 0.0082585
	speed: 0.0713s/iter; left time: 18118.2455s
	iters: 1900, epoch: 8 | loss: 0.0133793
	speed: 0.0721s/iter; left time: 18309.7522s
	iters: 2000, epoch: 8 | loss: 0.0085477
	speed: 0.0720s/iter; left time: 18267.1358s
	iters: 2100, epoch: 8 | loss: 0.0144665
	speed: 0.0714s/iter; left time: 18107.1267s
	iters: 2200, epoch: 8 | loss: 0.0108439
	speed: 0.0724s/iter; left time: 18355.8036s
	iters: 2300, epoch: 8 | loss: 0.0191269
	speed: 0.0717s/iter; left time: 18169.4849s
	iters: 2400, epoch: 8 | loss: 0.0177125
	speed: 0.0721s/iter; left time: 18266.8934s
	iters: 2500, epoch: 8 | loss: 0.0110570
	speed: 0.0721s/iter; left time: 18266.2895s
	iters: 2600, epoch: 8 | loss: 0.0089071
	speed: 0.0717s/iter; left time: 18169.9669s
	iters: 2700, epoch: 8 | loss: 0.0108341
	speed: 0.0721s/iter; left time: 18247.2676s
	iters: 2800, epoch: 8 | loss: 0.0096787
	speed: 0.0711s/iter; left time: 17987.2736s
	iters: 2900, epoch: 8 | loss: 0.0121010
	speed: 0.0720s/iter; left time: 18200.0329s
	iters: 3000, epoch: 8 | loss: 0.0104725
	speed: 0.0725s/iter; left time: 18338.7453s
	iters: 3100, epoch: 8 | loss: 0.0154234
	speed: 0.0714s/iter; left time: 18035.5422s
	iters: 3200, epoch: 8 | loss: 0.0106465
	speed: 0.0722s/iter; left time: 18252.2816s
	iters: 3300, epoch: 8 | loss: 0.0093198
	speed: 0.0719s/iter; left time: 18168.1571s
	iters: 3400, epoch: 8 | loss: 0.0115222
	speed: 0.0721s/iter; left time: 18189.2256s
	iters: 3500, epoch: 8 | loss: 0.0129192
	speed: 0.0717s/iter; left time: 18081.8299s
	iters: 3600, epoch: 8 | loss: 0.0141850
	speed: 0.0720s/iter; left time: 18168.8506s
	iters: 3700, epoch: 8 | loss: 0.0100289
	speed: 0.0724s/iter; left time: 18256.5825s
	iters: 3800, epoch: 8 | loss: 0.0115122
	speed: 0.0720s/iter; left time: 18143.3742s
	iters: 3900, epoch: 8 | loss: 0.0094113
	speed: 0.0716s/iter; left time: 18032.7502s
	iters: 4000, epoch: 8 | loss: 0.0092954
	speed: 0.0720s/iter; left time: 18131.9343s
	iters: 4100, epoch: 8 | loss: 0.0111187
	speed: 0.0720s/iter; left time: 18132.1344s
	iters: 4200, epoch: 8 | loss: 0.0134060
	speed: 0.0717s/iter; left time: 18049.0761s
	iters: 4300, epoch: 8 | loss: 0.0091475
	speed: 0.0716s/iter; left time: 18005.9252s
	iters: 4400, epoch: 8 | loss: 0.0111418
	speed: 0.0721s/iter; left time: 18124.8547s
	iters: 4500, epoch: 8 | loss: 0.0112205
	speed: 0.0721s/iter; left time: 18124.9103s
	iters: 4600, epoch: 8 | loss: 0.0138175
	speed: 0.0725s/iter; left time: 18211.1599s
	iters: 4700, epoch: 8 | loss: 0.0084199
	speed: 0.0714s/iter; left time: 17924.9016s
	iters: 4800, epoch: 8 | loss: 0.0097234
	speed: 0.0719s/iter; left time: 18055.1717s
	iters: 4900, epoch: 8 | loss: 0.0139084
	speed: 0.0717s/iter; left time: 17999.4165s
	iters: 5000, epoch: 8 | loss: 0.0122272
	speed: 0.0716s/iter; left time: 17968.2648s
	iters: 5100, epoch: 8 | loss: 0.0148391
	speed: 0.0714s/iter; left time: 17907.2637s
	iters: 5200, epoch: 8 | loss: 0.0088992
	speed: 0.0712s/iter; left time: 17835.6157s
	iters: 5300, epoch: 8 | loss: 0.0125052
	speed: 0.0716s/iter; left time: 17933.7626s
	iters: 5400, epoch: 8 | loss: 0.0106974
	speed: 0.0725s/iter; left time: 18168.3197s
	iters: 5500, epoch: 8 | loss: 0.0110838
	speed: 0.0712s/iter; left time: 17826.9994s
	iters: 5600, epoch: 8 | loss: 0.0117515
	speed: 0.0724s/iter; left time: 18126.8721s
	iters: 5700, epoch: 8 | loss: 0.0155547
	speed: 0.0719s/iter; left time: 17985.6012s
	iters: 5800, epoch: 8 | loss: 0.0141862
	speed: 0.0715s/iter; left time: 17880.5658s
	iters: 5900, epoch: 8 | loss: 0.0093406
	speed: 0.0730s/iter; left time: 18252.0181s
Epoch: 8 cost time: 427.797660112381
Epoch: 8, Steps: 5950 | Train Loss: 0.0116992 Vali Loss: 0.5984002 Test Loss: 0.3869312
EarlyStopping counter: 6 out of 10
Updating learning rate to 3.90625e-07
	iters: 100, epoch: 9 | loss: 0.0106882
	speed: 0.8411s/iter; left time: 210115.6765s
	iters: 200, epoch: 9 | loss: 0.0137706
	speed: 0.0720s/iter; left time: 17974.1393s
	iters: 300, epoch: 9 | loss: 0.0125942
	speed: 0.0715s/iter; left time: 17838.2570s
	iters: 400, epoch: 9 | loss: 0.0132789
	speed: 0.0720s/iter; left time: 17953.3837s
	iters: 500, epoch: 9 | loss: 0.0153420
	speed: 0.0719s/iter; left time: 17928.1360s
	iters: 600, epoch: 9 | loss: 0.0109380
	speed: 0.0717s/iter; left time: 17874.8278s
	iters: 700, epoch: 9 | loss: 0.0123364
	speed: 0.0724s/iter; left time: 18046.8230s
	iters: 800, epoch: 9 | loss: 0.0135360
	speed: 0.0713s/iter; left time: 17766.1944s
	iters: 900, epoch: 9 | loss: 0.0164363
	speed: 0.0726s/iter; left time: 18067.3672s
	iters: 1000, epoch: 9 | loss: 0.0123423
	speed: 0.0717s/iter; left time: 17835.4395s
	iters: 1100, epoch: 9 | loss: 0.0161417
	speed: 0.0718s/iter; left time: 17862.3946s
	iters: 1200, epoch: 9 | loss: 0.0130103
	speed: 0.0728s/iter; left time: 18096.3802s
	iters: 1300, epoch: 9 | loss: 0.0121920
	speed: 0.0712s/iter; left time: 17711.8842s
	iters: 1400, epoch: 9 | loss: 0.0092990
	speed: 0.0720s/iter; left time: 17885.5354s
	iters: 1500, epoch: 9 | loss: 0.0114716
	speed: 0.0719s/iter; left time: 17858.3205s
	iters: 1600, epoch: 9 | loss: 0.0105790
	speed: 0.0712s/iter; left time: 17684.9716s
	iters: 1700, epoch: 9 | loss: 0.0100183
	speed: 0.0721s/iter; left time: 17894.1779s
	iters: 1800, epoch: 9 | loss: 0.0134179
	speed: 0.0718s/iter; left time: 17811.4888s
	iters: 1900, epoch: 9 | loss: 0.0127846
	speed: 0.0715s/iter; left time: 17740.4839s
	iters: 2000, epoch: 9 | loss: 0.0147417
	speed: 0.0721s/iter; left time: 17862.4354s
	iters: 2100, epoch: 9 | loss: 0.0125660
	speed: 0.0711s/iter; left time: 17609.2541s
	iters: 2200, epoch: 9 | loss: 0.0115354
	speed: 0.0722s/iter; left time: 17878.7468s
	iters: 2300, epoch: 9 | loss: 0.0121406
	speed: 0.0714s/iter; left time: 17686.0105s
	iters: 2400, epoch: 9 | loss: 0.0084319
	speed: 0.0715s/iter; left time: 17704.4532s
	iters: 2500, epoch: 9 | loss: 0.0136956
	speed: 0.0724s/iter; left time: 17910.6403s
	iters: 2600, epoch: 9 | loss: 0.0108208
	speed: 0.0718s/iter; left time: 17756.9112s
	iters: 2700, epoch: 9 | loss: 0.0130878
	speed: 0.0720s/iter; left time: 17804.4613s
	iters: 2800, epoch: 9 | loss: 0.0122382
	speed: 0.0720s/iter; left time: 17778.9474s
	iters: 2900, epoch: 9 | loss: 0.0134225
	speed: 0.0716s/iter; left time: 17689.8882s
	iters: 3000, epoch: 9 | loss: 0.0134852
	speed: 0.0714s/iter; left time: 17632.7051s
	iters: 3100, epoch: 9 | loss: 0.0107799
	speed: 0.0716s/iter; left time: 17660.8457s
	iters: 3200, epoch: 9 | loss: 0.0113128
	speed: 0.0716s/iter; left time: 17657.0177s
	iters: 3300, epoch: 9 | loss: 0.0108113
	speed: 0.0718s/iter; left time: 17694.8704s
	iters: 3400, epoch: 9 | loss: 0.0149460
	speed: 0.0715s/iter; left time: 17621.8862s
	iters: 3500, epoch: 9 | loss: 0.0123050
	speed: 0.0723s/iter; left time: 17810.2424s
	iters: 3600, epoch: 9 | loss: 0.0140215
	speed: 0.0716s/iter; left time: 17636.5753s
	iters: 3700, epoch: 9 | loss: 0.0109037
	speed: 0.0717s/iter; left time: 17647.0079s
	iters: 3800, epoch: 9 | loss: 0.0090261
	speed: 0.0722s/iter; left time: 17757.2044s
	iters: 3900, epoch: 9 | loss: 0.0168381
	speed: 0.0723s/iter; left time: 17776.9239s
	iters: 4000, epoch: 9 | loss: 0.0111471
	speed: 0.0719s/iter; left time: 17691.9788s
	iters: 4100, epoch: 9 | loss: 0.0110082
	speed: 0.0722s/iter; left time: 17758.7241s
	iters: 4200, epoch: 9 | loss: 0.0106004
	speed: 0.0719s/iter; left time: 17658.2158s
	iters: 4300, epoch: 9 | loss: 0.0086530
	speed: 0.0718s/iter; left time: 17638.6619s
	iters: 4400, epoch: 9 | loss: 0.0110264
	speed: 0.0720s/iter; left time: 17681.3985s
	iters: 4500, epoch: 9 | loss: 0.0115761
	speed: 0.0714s/iter; left time: 17524.5705s
	iters: 4600, epoch: 9 | loss: 0.0126189
	speed: 0.0717s/iter; left time: 17579.4800s
	iters: 4700, epoch: 9 | loss: 0.0158429
	speed: 0.0717s/iter; left time: 17573.2845s
	iters: 4800, epoch: 9 | loss: 0.0110371
	speed: 0.0722s/iter; left time: 17696.6072s
	iters: 4900, epoch: 9 | loss: 0.0109858
	speed: 0.0723s/iter; left time: 17712.7651s
	iters: 5000, epoch: 9 | loss: 0.0115783
	speed: 0.0717s/iter; left time: 17571.1743s
	iters: 5100, epoch: 9 | loss: 0.0095677
	speed: 0.0722s/iter; left time: 17684.5269s
	iters: 5200, epoch: 9 | loss: 0.0109688
	speed: 0.0717s/iter; left time: 17550.0985s
	iters: 5300, epoch: 9 | loss: 0.0099172
	speed: 0.0716s/iter; left time: 17518.3876s
	iters: 5400, epoch: 9 | loss: 0.0115637
	speed: 0.0727s/iter; left time: 17781.5720s
	iters: 5500, epoch: 9 | loss: 0.0115496
	speed: 0.0711s/iter; left time: 17387.1721s
	iters: 5600, epoch: 9 | loss: 0.0129026
	speed: 0.0720s/iter; left time: 17591.0141s
	iters: 5700, epoch: 9 | loss: 0.0094020
	speed: 0.0715s/iter; left time: 17461.2276s
	iters: 5800, epoch: 9 | loss: 0.0100990
	speed: 0.0718s/iter; left time: 17530.4700s
	iters: 5900, epoch: 9 | loss: 0.0129146
	speed: 0.0729s/iter; left time: 17796.7998s
Epoch: 9 cost time: 427.5089271068573
Epoch: 9, Steps: 5950 | Train Loss: 0.0115965 Vali Loss: 0.5995020 Test Loss: 0.3899503
EarlyStopping counter: 7 out of 10
Updating learning rate to 1.953125e-07
	iters: 100, epoch: 10 | loss: 0.0155284
	speed: 0.8434s/iter; left time: 205653.4409s
	iters: 200, epoch: 10 | loss: 0.0084965
	speed: 0.0726s/iter; left time: 17704.7614s
	iters: 300, epoch: 10 | loss: 0.0115056
	speed: 0.0717s/iter; left time: 17466.8015s
	iters: 400, epoch: 10 | loss: 0.0086890
	speed: 0.0719s/iter; left time: 17511.7334s
	iters: 500, epoch: 10 | loss: 0.0137569
	speed: 0.0722s/iter; left time: 17583.7130s
	iters: 600, epoch: 10 | loss: 0.0113461
	speed: 0.0716s/iter; left time: 17426.1470s
	iters: 700, epoch: 10 | loss: 0.0092695
	speed: 0.0725s/iter; left time: 17643.2126s
	iters: 800, epoch: 10 | loss: 0.0108071
	speed: 0.0717s/iter; left time: 17445.8778s
	iters: 900, epoch: 10 | loss: 0.0114130
	speed: 0.0718s/iter; left time: 17454.8344s
	iters: 1000, epoch: 10 | loss: 0.0084692
	speed: 0.0715s/iter; left time: 17368.4591s
	iters: 1100, epoch: 10 | loss: 0.0148257
	speed: 0.0717s/iter; left time: 17413.0735s
	iters: 1200, epoch: 10 | loss: 0.0148188
	speed: 0.0724s/iter; left time: 17580.9821s
	iters: 1300, epoch: 10 | loss: 0.0156414
	speed: 0.0715s/iter; left time: 17354.7905s
	iters: 1400, epoch: 10 | loss: 0.0090503
	speed: 0.0717s/iter; left time: 17392.6909s
	iters: 1500, epoch: 10 | loss: 0.0106491
	speed: 0.0725s/iter; left time: 17577.6617s
	iters: 1600, epoch: 10 | loss: 0.0093363
	speed: 0.0714s/iter; left time: 17304.3516s
	iters: 1700, epoch: 10 | loss: 0.0115548
	speed: 0.0722s/iter; left time: 17488.1923s
	iters: 1800, epoch: 10 | loss: 0.0137722
	speed: 0.0714s/iter; left time: 17295.3925s
	iters: 1900, epoch: 10 | loss: 0.0102821
	speed: 0.0714s/iter; left time: 17290.4206s
	iters: 2000, epoch: 10 | loss: 0.0095318
	speed: 0.0724s/iter; left time: 17527.5251s
	iters: 2100, epoch: 10 | loss: 0.0112674
	speed: 0.0715s/iter; left time: 17301.9007s
	iters: 2200, epoch: 10 | loss: 0.0172293
	speed: 0.0724s/iter; left time: 17503.8508s
	iters: 2300, epoch: 10 | loss: 0.0113200
	speed: 0.0723s/iter; left time: 17483.0843s
	iters: 2400, epoch: 10 | loss: 0.0135037
	speed: 0.0717s/iter; left time: 17322.2534s
	iters: 2500, epoch: 10 | loss: 0.0122411
	speed: 0.0722s/iter; left time: 17428.1777s
	iters: 2600, epoch: 10 | loss: 0.0164844
	speed: 0.0715s/iter; left time: 17255.0448s
	iters: 2700, epoch: 10 | loss: 0.0087907
	speed: 0.0720s/iter; left time: 17374.5045s
	iters: 2800, epoch: 10 | loss: 0.0092495
	speed: 0.0721s/iter; left time: 17379.6583s
	iters: 2900, epoch: 10 | loss: 0.0146622
	speed: 0.0716s/iter; left time: 17261.2903s
	iters: 3000, epoch: 10 | loss: 0.0136017
	speed: 0.0722s/iter; left time: 17390.1834s
	iters: 3100, epoch: 10 | loss: 0.0194131
	speed: 0.0718s/iter; left time: 17288.5138s
	iters: 3200, epoch: 10 | loss: 0.0108560
	speed: 0.0721s/iter; left time: 17354.7629s
	iters: 3300, epoch: 10 | loss: 0.0089453
	speed: 0.0720s/iter; left time: 17316.3465s
	iters: 3400, epoch: 10 | loss: 0.0120266
	speed: 0.0719s/iter; left time: 17306.6905s
	iters: 3500, epoch: 10 | loss: 0.0092325
	speed: 0.0721s/iter; left time: 17338.6991s
	iters: 3600, epoch: 10 | loss: 0.0136271
	speed: 0.0718s/iter; left time: 17265.2859s
	iters: 3700, epoch: 10 | loss: 0.0169473
	speed: 0.0718s/iter; left time: 17259.5620s
	iters: 3800, epoch: 10 | loss: 0.0116928
	speed: 0.0721s/iter; left time: 17326.4192s
	iters: 3900, epoch: 10 | loss: 0.0121261
	speed: 0.0723s/iter; left time: 17352.1715s
	iters: 4000, epoch: 10 | loss: 0.0122578
	speed: 0.0731s/iter; left time: 17528.8978s
	iters: 4100, epoch: 10 | loss: 0.0121168
	speed: 0.0715s/iter; left time: 17148.6388s
	iters: 4200, epoch: 10 | loss: 0.0173855
	speed: 0.0718s/iter; left time: 17213.4520s
	iters: 4300, epoch: 10 | loss: 0.0127593
	speed: 0.0715s/iter; left time: 17129.7592s
	iters: 4400, epoch: 10 | loss: 0.0101369
	speed: 0.0724s/iter; left time: 17333.7723s
	iters: 4500, epoch: 10 | loss: 0.0094181
	speed: 0.0719s/iter; left time: 17219.7977s
	iters: 4600, epoch: 10 | loss: 0.0150847
	speed: 0.0727s/iter; left time: 17402.8401s
	iters: 4700, epoch: 10 | loss: 0.0081106
	speed: 0.0729s/iter; left time: 17429.7162s
	iters: 4800, epoch: 10 | loss: 0.0088752
	speed: 0.0714s/iter; left time: 17080.5372s
	iters: 4900, epoch: 10 | loss: 0.0110821
	speed: 0.0723s/iter; left time: 17282.1215s
	iters: 5000, epoch: 10 | loss: 0.0072284
	speed: 0.0717s/iter; left time: 17134.2391s
	iters: 5100, epoch: 10 | loss: 0.0146920
	speed: 0.0723s/iter; left time: 17276.8611s
	iters: 5200, epoch: 10 | loss: 0.0128632
	speed: 0.0721s/iter; left time: 17207.3037s
	iters: 5300, epoch: 10 | loss: 0.0132272
	speed: 0.0717s/iter; left time: 17111.6940s
	iters: 5400, epoch: 10 | loss: 0.0075525
	speed: 0.0725s/iter; left time: 17299.6795s
	iters: 5500, epoch: 10 | loss: 0.0146548
	speed: 0.0720s/iter; left time: 17173.7917s
	iters: 5600, epoch: 10 | loss: 0.0192423
	speed: 0.0720s/iter; left time: 17157.8369s
	iters: 5700, epoch: 10 | loss: 0.0104407
	speed: 0.0727s/iter; left time: 17314.6237s
	iters: 5800, epoch: 10 | loss: 0.0118312
	speed: 0.0713s/iter; left time: 16972.9385s
	iters: 5900, epoch: 10 | loss: 0.0131741
	speed: 0.0719s/iter; left time: 17118.1588s
Epoch: 10 cost time: 428.3484961986542
Epoch: 10, Steps: 5950 | Train Loss: 0.0115237 Vali Loss: 0.6007075 Test Loss: 0.3901270
EarlyStopping counter: 8 out of 10
Updating learning rate to 9.765625e-08
	iters: 100, epoch: 11 | loss: 0.0124035
	speed: 0.8415s/iter; left time: 200182.4532s
	iters: 200, epoch: 11 | loss: 0.0090050
	speed: 0.0727s/iter; left time: 17296.6376s
	iters: 300, epoch: 11 | loss: 0.0155823
	speed: 0.0719s/iter; left time: 17091.6547s
	iters: 400, epoch: 11 | loss: 0.0143619
	speed: 0.0715s/iter; left time: 16989.4676s
	iters: 500, epoch: 11 | loss: 0.0094652
	speed: 0.0712s/iter; left time: 16921.4774s
	iters: 600, epoch: 11 | loss: 0.0094542
	speed: 0.0712s/iter; left time: 16902.0798s
	iters: 700, epoch: 11 | loss: 0.0120729
	speed: 0.0722s/iter; left time: 17122.9756s
	iters: 800, epoch: 11 | loss: 0.0108106
	speed: 0.0720s/iter; left time: 17067.8531s
	iters: 900, epoch: 11 | loss: 0.0101250
	speed: 0.0719s/iter; left time: 17039.9238s
	iters: 1000, epoch: 11 | loss: 0.0135888
	speed: 0.0727s/iter; left time: 17218.2512s
	iters: 1100, epoch: 11 | loss: 0.0079677
	speed: 0.0710s/iter; left time: 16826.6921s
	iters: 1200, epoch: 11 | loss: 0.0110758
	speed: 0.0723s/iter; left time: 17117.5558s
	iters: 1300, epoch: 11 | loss: 0.0087427
	speed: 0.0717s/iter; left time: 16964.2005s
	iters: 1400, epoch: 11 | loss: 0.0107533
	speed: 0.0715s/iter; left time: 16919.3545s
	iters: 1500, epoch: 11 | loss: 0.0088046
	speed: 0.0723s/iter; left time: 17095.9217s
	iters: 1600, epoch: 11 | loss: 0.0095478
	speed: 0.0713s/iter; left time: 16850.1972s
	iters: 1700, epoch: 11 | loss: 0.0113919
	speed: 0.0723s/iter; left time: 17083.4057s
	iters: 1800, epoch: 11 | loss: 0.0162760
	speed: 0.0723s/iter; left time: 17072.1435s
	iters: 1900, epoch: 11 | loss: 0.0087439
	speed: 0.0716s/iter; left time: 16914.0376s
	iters: 2000, epoch: 11 | loss: 0.0123845
	speed: 0.0726s/iter; left time: 17143.4765s
	iters: 2100, epoch: 11 | loss: 0.0160984
	speed: 0.0717s/iter; left time: 16923.3679s
	iters: 2200, epoch: 11 | loss: 0.0106808
	speed: 0.0719s/iter; left time: 16958.8954s
	iters: 2300, epoch: 11 | loss: 0.0102341
	speed: 0.0721s/iter; left time: 16991.6455s
	iters: 2400, epoch: 11 | loss: 0.0112144
	speed: 0.0710s/iter; left time: 16721.3037s
	iters: 2500, epoch: 11 | loss: 0.0123498
	speed: 0.0723s/iter; left time: 17017.8959s
	iters: 2600, epoch: 11 | loss: 0.0100442
	speed: 0.0716s/iter; left time: 16856.6312s
	iters: 2700, epoch: 11 | loss: 0.0149289
	speed: 0.0718s/iter; left time: 16904.3442s
	iters: 2800, epoch: 11 | loss: 0.0112387
	speed: 0.0727s/iter; left time: 17100.2561s
	iters: 2900, epoch: 11 | loss: 0.0124639
	speed: 0.0712s/iter; left time: 16742.3355s
	iters: 3000, epoch: 11 | loss: 0.0074404
	speed: 0.0722s/iter; left time: 16958.2097s
	iters: 3100, epoch: 11 | loss: 0.0170071
	speed: 0.0715s/iter; left time: 16795.0851s
	iters: 3200, epoch: 11 | loss: 0.0125354
	speed: 0.0718s/iter; left time: 16852.9890s
	iters: 3300, epoch: 11 | loss: 0.0110145
	speed: 0.0718s/iter; left time: 16855.3102s
	iters: 3400, epoch: 11 | loss: 0.0124473
	speed: 0.0714s/iter; left time: 16741.4270s
	iters: 3500, epoch: 11 | loss: 0.0092705
	speed: 0.0723s/iter; left time: 16954.5381s
	iters: 3600, epoch: 11 | loss: 0.0162065
	speed: 0.0720s/iter; left time: 16870.9169s
	iters: 3700, epoch: 11 | loss: 0.0113165
	speed: 0.0724s/iter; left time: 16965.5386s
	iters: 3800, epoch: 11 | loss: 0.0112619
	speed: 0.0715s/iter; left time: 16745.3187s
	iters: 3900, epoch: 11 | loss: 0.0132988
	speed: 0.0725s/iter; left time: 16982.8909s
	iters: 4000, epoch: 11 | loss: 0.0112449
	speed: 0.0720s/iter; left time: 16848.1887s
	iters: 4100, epoch: 11 | loss: 0.0093412
	speed: 0.0717s/iter; left time: 16779.5358s
	iters: 4200, epoch: 11 | loss: 0.0114080
	speed: 0.0716s/iter; left time: 16733.0363s
	iters: 4300, epoch: 11 | loss: 0.0093613
	speed: 0.0718s/iter; left time: 16773.1906s
	iters: 4400, epoch: 11 | loss: 0.0086813
	speed: 0.0721s/iter; left time: 16838.8288s
	iters: 4500, epoch: 11 | loss: 0.0129349
	speed: 0.0720s/iter; left time: 16815.9056s
	iters: 4600, epoch: 11 | loss: 0.0157442
	speed: 0.0720s/iter; left time: 16800.6607s
	iters: 4700, epoch: 11 | loss: 0.0091344
	speed: 0.0717s/iter; left time: 16730.0959s
	iters: 4800, epoch: 11 | loss: 0.0094959
	speed: 0.0716s/iter; left time: 16706.7860s
	iters: 4900, epoch: 11 | loss: 0.0126355
	speed: 0.0717s/iter; left time: 16718.3642s
	iters: 5000, epoch: 11 | loss: 0.0089643
	speed: 0.0720s/iter; left time: 16774.7433s
	iters: 5100, epoch: 11 | loss: 0.0091632
	speed: 0.0716s/iter; left time: 16671.6405s
	iters: 5200, epoch: 11 | loss: 0.0133086
	speed: 0.0723s/iter; left time: 16826.5059s
	iters: 5300, epoch: 11 | loss: 0.0093842
	speed: 0.0715s/iter; left time: 16639.3656s
	iters: 5400, epoch: 11 | loss: 0.0123058
	speed: 0.0723s/iter; left time: 16811.3198s
	iters: 5500, epoch: 11 | loss: 0.0142931
	speed: 0.0718s/iter; left time: 16703.8508s
	iters: 5600, epoch: 11 | loss: 0.0157691
	speed: 0.0716s/iter; left time: 16644.6299s
	iters: 5700, epoch: 11 | loss: 0.0126430
	speed: 0.0727s/iter; left time: 16881.1818s
	iters: 5800, epoch: 11 | loss: 0.0123930
	speed: 0.0714s/iter; left time: 16583.9160s
	iters: 5900, epoch: 11 | loss: 0.0128819
	speed: 0.0722s/iter; left time: 16768.1421s
Epoch: 11 cost time: 427.66768193244934
Epoch: 11, Steps: 5950 | Train Loss: 0.0115041 Vali Loss: 0.5992410 Test Loss: 0.3922690
EarlyStopping counter: 9 out of 10
Updating learning rate to 4.8828125e-08
	iters: 100, epoch: 12 | loss: 0.0110273
	speed: 0.8430s/iter; left time: 195530.2113s
	iters: 200, epoch: 12 | loss: 0.0093916
	speed: 0.0720s/iter; left time: 16682.8213s
	iters: 300, epoch: 12 | loss: 0.0118651
	speed: 0.0718s/iter; left time: 16629.8437s
	iters: 400, epoch: 12 | loss: 0.0104365
	speed: 0.0716s/iter; left time: 16595.3568s
	iters: 500, epoch: 12 | loss: 0.0139586
	speed: 0.0722s/iter; left time: 16722.6549s
	iters: 600, epoch: 12 | loss: 0.0160804
	speed: 0.0711s/iter; left time: 16463.1784s
	iters: 700, epoch: 12 | loss: 0.0109933
	speed: 0.0721s/iter; left time: 16675.7458s
	iters: 800, epoch: 12 | loss: 0.0098996
	speed: 0.0721s/iter; left time: 16665.4524s
	iters: 900, epoch: 12 | loss: 0.0117789
	speed: 0.0714s/iter; left time: 16506.6049s
	iters: 1000, epoch: 12 | loss: 0.0098669
	speed: 0.0722s/iter; left time: 16674.8559s
	iters: 1100, epoch: 12 | loss: 0.0124564
	speed: 0.0716s/iter; left time: 16536.0422s
	iters: 1200, epoch: 12 | loss: 0.0142551
	speed: 0.0727s/iter; left time: 16775.7549s
	iters: 1300, epoch: 12 | loss: 0.0116667
	speed: 0.0722s/iter; left time: 16652.8744s
	iters: 1400, epoch: 12 | loss: 0.0099297
	speed: 0.0715s/iter; left time: 16502.6742s
	iters: 1500, epoch: 12 | loss: 0.0109876
	speed: 0.0725s/iter; left time: 16705.9020s
	iters: 1600, epoch: 12 | loss: 0.0159547
	speed: 0.0716s/iter; left time: 16497.8331s
	iters: 1700, epoch: 12 | loss: 0.0152682
	speed: 0.0719s/iter; left time: 16572.4285s
	iters: 1800, epoch: 12 | loss: 0.0135844
	speed: 0.0722s/iter; left time: 16634.1479s
	iters: 1900, epoch: 12 | loss: 0.0103423
	speed: 0.0710s/iter; left time: 16343.2575s
	iters: 2000, epoch: 12 | loss: 0.0141779
	speed: 0.0721s/iter; left time: 16593.2974s
	iters: 2100, epoch: 12 | loss: 0.0180405
	speed: 0.0716s/iter; left time: 16465.4660s
	iters: 2200, epoch: 12 | loss: 0.0101741
	speed: 0.0725s/iter; left time: 16663.6078s
	iters: 2300, epoch: 12 | loss: 0.0103126
	speed: 0.0725s/iter; left time: 16657.4547s
	iters: 2400, epoch: 12 | loss: 0.0141165
	speed: 0.0711s/iter; left time: 16321.8794s
	iters: 2500, epoch: 12 | loss: 0.0153276
	speed: 0.0727s/iter; left time: 16679.2321s
	iters: 2600, epoch: 12 | loss: 0.0120539
	speed: 0.0717s/iter; left time: 16456.4088s
	iters: 2700, epoch: 12 | loss: 0.0125365
	speed: 0.0716s/iter; left time: 16421.5755s
	iters: 2800, epoch: 12 | loss: 0.0136870
	speed: 0.0723s/iter; left time: 16573.2787s
	iters: 2900, epoch: 12 | loss: 0.0103714
	speed: 0.0712s/iter; left time: 16318.3214s
	iters: 3000, epoch: 12 | loss: 0.0069100
	speed: 0.0719s/iter; left time: 16476.6937s
	iters: 3100, epoch: 12 | loss: 0.0144401
	speed: 0.0722s/iter; left time: 16530.5194s
	iters: 3200, epoch: 12 | loss: 0.0111809
	speed: 0.0720s/iter; left time: 16472.7991s
	iters: 3300, epoch: 12 | loss: 0.0114134
	speed: 0.0717s/iter; left time: 16407.2923s
	iters: 3400, epoch: 12 | loss: 0.0108261
	speed: 0.0718s/iter; left time: 16426.6041s
	iters: 3500, epoch: 12 | loss: 0.0129451
	speed: 0.0723s/iter; left time: 16528.5835s
	iters: 3600, epoch: 12 | loss: 0.0109393
	speed: 0.0718s/iter; left time: 16397.0880s
	iters: 3700, epoch: 12 | loss: 0.0120983
	speed: 0.0718s/iter; left time: 16404.3069s
	iters: 3800, epoch: 12 | loss: 0.0078834
	speed: 0.0717s/iter; left time: 16364.5058s
	iters: 3900, epoch: 12 | loss: 0.0122369
	speed: 0.0720s/iter; left time: 16424.8502s
	iters: 4000, epoch: 12 | loss: 0.0091654
	speed: 0.0718s/iter; left time: 16366.7783s
	iters: 4100, epoch: 12 | loss: 0.0141700
	speed: 0.0716s/iter; left time: 16319.8108s
	iters: 4200, epoch: 12 | loss: 0.0133696
	speed: 0.0720s/iter; left time: 16412.5412s
	iters: 4300, epoch: 12 | loss: 0.0099668
	speed: 0.0719s/iter; left time: 16371.5541s
	iters: 4400, epoch: 12 | loss: 0.0106308
	speed: 0.0719s/iter; left time: 16374.4579s
	iters: 4500, epoch: 12 | loss: 0.0113093
	speed: 0.0722s/iter; left time: 16426.2054s
	iters: 4600, epoch: 12 | loss: 0.0124735
	speed: 0.0727s/iter; left time: 16543.4836s
	iters: 4700, epoch: 12 | loss: 0.0110669
	speed: 0.0720s/iter; left time: 16370.8576s
	iters: 4800, epoch: 12 | loss: 0.0114794
	speed: 0.0717s/iter; left time: 16283.2747s
	iters: 4900, epoch: 12 | loss: 0.0129969
	speed: 0.0719s/iter; left time: 16340.3840s
	iters: 5000, epoch: 12 | loss: 0.0082598
	speed: 0.0717s/iter; left time: 16271.8104s
	iters: 5100, epoch: 12 | loss: 0.0162982
	speed: 0.0719s/iter; left time: 16325.5845s
	iters: 5200, epoch: 12 | loss: 0.0118724
	speed: 0.0722s/iter; left time: 16380.4655s
	iters: 5300, epoch: 12 | loss: 0.0104516
	speed: 0.0716s/iter; left time: 16228.3989s
	iters: 5400, epoch: 12 | loss: 0.0092992
	speed: 0.0719s/iter; left time: 16291.9299s
	iters: 5500, epoch: 12 | loss: 0.0112629
	speed: 0.0726s/iter; left time: 16458.0316s
	iters: 5600, epoch: 12 | loss: 0.0131073
	speed: 0.0711s/iter; left time: 16097.6397s
	iters: 5700, epoch: 12 | loss: 0.0066838
	speed: 0.0725s/iter; left time: 16405.5781s
	iters: 5800, epoch: 12 | loss: 0.0141764
	speed: 0.0713s/iter; left time: 16131.9145s
	iters: 5900, epoch: 12 | loss: 0.0079927
	speed: 0.0723s/iter; left time: 16349.6961s
Epoch: 12 cost time: 427.9118928909302
Epoch: 12, Steps: 5950 | Train Loss: 0.0114891 Vali Loss: 0.6029266 Test Loss: 0.3898883
EarlyStopping counter: 10 out of 10
Early stopping
>>>>>>>testing : informerstack_custom_ftMS_sl1008_ll504_pl168_dm256_nh8_el4_dl4_df1024_atprob_fc5_ebtimeF_dtTrue_mxTrue_exp_146_0<<<<<<<<<<<<<<<<<<<<<<<<<<<<<<<<<
test 13769
test shape: (1721, 8, 168, 1) (1721, 8, 168, 1)
test shape: (13768, 168, 1) (13768, 168, 1)
mse:0.3810344934463501, mae:0.48386842012405396, r2:-1.2339515686035156

======================================================================
Completed: 2025-11-09 07:51:47
Return code: 0
======================================================================
