======================================================================
Informer Native Training Log
Experiment: exp_130
Started: 2025-11-07 01:02:56
======================================================================

Command:
C:\ProgramData\anaconda3\python.exe E:\ANUS_learning\MSI5001-power-transformer-oil-temperature-prediction\external\Informer2020\main_informer.py --model informerstack --data custom --root_path ./data/ --data_path TX1.csv --features MS --target OT --freq h --seq_len 336 --label_len 168 --pred_len 168 --enc_in 6 --dec_in 1 --c_out 1 --d_model 256 --n_heads 8 --e_layers 3 --d_layers 1 --d_ff 1024 --factor 5 --dropout 0.05 --attn prob --embed timeF --activation gelu --batch_size 8 --train_epochs 8 --patience 3 --learning_rate 0.0001 --des exp_130 --itr 1

======================================================================

Args in experiment:
Namespace(model='informerstack', data='custom', root_path='./data/', data_path='TX1.csv', features='MS', target='OT', freq='h', checkpoints='./checkpoints/', seq_len=336, label_len=168, pred_len=168, enc_in=6, dec_in=1, c_out=1, d_model=256, n_heads=8, e_layers=3, d_layers=1, s_layers=[3, 2, 1], d_ff=1024, factor=5, padding=0, distil=True, dropout=0.05, attn='prob', embed='timeF', activation='gelu', output_attention=False, do_predict=False, mix=True, cols=None, num_workers=0, itr=1, train_epochs=8, batch_size=8, patience=3, learning_rate=0.0001, des='exp_130', loss='mse', lradj='type1', use_amp=False, inverse=False, use_gpu=True, gpu=0, use_multi_gpu=False, devices='0,1,2,3', detail_freq='h')
Use GPU: cuda:0
>>>>>>>start training : informerstack_custom_ftMS_sl336_ll168_pl168_dm256_nh8_el3_dl1_df1024_atprob_fc5_ebtimeF_dtTrue_mxTrue_exp_130_0>>>>>>>>>>>>>>>>>>>>>>>>>>
train 48273
val 6801
test 13769
	iters: 100, epoch: 1 | loss: 0.1519716
	speed: 0.0396s/iter; left time: 1908.3730s
	iters: 200, epoch: 1 | loss: 0.1572921
	speed: 0.0280s/iter; left time: 1347.8767s
	iters: 300, epoch: 1 | loss: 0.2031253
	speed: 0.0288s/iter; left time: 1379.8582s
	iters: 400, epoch: 1 | loss: 0.1294520
	speed: 0.0297s/iter; left time: 1419.9644s
	iters: 500, epoch: 1 | loss: 0.1948663
	speed: 0.0299s/iter; left time: 1427.7538s
	iters: 600, epoch: 1 | loss: 0.1446351
	speed: 0.0287s/iter; left time: 1366.2426s
	iters: 700, epoch: 1 | loss: 0.1721170
	speed: 0.0291s/iter; left time: 1386.7121s
	iters: 800, epoch: 1 | loss: 0.2139650
	speed: 0.0289s/iter; left time: 1373.7898s
	iters: 900, epoch: 1 | loss: 0.1633104
	speed: 0.0284s/iter; left time: 1344.7875s
	iters: 1000, epoch: 1 | loss: 0.1010521
	speed: 0.0290s/iter; left time: 1370.2834s
	iters: 1100, epoch: 1 | loss: 0.1528549
	speed: 0.0300s/iter; left time: 1413.3358s
	iters: 1200, epoch: 1 | loss: 0.1458131
	speed: 0.0287s/iter; left time: 1352.1914s
	iters: 1300, epoch: 1 | loss: 0.2077096
	speed: 0.0293s/iter; left time: 1377.1208s
	iters: 1400, epoch: 1 | loss: 0.1812505
	speed: 0.0296s/iter; left time: 1387.0944s
	iters: 1500, epoch: 1 | loss: 0.1611513
	speed: 0.0291s/iter; left time: 1359.7468s
	iters: 1600, epoch: 1 | loss: 0.1384069
	speed: 0.0292s/iter; left time: 1364.5182s
	iters: 1700, epoch: 1 | loss: 0.0841623
	speed: 0.0295s/iter; left time: 1372.9927s
	iters: 1800, epoch: 1 | loss: 0.1255201
	speed: 0.0290s/iter; left time: 1347.5115s
	iters: 1900, epoch: 1 | loss: 0.0983888
	speed: 0.0284s/iter; left time: 1316.2508s
	iters: 2000, epoch: 1 | loss: 0.1369210
	speed: 0.0298s/iter; left time: 1378.8412s
	iters: 2100, epoch: 1 | loss: 0.1227137
	speed: 0.0297s/iter; left time: 1373.0323s
	iters: 2200, epoch: 1 | loss: 0.0653394
	speed: 0.0285s/iter; left time: 1312.3956s
	iters: 2300, epoch: 1 | loss: 0.1056908
	speed: 0.0294s/iter; left time: 1351.3742s
	iters: 2400, epoch: 1 | loss: 0.0751128
	speed: 0.0290s/iter; left time: 1330.4133s
	iters: 2500, epoch: 1 | loss: 0.1469994
	speed: 0.0291s/iter; left time: 1332.0892s
	iters: 2600, epoch: 1 | loss: 0.0784328
	speed: 0.0290s/iter; left time: 1322.3050s
	iters: 2700, epoch: 1 | loss: 0.1302898
	speed: 0.0302s/iter; left time: 1374.4632s
	iters: 2800, epoch: 1 | loss: 0.1384660
	speed: 0.0285s/iter; left time: 1295.4170s
	iters: 2900, epoch: 1 | loss: 0.0936059
	speed: 0.0287s/iter; left time: 1302.9319s
	iters: 3000, epoch: 1 | loss: 0.0974726
	speed: 0.0289s/iter; left time: 1308.0062s
	iters: 3100, epoch: 1 | loss: 0.0900978
	speed: 0.0285s/iter; left time: 1288.3346s
	iters: 3200, epoch: 1 | loss: 0.0801042
	speed: 0.0291s/iter; left time: 1310.7843s
	iters: 3300, epoch: 1 | loss: 0.0807270
	speed: 0.0295s/iter; left time: 1328.0061s
	iters: 3400, epoch: 1 | loss: 0.1214353
	speed: 0.0294s/iter; left time: 1318.3880s
	iters: 3500, epoch: 1 | loss: 0.0829275
	speed: 0.0289s/iter; left time: 1294.5194s
	iters: 3600, epoch: 1 | loss: 0.0923889
	speed: 0.0290s/iter; left time: 1295.5993s
	iters: 3700, epoch: 1 | loss: 0.0624599
	speed: 0.0289s/iter; left time: 1287.8820s
	iters: 3800, epoch: 1 | loss: 0.0492985
	speed: 0.0287s/iter; left time: 1276.2712s
	iters: 3900, epoch: 1 | loss: 0.0449928
	speed: 0.0291s/iter; left time: 1289.9329s
	iters: 4000, epoch: 1 | loss: 0.0818964
	speed: 0.0309s/iter; left time: 1367.3215s
	iters: 4100, epoch: 1 | loss: 0.0633846
	speed: 0.0278s/iter; left time: 1226.9474s
	iters: 4200, epoch: 1 | loss: 0.0860263
	speed: 0.0286s/iter; left time: 1260.6908s
	iters: 4300, epoch: 1 | loss: 0.0531381
	speed: 0.0287s/iter; left time: 1263.8986s
	iters: 4400, epoch: 1 | loss: 0.1022204
	speed: 0.0282s/iter; left time: 1238.4621s
	iters: 4500, epoch: 1 | loss: 0.0623608
	speed: 0.0292s/iter; left time: 1279.2870s
	iters: 4600, epoch: 1 | loss: 0.0497881
	speed: 0.0300s/iter; left time: 1312.3675s
	iters: 4700, epoch: 1 | loss: 0.0529188
	speed: 0.0293s/iter; left time: 1278.7792s
	iters: 4800, epoch: 1 | loss: 0.0541237
	speed: 0.0287s/iter; left time: 1247.9718s
	iters: 4900, epoch: 1 | loss: 0.0583562
	speed: 0.0283s/iter; left time: 1226.5056s
	iters: 5000, epoch: 1 | loss: 0.0511015
	speed: 0.0285s/iter; left time: 1234.5557s
	iters: 5100, epoch: 1 | loss: 0.0618023
	speed: 0.0281s/iter; left time: 1211.6451s
	iters: 5200, epoch: 1 | loss: 0.0456047
	speed: 0.0292s/iter; left time: 1256.0190s
	iters: 5300, epoch: 1 | loss: 0.0657092
	speed: 0.0305s/iter; left time: 1312.4674s
	iters: 5400, epoch: 1 | loss: 0.0573559
	speed: 0.0290s/iter; left time: 1242.0763s
	iters: 5500, epoch: 1 | loss: 0.0423242
	speed: 0.0290s/iter; left time: 1238.9706s
	iters: 5600, epoch: 1 | loss: 0.0544737
	speed: 0.0289s/iter; left time: 1233.9762s
	iters: 5700, epoch: 1 | loss: 0.0621839
	speed: 0.0287s/iter; left time: 1223.5136s
	iters: 5800, epoch: 1 | loss: 0.0567259
	speed: 0.0287s/iter; left time: 1218.3506s
	iters: 5900, epoch: 1 | loss: 0.0553823
	speed: 0.0300s/iter; left time: 1270.9780s
	iters: 6000, epoch: 1 | loss: 0.0543608
	speed: 0.0299s/iter; left time: 1262.6864s
Epoch: 1 cost time: 175.8252580165863
Epoch: 1, Steps: 6034 | Train Loss: 0.1079372 Vali Loss: 0.8897422 Test Loss: 0.7482416
Validation loss decreased (inf --> 0.889742).  Saving model ...
Updating learning rate to 0.0001
	iters: 100, epoch: 2 | loss: 0.0749616
	speed: 0.3433s/iter; left time: 14464.5943s
	iters: 200, epoch: 2 | loss: 0.0426198
	speed: 0.0286s/iter; left time: 1203.9783s
	iters: 300, epoch: 2 | loss: 0.0669785
	speed: 0.0291s/iter; left time: 1219.5661s
	iters: 400, epoch: 2 | loss: 0.0615540
	speed: 0.0293s/iter; left time: 1226.0268s
	iters: 500, epoch: 2 | loss: 0.0494829
	speed: 0.0297s/iter; left time: 1239.2412s
	iters: 600, epoch: 2 | loss: 0.0418228
	speed: 0.0289s/iter; left time: 1204.7045s
	iters: 700, epoch: 2 | loss: 0.0428853
	speed: 0.0299s/iter; left time: 1243.4762s
	iters: 800, epoch: 2 | loss: 0.0493549
	speed: 0.0285s/iter; left time: 1182.8012s
	iters: 900, epoch: 2 | loss: 0.0651904
	speed: 0.0287s/iter; left time: 1188.1423s
	iters: 1000, epoch: 2 | loss: 0.0497990
	speed: 0.0288s/iter; left time: 1186.2253s
	iters: 1100, epoch: 2 | loss: 0.0599019
	speed: 0.0292s/iter; left time: 1199.7232s
	iters: 1200, epoch: 2 | loss: 0.0709959
	speed: 0.0284s/iter; left time: 1167.4380s
	iters: 1300, epoch: 2 | loss: 0.0351950
	speed: 0.0292s/iter; left time: 1194.3132s
	iters: 1400, epoch: 2 | loss: 0.0513926
	speed: 0.0292s/iter; left time: 1193.3106s
	iters: 1500, epoch: 2 | loss: 0.0293667
	speed: 0.0283s/iter; left time: 1151.9593s
	iters: 1600, epoch: 2 | loss: 0.0435982
	speed: 0.0278s/iter; left time: 1129.9253s
	iters: 1700, epoch: 2 | loss: 0.0411657
	speed: 0.0297s/iter; left time: 1205.4429s
	iters: 1800, epoch: 2 | loss: 0.0655495
	speed: 0.0292s/iter; left time: 1181.0033s
	iters: 1900, epoch: 2 | loss: 0.0321245
	speed: 0.0285s/iter; left time: 1149.6637s
	iters: 2000, epoch: 2 | loss: 0.0608231
	speed: 0.0300s/iter; left time: 1207.6573s
	iters: 2100, epoch: 2 | loss: 0.0533542
	speed: 0.0296s/iter; left time: 1188.0379s
	iters: 2200, epoch: 2 | loss: 0.0287302
	speed: 0.0284s/iter; left time: 1135.7195s
	iters: 2300, epoch: 2 | loss: 0.0369930
	speed: 0.0293s/iter; left time: 1169.1101s
	iters: 2400, epoch: 2 | loss: 0.0627161
	speed: 0.0286s/iter; left time: 1139.6903s
	iters: 2500, epoch: 2 | loss: 0.0372391
	speed: 0.0283s/iter; left time: 1123.2422s
	iters: 2600, epoch: 2 | loss: 0.0446602
	speed: 0.0290s/iter; left time: 1149.8173s
	iters: 2700, epoch: 2 | loss: 0.0582221
	speed: 0.0297s/iter; left time: 1172.6256s
	iters: 2800, epoch: 2 | loss: 0.0467981
	speed: 0.0291s/iter; left time: 1146.4077s
	iters: 2900, epoch: 2 | loss: 0.0319295
	speed: 0.0285s/iter; left time: 1121.6001s
	iters: 3000, epoch: 2 | loss: 0.0299948
	speed: 0.0288s/iter; left time: 1128.8454s
	iters: 3100, epoch: 2 | loss: 0.0509503
	speed: 0.0289s/iter; left time: 1132.5945s
	iters: 3200, epoch: 2 | loss: 0.0374030
	speed: 0.0285s/iter; left time: 1113.8282s
	iters: 3300, epoch: 2 | loss: 0.0490885
	speed: 0.0294s/iter; left time: 1143.5787s
	iters: 3400, epoch: 2 | loss: 0.0251107
	speed: 0.0298s/iter; left time: 1156.4216s
	iters: 3500, epoch: 2 | loss: 0.0278514
	speed: 0.0290s/iter; left time: 1123.1431s
	iters: 3600, epoch: 2 | loss: 0.0277346
	speed: 0.0291s/iter; left time: 1124.2767s
	iters: 3700, epoch: 2 | loss: 0.0586740
	speed: 0.0287s/iter; left time: 1106.5715s
	iters: 3800, epoch: 2 | loss: 0.0454834
	speed: 0.0286s/iter; left time: 1099.7643s
	iters: 3900, epoch: 2 | loss: 0.0423115
	speed: 0.0289s/iter; left time: 1106.7967s
	iters: 4000, epoch: 2 | loss: 0.0532877
	speed: 0.0292s/iter; left time: 1114.8675s
	iters: 4100, epoch: 2 | loss: 0.0469647
	speed: 0.0299s/iter; left time: 1140.0990s
	iters: 4200, epoch: 2 | loss: 0.0376575
	speed: 0.0288s/iter; left time: 1094.8944s
	iters: 4300, epoch: 2 | loss: 0.0282388
	speed: 0.0288s/iter; left time: 1091.6787s
	iters: 4400, epoch: 2 | loss: 0.0289797
	speed: 0.0289s/iter; left time: 1094.2247s
	iters: 4500, epoch: 2 | loss: 0.0502215
	speed: 0.0285s/iter; left time: 1074.4932s
	iters: 4600, epoch: 2 | loss: 0.0330308
	speed: 0.0289s/iter; left time: 1088.2017s
	iters: 4700, epoch: 2 | loss: 0.0307025
	speed: 0.0291s/iter; left time: 1093.9560s
	iters: 4800, epoch: 2 | loss: 0.0362175
	speed: 0.0297s/iter; left time: 1112.5195s
	iters: 4900, epoch: 2 | loss: 0.0393328
	speed: 0.0298s/iter; left time: 1114.4806s
	iters: 5000, epoch: 2 | loss: 0.0356112
	speed: 0.0287s/iter; left time: 1069.7188s
	iters: 5100, epoch: 2 | loss: 0.0299101
	speed: 0.0281s/iter; left time: 1044.5061s
	iters: 5200, epoch: 2 | loss: 0.0320580
	speed: 0.0289s/iter; left time: 1070.0768s
	iters: 5300, epoch: 2 | loss: 0.0489650
	speed: 0.0291s/iter; left time: 1075.8223s
	iters: 5400, epoch: 2 | loss: 0.0229962
	speed: 0.0295s/iter; left time: 1087.4283s
	iters: 5500, epoch: 2 | loss: 0.0275042
	speed: 0.0303s/iter; left time: 1112.2008s
	iters: 5600, epoch: 2 | loss: 0.0329683
	speed: 0.0281s/iter; left time: 1031.3526s
	iters: 5700, epoch: 2 | loss: 0.0404506
	speed: 0.0278s/iter; left time: 1015.0785s
	iters: 5800, epoch: 2 | loss: 0.0602550
	speed: 0.0283s/iter; left time: 1029.4904s
	iters: 5900, epoch: 2 | loss: 0.0690439
	speed: 0.0299s/iter; left time: 1084.9978s
	iters: 6000, epoch: 2 | loss: 0.0158444
	speed: 0.0293s/iter; left time: 1063.0804s
Epoch: 2 cost time: 174.9724440574646
Epoch: 2, Steps: 6034 | Train Loss: 0.0432794 Vali Loss: 0.8629673 Test Loss: 0.6525099
Validation loss decreased (0.889742 --> 0.862967).  Saving model ...
Updating learning rate to 5e-05
	iters: 100, epoch: 3 | loss: 0.0356892
	speed: 0.3454s/iter; left time: 12471.2696s
	iters: 200, epoch: 3 | loss: 0.0238911
	speed: 0.0290s/iter; left time: 1045.4371s
	iters: 300, epoch: 3 | loss: 0.0306163
	speed: 0.0289s/iter; left time: 1037.5014s
	iters: 400, epoch: 3 | loss: 0.0210322
	speed: 0.0288s/iter; left time: 1031.6656s
	iters: 500, epoch: 3 | loss: 0.0313102
	speed: 0.0290s/iter; left time: 1036.1022s
	iters: 600, epoch: 3 | loss: 0.0177396
	speed: 0.0291s/iter; left time: 1036.8149s
	iters: 700, epoch: 3 | loss: 0.0241551
	speed: 0.0295s/iter; left time: 1048.8604s
	iters: 800, epoch: 3 | loss: 0.0208572
	speed: 0.0282s/iter; left time: 998.0582s
	iters: 900, epoch: 3 | loss: 0.0179854
	speed: 0.0296s/iter; left time: 1046.4291s
	iters: 1000, epoch: 3 | loss: 0.0250291
	speed: 0.0281s/iter; left time: 990.0938s
	iters: 1100, epoch: 3 | loss: 0.0217144
	speed: 0.0288s/iter; left time: 1011.9234s
	iters: 1200, epoch: 3 | loss: 0.0271363
	speed: 0.0292s/iter; left time: 1022.9572s
	iters: 1300, epoch: 3 | loss: 0.0258936
	speed: 0.0285s/iter; left time: 994.1862s
	iters: 1400, epoch: 3 | loss: 0.0288224
	speed: 0.0290s/iter; left time: 1008.5971s
	iters: 1500, epoch: 3 | loss: 0.0227056
	speed: 0.0298s/iter; left time: 1033.4896s
	iters: 1600, epoch: 3 | loss: 0.0355417
	speed: 0.0287s/iter; left time: 992.2967s
	iters: 1700, epoch: 3 | loss: 0.0384445
	speed: 0.0285s/iter; left time: 983.0668s
	iters: 1800, epoch: 3 | loss: 0.0333760
	speed: 0.0287s/iter; left time: 987.6996s
	iters: 1900, epoch: 3 | loss: 0.0219707
	speed: 0.0298s/iter; left time: 1023.1745s
	iters: 2000, epoch: 3 | loss: 0.0233475
	speed: 0.0293s/iter; left time: 1001.5356s
	iters: 2100, epoch: 3 | loss: 0.0267417
	speed: 0.0291s/iter; left time: 990.7786s
	iters: 2200, epoch: 3 | loss: 0.0209221
	speed: 0.0296s/iter; left time: 1005.8265s
	iters: 2300, epoch: 3 | loss: 0.0394385
	speed: 0.0294s/iter; left time: 997.0815s
	iters: 2400, epoch: 3 | loss: 0.0302679
	speed: 0.0284s/iter; left time: 961.7091s
	iters: 2500, epoch: 3 | loss: 0.0165446
	speed: 0.0290s/iter; left time: 976.3041s
	iters: 2600, epoch: 3 | loss: 0.0312925
	speed: 0.0292s/iter; left time: 979.8496s
	iters: 2700, epoch: 3 | loss: 0.0225605
	speed: 0.0286s/iter; left time: 959.3759s
	iters: 2800, epoch: 3 | loss: 0.0256570
	speed: 0.0301s/iter; left time: 1004.3631s
	iters: 2900, epoch: 3 | loss: 0.0216229
	speed: 0.0300s/iter; left time: 1000.4341s
	iters: 3000, epoch: 3 | loss: 0.0245010
	speed: 0.0289s/iter; left time: 958.5913s
	iters: 3100, epoch: 3 | loss: 0.0300304
	speed: 0.0276s/iter; left time: 914.2189s
	iters: 3200, epoch: 3 | loss: 0.0263184
	speed: 0.0277s/iter; left time: 913.0404s
	iters: 3300, epoch: 3 | loss: 0.0217653
	speed: 0.0295s/iter; left time: 971.4856s
	iters: 3400, epoch: 3 | loss: 0.0163080
	speed: 0.0293s/iter; left time: 960.8666s
	iters: 3500, epoch: 3 | loss: 0.0225267
	speed: 0.0296s/iter; left time: 968.5184s
	iters: 3600, epoch: 3 | loss: 0.0168525
	speed: 0.0286s/iter; left time: 932.7939s
	iters: 3700, epoch: 3 | loss: 0.0209111
	speed: 0.0283s/iter; left time: 919.6900s
	iters: 3800, epoch: 3 | loss: 0.0234300
	speed: 0.0288s/iter; left time: 932.9582s
	iters: 3900, epoch: 3 | loss: 0.0221988
	speed: 0.0290s/iter; left time: 936.0495s
	iters: 4000, epoch: 3 | loss: 0.0300731
	speed: 0.0297s/iter; left time: 954.9701s
	iters: 4100, epoch: 3 | loss: 0.0234199
	speed: 0.0295s/iter; left time: 946.8834s
	iters: 4200, epoch: 3 | loss: 0.0232432
	speed: 0.0291s/iter; left time: 930.9336s
	iters: 4300, epoch: 3 | loss: 0.0172503
	speed: 0.0289s/iter; left time: 920.4692s
	iters: 4400, epoch: 3 | loss: 0.0355858
	speed: 0.0281s/iter; left time: 895.2841s
	iters: 4500, epoch: 3 | loss: 0.0254545
	speed: 0.0292s/iter; left time: 925.4700s
	iters: 4600, epoch: 3 | loss: 0.0172596
	speed: 0.0286s/iter; left time: 904.6609s
	iters: 4700, epoch: 3 | loss: 0.0312042
	speed: 0.0297s/iter; left time: 935.5883s
	iters: 4800, epoch: 3 | loss: 0.0187227
	speed: 0.0285s/iter; left time: 894.8666s
	iters: 4900, epoch: 3 | loss: 0.0226263
	speed: 0.0295s/iter; left time: 923.3551s
	iters: 5000, epoch: 3 | loss: 0.0229675
	speed: 0.0291s/iter; left time: 908.2477s
	iters: 5100, epoch: 3 | loss: 0.0199011
	speed: 0.0282s/iter; left time: 878.3045s
	iters: 5200, epoch: 3 | loss: 0.0162122
	speed: 0.0279s/iter; left time: 863.6525s
	iters: 5300, epoch: 3 | loss: 0.0191462
	speed: 0.0287s/iter; left time: 885.9220s
	iters: 5400, epoch: 3 | loss: 0.0168191
	speed: 0.0295s/iter; left time: 907.2292s
	iters: 5500, epoch: 3 | loss: 0.0277879
	speed: 0.0300s/iter; left time: 920.6969s
	iters: 5600, epoch: 3 | loss: 0.0160245
	speed: 0.0293s/iter; left time: 896.3624s
	iters: 5700, epoch: 3 | loss: 0.0179026
	speed: 0.0288s/iter; left time: 878.6421s
	iters: 5800, epoch: 3 | loss: 0.0232631
	speed: 0.0286s/iter; left time: 868.7414s
	iters: 5900, epoch: 3 | loss: 0.0170473
	speed: 0.0275s/iter; left time: 832.6374s
	iters: 6000, epoch: 3 | loss: 0.0190824
	speed: 0.0302s/iter; left time: 911.5563s
Epoch: 3 cost time: 174.87214422225952
Epoch: 3, Steps: 6034 | Train Loss: 0.0239734 Vali Loss: 0.9477592 Test Loss: 0.6783032
EarlyStopping counter: 1 out of 3
Updating learning rate to 2.5e-05
	iters: 100, epoch: 4 | loss: 0.0165857
	speed: 0.3453s/iter; left time: 10382.7132s
	iters: 200, epoch: 4 | loss: 0.0174922
	speed: 0.0287s/iter; left time: 860.2578s
	iters: 300, epoch: 4 | loss: 0.0197257
	speed: 0.0287s/iter; left time: 856.2819s
	iters: 400, epoch: 4 | loss: 0.0166469
	speed: 0.0286s/iter; left time: 852.0571s
	iters: 500, epoch: 4 | loss: 0.0189233
	speed: 0.0291s/iter; left time: 863.3354s
	iters: 600, epoch: 4 | loss: 0.0173036
	speed: 0.0285s/iter; left time: 841.9789s
	iters: 700, epoch: 4 | loss: 0.0246459
	speed: 0.0297s/iter; left time: 876.7010s
	iters: 800, epoch: 4 | loss: 0.0223958
	speed: 0.0298s/iter; left time: 876.3715s
	iters: 900, epoch: 4 | loss: 0.0281011
	speed: 0.0286s/iter; left time: 838.4080s
	iters: 1000, epoch: 4 | loss: 0.0251606
	speed: 0.0286s/iter; left time: 835.7359s
	iters: 1100, epoch: 4 | loss: 0.0153739
	speed: 0.0292s/iter; left time: 849.2227s
	iters: 1200, epoch: 4 | loss: 0.0179357
	speed: 0.0298s/iter; left time: 863.3270s
	iters: 1300, epoch: 4 | loss: 0.0231942
	speed: 0.0280s/iter; left time: 809.5050s
	iters: 1400, epoch: 4 | loss: 0.0198203
	speed: 0.0287s/iter; left time: 826.2386s
	iters: 1500, epoch: 4 | loss: 0.0164675
	speed: 0.0296s/iter; left time: 847.7321s
	iters: 1600, epoch: 4 | loss: 0.0174940
	speed: 0.0299s/iter; left time: 855.3306s
	iters: 1700, epoch: 4 | loss: 0.0166341
	speed: 0.0289s/iter; left time: 823.2996s
	iters: 1800, epoch: 4 | loss: 0.0288136
	speed: 0.0289s/iter; left time: 821.2310s
	iters: 1900, epoch: 4 | loss: 0.0213635
	speed: 0.0287s/iter; left time: 812.2354s
	iters: 2000, epoch: 4 | loss: 0.0174752
	speed: 0.0290s/iter; left time: 817.1460s
	iters: 2100, epoch: 4 | loss: 0.0168059
	speed: 0.0292s/iter; left time: 819.3316s
	iters: 2200, epoch: 4 | loss: 0.0200355
	speed: 0.0293s/iter; left time: 818.9191s
	iters: 2300, epoch: 4 | loss: 0.0143266
	speed: 0.0286s/iter; left time: 798.4665s
	iters: 2400, epoch: 4 | loss: 0.0175333
	speed: 0.0291s/iter; left time: 808.2136s
	iters: 2500, epoch: 4 | loss: 0.0219790
	speed: 0.0291s/iter; left time: 804.2359s
	iters: 2600, epoch: 4 | loss: 0.0173468
	speed: 0.0296s/iter; left time: 817.2429s
	iters: 2700, epoch: 4 | loss: 0.0142011
	speed: 0.0287s/iter; left time: 789.7800s
	iters: 2800, epoch: 4 | loss: 0.0160912
	speed: 0.0291s/iter; left time: 796.8671s
	iters: 2900, epoch: 4 | loss: 0.0201610
	speed: 0.0295s/iter; left time: 804.5430s
	iters: 3000, epoch: 4 | loss: 0.0229847
	speed: 0.0289s/iter; left time: 784.6927s
	iters: 3100, epoch: 4 | loss: 0.0173779
	speed: 0.0293s/iter; left time: 793.6660s
	iters: 3200, epoch: 4 | loss: 0.0188053
	speed: 0.0291s/iter; left time: 785.4993s
	iters: 3300, epoch: 4 | loss: 0.0197009
	speed: 0.0289s/iter; left time: 776.7265s
	iters: 3400, epoch: 4 | loss: 0.0150445
	speed: 0.0289s/iter; left time: 774.4566s
	iters: 3500, epoch: 4 | loss: 0.0137297
	speed: 0.0297s/iter; left time: 791.0293s
	iters: 3600, epoch: 4 | loss: 0.0147661
	speed: 0.0302s/iter; left time: 803.4880s
	iters: 3700, epoch: 4 | loss: 0.0167104
	speed: 0.0290s/iter; left time: 767.2639s
	iters: 3800, epoch: 4 | loss: 0.0196782
	speed: 0.0281s/iter; left time: 741.1203s
	iters: 3900, epoch: 4 | loss: 0.0167798
	speed: 0.0289s/iter; left time: 758.7134s
	iters: 4000, epoch: 4 | loss: 0.0170222
	speed: 0.0285s/iter; left time: 747.0657s
	iters: 4100, epoch: 4 | loss: 0.0211396
	speed: 0.0300s/iter; left time: 782.6283s
	iters: 4200, epoch: 4 | loss: 0.0229393
	speed: 0.0295s/iter; left time: 765.3693s
	iters: 4300, epoch: 4 | loss: 0.0177416
	speed: 0.0299s/iter; left time: 772.8304s
	iters: 4400, epoch: 4 | loss: 0.0200054
	speed: 0.0289s/iter; left time: 743.5206s
	iters: 4500, epoch: 4 | loss: 0.0198744
	speed: 0.0282s/iter; left time: 724.1653s
	iters: 4600, epoch: 4 | loss: 0.0238790
	speed: 0.0286s/iter; left time: 731.8529s
	iters: 4700, epoch: 4 | loss: 0.0243673
	speed: 0.0297s/iter; left time: 756.1171s
	iters: 4800, epoch: 4 | loss: 0.0174410
	speed: 0.0292s/iter; left time: 741.5569s
	iters: 4900, epoch: 4 | loss: 0.0175504
	speed: 0.0294s/iter; left time: 742.8273s
	iters: 5000, epoch: 4 | loss: 0.0126526
	speed: 0.0290s/iter; left time: 731.1173s
	iters: 5100, epoch: 4 | loss: 0.0185940
	speed: 0.0286s/iter; left time: 715.7919s
	iters: 5200, epoch: 4 | loss: 0.0119193
	speed: 0.0289s/iter; left time: 721.2421s
	iters: 5300, epoch: 4 | loss: 0.0195784
	speed: 0.0288s/iter; left time: 717.1067s
	iters: 5400, epoch: 4 | loss: 0.0158027
	speed: 0.0292s/iter; left time: 722.2498s
	iters: 5500, epoch: 4 | loss: 0.0227881
	speed: 0.0294s/iter; left time: 724.9199s
	iters: 5600, epoch: 4 | loss: 0.0192972
	speed: 0.0291s/iter; left time: 714.5341s
	iters: 5700, epoch: 4 | loss: 0.0187429
	speed: 0.0293s/iter; left time: 717.7711s
	iters: 5800, epoch: 4 | loss: 0.0172075
	speed: 0.0278s/iter; left time: 678.6334s
	iters: 5900, epoch: 4 | loss: 0.0177488
	speed: 0.0286s/iter; left time: 694.2480s
	iters: 6000, epoch: 4 | loss: 0.0190247
	speed: 0.0288s/iter; left time: 697.0347s
Epoch: 4 cost time: 175.38000965118408
Epoch: 4, Steps: 6034 | Train Loss: 0.0178998 Vali Loss: 0.9114743 Test Loss: 0.6366262
EarlyStopping counter: 2 out of 3
Updating learning rate to 1.25e-05
	iters: 100, epoch: 5 | loss: 0.0121747
	speed: 0.3443s/iter; left time: 8274.7649s
	iters: 200, epoch: 5 | loss: 0.0214092
	speed: 0.0297s/iter; left time: 711.7401s
	iters: 300, epoch: 5 | loss: 0.0156920
	speed: 0.0291s/iter; left time: 693.1919s
	iters: 400, epoch: 5 | loss: 0.0130285
	speed: 0.0287s/iter; left time: 681.4396s
	iters: 500, epoch: 5 | loss: 0.0116569
	speed: 0.0293s/iter; left time: 691.8469s
	iters: 600, epoch: 5 | loss: 0.0159770
	speed: 0.0290s/iter; left time: 683.2885s
	iters: 700, epoch: 5 | loss: 0.0212436
	speed: 0.0295s/iter; left time: 691.3216s
	iters: 800, epoch: 5 | loss: 0.0146103
	speed: 0.0295s/iter; left time: 689.1326s
	iters: 900, epoch: 5 | loss: 0.0158016
	speed: 0.0289s/iter; left time: 671.0449s
	iters: 1000, epoch: 5 | loss: 0.0148060
	speed: 0.0292s/iter; left time: 674.9376s
	iters: 1100, epoch: 5 | loss: 0.0210584
	speed: 0.0296s/iter; left time: 682.3958s
	iters: 1200, epoch: 5 | loss: 0.0170111
	speed: 0.0287s/iter; left time: 658.7715s
	iters: 1300, epoch: 5 | loss: 0.0123817
	speed: 0.0287s/iter; left time: 654.8414s
	iters: 1400, epoch: 5 | loss: 0.0200367
	speed: 0.0291s/iter; left time: 661.5592s
	iters: 1500, epoch: 5 | loss: 0.0126671
	speed: 0.0286s/iter; left time: 646.8042s
	iters: 1600, epoch: 5 | loss: 0.0129412
	speed: 0.0293s/iter; left time: 659.5962s
	iters: 1700, epoch: 5 | loss: 0.0119515
	speed: 0.0294s/iter; left time: 658.8034s
	iters: 1800, epoch: 5 | loss: 0.0118688
	speed: 0.0287s/iter; left time: 640.1081s
	iters: 1900, epoch: 5 | loss: 0.0161971
	speed: 0.0282s/iter; left time: 627.1538s
	iters: 2000, epoch: 5 | loss: 0.0120659
	speed: 0.0283s/iter; left time: 627.3508s
	iters: 2100, epoch: 5 | loss: 0.0179311
	speed: 0.0286s/iter; left time: 631.0759s
	iters: 2200, epoch: 5 | loss: 0.0149572
	speed: 0.0302s/iter; left time: 661.5006s
	iters: 2300, epoch: 5 | loss: 0.0113117
	speed: 0.0288s/iter; left time: 629.0321s
	iters: 2400, epoch: 5 | loss: 0.0149953
	speed: 0.0285s/iter; left time: 620.1014s
	iters: 2500, epoch: 5 | loss: 0.0106206
	speed: 0.0289s/iter; left time: 624.6114s
	iters: 2600, epoch: 5 | loss: 0.0160821
	speed: 0.0280s/iter; left time: 603.2402s
	iters: 2700, epoch: 5 | loss: 0.0139756
	speed: 0.0284s/iter; left time: 609.3413s
	iters: 2800, epoch: 5 | loss: 0.0142784
	speed: 0.0295s/iter; left time: 630.5072s
	iters: 2900, epoch: 5 | loss: 0.0178746
	speed: 0.0292s/iter; left time: 619.7619s
	iters: 3000, epoch: 5 | loss: 0.0138006
	speed: 0.0292s/iter; left time: 617.6532s
	iters: 3100, epoch: 5 | loss: 0.0099338
	speed: 0.0294s/iter; left time: 619.0987s
	iters: 3200, epoch: 5 | loss: 0.0169863
	speed: 0.0278s/iter; left time: 582.6536s
	iters: 3300, epoch: 5 | loss: 0.0143040
	speed: 0.0285s/iter; left time: 593.5201s
	iters: 3400, epoch: 5 | loss: 0.0144932
	speed: 0.0293s/iter; left time: 607.4723s
	iters: 3500, epoch: 5 | loss: 0.0187149
	speed: 0.0299s/iter; left time: 617.8769s
	iters: 3600, epoch: 5 | loss: 0.0227414
	speed: 0.0291s/iter; left time: 598.4027s
	iters: 3700, epoch: 5 | loss: 0.0116336
	speed: 0.0294s/iter; left time: 600.9407s
	iters: 3800, epoch: 5 | loss: 0.0139086
	speed: 0.0289s/iter; left time: 588.5894s
	iters: 3900, epoch: 5 | loss: 0.0193374
	speed: 0.0275s/iter; left time: 557.3578s
	iters: 4000, epoch: 5 | loss: 0.0207482
	speed: 0.0292s/iter; left time: 588.7387s
	iters: 4100, epoch: 5 | loss: 0.0109512
	speed: 0.0285s/iter; left time: 571.7688s
	iters: 4200, epoch: 5 | loss: 0.0211485
	speed: 0.0296s/iter; left time: 590.3855s
	iters: 4300, epoch: 5 | loss: 0.0107317
	speed: 0.0299s/iter; left time: 592.8975s
	iters: 4400, epoch: 5 | loss: 0.0201147
	speed: 0.0291s/iter; left time: 574.7776s
	iters: 4500, epoch: 5 | loss: 0.0163535
	speed: 0.0280s/iter; left time: 550.7435s
	iters: 4600, epoch: 5 | loss: 0.0151285
	speed: 0.0287s/iter; left time: 560.2494s
	iters: 4700, epoch: 5 | loss: 0.0167314
	speed: 0.0285s/iter; left time: 553.8168s
	iters: 4800, epoch: 5 | loss: 0.0116588
	speed: 0.0292s/iter; left time: 563.7432s
	iters: 4900, epoch: 5 | loss: 0.0217940
	speed: 0.0300s/iter; left time: 576.9000s
	iters: 5000, epoch: 5 | loss: 0.0118028
	speed: 0.0297s/iter; left time: 568.5519s
	iters: 5100, epoch: 5 | loss: 0.0105311
	speed: 0.0287s/iter; left time: 545.8815s
	iters: 5200, epoch: 5 | loss: 0.0155067
	speed: 0.0281s/iter; left time: 532.5906s
	iters: 5300, epoch: 5 | loss: 0.0111727
	speed: 0.0284s/iter; left time: 534.3214s
	iters: 5400, epoch: 5 | loss: 0.0158835
	speed: 0.0290s/iter; left time: 544.0322s
	iters: 5500, epoch: 5 | loss: 0.0155913
	speed: 0.0293s/iter; left time: 546.1468s
	iters: 5600, epoch: 5 | loss: 0.0126720
	speed: 0.0302s/iter; left time: 560.4666s
	iters: 5700, epoch: 5 | loss: 0.0102368
	speed: 0.0290s/iter; left time: 534.9465s
	iters: 5800, epoch: 5 | loss: 0.0130029
	speed: 0.0285s/iter; left time: 523.3524s
	iters: 5900, epoch: 5 | loss: 0.0165269
	speed: 0.0295s/iter; left time: 538.2224s
	iters: 6000, epoch: 5 | loss: 0.0156134
	speed: 0.0289s/iter; left time: 523.9545s
Epoch: 5 cost time: 174.9599072933197
Epoch: 5, Steps: 6034 | Train Loss: 0.0154138 Vali Loss: 0.9740457 Test Loss: 0.7192988
EarlyStopping counter: 3 out of 3
Early stopping
>>>>>>>testing : informerstack_custom_ftMS_sl336_ll168_pl168_dm256_nh8_el3_dl1_df1024_atprob_fc5_ebtimeF_dtTrue_mxTrue_exp_130_0<<<<<<<<<<<<<<<<<<<<<<<<<<<<<<<<<
test 13769
test shape: (1721, 8, 168, 1) (1721, 8, 168, 1)
test shape: (13768, 168, 1) (13768, 168, 1)
mse:0.6514114737510681, mae:0.6982613801956177, r2:-2.819133758544922

======================================================================
Completed: 2025-11-07 01:20:28
Return code: 0
======================================================================
