======================================================================
Experiment Log
Started: 2025-11-02 16:54:41
Command: C:\ProgramData\anaconda3\python.exe -m scripts.train_configurable --tx-id 2 --model LinearRegression --split-method chronological --feature-mode full --lookback-multiplier 4.0 --horizon 168 --experiment-name exp_111 --data-suffix _no_outlier
======================================================================

======================================================================
Experiment: exp_111
======================================================================
Transformer:     TX2
Model:           LinearRegression
Split method:    chronological
Feature mode:    full
Data suffix:     _no_outlier

Loading data...
  Total samples: 69680
  Features: 17 columns

Window config: WindowConfig(horizon=168, lookback=672, gap=0)
Creating sliding windows...
  Created 68840 windows
Splitting windows (chronological, 20% test)...
  Train: 55072 windows
  Test:  13768 windows

Training LinearRegression...
  Training time: 109.99s

Evaluating...
  RMSE: 5.8856
  MAE:  4.6975
  R2:   0.6901

Saving results...
  Model: E:\ANUS_learning\MSI5001-power-transformer-oil-temperature-prediction\models\experiments\exp_111_model.joblib
  Predictions: E:\ANUS_learning\MSI5001-power-transformer-oil-temperature-prediction\results\tables\exp_111_predictions.csv
  Metrics: E:\ANUS_learning\MSI5001-power-transformer-oil-temperature-prediction\models\experiments\exp_111_metrics.json
  Plot: E:\ANUS_learning\MSI5001-power-transformer-oil-temperature-prediction\results\figures\exp_111_predictions.png
  Scatter: E:\ANUS_learning\MSI5001-power-transformer-oil-temperature-prediction\results\figures\exp_111_scatter.png

======================================================================
Experiment complete: exp_111
======================================================================

======================================================================
Completed: 2025-11-02 16:56:35
Return code: 0
======================================================================
