======================================================================
Informer Native Training Log
Experiment: exp_113
Started: 2025-11-06 19:52:36
======================================================================

Command:
C:\ProgramData\anaconda3\python.exe E:\ANUS_learning\MSI5001-power-transformer-oil-temperature-prediction\external\Informer2020\main_informer.py --model informerstack --data custom --root_path ./data/ --data_path TX1.csv --features MS --target OT --freq h --seq_len 336 --label_len 168 --pred_len 168 --enc_in 6 --dec_in 1 --c_out 1 --d_model 256 --n_heads 8 --e_layers 3 --d_layers 1 --d_ff 1024 --factor 5 --dropout 0.05 --attn prob --embed timeF --activation gelu --batch_size 8 --train_epochs 8 --patience 3 --learning_rate 0.0001 --des exp_113 --itr 1

======================================================================

Args in experiment:
Namespace(model='informerstack', data='custom', root_path='./data/', data_path='TX1.csv', features='MS', target='OT', freq='h', checkpoints='./checkpoints/', seq_len=336, label_len=168, pred_len=168, enc_in=6, dec_in=1, c_out=1, d_model=256, n_heads=8, e_layers=3, d_layers=1, s_layers=[3, 2, 1], d_ff=1024, factor=5, padding=0, distil=True, dropout=0.05, attn='prob', embed='timeF', activation='gelu', output_attention=False, do_predict=False, mix=True, cols=None, num_workers=0, itr=1, train_epochs=8, batch_size=8, patience=3, learning_rate=0.0001, des='exp_113', loss='mse', lradj='type1', use_amp=False, inverse=False, use_gpu=True, gpu=0, use_multi_gpu=False, devices='0,1,2,3', detail_freq='h')
Use GPU: cuda:0
>>>>>>>start training : informerstack_custom_ftMS_sl336_ll168_pl168_dm256_nh8_el3_dl1_df1024_atprob_fc5_ebtimeF_dtTrue_mxTrue_exp_113_0>>>>>>>>>>>>>>>>>>>>>>>>>>
train 48273
val 6801
test 13769
	iters: 100, epoch: 1 | loss: 0.2709475
	speed: 0.0614s/iter; left time: 2957.4179s
	iters: 200, epoch: 1 | loss: 0.2167944
	speed: 0.0488s/iter; left time: 2344.5405s
	iters: 300, epoch: 1 | loss: 0.1933473
	speed: 0.0480s/iter; left time: 2303.8705s
	iters: 400, epoch: 1 | loss: 0.2618610
	speed: 0.0482s/iter; left time: 2305.8866s
	iters: 500, epoch: 1 | loss: 0.2073709
	speed: 0.0488s/iter; left time: 2332.8292s
	iters: 600, epoch: 1 | loss: 0.0770475
	speed: 0.0487s/iter; left time: 2319.3033s
	iters: 700, epoch: 1 | loss: 0.1284826
	speed: 0.0488s/iter; left time: 2322.8501s
	iters: 800, epoch: 1 | loss: 0.1665488
	speed: 0.0495s/iter; left time: 2351.2851s
	iters: 900, epoch: 1 | loss: 0.2143858
	speed: 0.0651s/iter; left time: 3085.2825s
	iters: 1000, epoch: 1 | loss: 0.1124200
	speed: 0.0639s/iter; left time: 3022.5986s
	iters: 1100, epoch: 1 | loss: 0.0956708
	speed: 0.0649s/iter; left time: 3061.7436s
	iters: 1200, epoch: 1 | loss: 0.1498113
	speed: 0.0656s/iter; left time: 3089.8527s
	iters: 1300, epoch: 1 | loss: 0.1157817
	speed: 0.0642s/iter; left time: 3014.5962s
	iters: 1400, epoch: 1 | loss: 0.0879684
	speed: 0.0647s/iter; left time: 3031.7590s
	iters: 1500, epoch: 1 | loss: 0.1085605
	speed: 0.0641s/iter; left time: 2996.5069s
	iters: 1600, epoch: 1 | loss: 0.1114123
	speed: 0.0641s/iter; left time: 2991.7017s
	iters: 1700, epoch: 1 | loss: 0.1097614
	speed: 0.0659s/iter; left time: 3068.8914s
	iters: 1800, epoch: 1 | loss: 0.1024122
	speed: 0.0648s/iter; left time: 3010.3288s
	iters: 1900, epoch: 1 | loss: 0.0958257
	speed: 0.0646s/iter; left time: 2994.3052s
	iters: 2000, epoch: 1 | loss: 0.1479639
	speed: 0.0637s/iter; left time: 2949.5940s
	iters: 2100, epoch: 1 | loss: 0.1078376
	speed: 0.0622s/iter; left time: 2873.2330s
	iters: 2200, epoch: 1 | loss: 0.1034118
	speed: 0.0644s/iter; left time: 2965.2505s
	iters: 2300, epoch: 1 | loss: 0.1188408
	speed: 0.0638s/iter; left time: 2933.8366s
	iters: 2400, epoch: 1 | loss: 0.0812174
	speed: 0.0642s/iter; left time: 2942.9987s
	iters: 2500, epoch: 1 | loss: 0.0922462
	speed: 0.0638s/iter; left time: 2918.2740s
	iters: 2600, epoch: 1 | loss: 0.0707694
	speed: 0.0642s/iter; left time: 2930.1167s
	iters: 2700, epoch: 1 | loss: 0.0694553
	speed: 0.0640s/iter; left time: 2918.8573s
	iters: 2800, epoch: 1 | loss: 0.1657709
	speed: 0.0635s/iter; left time: 2888.6126s
	iters: 2900, epoch: 1 | loss: 0.0714210
	speed: 0.0639s/iter; left time: 2897.9123s
	iters: 3000, epoch: 1 | loss: 0.0864315
	speed: 0.0640s/iter; left time: 2895.4631s
	iters: 3100, epoch: 1 | loss: 0.0684552
	speed: 0.0626s/iter; left time: 2828.4116s
	iters: 3200, epoch: 1 | loss: 0.0606490
	speed: 0.0633s/iter; left time: 2853.9048s
	iters: 3300, epoch: 1 | loss: 0.1032002
	speed: 0.0641s/iter; left time: 2882.9542s
	iters: 3400, epoch: 1 | loss: 0.0647413
	speed: 0.0632s/iter; left time: 2838.1847s
	iters: 3500, epoch: 1 | loss: 0.1319683
	speed: 0.0644s/iter; left time: 2884.3895s
	iters: 3600, epoch: 1 | loss: 0.0624985
	speed: 0.0629s/iter; left time: 2807.7574s
	iters: 3700, epoch: 1 | loss: 0.0783487
	speed: 0.0632s/iter; left time: 2819.1602s
	iters: 3800, epoch: 1 | loss: 0.0919197
	speed: 0.0627s/iter; left time: 2789.8538s
	iters: 3900, epoch: 1 | loss: 0.0542000
	speed: 0.0642s/iter; left time: 2847.5267s
	iters: 4000, epoch: 1 | loss: 0.0743666
	speed: 0.0644s/iter; left time: 2849.1227s
	iters: 4100, epoch: 1 | loss: 0.1132916
	speed: 0.0628s/iter; left time: 2772.3457s
	iters: 4200, epoch: 1 | loss: 0.0559899
	speed: 0.0629s/iter; left time: 2774.2751s
	iters: 4300, epoch: 1 | loss: 0.0685326
	speed: 0.0633s/iter; left time: 2785.2735s
	iters: 4400, epoch: 1 | loss: 0.0632393
	speed: 0.0631s/iter; left time: 2767.7769s
	iters: 4500, epoch: 1 | loss: 0.0795716
	speed: 0.0639s/iter; left time: 2797.4413s
	iters: 4600, epoch: 1 | loss: 0.0587502
	speed: 0.0639s/iter; left time: 2789.3186s
	iters: 4700, epoch: 1 | loss: 0.0463803
	speed: 0.0634s/iter; left time: 2763.8184s
	iters: 4800, epoch: 1 | loss: 0.1045106
	speed: 0.0630s/iter; left time: 2738.6637s
	iters: 4900, epoch: 1 | loss: 0.0671247
	speed: 0.0647s/iter; left time: 2804.3109s
	iters: 5000, epoch: 1 | loss: 0.0425338
	speed: 0.0639s/iter; left time: 2764.9972s
	iters: 5100, epoch: 1 | loss: 0.0705922
	speed: 0.0631s/iter; left time: 2724.5393s
	iters: 5200, epoch: 1 | loss: 0.0828405
	speed: 0.0637s/iter; left time: 2742.0672s
	iters: 5300, epoch: 1 | loss: 0.0446433
	speed: 0.0636s/iter; left time: 2732.3367s
	iters: 5400, epoch: 1 | loss: 0.0477668
	speed: 0.0637s/iter; left time: 2732.5976s
	iters: 5500, epoch: 1 | loss: 0.0621992
	speed: 0.0649s/iter; left time: 2773.9826s
	iters: 5600, epoch: 1 | loss: 0.0446090
	speed: 0.0630s/iter; left time: 2686.3848s
	iters: 5700, epoch: 1 | loss: 0.0557620
	speed: 0.0627s/iter; left time: 2668.5194s
	iters: 5800, epoch: 1 | loss: 0.0587441
	speed: 0.0643s/iter; left time: 2729.8185s
	iters: 5900, epoch: 1 | loss: 0.0410042
	speed: 0.0682s/iter; left time: 2887.8253s
	iters: 6000, epoch: 1 | loss: 0.0488955
	speed: 0.0643s/iter; left time: 2719.6784s
Epoch: 1 cost time: 374.1285388469696
Epoch: 1, Steps: 6034 | Train Loss: 0.1081781 Vali Loss: 0.7706133 Test Loss: 0.7159099
Validation loss decreased (inf --> 0.770613).  Saving model ...
Updating learning rate to 0.0001
	iters: 100, epoch: 2 | loss: 0.0447512
	speed: 0.7407s/iter; left time: 31212.9697s
	iters: 200, epoch: 2 | loss: 0.0433073
	speed: 0.0628s/iter; left time: 2641.2254s
	iters: 300, epoch: 2 | loss: 0.0380608
	speed: 0.0627s/iter; left time: 2628.3456s
	iters: 400, epoch: 2 | loss: 0.0383016
	speed: 0.0623s/iter; left time: 2606.9898s
	iters: 500, epoch: 2 | loss: 0.0372059
	speed: 0.0622s/iter; left time: 2595.7205s
	iters: 600, epoch: 2 | loss: 0.0550837
	speed: 0.0623s/iter; left time: 2594.6291s
	iters: 700, epoch: 2 | loss: 0.0365251
	speed: 0.0624s/iter; left time: 2593.5407s
	iters: 800, epoch: 2 | loss: 0.0546995
	speed: 0.0634s/iter; left time: 2625.2200s
	iters: 900, epoch: 2 | loss: 0.0343235
	speed: 0.0639s/iter; left time: 2642.7904s
	iters: 1000, epoch: 2 | loss: 0.0576563
	speed: 0.0633s/iter; left time: 2612.3598s
	iters: 1100, epoch: 2 | loss: 0.0461270
	speed: 0.0648s/iter; left time: 2665.0215s
	iters: 1200, epoch: 2 | loss: 0.0282175
	speed: 0.0640s/iter; left time: 2626.7060s
	iters: 1300, epoch: 2 | loss: 0.0470200
	speed: 0.0641s/iter; left time: 2625.6354s
	iters: 1400, epoch: 2 | loss: 0.0365937
	speed: 0.0639s/iter; left time: 2608.4049s
	iters: 1500, epoch: 2 | loss: 0.0234973
	speed: 0.0635s/iter; left time: 2586.4655s
	iters: 1600, epoch: 2 | loss: 0.0438004
	speed: 0.0637s/iter; left time: 2587.4829s
	iters: 1700, epoch: 2 | loss: 0.0410929
	speed: 0.0634s/iter; left time: 2571.2258s
	iters: 1800, epoch: 2 | loss: 0.0499717
	speed: 0.0638s/iter; left time: 2581.4274s
	iters: 1900, epoch: 2 | loss: 0.0337281
	speed: 0.0631s/iter; left time: 2546.0592s
	iters: 2000, epoch: 2 | loss: 0.0368394
	speed: 0.0641s/iter; left time: 2578.0513s
	iters: 2100, epoch: 2 | loss: 0.0425108
	speed: 0.0658s/iter; left time: 2641.6629s
	iters: 2200, epoch: 2 | loss: 0.0460823
	speed: 0.0644s/iter; left time: 2579.7209s
	iters: 2300, epoch: 2 | loss: 0.0313320
	speed: 0.0630s/iter; left time: 2515.6289s
	iters: 2400, epoch: 2 | loss: 0.0327623
	speed: 0.0637s/iter; left time: 2537.5113s
	iters: 2500, epoch: 2 | loss: 0.0347766
	speed: 0.0637s/iter; left time: 2530.0922s
	iters: 2600, epoch: 2 | loss: 0.0413436
	speed: 0.0629s/iter; left time: 2494.6164s
	iters: 2700, epoch: 2 | loss: 0.0377531
	speed: 0.0646s/iter; left time: 2553.7615s
	iters: 2800, epoch: 2 | loss: 0.0321435
	speed: 0.0639s/iter; left time: 2520.6577s
	iters: 2900, epoch: 2 | loss: 0.0481781
	speed: 0.0633s/iter; left time: 2490.9550s
	iters: 3000, epoch: 2 | loss: 0.0393898
	speed: 0.0635s/iter; left time: 2491.6595s
	iters: 3100, epoch: 2 | loss: 0.0267345
	speed: 0.0635s/iter; left time: 2485.8568s
	iters: 3200, epoch: 2 | loss: 0.0359520
	speed: 0.0634s/iter; left time: 2476.9871s
	iters: 3300, epoch: 2 | loss: 0.0357013
	speed: 0.0642s/iter; left time: 2498.5559s
	iters: 3400, epoch: 2 | loss: 0.0397363
	speed: 0.0643s/iter; left time: 2496.6407s
	iters: 3500, epoch: 2 | loss: 0.0470760
	speed: 0.0641s/iter; left time: 2481.9313s
	iters: 3600, epoch: 2 | loss: 0.0406944
	speed: 0.0634s/iter; left time: 2449.8059s
	iters: 3700, epoch: 2 | loss: 0.0353018
	speed: 0.0642s/iter; left time: 2473.6529s
	iters: 3800, epoch: 2 | loss: 0.0395723
	speed: 0.0637s/iter; left time: 2447.2096s
	iters: 3900, epoch: 2 | loss: 0.0493396
	speed: 0.0644s/iter; left time: 2469.8515s
	iters: 4000, epoch: 2 | loss: 0.0319711
	speed: 0.0648s/iter; left time: 2477.2959s
	iters: 4100, epoch: 2 | loss: 0.0447520
	speed: 0.0636s/iter; left time: 2425.4479s
	iters: 4200, epoch: 2 | loss: 0.0405694
	speed: 0.0638s/iter; left time: 2427.6742s
	iters: 4300, epoch: 2 | loss: 0.0245488
	speed: 0.0638s/iter; left time: 2422.2400s
	iters: 4400, epoch: 2 | loss: 0.0238852
	speed: 0.0638s/iter; left time: 2414.3022s
	iters: 4500, epoch: 2 | loss: 0.0281704
	speed: 0.0641s/iter; left time: 2419.5434s
	iters: 4600, epoch: 2 | loss: 0.0408973
	speed: 0.0637s/iter; left time: 2399.2014s
	iters: 4700, epoch: 2 | loss: 0.0471725
	speed: 0.0640s/iter; left time: 2403.5930s
	iters: 4800, epoch: 2 | loss: 0.0361516
	speed: 0.0637s/iter; left time: 2385.1001s
	iters: 4900, epoch: 2 | loss: 0.0342556
	speed: 0.0636s/iter; left time: 2375.5817s
	iters: 5000, epoch: 2 | loss: 0.0335406
	speed: 0.0638s/iter; left time: 2377.1917s
	iters: 5100, epoch: 2 | loss: 0.0382385
	speed: 0.0650s/iter; left time: 2414.0794s
	iters: 5200, epoch: 2 | loss: 0.0324771
	speed: 0.0632s/iter; left time: 2340.8038s
	iters: 5300, epoch: 2 | loss: 0.0346413
	speed: 0.0637s/iter; left time: 2354.2094s
	iters: 5400, epoch: 2 | loss: 0.0318875
	speed: 0.0644s/iter; left time: 2371.7427s
	iters: 5500, epoch: 2 | loss: 0.0244705
	speed: 0.0656s/iter; left time: 2410.7491s
	iters: 5600, epoch: 2 | loss: 0.0276570
	speed: 0.0642s/iter; left time: 2351.6772s
	iters: 5700, epoch: 2 | loss: 0.0328819
	speed: 0.0623s/iter; left time: 2276.9563s
	iters: 5800, epoch: 2 | loss: 0.0382042
	speed: 0.0642s/iter; left time: 2339.9127s
	iters: 5900, epoch: 2 | loss: 0.0313218
	speed: 0.0640s/iter; left time: 2326.3160s
	iters: 6000, epoch: 2 | loss: 0.0344688
	speed: 0.0635s/iter; left time: 2299.8481s
Epoch: 2 cost time: 384.5468647480011
Epoch: 2, Steps: 6034 | Train Loss: 0.0421748 Vali Loss: 0.8067214 Test Loss: 0.6844140
EarlyStopping counter: 1 out of 3
Updating learning rate to 5e-05
	iters: 100, epoch: 3 | loss: 0.0264399
	speed: 0.7355s/iter; left time: 26554.4995s
	iters: 200, epoch: 3 | loss: 0.0271904
	speed: 0.0621s/iter; left time: 2236.8806s
	iters: 300, epoch: 3 | loss: 0.0256432
	speed: 0.0622s/iter; left time: 2233.6451s
	iters: 400, epoch: 3 | loss: 0.0248317
	speed: 0.0625s/iter; left time: 2238.7920s
	iters: 500, epoch: 3 | loss: 0.0210487
	speed: 0.0617s/iter; left time: 2203.8720s
	iters: 600, epoch: 3 | loss: 0.0218359
	speed: 0.0630s/iter; left time: 2244.5725s
	iters: 700, epoch: 3 | loss: 0.0229301
	speed: 0.0624s/iter; left time: 2215.3270s
	iters: 800, epoch: 3 | loss: 0.0225898
	speed: 0.0630s/iter; left time: 2231.4735s
	iters: 900, epoch: 3 | loss: 0.0285650
	speed: 0.0641s/iter; left time: 2261.4756s
	iters: 1000, epoch: 3 | loss: 0.0352923
	speed: 0.0643s/iter; left time: 2262.3166s
	iters: 1100, epoch: 3 | loss: 0.0184396
	speed: 0.0630s/iter; left time: 2211.2534s
	iters: 1200, epoch: 3 | loss: 0.0235371
	speed: 0.0643s/iter; left time: 2249.5371s
	iters: 1300, epoch: 3 | loss: 0.0287319
	speed: 0.0640s/iter; left time: 2233.6087s
	iters: 1400, epoch: 3 | loss: 0.0268719
	speed: 0.0648s/iter; left time: 2253.7098s
	iters: 1500, epoch: 3 | loss: 0.0422784
	speed: 0.0633s/iter; left time: 2196.7599s
	iters: 1600, epoch: 3 | loss: 0.0198669
	speed: 0.0646s/iter; left time: 2235.2114s
	iters: 1700, epoch: 3 | loss: 0.0174537
	speed: 0.0638s/iter; left time: 2200.3757s
	iters: 1800, epoch: 3 | loss: 0.0323657
	speed: 0.0641s/iter; left time: 2206.2390s
	iters: 1900, epoch: 3 | loss: 0.0228728
	speed: 0.0628s/iter; left time: 2154.8709s
	iters: 2000, epoch: 3 | loss: 0.0257733
	speed: 0.0646s/iter; left time: 2208.2487s
	iters: 2100, epoch: 3 | loss: 0.0211570
	speed: 0.0638s/iter; left time: 2176.1362s
	iters: 2200, epoch: 3 | loss: 0.0226158
	speed: 0.0632s/iter; left time: 2150.7907s
	iters: 2300, epoch: 3 | loss: 0.0235316
	speed: 0.0638s/iter; left time: 2162.4507s
	iters: 2400, epoch: 3 | loss: 0.0242012
	speed: 0.0634s/iter; left time: 2143.1262s
	iters: 2500, epoch: 3 | loss: 0.0290966
	speed: 0.0641s/iter; left time: 2160.9771s
	iters: 2600, epoch: 3 | loss: 0.0191473
	speed: 0.0637s/iter; left time: 2141.7424s
	iters: 2700, epoch: 3 | loss: 0.0162663
	speed: 0.0627s/iter; left time: 2101.4614s
	iters: 2800, epoch: 3 | loss: 0.0160562
	speed: 0.0626s/iter; left time: 2091.5656s
	iters: 2900, epoch: 3 | loss: 0.0302031
	speed: 0.0629s/iter; left time: 2093.3782s
	iters: 3000, epoch: 3 | loss: 0.0220599
	speed: 0.0643s/iter; left time: 2135.2062s
	iters: 3100, epoch: 3 | loss: 0.0273604
	speed: 0.0639s/iter; left time: 2116.6689s
	iters: 3200, epoch: 3 | loss: 0.0184224
	speed: 0.0635s/iter; left time: 2096.6386s
	iters: 3300, epoch: 3 | loss: 0.0187998
	speed: 0.0633s/iter; left time: 2082.7670s
	iters: 3400, epoch: 3 | loss: 0.0346201
	speed: 0.0640s/iter; left time: 2098.7948s
	iters: 3500, epoch: 3 | loss: 0.0223473
	speed: 0.0640s/iter; left time: 2091.8799s
	iters: 3600, epoch: 3 | loss: 0.0217180
	speed: 0.0634s/iter; left time: 2068.6309s
	iters: 3700, epoch: 3 | loss: 0.0197199
	speed: 0.0632s/iter; left time: 2053.1061s
	iters: 3800, epoch: 3 | loss: 0.0208673
	speed: 0.0630s/iter; left time: 2042.7344s
	iters: 3900, epoch: 3 | loss: 0.0205428
	speed: 0.0639s/iter; left time: 2064.8052s
	iters: 4000, epoch: 3 | loss: 0.0171069
	speed: 0.0634s/iter; left time: 2042.0454s
	iters: 4100, epoch: 3 | loss: 0.0167895
	speed: 0.0634s/iter; left time: 2034.9298s
	iters: 4200, epoch: 3 | loss: 0.0151285
	speed: 0.0635s/iter; left time: 2031.6794s
	iters: 4300, epoch: 3 | loss: 0.0201654
	speed: 0.0636s/iter; left time: 2028.0231s
	iters: 4400, epoch: 3 | loss: 0.0234072
	speed: 0.0627s/iter; left time: 1995.4360s
	iters: 4500, epoch: 3 | loss: 0.0271152
	speed: 0.0648s/iter; left time: 2054.3264s
	iters: 4600, epoch: 3 | loss: 0.0211822
	speed: 0.0635s/iter; left time: 2006.7508s
	iters: 4700, epoch: 3 | loss: 0.0253808
	speed: 0.0633s/iter; left time: 1993.4237s
	iters: 4800, epoch: 3 | loss: 0.0223343
	speed: 0.0623s/iter; left time: 1957.1671s
	iters: 4900, epoch: 3 | loss: 0.0164193
	speed: 0.0652s/iter; left time: 2040.8542s
	iters: 5000, epoch: 3 | loss: 0.0271597
	speed: 0.0640s/iter; left time: 1997.4038s
	iters: 5100, epoch: 3 | loss: 0.0110081
	speed: 0.0634s/iter; left time: 1970.7489s
	iters: 5200, epoch: 3 | loss: 0.0187762
	speed: 0.0646s/iter; left time: 2003.9579s
	iters: 5300, epoch: 3 | loss: 0.0216177
	speed: 0.0641s/iter; left time: 1980.9674s
	iters: 5400, epoch: 3 | loss: 0.0207407
	speed: 0.0634s/iter; left time: 1951.8566s
	iters: 5500, epoch: 3 | loss: 0.0260999
	speed: 0.0632s/iter; left time: 1940.2820s
	iters: 5600, epoch: 3 | loss: 0.0170551
	speed: 0.0632s/iter; left time: 1935.0953s
	iters: 5700, epoch: 3 | loss: 0.0258097
	speed: 0.0631s/iter; left time: 1925.1227s
	iters: 5800, epoch: 3 | loss: 0.0302204
	speed: 0.0640s/iter; left time: 1945.7388s
	iters: 5900, epoch: 3 | loss: 0.0251689
	speed: 0.0635s/iter; left time: 1923.1608s
	iters: 6000, epoch: 3 | loss: 0.0243323
	speed: 0.0644s/iter; left time: 1944.3392s
Epoch: 3 cost time: 383.1743133068085
Epoch: 3, Steps: 6034 | Train Loss: 0.0232137 Vali Loss: 0.7546012 Test Loss: 0.6779625
Validation loss decreased (0.770613 --> 0.754601).  Saving model ...
Updating learning rate to 2.5e-05
	iters: 100, epoch: 4 | loss: 0.0185064
	speed: 0.7336s/iter; left time: 22060.2279s
	iters: 200, epoch: 4 | loss: 0.0180156
	speed: 0.0637s/iter; left time: 1909.6061s
	iters: 300, epoch: 4 | loss: 0.0218329
	speed: 0.0629s/iter; left time: 1877.4172s
	iters: 400, epoch: 4 | loss: 0.0208249
	speed: 0.0630s/iter; left time: 1876.6619s
	iters: 500, epoch: 4 | loss: 0.0129356
	speed: 0.0621s/iter; left time: 1841.3618s
	iters: 600, epoch: 4 | loss: 0.0143961
	speed: 0.0623s/iter; left time: 1842.2068s
	iters: 700, epoch: 4 | loss: 0.0208833
	speed: 0.0634s/iter; left time: 1868.7152s
	iters: 800, epoch: 4 | loss: 0.0176033
	speed: 0.0629s/iter; left time: 1847.5399s
	iters: 900, epoch: 4 | loss: 0.0209025
	speed: 0.0641s/iter; left time: 1875.0935s
	iters: 1000, epoch: 4 | loss: 0.0144118
	speed: 0.0628s/iter; left time: 1831.8262s
	iters: 1100, epoch: 4 | loss: 0.0252168
	speed: 0.0635s/iter; left time: 1847.1850s
	iters: 1200, epoch: 4 | loss: 0.0219640
	speed: 0.0627s/iter; left time: 1816.9211s
	iters: 1300, epoch: 4 | loss: 0.0211937
	speed: 0.0629s/iter; left time: 1816.0671s
	iters: 1400, epoch: 4 | loss: 0.0173975
	speed: 0.0640s/iter; left time: 1841.3886s
	iters: 1500, epoch: 4 | loss: 0.0202266
	speed: 0.0539s/iter; left time: 1544.0804s
	iters: 1600, epoch: 4 | loss: 0.0139898
	speed: 0.0465s/iter; left time: 1328.8985s
	iters: 1700, epoch: 4 | loss: 0.0130390
	speed: 0.0466s/iter; left time: 1327.8141s
	iters: 1800, epoch: 4 | loss: 0.0166015
	speed: 0.0466s/iter; left time: 1322.7746s
	iters: 1900, epoch: 4 | loss: 0.0118188
	speed: 0.0467s/iter; left time: 1321.2551s
	iters: 2000, epoch: 4 | loss: 0.0150152
	speed: 0.0473s/iter; left time: 1332.1557s
	iters: 2100, epoch: 4 | loss: 0.0144062
	speed: 0.0475s/iter; left time: 1332.6484s
	iters: 2200, epoch: 4 | loss: 0.0132197
	speed: 0.0466s/iter; left time: 1304.3967s
	iters: 2300, epoch: 4 | loss: 0.0160791
	speed: 0.0468s/iter; left time: 1303.8765s
	iters: 2400, epoch: 4 | loss: 0.0185902
	speed: 0.0466s/iter; left time: 1295.1485s
	iters: 2500, epoch: 4 | loss: 0.0165012
	speed: 0.0471s/iter; left time: 1303.2746s
	iters: 2600, epoch: 4 | loss: 0.0186842
	speed: 0.0472s/iter; left time: 1301.7908s
	iters: 2700, epoch: 4 | loss: 0.0183711
	speed: 0.0474s/iter; left time: 1302.6589s
	iters: 2800, epoch: 4 | loss: 0.0240754
	speed: 0.0471s/iter; left time: 1289.5684s
	iters: 2900, epoch: 4 | loss: 0.0151109
	speed: 0.0481s/iter; left time: 1312.2975s
	iters: 3000, epoch: 4 | loss: 0.0166005
	speed: 0.0481s/iter; left time: 1307.0068s
	iters: 3100, epoch: 4 | loss: 0.0107152
	speed: 0.0462s/iter; left time: 1251.4522s
	iters: 3200, epoch: 4 | loss: 0.0158225
	speed: 0.0468s/iter; left time: 1262.2673s
	iters: 3300, epoch: 4 | loss: 0.0163392
	speed: 0.0467s/iter; left time: 1255.7107s
	iters: 3400, epoch: 4 | loss: 0.0157151
	speed: 0.0461s/iter; left time: 1235.0844s
	iters: 3500, epoch: 4 | loss: 0.0213243
	speed: 0.0466s/iter; left time: 1243.5069s
	iters: 3600, epoch: 4 | loss: 0.0150915
	speed: 0.0468s/iter; left time: 1242.6650s
	iters: 3700, epoch: 4 | loss: 0.0199019
	speed: 0.0466s/iter; left time: 1234.5272s
	iters: 3800, epoch: 4 | loss: 0.0215708
	speed: 0.0465s/iter; left time: 1225.6604s
	iters: 3900, epoch: 4 | loss: 0.0152373
	speed: 0.0471s/iter; left time: 1236.2237s
	iters: 4000, epoch: 4 | loss: 0.0156777
	speed: 0.0477s/iter; left time: 1248.3244s
	iters: 4100, epoch: 4 | loss: 0.0193693
	speed: 0.0468s/iter; left time: 1219.8802s
	iters: 4200, epoch: 4 | loss: 0.0255901
	speed: 0.0460s/iter; left time: 1195.6662s
	iters: 4300, epoch: 4 | loss: 0.0285607
	speed: 0.0463s/iter; left time: 1198.1866s
	iters: 4400, epoch: 4 | loss: 0.0202265
	speed: 0.0470s/iter; left time: 1210.7638s
	iters: 4500, epoch: 4 | loss: 0.0186762
	speed: 0.0464s/iter; left time: 1191.3693s
	iters: 4600, epoch: 4 | loss: 0.0155621
	speed: 0.0465s/iter; left time: 1189.5309s
	iters: 4700, epoch: 4 | loss: 0.0137644
	speed: 0.0465s/iter; left time: 1183.8774s
	iters: 4800, epoch: 4 | loss: 0.0173366
	speed: 0.0463s/iter; left time: 1174.6602s
	iters: 4900, epoch: 4 | loss: 0.0154165
	speed: 0.0473s/iter; left time: 1196.4428s
	iters: 5000, epoch: 4 | loss: 0.0222179
	speed: 0.0469s/iter; left time: 1179.6100s
	iters: 5100, epoch: 4 | loss: 0.0165656
	speed: 0.0462s/iter; left time: 1159.3951s
	iters: 5200, epoch: 4 | loss: 0.0178828
	speed: 0.0472s/iter; left time: 1178.3224s
	iters: 5300, epoch: 4 | loss: 0.0215510
	speed: 0.0473s/iter; left time: 1176.2425s
	iters: 5400, epoch: 4 | loss: 0.0215216
	speed: 0.0480s/iter; left time: 1188.8152s
	iters: 5500, epoch: 4 | loss: 0.0218010
	speed: 0.0463s/iter; left time: 1141.0816s
	iters: 5600, epoch: 4 | loss: 0.0124663
	speed: 0.0467s/iter; left time: 1147.1790s
	iters: 5700, epoch: 4 | loss: 0.0137185
	speed: 0.0466s/iter; left time: 1139.1725s
	iters: 5800, epoch: 4 | loss: 0.0152932
	speed: 0.0477s/iter; left time: 1161.6635s
	iters: 5900, epoch: 4 | loss: 0.0110639
	speed: 0.0470s/iter; left time: 1140.3082s
	iters: 6000, epoch: 4 | loss: 0.0148623
	speed: 0.0476s/iter; left time: 1150.9192s
Epoch: 4 cost time: 306.25418400764465
Epoch: 4, Steps: 6034 | Train Loss: 0.0173508 Vali Loss: 0.7966627 Test Loss: 0.7386361
EarlyStopping counter: 1 out of 3
Updating learning rate to 1.25e-05
	iters: 100, epoch: 5 | loss: 0.0144869
	speed: 0.5370s/iter; left time: 12908.2287s
	iters: 200, epoch: 5 | loss: 0.0152894
	speed: 0.0480s/iter; left time: 1148.5301s
	iters: 300, epoch: 5 | loss: 0.0149795
	speed: 0.0476s/iter; left time: 1134.1422s
	iters: 400, epoch: 5 | loss: 0.0133645
	speed: 0.0473s/iter; left time: 1122.2821s
	iters: 500, epoch: 5 | loss: 0.0129944
	speed: 0.0473s/iter; left time: 1118.3713s
	iters: 600, epoch: 5 | loss: 0.0153608
	speed: 0.0478s/iter; left time: 1124.1335s
	iters: 700, epoch: 5 | loss: 0.0134948
	speed: 0.0484s/iter; left time: 1133.6492s
	iters: 800, epoch: 5 | loss: 0.0163953
	speed: 0.0480s/iter; left time: 1120.1486s
	iters: 900, epoch: 5 | loss: 0.0115257
	speed: 0.0476s/iter; left time: 1106.8736s
	iters: 1000, epoch: 5 | loss: 0.0169303
	speed: 0.0483s/iter; left time: 1117.2701s
	iters: 1100, epoch: 5 | loss: 0.0172410
	speed: 0.0480s/iter; left time: 1105.1037s
	iters: 1200, epoch: 5 | loss: 0.0143834
	speed: 0.0481s/iter; left time: 1103.2334s
	iters: 1300, epoch: 5 | loss: 0.0126243
	speed: 0.0483s/iter; left time: 1103.1610s
	iters: 1400, epoch: 5 | loss: 0.0182688
	speed: 0.0327s/iter; left time: 742.8389s
	iters: 1500, epoch: 5 | loss: 0.0163411
	speed: 0.0293s/iter; left time: 663.0678s
	iters: 1600, epoch: 5 | loss: 0.0200460
	speed: 0.0299s/iter; left time: 672.9045s
	iters: 1700, epoch: 5 | loss: 0.0187421
	speed: 0.0284s/iter; left time: 638.1653s
	iters: 1800, epoch: 5 | loss: 0.0149420
	speed: 0.0285s/iter; left time: 636.0375s
	iters: 1900, epoch: 5 | loss: 0.0124864
	speed: 0.0288s/iter; left time: 641.0293s
	iters: 2000, epoch: 5 | loss: 0.0139105
	speed: 0.0300s/iter; left time: 664.0614s
	iters: 2100, epoch: 5 | loss: 0.0167934
	speed: 0.0301s/iter; left time: 663.4535s
	iters: 2200, epoch: 5 | loss: 0.0206960
	speed: 0.0308s/iter; left time: 674.7424s
	iters: 2300, epoch: 5 | loss: 0.0114793
	speed: 0.0289s/iter; left time: 632.1284s
	iters: 2400, epoch: 5 | loss: 0.0128399
	speed: 0.0283s/iter; left time: 615.9251s
	iters: 2500, epoch: 5 | loss: 0.0156159
	speed: 0.0291s/iter; left time: 629.9507s
	iters: 2600, epoch: 5 | loss: 0.0150492
	speed: 0.0290s/iter; left time: 623.7017s
	iters: 2700, epoch: 5 | loss: 0.0220966
	speed: 0.0301s/iter; left time: 644.8345s
	iters: 2800, epoch: 5 | loss: 0.0124513
	speed: 0.0302s/iter; left time: 644.5370s
	iters: 2900, epoch: 5 | loss: 0.0079708
	speed: 0.0300s/iter; left time: 636.1271s
	iters: 3000, epoch: 5 | loss: 0.0141378
	speed: 0.0283s/iter; left time: 597.2955s
	iters: 3100, epoch: 5 | loss: 0.0167802
	speed: 0.0281s/iter; left time: 591.5502s
	iters: 3200, epoch: 5 | loss: 0.0126739
	speed: 0.0287s/iter; left time: 600.6911s
	iters: 3300, epoch: 5 | loss: 0.0113920
	speed: 0.0305s/iter; left time: 635.9445s
	iters: 3400, epoch: 5 | loss: 0.0205924
	speed: 0.0297s/iter; left time: 616.1303s
	iters: 3500, epoch: 5 | loss: 0.0125603
	speed: 0.0303s/iter; left time: 626.1457s
	iters: 3600, epoch: 5 | loss: 0.0141273
	speed: 0.0294s/iter; left time: 604.4331s
	iters: 3700, epoch: 5 | loss: 0.0156021
	speed: 0.0284s/iter; left time: 580.6967s
	iters: 3800, epoch: 5 | loss: 0.0149771
	speed: 0.0278s/iter; left time: 565.2734s
	iters: 3900, epoch: 5 | loss: 0.0126697
	speed: 0.0291s/iter; left time: 589.2372s
	iters: 4000, epoch: 5 | loss: 0.0149562
	speed: 0.0302s/iter; left time: 607.2534s
	iters: 4100, epoch: 5 | loss: 0.0162998
	speed: 0.0301s/iter; left time: 602.6623s
	iters: 4200, epoch: 5 | loss: 0.0111945
	speed: 0.0296s/iter; left time: 590.2109s
	iters: 4300, epoch: 5 | loss: 0.0164121
	speed: 0.0288s/iter; left time: 570.7186s
	iters: 4400, epoch: 5 | loss: 0.0162738
	speed: 0.0278s/iter; left time: 549.3360s
	iters: 4500, epoch: 5 | loss: 0.0150976
	speed: 0.0286s/iter; left time: 561.1943s
	iters: 4600, epoch: 5 | loss: 0.0156874
	speed: 0.0298s/iter; left time: 582.4954s
	iters: 4700, epoch: 5 | loss: 0.0149793
	speed: 0.0304s/iter; left time: 590.0718s
	iters: 4800, epoch: 5 | loss: 0.0126141
	speed: 0.0304s/iter; left time: 588.7074s
	iters: 4900, epoch: 5 | loss: 0.0108601
	speed: 0.0300s/iter; left time: 576.5398s
	iters: 5000, epoch: 5 | loss: 0.0113797
	speed: 0.0291s/iter; left time: 557.0642s
	iters: 5100, epoch: 5 | loss: 0.0156716
	speed: 0.0283s/iter; left time: 538.7148s
	iters: 5200, epoch: 5 | loss: 0.0110930
	speed: 0.0280s/iter; left time: 530.9950s
	iters: 5300, epoch: 5 | loss: 0.0142648
	speed: 0.0302s/iter; left time: 568.4556s
	iters: 5400, epoch: 5 | loss: 0.0110821
	speed: 0.0296s/iter; left time: 553.6966s
	iters: 5500, epoch: 5 | loss: 0.0089480
	speed: 0.0295s/iter; left time: 549.4297s
	iters: 5600, epoch: 5 | loss: 0.0143810
	speed: 0.0287s/iter; left time: 532.4354s
	iters: 5700, epoch: 5 | loss: 0.0141640
	speed: 0.0299s/iter; left time: 550.4030s
	iters: 5800, epoch: 5 | loss: 0.0088522
	speed: 0.0291s/iter; left time: 534.5228s
	iters: 5900, epoch: 5 | loss: 0.0134428
	speed: 0.0296s/iter; left time: 539.7980s
	iters: 6000, epoch: 5 | loss: 0.0104888
	speed: 0.0299s/iter; left time: 542.8575s
Epoch: 5 cost time: 201.40014815330505
Epoch: 5, Steps: 6034 | Train Loss: 0.0150243 Vali Loss: 0.8163613 Test Loss: 0.7249810
EarlyStopping counter: 2 out of 3
Updating learning rate to 6.25e-06
	iters: 100, epoch: 6 | loss: 0.0206330
	speed: 0.3497s/iter; left time: 6294.8554s
	iters: 200, epoch: 6 | loss: 0.0100080
	speed: 0.0305s/iter; left time: 545.5329s
	iters: 300, epoch: 6 | loss: 0.0203565
	speed: 0.0290s/iter; left time: 516.1131s
	iters: 400, epoch: 6 | loss: 0.0115310
	speed: 0.0284s/iter; left time: 503.3247s
	iters: 500, epoch: 6 | loss: 0.0145341
	speed: 0.0284s/iter; left time: 500.6043s
	iters: 600, epoch: 6 | loss: 0.0102284
	speed: 0.0288s/iter; left time: 503.8345s
	iters: 700, epoch: 6 | loss: 0.0145155
	speed: 0.0308s/iter; left time: 535.5570s
	iters: 800, epoch: 6 | loss: 0.0112155
	speed: 0.0299s/iter; left time: 517.0380s
	iters: 900, epoch: 6 | loss: 0.0146015
	speed: 0.0302s/iter; left time: 519.0304s
	iters: 1000, epoch: 6 | loss: 0.0142884
	speed: 0.0289s/iter; left time: 494.4026s
	iters: 1100, epoch: 6 | loss: 0.0150403
	speed: 0.0284s/iter; left time: 482.6795s
	iters: 1200, epoch: 6 | loss: 0.0119455
	speed: 0.0288s/iter; left time: 486.9727s
	iters: 1300, epoch: 6 | loss: 0.0157817
	speed: 0.0303s/iter; left time: 509.3245s
	iters: 1400, epoch: 6 | loss: 0.0091952
	speed: 0.0322s/iter; left time: 538.6382s
	iters: 1500, epoch: 6 | loss: 0.0087039
	speed: 0.0317s/iter; left time: 525.5947s
	iters: 1600, epoch: 6 | loss: 0.0118889
	speed: 0.0322s/iter; left time: 531.7131s
	iters: 1700, epoch: 6 | loss: 0.0129429
	speed: 0.0320s/iter; left time: 524.8921s
	iters: 1800, epoch: 6 | loss: 0.0135901
	speed: 0.0348s/iter; left time: 568.1459s
	iters: 1900, epoch: 6 | loss: 0.0088321
	speed: 0.0340s/iter; left time: 551.2185s
	iters: 2000, epoch: 6 | loss: 0.0176914
	speed: 0.0307s/iter; left time: 494.1098s
	iters: 2100, epoch: 6 | loss: 0.0100962
	speed: 0.0287s/iter; left time: 459.5357s
	iters: 2200, epoch: 6 | loss: 0.0160521
	speed: 0.0277s/iter; left time: 440.6684s
	iters: 2300, epoch: 6 | loss: 0.0167780
	speed: 0.0282s/iter; left time: 445.2908s
	iters: 2400, epoch: 6 | loss: 0.0172700
	speed: 0.0264s/iter; left time: 414.0083s
	iters: 2500, epoch: 6 | loss: 0.0141219
	speed: 0.0277s/iter; left time: 432.0649s
	iters: 2600, epoch: 6 | loss: 0.0145550
	speed: 0.0282s/iter; left time: 436.9864s
	iters: 2700, epoch: 6 | loss: 0.0105401
	speed: 0.0290s/iter; left time: 446.0573s
	iters: 2800, epoch: 6 | loss: 0.0119040
	speed: 0.0306s/iter; left time: 468.6145s
	iters: 2900, epoch: 6 | loss: 0.0093481
	speed: 0.0286s/iter; left time: 434.1431s
	iters: 3000, epoch: 6 | loss: 0.0148534
	speed: 0.0284s/iter; left time: 428.4824s
	iters: 3100, epoch: 6 | loss: 0.0189044
	speed: 0.0276s/iter; left time: 414.1480s
	iters: 3200, epoch: 6 | loss: 0.0108949
	speed: 0.0275s/iter; left time: 409.2844s
	iters: 3300, epoch: 6 | loss: 0.0141655
	speed: 0.0279s/iter; left time: 413.2306s
	iters: 3400, epoch: 6 | loss: 0.0164353
	speed: 0.0287s/iter; left time: 421.4745s
	iters: 3500, epoch: 6 | loss: 0.0112193
	speed: 0.0283s/iter; left time: 413.5826s
	iters: 3600, epoch: 6 | loss: 0.0125177
	speed: 0.0272s/iter; left time: 395.1109s
	iters: 3700, epoch: 6 | loss: 0.0177575
	speed: 0.0283s/iter; left time: 407.7683s
	iters: 3800, epoch: 6 | loss: 0.0114631
	speed: 0.0284s/iter; left time: 406.6769s
	iters: 3900, epoch: 6 | loss: 0.0162252
	speed: 0.0290s/iter; left time: 411.8072s
	iters: 4000, epoch: 6 | loss: 0.0132039
	speed: 0.0276s/iter; left time: 389.8073s
	iters: 4100, epoch: 6 | loss: 0.0130935
	speed: 0.0268s/iter; left time: 375.2696s
	iters: 4200, epoch: 6 | loss: 0.0181729
	speed: 0.0274s/iter; left time: 380.3870s
	iters: 4300, epoch: 6 | loss: 0.0075580
	speed: 0.0280s/iter; left time: 386.0140s
	iters: 4400, epoch: 6 | loss: 0.0177313
	speed: 0.0268s/iter; left time: 367.8193s
	iters: 4500, epoch: 6 | loss: 0.0121071
	speed: 0.0275s/iter; left time: 373.9653s
	iters: 4600, epoch: 6 | loss: 0.0175881
	speed: 0.0279s/iter; left time: 377.1298s
	iters: 4700, epoch: 6 | loss: 0.0186887
	speed: 0.0268s/iter; left time: 359.4002s
	iters: 4800, epoch: 6 | loss: 0.0152379
	speed: 0.0286s/iter; left time: 380.6271s
	iters: 4900, epoch: 6 | loss: 0.0101959
	speed: 0.0268s/iter; left time: 353.9366s
	iters: 5000, epoch: 6 | loss: 0.0100947
	speed: 0.0299s/iter; left time: 391.1885s
	iters: 5100, epoch: 6 | loss: 0.0127661
	speed: 0.0289s/iter; left time: 375.5461s
	iters: 5200, epoch: 6 | loss: 0.0182318
	speed: 0.0266s/iter; left time: 343.1994s
	iters: 5300, epoch: 6 | loss: 0.0123071
	speed: 0.0256s/iter; left time: 328.2101s
	iters: 5400, epoch: 6 | loss: 0.0108158
	speed: 0.0264s/iter; left time: 335.9597s
	iters: 5500, epoch: 6 | loss: 0.0128119
	speed: 0.0266s/iter; left time: 335.4055s
	iters: 5600, epoch: 6 | loss: 0.0170065
	speed: 0.0272s/iter; left time: 340.6874s
	iters: 5700, epoch: 6 | loss: 0.0147803
	speed: 0.0271s/iter; left time: 336.5326s
	iters: 5800, epoch: 6 | loss: 0.0143648
	speed: 0.0256s/iter; left time: 314.4564s
	iters: 5900, epoch: 6 | loss: 0.0118789
	speed: 0.0264s/iter; left time: 321.8627s
	iters: 6000, epoch: 6 | loss: 0.0132185
	speed: 0.0261s/iter; left time: 315.3215s
Epoch: 6 cost time: 172.65680956840515
Epoch: 6, Steps: 6034 | Train Loss: 0.0139524 Vali Loss: 0.8199425 Test Loss: 0.7402076
EarlyStopping counter: 3 out of 3
Early stopping
>>>>>>>testing : informerstack_custom_ftMS_sl336_ll168_pl168_dm256_nh8_el3_dl1_df1024_atprob_fc5_ebtimeF_dtTrue_mxTrue_exp_113_0<<<<<<<<<<<<<<<<<<<<<<<<<<<<<<<<<
test 13769
test shape: (1721, 8, 168, 1) (1721, 8, 168, 1)
test shape: (13768, 168, 1) (13768, 168, 1)
mse:0.6788371205329895, mae:0.7300649285316467, r2:-2.979926347732544

======================================================================
Completed: 2025-11-06 20:28:23
Return code: 0
======================================================================
