======================================================================
Informer Native Training Log
Experiment: exp_134
Started: 2025-11-07 02:06:43
======================================================================

Command:
C:\ProgramData\anaconda3\python.exe E:\ANUS_learning\MSI5001-power-transformer-oil-temperature-prediction\external\Informer2020\main_informer.py --model informerstack --data custom --root_path ./data/ --data_path TX2.csv --features MS --target OT --freq h --seq_len 336 --label_len 168 --pred_len 168 --enc_in 6 --dec_in 1 --c_out 1 --d_model 256 --n_heads 8 --e_layers 3 --d_layers 1 --d_ff 1024 --factor 5 --dropout 0.05 --attn prob --embed timeF --activation gelu --batch_size 8 --train_epochs 8 --patience 3 --learning_rate 0.0001 --des exp_134 --itr 1

======================================================================

Args in experiment:
Namespace(model='informerstack', data='custom', root_path='./data/', data_path='TX1.csv', features='MS', target='OT', freq='h', checkpoints='./checkpoints/', seq_len=336, label_len=168, pred_len=168, enc_in=6, dec_in=1, c_out=1, d_model=256, n_heads=8, e_layers=3, d_layers=1, s_layers=[3, 2, 1], d_ff=1024, factor=5, padding=0, distil=True, dropout=0.05, attn='prob', embed='timeF', activation='gelu', output_attention=False, do_predict=False, mix=True, cols=None, num_workers=0, itr=1, train_epochs=8, batch_size=8, patience=3, learning_rate=0.0001, des='exp_134', loss='mse', lradj='type1', use_amp=False, inverse=False, use_gpu=True, gpu=0, use_multi_gpu=False, devices='0,1,2,3', detail_freq='h')
Use GPU: cuda:0
>>>>>>>start training : informerstack_custom_ftMS_sl336_ll168_pl168_dm256_nh8_el3_dl1_df1024_atprob_fc5_ebtimeF_dtTrue_mxTrue_exp_134_0>>>>>>>>>>>>>>>>>>>>>>>>>>
train 48273
val 6801
test 13769
	iters: 100, epoch: 1 | loss: 0.3766025
	speed: 0.0391s/iter; left time: 1883.5956s
	iters: 200, epoch: 1 | loss: 0.2112253
	speed: 0.0289s/iter; left time: 1391.6450s
	iters: 300, epoch: 1 | loss: 0.1227130
	speed: 0.0292s/iter; left time: 1402.0025s
	iters: 400, epoch: 1 | loss: 0.1792491
	speed: 0.0296s/iter; left time: 1418.2176s
	iters: 500, epoch: 1 | loss: 0.1392775
	speed: 0.0291s/iter; left time: 1390.9744s
	iters: 600, epoch: 1 | loss: 0.1834911
	speed: 0.0298s/iter; left time: 1420.2741s
	iters: 700, epoch: 1 | loss: 0.1174723
	speed: 0.0287s/iter; left time: 1364.4835s
	iters: 800, epoch: 1 | loss: 0.1694218
	speed: 0.0286s/iter; left time: 1358.2192s
	iters: 900, epoch: 1 | loss: 0.1082062
	speed: 0.0285s/iter; left time: 1348.4808s
	iters: 1000, epoch: 1 | loss: 0.0651442
	speed: 0.0295s/iter; left time: 1396.6021s
	iters: 1100, epoch: 1 | loss: 0.1887050
	speed: 0.0299s/iter; left time: 1409.9381s
	iters: 1200, epoch: 1 | loss: 0.1635705
	speed: 0.0292s/iter; left time: 1375.2284s
	iters: 1300, epoch: 1 | loss: 0.1137209
	speed: 0.0286s/iter; left time: 1343.7525s
	iters: 1400, epoch: 1 | loss: 0.1031865
	speed: 0.0285s/iter; left time: 1335.0060s
	iters: 1500, epoch: 1 | loss: 0.1090367
	speed: 0.0288s/iter; left time: 1345.6189s
	iters: 1600, epoch: 1 | loss: 0.1281442
	speed: 0.0288s/iter; left time: 1344.5411s
	iters: 1700, epoch: 1 | loss: 0.1043046
	speed: 0.0293s/iter; left time: 1364.5347s
	iters: 1800, epoch: 1 | loss: 0.1328947
	speed: 0.0293s/iter; left time: 1362.4643s
	iters: 1900, epoch: 1 | loss: 0.2445409
	speed: 0.0289s/iter; left time: 1340.5054s
	iters: 2000, epoch: 1 | loss: 0.1752641
	speed: 0.0289s/iter; left time: 1338.1577s
	iters: 2100, epoch: 1 | loss: 0.1011164
	speed: 0.0295s/iter; left time: 1364.1408s
	iters: 2200, epoch: 1 | loss: 0.1691202
	speed: 0.0282s/iter; left time: 1297.2993s
	iters: 2300, epoch: 1 | loss: 0.1564953
	speed: 0.0295s/iter; left time: 1355.1758s
	iters: 2400, epoch: 1 | loss: 0.0810186
	speed: 0.0285s/iter; left time: 1307.9186s
	iters: 2500, epoch: 1 | loss: 0.0886377
	speed: 0.0287s/iter; left time: 1313.8825s
	iters: 2600, epoch: 1 | loss: 0.1228758
	speed: 0.0300s/iter; left time: 1369.2477s
	iters: 2700, epoch: 1 | loss: 0.2267228
	speed: 0.0299s/iter; left time: 1361.0038s
	iters: 2800, epoch: 1 | loss: 0.0740882
	speed: 0.0283s/iter; left time: 1284.8430s
	iters: 2900, epoch: 1 | loss: 0.1485196
	speed: 0.0287s/iter; left time: 1301.3521s
	iters: 3000, epoch: 1 | loss: 0.0665179
	speed: 0.0290s/iter; left time: 1310.9081s
	iters: 3100, epoch: 1 | loss: 0.1058780
	speed: 0.0288s/iter; left time: 1299.8785s
	iters: 3200, epoch: 1 | loss: 0.0966612
	speed: 0.0286s/iter; left time: 1290.1917s
	iters: 3300, epoch: 1 | loss: 0.0847101
	speed: 0.0301s/iter; left time: 1352.1725s
	iters: 3400, epoch: 1 | loss: 0.0563374
	speed: 0.0294s/iter; left time: 1318.5413s
	iters: 3500, epoch: 1 | loss: 0.0606151
	speed: 0.0292s/iter; left time: 1306.3073s
	iters: 3600, epoch: 1 | loss: 0.0847583
	speed: 0.0296s/iter; left time: 1320.3009s
	iters: 3700, epoch: 1 | loss: 0.0987087
	speed: 0.0293s/iter; left time: 1306.5840s
	iters: 3800, epoch: 1 | loss: 0.0636534
	speed: 0.0287s/iter; left time: 1274.6224s
	iters: 3900, epoch: 1 | loss: 0.0670109
	speed: 0.0293s/iter; left time: 1299.3987s
	iters: 4000, epoch: 1 | loss: 0.0758437
	speed: 0.0301s/iter; left time: 1332.8150s
	iters: 4100, epoch: 1 | loss: 0.0795360
	speed: 0.0293s/iter; left time: 1293.0577s
	iters: 4200, epoch: 1 | loss: 0.0655210
	speed: 0.0290s/iter; left time: 1279.9460s
	iters: 4300, epoch: 1 | loss: 0.1813754
	speed: 0.0290s/iter; left time: 1275.8034s
	iters: 4400, epoch: 1 | loss: 0.0894278
	speed: 0.0286s/iter; left time: 1253.9589s
	iters: 4500, epoch: 1 | loss: 0.0692621
	speed: 0.0284s/iter; left time: 1242.8295s
	iters: 4600, epoch: 1 | loss: 0.0945345
	speed: 0.0292s/iter; left time: 1276.9916s
	iters: 4700, epoch: 1 | loss: 0.0540123
	speed: 0.0294s/iter; left time: 1281.7397s
	iters: 4800, epoch: 1 | loss: 0.0449604
	speed: 0.0293s/iter; left time: 1273.1701s
	iters: 4900, epoch: 1 | loss: 0.0858779
	speed: 0.0288s/iter; left time: 1249.9955s
	iters: 5000, epoch: 1 | loss: 0.0415797
	speed: 0.0284s/iter; left time: 1229.0047s
	iters: 5100, epoch: 1 | loss: 0.0842710
	speed: 0.0277s/iter; left time: 1197.2928s
	iters: 5200, epoch: 1 | loss: 0.0530923
	speed: 0.0296s/iter; left time: 1273.0156s
	iters: 5300, epoch: 1 | loss: 0.0796920
	speed: 0.0306s/iter; left time: 1316.4242s
	iters: 5400, epoch: 1 | loss: 0.0847594
	speed: 0.0300s/iter; left time: 1284.8353s
	iters: 5500, epoch: 1 | loss: 0.0571160
	speed: 0.0290s/iter; left time: 1240.2736s
	iters: 5600, epoch: 1 | loss: 0.0401386
	speed: 0.0286s/iter; left time: 1218.4045s
	iters: 5700, epoch: 1 | loss: 0.0568333
	speed: 0.0294s/iter; left time: 1252.1101s
	iters: 5800, epoch: 1 | loss: 0.0782077
	speed: 0.0282s/iter; left time: 1196.8131s
	iters: 5900, epoch: 1 | loss: 0.0585836
	speed: 0.0297s/iter; left time: 1259.4822s
	iters: 6000, epoch: 1 | loss: 0.0639810
	speed: 0.0298s/iter; left time: 1261.2305s
Epoch: 1 cost time: 176.03728771209717
Epoch: 1, Steps: 6034 | Train Loss: 0.1097966 Vali Loss: 0.7552298 Test Loss: 0.6398038
Validation loss decreased (inf --> 0.755230).  Saving model ...
Updating learning rate to 0.0001
	iters: 100, epoch: 2 | loss: 0.0339304
	speed: 0.3477s/iter; left time: 14652.6902s
	iters: 200, epoch: 2 | loss: 0.0482685
	speed: 0.0290s/iter; left time: 1218.4068s
	iters: 300, epoch: 2 | loss: 0.0493902
	speed: 0.0288s/iter; left time: 1206.2038s
	iters: 400, epoch: 2 | loss: 0.0533236
	speed: 0.0295s/iter; left time: 1235.5421s
	iters: 500, epoch: 2 | loss: 0.0568194
	speed: 0.0296s/iter; left time: 1235.0476s
	iters: 600, epoch: 2 | loss: 0.0699266
	speed: 0.0286s/iter; left time: 1189.8027s
	iters: 700, epoch: 2 | loss: 0.0395068
	speed: 0.0296s/iter; left time: 1229.6728s
	iters: 800, epoch: 2 | loss: 0.0438560
	speed: 0.0290s/iter; left time: 1201.2599s
	iters: 900, epoch: 2 | loss: 0.0673128
	speed: 0.0287s/iter; left time: 1187.9130s
	iters: 1000, epoch: 2 | loss: 0.0372944
	speed: 0.0287s/iter; left time: 1185.5205s
	iters: 1100, epoch: 2 | loss: 0.0393841
	speed: 0.0293s/iter; left time: 1205.9585s
	iters: 1200, epoch: 2 | loss: 0.0476192
	speed: 0.0296s/iter; left time: 1213.3819s
	iters: 1300, epoch: 2 | loss: 0.0603574
	speed: 0.0297s/iter; left time: 1214.5350s
	iters: 1400, epoch: 2 | loss: 0.0472362
	speed: 0.0303s/iter; left time: 1239.0227s
	iters: 1500, epoch: 2 | loss: 0.0596650
	speed: 0.0283s/iter; left time: 1153.2943s
	iters: 1600, epoch: 2 | loss: 0.0351391
	speed: 0.0289s/iter; left time: 1175.7497s
	iters: 1700, epoch: 2 | loss: 0.0421023
	speed: 0.0289s/iter; left time: 1169.6286s
	iters: 1800, epoch: 2 | loss: 0.0430947
	speed: 0.0294s/iter; left time: 1187.0239s
	iters: 1900, epoch: 2 | loss: 0.0397031
	speed: 0.0293s/iter; left time: 1181.1931s
	iters: 2000, epoch: 2 | loss: 0.0380774
	speed: 0.0295s/iter; left time: 1186.8847s
	iters: 2100, epoch: 2 | loss: 0.0369002
	speed: 0.0296s/iter; left time: 1188.8162s
	iters: 2200, epoch: 2 | loss: 0.0460786
	speed: 0.0296s/iter; left time: 1184.3481s
	iters: 2300, epoch: 2 | loss: 0.0392485
	speed: 0.0296s/iter; left time: 1181.2758s
	iters: 2400, epoch: 2 | loss: 0.0324473
	speed: 0.0285s/iter; left time: 1135.2219s
	iters: 2500, epoch: 2 | loss: 0.0611304
	speed: 0.0293s/iter; left time: 1164.8413s
	iters: 2600, epoch: 2 | loss: 0.0310782
	speed: 0.0288s/iter; left time: 1143.0668s
	iters: 2700, epoch: 2 | loss: 0.0603273
	speed: 0.0301s/iter; left time: 1189.9849s
	iters: 2800, epoch: 2 | loss: 0.0355029
	speed: 0.0291s/iter; left time: 1145.8564s
	iters: 2900, epoch: 2 | loss: 0.0258704
	speed: 0.0290s/iter; left time: 1141.5091s
	iters: 3000, epoch: 2 | loss: 0.0453837
	speed: 0.0289s/iter; left time: 1135.4676s
	iters: 3100, epoch: 2 | loss: 0.0306790
	speed: 0.0289s/iter; left time: 1131.6444s
	iters: 3200, epoch: 2 | loss: 0.0373627
	speed: 0.0293s/iter; left time: 1143.3218s
	iters: 3300, epoch: 2 | loss: 0.0288247
	speed: 0.0308s/iter; left time: 1197.6426s
	iters: 3400, epoch: 2 | loss: 0.0595946
	speed: 0.0296s/iter; left time: 1150.9339s
	iters: 3500, epoch: 2 | loss: 0.0393998
	speed: 0.0289s/iter; left time: 1120.5046s
	iters: 3600, epoch: 2 | loss: 0.0363368
	speed: 0.0289s/iter; left time: 1116.8142s
	iters: 3700, epoch: 2 | loss: 0.0563397
	speed: 0.0290s/iter; left time: 1116.5635s
	iters: 3800, epoch: 2 | loss: 0.0376197
	speed: 0.0299s/iter; left time: 1150.2602s
	iters: 3900, epoch: 2 | loss: 0.0510446
	speed: 0.0289s/iter; left time: 1108.5761s
	iters: 4000, epoch: 2 | loss: 0.0344653
	speed: 0.0297s/iter; left time: 1135.6906s
	iters: 4100, epoch: 2 | loss: 0.0378080
	speed: 0.0291s/iter; left time: 1108.1275s
	iters: 4200, epoch: 2 | loss: 0.0346880
	speed: 0.0291s/iter; left time: 1106.9600s
	iters: 4300, epoch: 2 | loss: 0.0383328
	speed: 0.0294s/iter; left time: 1114.4836s
	iters: 4400, epoch: 2 | loss: 0.0417133
	speed: 0.0284s/iter; left time: 1075.4176s
	iters: 4500, epoch: 2 | loss: 0.0396010
	speed: 0.0288s/iter; left time: 1086.2916s
	iters: 4600, epoch: 2 | loss: 0.0337774
	speed: 0.0296s/iter; left time: 1115.3988s
	iters: 4700, epoch: 2 | loss: 0.0272485
	speed: 0.0294s/iter; left time: 1104.3700s
	iters: 4800, epoch: 2 | loss: 0.0216962
	speed: 0.0302s/iter; left time: 1129.4249s
	iters: 4900, epoch: 2 | loss: 0.0341891
	speed: 0.0285s/iter; left time: 1064.5641s
	iters: 5000, epoch: 2 | loss: 0.0388198
	speed: 0.0293s/iter; left time: 1090.3938s
	iters: 5100, epoch: 2 | loss: 0.0442493
	speed: 0.0291s/iter; left time: 1081.9390s
	iters: 5200, epoch: 2 | loss: 0.0250450
	speed: 0.0290s/iter; left time: 1075.1654s
	iters: 5300, epoch: 2 | loss: 0.0223382
	speed: 0.0297s/iter; left time: 1097.2846s
	iters: 5400, epoch: 2 | loss: 0.0331850
	speed: 0.0297s/iter; left time: 1092.7119s
	iters: 5500, epoch: 2 | loss: 0.0258674
	speed: 0.0294s/iter; left time: 1081.3128s
	iters: 5600, epoch: 2 | loss: 0.0258752
	speed: 0.0280s/iter; left time: 1026.1989s
	iters: 5700, epoch: 2 | loss: 0.0277372
	speed: 0.0288s/iter; left time: 1050.9524s
	iters: 5800, epoch: 2 | loss: 0.0244694
	speed: 0.0293s/iter; left time: 1069.4070s
	iters: 5900, epoch: 2 | loss: 0.0320815
	speed: 0.0305s/iter; left time: 1107.4172s
	iters: 6000, epoch: 2 | loss: 0.0295473
	speed: 0.0297s/iter; left time: 1077.6553s
Epoch: 2 cost time: 176.5723385810852
Epoch: 2, Steps: 6034 | Train Loss: 0.0438975 Vali Loss: 0.6289239 Test Loss: 0.4938816
Validation loss decreased (0.755230 --> 0.628924).  Saving model ...
Updating learning rate to 5e-05
	iters: 100, epoch: 3 | loss: 0.0343205
	speed: 0.3468s/iter; left time: 12522.0931s
	iters: 200, epoch: 3 | loss: 0.0211676
	speed: 0.0289s/iter; left time: 1041.5995s
	iters: 300, epoch: 3 | loss: 0.0299568
	speed: 0.0296s/iter; left time: 1063.0697s
	iters: 400, epoch: 3 | loss: 0.0137798
	speed: 0.0294s/iter; left time: 1053.8879s
	iters: 500, epoch: 3 | loss: 0.0252323
	speed: 0.0288s/iter; left time: 1028.7272s
	iters: 600, epoch: 3 | loss: 0.0222954
	speed: 0.0290s/iter; left time: 1033.0718s
	iters: 700, epoch: 3 | loss: 0.0310507
	speed: 0.0300s/iter; left time: 1065.0216s
	iters: 800, epoch: 3 | loss: 0.0363156
	speed: 0.0304s/iter; left time: 1076.7541s
	iters: 900, epoch: 3 | loss: 0.0311448
	speed: 0.0284s/iter; left time: 1002.5752s
	iters: 1000, epoch: 3 | loss: 0.0253770
	speed: 0.0288s/iter; left time: 1014.0237s
	iters: 1100, epoch: 3 | loss: 0.0204199
	speed: 0.0287s/iter; left time: 1007.0573s
	iters: 1200, epoch: 3 | loss: 0.0197871
	speed: 0.0297s/iter; left time: 1038.8743s
	iters: 1300, epoch: 3 | loss: 0.0279525
	speed: 0.0298s/iter; left time: 1039.5860s
	iters: 1400, epoch: 3 | loss: 0.0284800
	speed: 0.0296s/iter; left time: 1030.4309s
	iters: 1500, epoch: 3 | loss: 0.0317701
	speed: 0.0290s/iter; left time: 1006.8502s
	iters: 1600, epoch: 3 | loss: 0.0342678
	speed: 0.0288s/iter; left time: 995.0890s
	iters: 1700, epoch: 3 | loss: 0.0336530
	speed: 0.0292s/iter; left time: 1008.3407s
	iters: 1800, epoch: 3 | loss: 0.0241252
	speed: 0.0299s/iter; left time: 1029.8805s
	iters: 1900, epoch: 3 | loss: 0.0323433
	speed: 0.0299s/iter; left time: 1025.2593s
	iters: 2000, epoch: 3 | loss: 0.0233897
	speed: 0.0296s/iter; left time: 1011.9337s
	iters: 2100, epoch: 3 | loss: 0.0301742
	speed: 0.0304s/iter; left time: 1035.3496s
	iters: 2200, epoch: 3 | loss: 0.0248277
	speed: 0.0283s/iter; left time: 961.6750s
	iters: 2300, epoch: 3 | loss: 0.0219594
	speed: 0.0292s/iter; left time: 991.6679s
	iters: 2400, epoch: 3 | loss: 0.0266793
	speed: 0.0289s/iter; left time: 977.5803s
	iters: 2500, epoch: 3 | loss: 0.0280349
	speed: 0.0282s/iter; left time: 950.9641s
	iters: 2600, epoch: 3 | loss: 0.0223938
	speed: 0.0282s/iter; left time: 947.5928s
	iters: 2700, epoch: 3 | loss: 0.0228486
	speed: 0.0299s/iter; left time: 1002.6640s
	iters: 2800, epoch: 3 | loss: 0.0163320
	speed: 0.0300s/iter; left time: 1001.5891s
	iters: 2900, epoch: 3 | loss: 0.0227817
	speed: 0.0292s/iter; left time: 973.3531s
	iters: 3000, epoch: 3 | loss: 0.0251214
	speed: 0.0286s/iter; left time: 950.8724s
	iters: 3100, epoch: 3 | loss: 0.0200293
	speed: 0.0289s/iter; left time: 957.8073s
	iters: 3200, epoch: 3 | loss: 0.0150623
	speed: 0.0291s/iter; left time: 961.8295s
	iters: 3300, epoch: 3 | loss: 0.0340980
	speed: 0.0298s/iter; left time: 981.6537s
	iters: 3400, epoch: 3 | loss: 0.0198494
	speed: 0.0298s/iter; left time: 977.9155s
	iters: 3500, epoch: 3 | loss: 0.0341494
	speed: 0.0292s/iter; left time: 956.5771s
	iters: 3600, epoch: 3 | loss: 0.0284550
	speed: 0.0290s/iter; left time: 945.8652s
	iters: 3700, epoch: 3 | loss: 0.0331444
	speed: 0.0283s/iter; left time: 918.5002s
	iters: 3800, epoch: 3 | loss: 0.0188244
	speed: 0.0286s/iter; left time: 925.5860s
	iters: 3900, epoch: 3 | loss: 0.0212760
	speed: 0.0302s/iter; left time: 975.1047s
	iters: 4000, epoch: 3 | loss: 0.0190981
	speed: 0.0300s/iter; left time: 964.7879s
	iters: 4100, epoch: 3 | loss: 0.0210800
	speed: 0.0291s/iter; left time: 933.6138s
	iters: 4200, epoch: 3 | loss: 0.0186484
	speed: 0.0300s/iter; left time: 959.7269s
	iters: 4300, epoch: 3 | loss: 0.0248420
	speed: 0.0283s/iter; left time: 901.5233s
	iters: 4400, epoch: 3 | loss: 0.0348811
	speed: 0.0291s/iter; left time: 924.9185s
	iters: 4500, epoch: 3 | loss: 0.0194703
	speed: 0.0285s/iter; left time: 904.3496s
	iters: 4600, epoch: 3 | loss: 0.0277220
	speed: 0.0295s/iter; left time: 930.8889s
	iters: 4700, epoch: 3 | loss: 0.0198037
	speed: 0.0299s/iter; left time: 943.2832s
	iters: 4800, epoch: 3 | loss: 0.0184937
	speed: 0.0294s/iter; left time: 923.1269s
	iters: 4900, epoch: 3 | loss: 0.0242019
	speed: 0.0297s/iter; left time: 928.8028s
	iters: 5000, epoch: 3 | loss: 0.0174365
	speed: 0.0282s/iter; left time: 879.4012s
	iters: 5100, epoch: 3 | loss: 0.0165484
	speed: 0.0288s/iter; left time: 896.7906s
	iters: 5200, epoch: 3 | loss: 0.0231822
	speed: 0.0302s/iter; left time: 937.1566s
	iters: 5300, epoch: 3 | loss: 0.0203572
	speed: 0.0292s/iter; left time: 903.5695s
	iters: 5400, epoch: 3 | loss: 0.0269161
	speed: 0.0299s/iter; left time: 920.3542s
	iters: 5500, epoch: 3 | loss: 0.0297436
	speed: 0.0293s/iter; left time: 899.0442s
	iters: 5600, epoch: 3 | loss: 0.0166474
	speed: 0.0286s/iter; left time: 874.8194s
	iters: 5700, epoch: 3 | loss: 0.0150191
	speed: 0.0280s/iter; left time: 853.0607s
	iters: 5800, epoch: 3 | loss: 0.0221289
	speed: 0.0287s/iter; left time: 871.8353s
	iters: 5900, epoch: 3 | loss: 0.0329517
	speed: 0.0309s/iter; left time: 936.2848s
	iters: 6000, epoch: 3 | loss: 0.0138789
	speed: 0.0296s/iter; left time: 895.0859s
Epoch: 3 cost time: 176.52088499069214
Epoch: 3, Steps: 6034 | Train Loss: 0.0243670 Vali Loss: 0.6617117 Test Loss: 0.5453019
EarlyStopping counter: 1 out of 3
Updating learning rate to 2.5e-05
	iters: 100, epoch: 4 | loss: 0.0201128
	speed: 0.3439s/iter; left time: 10340.7255s
	iters: 200, epoch: 4 | loss: 0.0149142
	speed: 0.0291s/iter; left time: 871.3955s
	iters: 300, epoch: 4 | loss: 0.0226921
	speed: 0.0292s/iter; left time: 872.3153s
	iters: 400, epoch: 4 | loss: 0.0192719
	speed: 0.0299s/iter; left time: 889.1186s
	iters: 500, epoch: 4 | loss: 0.0136612
	speed: 0.0292s/iter; left time: 865.3721s
	iters: 600, epoch: 4 | loss: 0.0158397
	speed: 0.0291s/iter; left time: 861.8952s
	iters: 700, epoch: 4 | loss: 0.0231472
	speed: 0.0303s/iter; left time: 893.9742s
	iters: 800, epoch: 4 | loss: 0.0206494
	speed: 0.0297s/iter; left time: 873.2823s
	iters: 900, epoch: 4 | loss: 0.0167788
	speed: 0.0294s/iter; left time: 860.0743s
	iters: 1000, epoch: 4 | loss: 0.0224475
	speed: 0.0293s/iter; left time: 856.0458s
	iters: 1100, epoch: 4 | loss: 0.0180267
	speed: 0.0287s/iter; left time: 835.6314s
	iters: 1200, epoch: 4 | loss: 0.0238251
	speed: 0.0287s/iter; left time: 831.2004s
	iters: 1300, epoch: 4 | loss: 0.0219204
	speed: 0.0297s/iter; left time: 857.6085s
	iters: 1400, epoch: 4 | loss: 0.0178824
	speed: 0.0300s/iter; left time: 862.6492s
	iters: 1500, epoch: 4 | loss: 0.0232004
	speed: 0.0290s/iter; left time: 830.3739s
	iters: 1600, epoch: 4 | loss: 0.0182772
	speed: 0.0295s/iter; left time: 842.6448s
	iters: 1700, epoch: 4 | loss: 0.0174120
	speed: 0.0285s/iter; left time: 810.6977s
	iters: 1800, epoch: 4 | loss: 0.0170131
	speed: 0.0280s/iter; left time: 795.3396s
	iters: 1900, epoch: 4 | loss: 0.0243871
	speed: 0.0307s/iter; left time: 867.5225s
	iters: 2000, epoch: 4 | loss: 0.0156362
	speed: 0.0293s/iter; left time: 825.7759s
	iters: 2100, epoch: 4 | loss: 0.0131079
	speed: 0.0292s/iter; left time: 818.4123s
	iters: 2200, epoch: 4 | loss: 0.0205557
	speed: 0.0299s/iter; left time: 835.5965s
	iters: 2300, epoch: 4 | loss: 0.0128835
	speed: 0.0294s/iter; left time: 819.2208s
	iters: 2400, epoch: 4 | loss: 0.0203250
	speed: 0.0286s/iter; left time: 795.5497s
	iters: 2500, epoch: 4 | loss: 0.0220776
	speed: 0.0290s/iter; left time: 803.3630s
	iters: 2600, epoch: 4 | loss: 0.0189521
	speed: 0.0293s/iter; left time: 809.1345s
	iters: 2700, epoch: 4 | loss: 0.0128149
	speed: 0.0308s/iter; left time: 845.5685s
	iters: 2800, epoch: 4 | loss: 0.0201981
	speed: 0.0297s/iter; left time: 811.7255s
	iters: 2900, epoch: 4 | loss: 0.0323559
	speed: 0.0297s/iter; left time: 809.7553s
	iters: 3000, epoch: 4 | loss: 0.0212655
	speed: 0.0291s/iter; left time: 791.8379s
	iters: 3100, epoch: 4 | loss: 0.0136789
	speed: 0.0283s/iter; left time: 766.5075s
	iters: 3200, epoch: 4 | loss: 0.0196036
	speed: 0.0293s/iter; left time: 789.6009s
	iters: 3300, epoch: 4 | loss: 0.0163179
	speed: 0.0299s/iter; left time: 803.3701s
	iters: 3400, epoch: 4 | loss: 0.0139281
	speed: 0.0295s/iter; left time: 789.4245s
	iters: 3500, epoch: 4 | loss: 0.0149712
	speed: 0.0295s/iter; left time: 785.8282s
	iters: 3600, epoch: 4 | loss: 0.0143967
	speed: 0.0296s/iter; left time: 785.6262s
	iters: 3700, epoch: 4 | loss: 0.0238551
	speed: 0.0291s/iter; left time: 770.8163s
	iters: 3800, epoch: 4 | loss: 0.0136364
	speed: 0.0282s/iter; left time: 744.2368s
	iters: 3900, epoch: 4 | loss: 0.0128958
	speed: 0.0292s/iter; left time: 768.2355s
	iters: 4000, epoch: 4 | loss: 0.0187949
	speed: 0.0308s/iter; left time: 805.7336s
	iters: 4100, epoch: 4 | loss: 0.0194864
	speed: 0.0298s/iter; left time: 776.9619s
	iters: 4200, epoch: 4 | loss: 0.0145844
	speed: 0.0291s/iter; left time: 756.1712s
	iters: 4300, epoch: 4 | loss: 0.0238108
	speed: 0.0288s/iter; left time: 745.2290s
	iters: 4400, epoch: 4 | loss: 0.0211339
	speed: 0.0286s/iter; left time: 735.7861s
	iters: 4500, epoch: 4 | loss: 0.0170405
	speed: 0.0293s/iter; left time: 751.3006s
	iters: 4600, epoch: 4 | loss: 0.0144691
	speed: 0.0300s/iter; left time: 766.8330s
	iters: 4700, epoch: 4 | loss: 0.0256025
	speed: 0.0300s/iter; left time: 765.3078s
	iters: 4800, epoch: 4 | loss: 0.0131640
	speed: 0.0302s/iter; left time: 765.1212s
	iters: 4900, epoch: 4 | loss: 0.0261008
	speed: 0.0293s/iter; left time: 739.2222s
	iters: 5000, epoch: 4 | loss: 0.0152440
	speed: 0.0289s/iter; left time: 727.7787s
	iters: 5100, epoch: 4 | loss: 0.0159504
	speed: 0.0284s/iter; left time: 712.6334s
	iters: 5200, epoch: 4 | loss: 0.0167461
	speed: 0.0297s/iter; left time: 741.3793s
	iters: 5300, epoch: 4 | loss: 0.0219422
	speed: 0.0298s/iter; left time: 741.6429s
	iters: 5400, epoch: 4 | loss: 0.0163870
	speed: 0.0293s/iter; left time: 725.1020s
	iters: 5500, epoch: 4 | loss: 0.0124778
	speed: 0.0299s/iter; left time: 738.1986s
	iters: 5600, epoch: 4 | loss: 0.0229886
	speed: 0.0284s/iter; left time: 697.0031s
	iters: 5700, epoch: 4 | loss: 0.0171864
	speed: 0.0287s/iter; left time: 701.5708s
	iters: 5800, epoch: 4 | loss: 0.0134810
	speed: 0.0289s/iter; left time: 704.5227s
	iters: 5900, epoch: 4 | loss: 0.0186868
	speed: 0.0291s/iter; left time: 707.0215s
	iters: 6000, epoch: 4 | loss: 0.0230508
	speed: 0.0302s/iter; left time: 728.8868s
Epoch: 4 cost time: 177.1409010887146
Epoch: 4, Steps: 6034 | Train Loss: 0.0181117 Vali Loss: 0.6947337 Test Loss: 0.6149645
EarlyStopping counter: 2 out of 3
Updating learning rate to 1.25e-05
	iters: 100, epoch: 5 | loss: 0.0113428
	speed: 0.3466s/iter; left time: 8331.7078s
	iters: 200, epoch: 5 | loss: 0.0113604
	speed: 0.0296s/iter; left time: 708.1662s
	iters: 300, epoch: 5 | loss: 0.0097570
	speed: 0.0288s/iter; left time: 686.7297s
	iters: 400, epoch: 5 | loss: 0.0237771
	speed: 0.0291s/iter; left time: 689.6978s
	iters: 500, epoch: 5 | loss: 0.0209697
	speed: 0.0290s/iter; left time: 686.4493s
	iters: 600, epoch: 5 | loss: 0.0145866
	speed: 0.0289s/iter; left time: 680.0848s
	iters: 700, epoch: 5 | loss: 0.0124870
	speed: 0.0294s/iter; left time: 688.9423s
	iters: 800, epoch: 5 | loss: 0.0153375
	speed: 0.0291s/iter; left time: 679.4772s
	iters: 900, epoch: 5 | loss: 0.0214985
	speed: 0.0292s/iter; left time: 678.8988s
	iters: 1000, epoch: 5 | loss: 0.0143828
	speed: 0.0298s/iter; left time: 688.9812s
	iters: 1100, epoch: 5 | loss: 0.0103858
	speed: 0.0290s/iter; left time: 667.0059s
	iters: 1200, epoch: 5 | loss: 0.0241961
	speed: 0.0289s/iter; left time: 663.0863s
	iters: 1300, epoch: 5 | loss: 0.0169027
	speed: 0.0285s/iter; left time: 651.8629s
	iters: 1400, epoch: 5 | loss: 0.0094269
	speed: 0.0293s/iter; left time: 666.5233s
	iters: 1500, epoch: 5 | loss: 0.0165958
	speed: 0.0305s/iter; left time: 690.2695s
	iters: 1600, epoch: 5 | loss: 0.0127234
	speed: 0.0288s/iter; left time: 649.4404s
	iters: 1700, epoch: 5 | loss: 0.0130300
	speed: 0.0290s/iter; left time: 651.2518s
	iters: 1800, epoch: 5 | loss: 0.0179531
	speed: 0.0291s/iter; left time: 649.2502s
	iters: 1900, epoch: 5 | loss: 0.0116896
	speed: 0.0298s/iter; left time: 663.0333s
	iters: 2000, epoch: 5 | loss: 0.0172358
	speed: 0.0295s/iter; left time: 653.4081s
	iters: 2100, epoch: 5 | loss: 0.0154402
	speed: 0.0310s/iter; left time: 682.6954s
	iters: 2200, epoch: 5 | loss: 0.0175199
	speed: 0.0305s/iter; left time: 668.0931s
	iters: 2300, epoch: 5 | loss: 0.0184875
	speed: 0.0290s/iter; left time: 633.2392s
	iters: 2400, epoch: 5 | loss: 0.0117830
	speed: 0.0291s/iter; left time: 631.8456s
	iters: 2500, epoch: 5 | loss: 0.0142727
	speed: 0.0293s/iter; left time: 634.5140s
	iters: 2600, epoch: 5 | loss: 0.0133983
	speed: 0.0293s/iter; left time: 631.4016s
	iters: 2700, epoch: 5 | loss: 0.0161942
	speed: 0.0300s/iter; left time: 642.1669s
	iters: 2800, epoch: 5 | loss: 0.0165414
	speed: 0.0301s/iter; left time: 642.6767s
	iters: 2900, epoch: 5 | loss: 0.0179844
	speed: 0.0294s/iter; left time: 623.9255s
	iters: 3000, epoch: 5 | loss: 0.0131588
	speed: 0.0291s/iter; left time: 615.7932s
	iters: 3100, epoch: 5 | loss: 0.0195414
	speed: 0.0288s/iter; left time: 606.1713s
	iters: 3200, epoch: 5 | loss: 0.0155764
	speed: 0.0288s/iter; left time: 602.7189s
	iters: 3300, epoch: 5 | loss: 0.0194185
	speed: 0.0293s/iter; left time: 609.5049s
	iters: 3400, epoch: 5 | loss: 0.0127425
	speed: 0.0299s/iter; left time: 620.3950s
	iters: 3500, epoch: 5 | loss: 0.0105654
	speed: 0.0302s/iter; left time: 623.7501s
	iters: 3600, epoch: 5 | loss: 0.0195315
	speed: 0.0283s/iter; left time: 581.9518s
	iters: 3700, epoch: 5 | loss: 0.0110063
	speed: 0.0285s/iter; left time: 581.7840s
	iters: 3800, epoch: 5 | loss: 0.0123400
	speed: 0.0282s/iter; left time: 574.2866s
	iters: 3900, epoch: 5 | loss: 0.0158730
	speed: 0.0297s/iter; left time: 600.4810s
	iters: 4000, epoch: 5 | loss: 0.0143544
	speed: 0.0300s/iter; left time: 604.7685s
	iters: 4100, epoch: 5 | loss: 0.0182437
	speed: 0.0299s/iter; left time: 598.2339s
	iters: 4200, epoch: 5 | loss: 0.0156435
	speed: 0.0295s/iter; left time: 587.5291s
	iters: 4300, epoch: 5 | loss: 0.0159471
	speed: 0.0288s/iter; left time: 570.8077s
	iters: 4400, epoch: 5 | loss: 0.0165009
	speed: 0.0286s/iter; left time: 564.9464s
	iters: 4500, epoch: 5 | loss: 0.0206633
	speed: 0.0290s/iter; left time: 569.4064s
	iters: 4600, epoch: 5 | loss: 0.0153634
	speed: 0.0301s/iter; left time: 588.4675s
	iters: 4700, epoch: 5 | loss: 0.0201967
	speed: 0.0295s/iter; left time: 574.1252s
	iters: 4800, epoch: 5 | loss: 0.0124764
	speed: 0.0307s/iter; left time: 594.2857s
	iters: 4900, epoch: 5 | loss: 0.0129330
	speed: 0.0288s/iter; left time: 553.7982s
	iters: 5000, epoch: 5 | loss: 0.0152534
	speed: 0.0290s/iter; left time: 554.6168s
	iters: 5100, epoch: 5 | loss: 0.0134987
	speed: 0.0287s/iter; left time: 546.0812s
	iters: 5200, epoch: 5 | loss: 0.0141325
	speed: 0.0293s/iter; left time: 554.3203s
	iters: 5300, epoch: 5 | loss: 0.0098756
	speed: 0.0298s/iter; left time: 561.4083s
	iters: 5400, epoch: 5 | loss: 0.0238893
	speed: 0.0288s/iter; left time: 539.6227s
	iters: 5500, epoch: 5 | loss: 0.0156424
	speed: 0.0291s/iter; left time: 542.5561s
	iters: 5600, epoch: 5 | loss: 0.0089270
	speed: 0.0296s/iter; left time: 549.0596s
	iters: 5700, epoch: 5 | loss: 0.0121744
	speed: 0.0286s/iter; left time: 527.1525s
	iters: 5800, epoch: 5 | loss: 0.0142486
	speed: 0.0287s/iter; left time: 526.9276s
	iters: 5900, epoch: 5 | loss: 0.0136385
	speed: 0.0293s/iter; left time: 534.5437s
	iters: 6000, epoch: 5 | loss: 0.0169268
	speed: 0.0296s/iter; left time: 537.3574s
Epoch: 5 cost time: 176.8824634552002
Epoch: 5, Steps: 6034 | Train Loss: 0.0155512 Vali Loss: 0.7065823 Test Loss: 0.6081930
EarlyStopping counter: 3 out of 3
Early stopping
>>>>>>>testing : informerstack_custom_ftMS_sl336_ll168_pl168_dm256_nh8_el3_dl1_df1024_atprob_fc5_ebtimeF_dtTrue_mxTrue_exp_134_0<<<<<<<<<<<<<<<<<<<<<<<<<<<<<<<<<
test 13769
test shape: (1721, 8, 168, 1) (1721, 8, 168, 1)
test shape: (13768, 168, 1) (13768, 168, 1)
mse:0.4936312139034271, mae:0.6065149903297424, r2:-1.8940904140472412

======================================================================
Completed: 2025-11-07 02:24:23
Return code: 0
======================================================================
