======================================================================
Informer Native Training Log
Experiment: exp_127
Started: 2025-11-07 00:16:27
======================================================================

Command:
C:\ProgramData\anaconda3\python.exe E:\ANUS_learning\MSI5001-power-transformer-oil-temperature-prediction\external\Informer2020\main_informer.py --model informerstack --data custom --root_path ./data/ --data_path TX2.csv --features MS --target OT --freq h --seq_len 336 --label_len 168 --pred_len 168 --enc_in 6 --dec_in 1 --c_out 1 --d_model 256 --n_heads 8 --e_layers 3 --d_layers 1 --d_ff 1024 --factor 5 --dropout 0.05 --attn prob --embed timeF --activation gelu --batch_size 8 --train_epochs 8 --patience 3 --learning_rate 0.0001 --des exp_127 --itr 1

======================================================================

Args in experiment:
Namespace(model='informerstack', data='custom', root_path='./data/', data_path='TX1.csv', features='MS', target='OT', freq='h', checkpoints='./checkpoints/', seq_len=336, label_len=168, pred_len=168, enc_in=6, dec_in=1, c_out=1, d_model=256, n_heads=8, e_layers=3, d_layers=1, s_layers=[3, 2, 1], d_ff=1024, factor=5, padding=0, distil=True, dropout=0.05, attn='prob', embed='timeF', activation='gelu', output_attention=False, do_predict=False, mix=True, cols=None, num_workers=0, itr=1, train_epochs=8, batch_size=8, patience=3, learning_rate=0.0001, des='exp_127', loss='mse', lradj='type1', use_amp=False, inverse=False, use_gpu=True, gpu=0, use_multi_gpu=False, devices='0,1,2,3', detail_freq='h')
Use GPU: cuda:0
>>>>>>>start training : informerstack_custom_ftMS_sl336_ll168_pl168_dm256_nh8_el3_dl1_df1024_atprob_fc5_ebtimeF_dtTrue_mxTrue_exp_127_0>>>>>>>>>>>>>>>>>>>>>>>>>>
train 48273
val 6801
test 13769
	iters: 100, epoch: 1 | loss: 0.2060327
	speed: 0.0392s/iter; left time: 1887.7073s
	iters: 200, epoch: 1 | loss: 0.2004970
	speed: 0.0292s/iter; left time: 1401.7942s
	iters: 300, epoch: 1 | loss: 0.1949273
	speed: 0.0294s/iter; left time: 1412.0617s
	iters: 400, epoch: 1 | loss: 0.1062664
	speed: 0.0300s/iter; left time: 1437.4667s
	iters: 500, epoch: 1 | loss: 0.1350547
	speed: 0.0296s/iter; left time: 1412.0602s
	iters: 600, epoch: 1 | loss: 0.2204282
	speed: 0.0291s/iter; left time: 1385.7724s
	iters: 700, epoch: 1 | loss: 0.1113672
	speed: 0.0298s/iter; left time: 1415.5708s
	iters: 800, epoch: 1 | loss: 0.1043115
	speed: 0.0290s/iter; left time: 1374.8500s
	iters: 900, epoch: 1 | loss: 0.1236535
	speed: 0.0292s/iter; left time: 1384.8404s
	iters: 1000, epoch: 1 | loss: 0.2172512
	speed: 0.0290s/iter; left time: 1371.4217s
	iters: 1100, epoch: 1 | loss: 0.1604192
	speed: 0.0297s/iter; left time: 1401.5603s
	iters: 1200, epoch: 1 | loss: 0.0997605
	speed: 0.0295s/iter; left time: 1388.3424s
	iters: 1300, epoch: 1 | loss: 0.1543827
	speed: 0.0294s/iter; left time: 1379.5700s
	iters: 1400, epoch: 1 | loss: 0.1368370
	speed: 0.0294s/iter; left time: 1380.2604s
	iters: 1500, epoch: 1 | loss: 0.3012728
	speed: 0.0296s/iter; left time: 1382.6684s
	iters: 1600, epoch: 1 | loss: 0.1480337
	speed: 0.0288s/iter; left time: 1346.3488s
	iters: 1700, epoch: 1 | loss: 0.1131716
	speed: 0.0293s/iter; left time: 1366.3745s
	iters: 1800, epoch: 1 | loss: 0.1507358
	speed: 0.0299s/iter; left time: 1391.5434s
	iters: 1900, epoch: 1 | loss: 0.1007498
	speed: 0.0290s/iter; left time: 1344.7294s
	iters: 2000, epoch: 1 | loss: 0.1325965
	speed: 0.0300s/iter; left time: 1387.3436s
	iters: 2100, epoch: 1 | loss: 0.1356706
	speed: 0.0300s/iter; left time: 1385.0358s
	iters: 2200, epoch: 1 | loss: 0.1266148
	speed: 0.0291s/iter; left time: 1340.7319s
	iters: 2300, epoch: 1 | loss: 0.1226462
	speed: 0.0296s/iter; left time: 1361.5289s
	iters: 2400, epoch: 1 | loss: 0.1127936
	speed: 0.0293s/iter; left time: 1345.6651s
	iters: 2500, epoch: 1 | loss: 0.1243899
	speed: 0.0285s/iter; left time: 1303.2273s
	iters: 2600, epoch: 1 | loss: 0.0910957
	speed: 0.0296s/iter; left time: 1350.4719s
	iters: 2700, epoch: 1 | loss: 0.0629659
	speed: 0.0303s/iter; left time: 1382.8322s
	iters: 2800, epoch: 1 | loss: 0.0978366
	speed: 0.0290s/iter; left time: 1318.6050s
	iters: 2900, epoch: 1 | loss: 0.0705556
	speed: 0.0291s/iter; left time: 1318.7958s
	iters: 3000, epoch: 1 | loss: 0.0829292
	speed: 0.0293s/iter; left time: 1326.5127s
	iters: 3100, epoch: 1 | loss: 0.0890734
	speed: 0.0295s/iter; left time: 1332.1146s
	iters: 3200, epoch: 1 | loss: 0.1514045
	speed: 0.0295s/iter; left time: 1330.6421s
	iters: 3300, epoch: 1 | loss: 0.0704665
	speed: 0.0299s/iter; left time: 1344.2402s
	iters: 3400, epoch: 1 | loss: 0.0820447
	speed: 0.0290s/iter; left time: 1302.1378s
	iters: 3500, epoch: 1 | loss: 0.0532083
	speed: 0.0288s/iter; left time: 1291.6198s
	iters: 3600, epoch: 1 | loss: 0.0532034
	speed: 0.0291s/iter; left time: 1301.8745s
	iters: 3700, epoch: 1 | loss: 0.0452917
	speed: 0.0287s/iter; left time: 1277.4709s
	iters: 3800, epoch: 1 | loss: 0.0855527
	speed: 0.0288s/iter; left time: 1279.1216s
	iters: 3900, epoch: 1 | loss: 0.0523956
	speed: 0.0290s/iter; left time: 1285.8633s
	iters: 4000, epoch: 1 | loss: 0.0937210
	speed: 0.0298s/iter; left time: 1321.2802s
	iters: 4100, epoch: 1 | loss: 0.0657807
	speed: 0.0295s/iter; left time: 1304.5678s
	iters: 4200, epoch: 1 | loss: 0.0722275
	speed: 0.0292s/iter; left time: 1285.7486s
	iters: 4300, epoch: 1 | loss: 0.0655423
	speed: 0.0291s/iter; left time: 1281.2331s
	iters: 4400, epoch: 1 | loss: 0.1082041
	speed: 0.0287s/iter; left time: 1261.1830s
	iters: 4500, epoch: 1 | loss: 0.0744735
	speed: 0.0296s/iter; left time: 1293.9045s
	iters: 4600, epoch: 1 | loss: 0.0595915
	speed: 0.0299s/iter; left time: 1304.2680s
	iters: 4700, epoch: 1 | loss: 0.0663740
	speed: 0.0297s/iter; left time: 1295.3857s
	iters: 4800, epoch: 1 | loss: 0.0740539
	speed: 0.0294s/iter; left time: 1278.7113s
	iters: 4900, epoch: 1 | loss: 0.0836989
	speed: 0.0284s/iter; left time: 1231.9346s
	iters: 5000, epoch: 1 | loss: 0.0702710
	speed: 0.0286s/iter; left time: 1237.8593s
	iters: 5100, epoch: 1 | loss: 0.0743595
	speed: 0.0288s/iter; left time: 1242.3615s
	iters: 5200, epoch: 1 | loss: 0.0524848
	speed: 0.0303s/iter; left time: 1306.7045s
	iters: 5300, epoch: 1 | loss: 0.0706172
	speed: 0.0301s/iter; left time: 1294.4859s
	iters: 5400, epoch: 1 | loss: 0.0712361
	speed: 0.0297s/iter; left time: 1271.5126s
	iters: 5500, epoch: 1 | loss: 0.0663399
	speed: 0.0291s/iter; left time: 1246.6809s
	iters: 5600, epoch: 1 | loss: 0.0413025
	speed: 0.0289s/iter; left time: 1233.0106s
	iters: 5700, epoch: 1 | loss: 0.0451495
	speed: 0.0280s/iter; left time: 1190.3512s
	iters: 5800, epoch: 1 | loss: 0.0451371
	speed: 0.0298s/iter; left time: 1266.3238s
	iters: 5900, epoch: 1 | loss: 0.0381837
	speed: 0.0301s/iter; left time: 1275.2611s
	iters: 6000, epoch: 1 | loss: 0.0448683
	speed: 0.0301s/iter; left time: 1270.9575s
Epoch: 1 cost time: 177.3917851448059
Epoch: 1, Steps: 6034 | Train Loss: 0.1059901 Vali Loss: 0.6406518 Test Loss: 0.5604564
Validation loss decreased (inf --> 0.640652).  Saving model ...
Updating learning rate to 0.0001
	iters: 100, epoch: 2 | loss: 0.0267476
	speed: 0.3471s/iter; left time: 14625.4377s
	iters: 200, epoch: 2 | loss: 0.0648637
	speed: 0.0288s/iter; left time: 1209.5358s
	iters: 300, epoch: 2 | loss: 0.0787373
	speed: 0.0287s/iter; left time: 1201.8680s
	iters: 400, epoch: 2 | loss: 0.0474375
	speed: 0.0296s/iter; left time: 1238.6812s
	iters: 500, epoch: 2 | loss: 0.0565068
	speed: 0.0296s/iter; left time: 1235.1202s
	iters: 600, epoch: 2 | loss: 0.0565486
	speed: 0.0293s/iter; left time: 1220.0126s
	iters: 700, epoch: 2 | loss: 0.0310659
	speed: 0.0285s/iter; left time: 1185.6156s
	iters: 800, epoch: 2 | loss: 0.0459719
	speed: 0.0293s/iter; left time: 1213.4576s
	iters: 900, epoch: 2 | loss: 0.0350670
	speed: 0.0293s/iter; left time: 1210.0870s
	iters: 1000, epoch: 2 | loss: 0.0371561
	speed: 0.0291s/iter; left time: 1202.0680s
	iters: 1100, epoch: 2 | loss: 0.0447679
	speed: 0.0289s/iter; left time: 1189.4353s
	iters: 1200, epoch: 2 | loss: 0.0466412
	speed: 0.0297s/iter; left time: 1219.5708s
	iters: 1300, epoch: 2 | loss: 0.0374064
	speed: 0.0287s/iter; left time: 1175.8043s
	iters: 1400, epoch: 2 | loss: 0.0320455
	speed: 0.0285s/iter; left time: 1162.0099s
	iters: 1500, epoch: 2 | loss: 0.0613857
	speed: 0.0289s/iter; left time: 1177.4003s
	iters: 1600, epoch: 2 | loss: 0.0447572
	speed: 0.0290s/iter; left time: 1180.0831s
	iters: 1700, epoch: 2 | loss: 0.0511714
	speed: 0.0286s/iter; left time: 1157.7917s
	iters: 1800, epoch: 2 | loss: 0.0372299
	speed: 0.0287s/iter; left time: 1160.5994s
	iters: 1900, epoch: 2 | loss: 0.0378068
	speed: 0.0293s/iter; left time: 1181.1087s
	iters: 2000, epoch: 2 | loss: 0.0580599
	speed: 0.0290s/iter; left time: 1166.2038s
	iters: 2100, epoch: 2 | loss: 0.0357046
	speed: 0.0291s/iter; left time: 1166.9427s
	iters: 2200, epoch: 2 | loss: 0.0474592
	speed: 0.0296s/iter; left time: 1184.3613s
	iters: 2300, epoch: 2 | loss: 0.0443270
	speed: 0.0292s/iter; left time: 1165.8567s
	iters: 2400, epoch: 2 | loss: 0.0587488
	speed: 0.0286s/iter; left time: 1139.5555s
	iters: 2500, epoch: 2 | loss: 0.0279090
	speed: 0.0288s/iter; left time: 1143.2910s
	iters: 2600, epoch: 2 | loss: 0.0378726
	speed: 0.0298s/iter; left time: 1182.8749s
	iters: 2700, epoch: 2 | loss: 0.0441173
	speed: 0.0295s/iter; left time: 1164.7805s
	iters: 2800, epoch: 2 | loss: 0.0439718
	speed: 0.0295s/iter; left time: 1161.9713s
	iters: 2900, epoch: 2 | loss: 0.0642991
	speed: 0.0291s/iter; left time: 1145.8610s
	iters: 3000, epoch: 2 | loss: 0.0440246
	speed: 0.0292s/iter; left time: 1146.0052s
	iters: 3100, epoch: 2 | loss: 0.0434981
	speed: 0.0288s/iter; left time: 1127.6401s
	iters: 3200, epoch: 2 | loss: 0.0363249
	speed: 0.0290s/iter; left time: 1132.2517s
	iters: 3300, epoch: 2 | loss: 0.0427561
	speed: 0.0293s/iter; left time: 1139.7797s
	iters: 3400, epoch: 2 | loss: 0.0648796
	speed: 0.0300s/iter; left time: 1163.2462s
	iters: 3500, epoch: 2 | loss: 0.0381149
	speed: 0.0295s/iter; left time: 1143.0581s
	iters: 3600, epoch: 2 | loss: 0.0281257
	speed: 0.0291s/iter; left time: 1123.2886s
	iters: 3700, epoch: 2 | loss: 0.0397651
	speed: 0.0285s/iter; left time: 1097.5177s
	iters: 3800, epoch: 2 | loss: 0.0512311
	speed: 0.0291s/iter; left time: 1118.7284s
	iters: 3900, epoch: 2 | loss: 0.0475777
	speed: 0.0298s/iter; left time: 1141.9595s
	iters: 4000, epoch: 2 | loss: 0.0553583
	speed: 0.0298s/iter; left time: 1138.5167s
	iters: 4100, epoch: 2 | loss: 0.0440184
	speed: 0.0298s/iter; left time: 1137.4735s
	iters: 4200, epoch: 2 | loss: 0.0416534
	speed: 0.0296s/iter; left time: 1126.5710s
	iters: 4300, epoch: 2 | loss: 0.0371489
	speed: 0.0285s/iter; left time: 1080.5709s
	iters: 4400, epoch: 2 | loss: 0.0292995
	speed: 0.0283s/iter; left time: 1070.1928s
	iters: 4500, epoch: 2 | loss: 0.0357104
	speed: 0.0283s/iter; left time: 1068.1725s
	iters: 4600, epoch: 2 | loss: 0.0459428
	speed: 0.0295s/iter; left time: 1110.0048s
	iters: 4700, epoch: 2 | loss: 0.0254201
	speed: 0.0302s/iter; left time: 1132.3587s
	iters: 4800, epoch: 2 | loss: 0.0591926
	speed: 0.0304s/iter; left time: 1139.3323s
	iters: 4900, epoch: 2 | loss: 0.0407407
	speed: 0.0283s/iter; left time: 1056.0738s
	iters: 5000, epoch: 2 | loss: 0.0368884
	speed: 0.0286s/iter; left time: 1065.7450s
	iters: 5100, epoch: 2 | loss: 0.0338819
	speed: 0.0287s/iter; left time: 1066.7737s
	iters: 5200, epoch: 2 | loss: 0.0367735
	speed: 0.0298s/iter; left time: 1105.1074s
	iters: 5300, epoch: 2 | loss: 0.0325124
	speed: 0.0296s/iter; left time: 1095.1588s
	iters: 5400, epoch: 2 | loss: 0.0335788
	speed: 0.0292s/iter; left time: 1076.1900s
	iters: 5500, epoch: 2 | loss: 0.0331952
	speed: 0.0290s/iter; left time: 1064.7127s
	iters: 5600, epoch: 2 | loss: 0.0375808
	speed: 0.0289s/iter; left time: 1057.1593s
	iters: 5700, epoch: 2 | loss: 0.0337121
	speed: 0.0284s/iter; left time: 1037.8657s
	iters: 5800, epoch: 2 | loss: 0.0316362
	speed: 0.0290s/iter; left time: 1058.3327s
	iters: 5900, epoch: 2 | loss: 0.0379876
	speed: 0.0305s/iter; left time: 1106.7647s
	iters: 6000, epoch: 2 | loss: 0.0217876
	speed: 0.0299s/iter; left time: 1082.4673s
Epoch: 2 cost time: 176.01358151435852
Epoch: 2, Steps: 6034 | Train Loss: 0.0430460 Vali Loss: 0.6717100 Test Loss: 0.5714811
EarlyStopping counter: 1 out of 3
Updating learning rate to 5e-05
	iters: 100, epoch: 3 | loss: 0.0272529
	speed: 0.3449s/iter; left time: 12452.5471s
	iters: 200, epoch: 3 | loss: 0.0290100
	speed: 0.0282s/iter; left time: 1015.7415s
	iters: 300, epoch: 3 | loss: 0.0241928
	speed: 0.0287s/iter; left time: 1029.9081s
	iters: 400, epoch: 3 | loss: 0.0259459
	speed: 0.0297s/iter; left time: 1062.1285s
	iters: 500, epoch: 3 | loss: 0.0292545
	speed: 0.0288s/iter; left time: 1028.5129s
	iters: 600, epoch: 3 | loss: 0.0307179
	speed: 0.0295s/iter; left time: 1051.1443s
	iters: 700, epoch: 3 | loss: 0.0331765
	speed: 0.0305s/iter; left time: 1081.7930s
	iters: 800, epoch: 3 | loss: 0.0212672
	speed: 0.0298s/iter; left time: 1053.7892s
	iters: 900, epoch: 3 | loss: 0.0212551
	speed: 0.0292s/iter; left time: 1030.0889s
	iters: 1000, epoch: 3 | loss: 0.0175577
	speed: 0.0301s/iter; left time: 1061.3307s
	iters: 1100, epoch: 3 | loss: 0.0237172
	speed: 0.0292s/iter; left time: 1024.5589s
	iters: 1200, epoch: 3 | loss: 0.0309339
	speed: 0.0292s/iter; left time: 1021.0069s
	iters: 1300, epoch: 3 | loss: 0.0240798
	speed: 0.0301s/iter; left time: 1050.9345s
	iters: 1400, epoch: 3 | loss: 0.0233069
	speed: 0.0302s/iter; left time: 1049.9739s
	iters: 1500, epoch: 3 | loss: 0.0238076
	speed: 0.0294s/iter; left time: 1020.0372s
	iters: 1600, epoch: 3 | loss: 0.0203085
	speed: 0.0291s/iter; left time: 1006.6029s
	iters: 1700, epoch: 3 | loss: 0.0220615
	speed: 0.0291s/iter; left time: 1002.5970s
	iters: 1800, epoch: 3 | loss: 0.0223332
	speed: 0.0288s/iter; left time: 989.1682s
	iters: 1900, epoch: 3 | loss: 0.0278433
	speed: 0.0297s/iter; left time: 1018.2711s
	iters: 2000, epoch: 3 | loss: 0.0193369
	speed: 0.0293s/iter; left time: 1002.3897s
	iters: 2100, epoch: 3 | loss: 0.0164286
	speed: 0.0302s/iter; left time: 1028.9770s
	iters: 2200, epoch: 3 | loss: 0.0233799
	speed: 0.0293s/iter; left time: 996.6912s
	iters: 2300, epoch: 3 | loss: 0.0216672
	speed: 0.0297s/iter; left time: 1006.7776s
	iters: 2400, epoch: 3 | loss: 0.0213477
	speed: 0.0282s/iter; left time: 953.8113s
	iters: 2500, epoch: 3 | loss: 0.0281400
	speed: 0.0293s/iter; left time: 986.9656s
	iters: 2600, epoch: 3 | loss: 0.0178736
	speed: 0.0294s/iter; left time: 989.4557s
	iters: 2700, epoch: 3 | loss: 0.0218746
	speed: 0.0300s/iter; left time: 1003.7270s
	iters: 2800, epoch: 3 | loss: 0.0250978
	speed: 0.0301s/iter; left time: 1005.5869s
	iters: 2900, epoch: 3 | loss: 0.0257009
	speed: 0.0297s/iter; left time: 988.0113s
	iters: 3000, epoch: 3 | loss: 0.0180623
	speed: 0.0287s/iter; left time: 953.5016s
	iters: 3100, epoch: 3 | loss: 0.0231115
	speed: 0.0289s/iter; left time: 955.4199s
	iters: 3200, epoch: 3 | loss: 0.0241019
	speed: 0.0299s/iter; left time: 987.6557s
	iters: 3300, epoch: 3 | loss: 0.0163387
	speed: 0.0296s/iter; left time: 973.7435s
	iters: 3400, epoch: 3 | loss: 0.0240093
	speed: 0.0303s/iter; left time: 994.1654s
	iters: 3500, epoch: 3 | loss: 0.0223935
	speed: 0.0296s/iter; left time: 969.3905s
	iters: 3600, epoch: 3 | loss: 0.0297468
	speed: 0.0285s/iter; left time: 930.1674s
	iters: 3700, epoch: 3 | loss: 0.0177610
	speed: 0.0280s/iter; left time: 909.2911s
	iters: 3800, epoch: 3 | loss: 0.0237107
	speed: 0.0284s/iter; left time: 921.8095s
	iters: 3900, epoch: 3 | loss: 0.0216097
	speed: 0.0293s/iter; left time: 945.4275s
	iters: 4000, epoch: 3 | loss: 0.0184602
	speed: 0.0297s/iter; left time: 957.6843s
	iters: 4100, epoch: 3 | loss: 0.0235607
	speed: 0.0308s/iter; left time: 987.6886s
	iters: 4200, epoch: 3 | loss: 0.0214139
	speed: 0.0296s/iter; left time: 947.2239s
	iters: 4300, epoch: 3 | loss: 0.0225371
	speed: 0.0288s/iter; left time: 917.6792s
	iters: 4400, epoch: 3 | loss: 0.0164751
	speed: 0.0283s/iter; left time: 900.9029s
	iters: 4500, epoch: 3 | loss: 0.0221582
	speed: 0.0288s/iter; left time: 912.4489s
	iters: 4600, epoch: 3 | loss: 0.0195777
	speed: 0.0296s/iter; left time: 934.9484s
	iters: 4700, epoch: 3 | loss: 0.0200426
	speed: 0.0302s/iter; left time: 952.6471s
	iters: 4800, epoch: 3 | loss: 0.0195175
	speed: 0.0301s/iter; left time: 944.8606s
	iters: 4900, epoch: 3 | loss: 0.0222375
	speed: 0.0295s/iter; left time: 922.9667s
	iters: 5000, epoch: 3 | loss: 0.0183185
	speed: 0.0286s/iter; left time: 891.8377s
	iters: 5100, epoch: 3 | loss: 0.0253590
	speed: 0.0286s/iter; left time: 888.4775s
	iters: 5200, epoch: 3 | loss: 0.0250267
	speed: 0.0291s/iter; left time: 902.5258s
	iters: 5300, epoch: 3 | loss: 0.0236196
	speed: 0.0299s/iter; left time: 922.7082s
	iters: 5400, epoch: 3 | loss: 0.0143608
	speed: 0.0297s/iter; left time: 914.9468s
	iters: 5500, epoch: 3 | loss: 0.0166102
	speed: 0.0289s/iter; left time: 887.7546s
	iters: 5600, epoch: 3 | loss: 0.0166871
	speed: 0.0289s/iter; left time: 884.4655s
	iters: 5700, epoch: 3 | loss: 0.0198568
	speed: 0.0287s/iter; left time: 875.7146s
	iters: 5800, epoch: 3 | loss: 0.0237511
	speed: 0.0288s/iter; left time: 876.4023s
	iters: 5900, epoch: 3 | loss: 0.0212115
	speed: 0.0302s/iter; left time: 914.1612s
	iters: 6000, epoch: 3 | loss: 0.0203448
	speed: 0.0296s/iter; left time: 893.8217s
Epoch: 3 cost time: 177.1353735923767
Epoch: 3, Steps: 6034 | Train Loss: 0.0240961 Vali Loss: 0.7862047 Test Loss: 0.5881672
EarlyStopping counter: 2 out of 3
Updating learning rate to 2.5e-05
	iters: 100, epoch: 4 | loss: 0.0192655
	speed: 0.3447s/iter; left time: 10365.4410s
	iters: 200, epoch: 4 | loss: 0.0229914
	speed: 0.0300s/iter; left time: 900.0292s
	iters: 300, epoch: 4 | loss: 0.0102120
	speed: 0.0287s/iter; left time: 857.6656s
	iters: 400, epoch: 4 | loss: 0.0230213
	speed: 0.0279s/iter; left time: 830.3570s
	iters: 500, epoch: 4 | loss: 0.0153861
	speed: 0.0287s/iter; left time: 852.8453s
	iters: 600, epoch: 4 | loss: 0.0187810
	speed: 0.0292s/iter; left time: 863.1526s
	iters: 700, epoch: 4 | loss: 0.0143109
	speed: 0.0293s/iter; left time: 863.1766s
	iters: 800, epoch: 4 | loss: 0.0182023
	speed: 0.0303s/iter; left time: 891.0922s
	iters: 900, epoch: 4 | loss: 0.0175811
	speed: 0.0300s/iter; left time: 879.4510s
	iters: 1000, epoch: 4 | loss: 0.0178105
	speed: 0.0293s/iter; left time: 854.3025s
	iters: 1100, epoch: 4 | loss: 0.0151938
	speed: 0.0289s/iter; left time: 841.0785s
	iters: 1200, epoch: 4 | loss: 0.0217950
	speed: 0.0284s/iter; left time: 824.1887s
	iters: 1300, epoch: 4 | loss: 0.0207995
	speed: 0.0297s/iter; left time: 857.0967s
	iters: 1400, epoch: 4 | loss: 0.0215318
	speed: 0.0290s/iter; left time: 833.4300s
	iters: 1500, epoch: 4 | loss: 0.0228100
	speed: 0.0295s/iter; left time: 845.5423s
	iters: 1600, epoch: 4 | loss: 0.0185328
	speed: 0.0293s/iter; left time: 838.1785s
	iters: 1700, epoch: 4 | loss: 0.0149266
	speed: 0.0288s/iter; left time: 818.6805s
	iters: 1800, epoch: 4 | loss: 0.0121280
	speed: 0.0277s/iter; left time: 787.0549s
	iters: 1900, epoch: 4 | loss: 0.0177094
	speed: 0.0285s/iter; left time: 807.1363s
	iters: 2000, epoch: 4 | loss: 0.0140955
	speed: 0.0296s/iter; left time: 834.3441s
	iters: 2100, epoch: 4 | loss: 0.0136975
	speed: 0.0294s/iter; left time: 824.2561s
	iters: 2200, epoch: 4 | loss: 0.0148552
	speed: 0.0288s/iter; left time: 805.4547s
	iters: 2300, epoch: 4 | loss: 0.0254047
	speed: 0.0290s/iter; left time: 806.9874s
	iters: 2400, epoch: 4 | loss: 0.0320473
	speed: 0.0284s/iter; left time: 787.5117s
	iters: 2500, epoch: 4 | loss: 0.0162433
	speed: 0.0283s/iter; left time: 784.3744s
	iters: 2600, epoch: 4 | loss: 0.0144775
	speed: 0.0293s/iter; left time: 808.6745s
	iters: 2700, epoch: 4 | loss: 0.0161528
	speed: 0.0301s/iter; left time: 826.3726s
	iters: 2800, epoch: 4 | loss: 0.0232904
	speed: 0.0295s/iter; left time: 807.6220s
	iters: 2900, epoch: 4 | loss: 0.0179990
	speed: 0.0291s/iter; left time: 793.8160s
	iters: 3000, epoch: 4 | loss: 0.0188219
	speed: 0.0297s/iter; left time: 808.2377s
	iters: 3100, epoch: 4 | loss: 0.0143867
	speed: 0.0286s/iter; left time: 774.4005s
	iters: 3200, epoch: 4 | loss: 0.0179885
	speed: 0.0284s/iter; left time: 765.8851s
	iters: 3300, epoch: 4 | loss: 0.0148684
	speed: 0.0293s/iter; left time: 786.5854s
	iters: 3400, epoch: 4 | loss: 0.0188247
	speed: 0.0299s/iter; left time: 801.7516s
	iters: 3500, epoch: 4 | loss: 0.0184027
	speed: 0.0296s/iter; left time: 788.7342s
	iters: 3600, epoch: 4 | loss: 0.0105608
	speed: 0.0297s/iter; left time: 789.7150s
	iters: 3700, epoch: 4 | loss: 0.0163067
	speed: 0.0287s/iter; left time: 758.9995s
	iters: 3800, epoch: 4 | loss: 0.0229207
	speed: 0.0287s/iter; left time: 756.8428s
	iters: 3900, epoch: 4 | loss: 0.0158159
	speed: 0.0282s/iter; left time: 741.8467s
	iters: 4000, epoch: 4 | loss: 0.0157635
	speed: 0.0301s/iter; left time: 788.4725s
	iters: 4100, epoch: 4 | loss: 0.0141785
	speed: 0.0302s/iter; left time: 788.2087s
	iters: 4200, epoch: 4 | loss: 0.0161460
	speed: 0.0302s/iter; left time: 784.7197s
	iters: 4300, epoch: 4 | loss: 0.0177516
	speed: 0.0291s/iter; left time: 752.7728s
	iters: 4400, epoch: 4 | loss: 0.0199657
	speed: 0.0293s/iter; left time: 754.6874s
	iters: 4500, epoch: 4 | loss: 0.0159291
	speed: 0.0289s/iter; left time: 742.0072s
	iters: 4600, epoch: 4 | loss: 0.0165049
	speed: 0.0291s/iter; left time: 743.1218s
	iters: 4700, epoch: 4 | loss: 0.0158502
	speed: 0.0302s/iter; left time: 769.6761s
	iters: 4800, epoch: 4 | loss: 0.0155954
	speed: 0.0300s/iter; left time: 761.1624s
	iters: 4900, epoch: 4 | loss: 0.0161297
	speed: 0.0297s/iter; left time: 750.6525s
	iters: 5000, epoch: 4 | loss: 0.0193236
	speed: 0.0282s/iter; left time: 710.1719s
	iters: 5100, epoch: 4 | loss: 0.0200351
	speed: 0.0285s/iter; left time: 713.9795s
	iters: 5200, epoch: 4 | loss: 0.0201486
	speed: 0.0282s/iter; left time: 703.9433s
	iters: 5300, epoch: 4 | loss: 0.0158941
	speed: 0.0301s/iter; left time: 749.3630s
	iters: 5400, epoch: 4 | loss: 0.0170016
	speed: 0.0302s/iter; left time: 749.0533s
	iters: 5500, epoch: 4 | loss: 0.0193308
	speed: 0.0299s/iter; left time: 738.5758s
	iters: 5600, epoch: 4 | loss: 0.0156594
	speed: 0.0290s/iter; left time: 711.9733s
	iters: 5700, epoch: 4 | loss: 0.0184381
	speed: 0.0283s/iter; left time: 692.8875s
	iters: 5800, epoch: 4 | loss: 0.0093621
	speed: 0.0289s/iter; left time: 703.9310s
	iters: 5900, epoch: 4 | loss: 0.0173344
	speed: 0.0289s/iter; left time: 701.6856s
	iters: 6000, epoch: 4 | loss: 0.0157857
	speed: 0.0299s/iter; left time: 722.4342s
Epoch: 4 cost time: 176.2811393737793
Epoch: 4, Steps: 6034 | Train Loss: 0.0179876 Vali Loss: 0.8348290 Test Loss: 0.6132092
EarlyStopping counter: 3 out of 3
Early stopping
>>>>>>>testing : informerstack_custom_ftMS_sl336_ll168_pl168_dm256_nh8_el3_dl1_df1024_atprob_fc5_ebtimeF_dtTrue_mxTrue_exp_127_0<<<<<<<<<<<<<<<<<<<<<<<<<<<<<<<<<
test 13769
test shape: (1721, 8, 168, 1) (1721, 8, 168, 1)
test shape: (13768, 168, 1) (13768, 168, 1)
mse:0.5599621534347534, mae:0.6517950892448425, r2:-2.2829792499542236

======================================================================
Completed: 2025-11-07 00:30:40
Return code: 0
======================================================================
