======================================================================
Experiment Log
Started: 2025-11-02 16:54:35
Command: C:\ProgramData\anaconda3\python.exe -m scripts.train_configurable --tx-id 2 --model LinearRegression --split-method chronological --feature-mode full --lookback-multiplier 4.0 --horizon 24 --experiment-name exp_110 --data-suffix _no_outlier
======================================================================

======================================================================
Experiment: exp_110
======================================================================
Transformer:     TX2
Model:           LinearRegression
Split method:    chronological
Feature mode:    full
Data suffix:     _no_outlier

Loading data...
  Total samples: 69680
  Features: 17 columns

Window config: WindowConfig(horizon=24, lookback=96, gap=0)
Creating sliding windows...
  Created 69560 windows
Splitting windows (chronological, 20% test)...
  Train: 55648 windows
  Test:  13912 windows

Training LinearRegression...
  Training time: 1.89s

Evaluating...
  RMSE: 5.5891
  MAE:  4.3778
  R2:   0.7265

Saving results...
  Model: E:\ANUS_learning\MSI5001-power-transformer-oil-temperature-prediction\models\experiments\exp_110_model.joblib
  Predictions: E:\ANUS_learning\MSI5001-power-transformer-oil-temperature-prediction\results\tables\exp_110_predictions.csv
  Metrics: E:\ANUS_learning\MSI5001-power-transformer-oil-temperature-prediction\models\experiments\exp_110_metrics.json
  Plot: E:\ANUS_learning\MSI5001-power-transformer-oil-temperature-prediction\results\figures\exp_110_predictions.png
  Scatter: E:\ANUS_learning\MSI5001-power-transformer-oil-temperature-prediction\results\figures\exp_110_scatter.png

======================================================================
Experiment complete: exp_110
======================================================================

======================================================================
Completed: 2025-11-02 16:54:41
Return code: 0
======================================================================
